02-01 20:25:59.945   594   661 W DefaultPermGrantPolicy: No such package:com.google.android.volta
02-01 20:25:59.945   408   408 W android.hardware.wifi-service: No active wlan interfaces in use! Using default
02-01 20:25:59.945   408   408 E android.hardware.wifi-service: Unknown iface name: wlan0
02-01 20:25:59.945   408   408 E android.hardware.wifi-service: Unknown iface name: wlan0
02-01 20:25:59.965   408   408 W android.hardware.wifi-service: No active wlan interfaces in use! Using default
02-01 20:25:59.965   408   408 E android.hardware.wifi-service: Failed to register radio mode change callback
02-01 20:25:59.965   408   408 W android.hardware.wifi-service: No active wlan interfaces in use! Using default
02-01 20:25:59.969   408   408 E android.hardware.wifi-service: Failed to get SupportedIfaceCombinations matrix from legacy HAL: NOT_SUPPORTED
02-01 20:25:59.969   408   408 W android.hardware.wifi-service: No active wlan interfaces in use! Using default
02-01 20:25:59.981   408   828 W android.hardware.wifi-service: No active wlan interfaces in use! Using default
02-01 20:25:59.993   408   828 E android.hardware.wifi-service: Failed to set DFS flag; DFS channels may be unavailable.
02-01 20:26:00.017   408   828 W android.hardware.wifi-service: AIBinder_linkToDeath is being called with a non-null cookie and no onUnlink callback set. This might not be intended. AIBinder_DeathRecipient_setOnUnlinked should be called first.
02-01 20:26:00.033   408   828 W android.hardware.wifi-service: AIBinder_linkToDeath is being called with a non-null cookie and no onUnlink callback set. This might not be intended. AIBinder_DeathRecipient_setOnUnlinked should be called first.
02-01 20:26:00.037   408   828 E android.hardware.wifi-service: Failed to get chip capabilities from legacy HAL: NOT_SUPPORTED
02-01 20:26:00.041   594   753 E WifiChipAidlImpl: getWifiChipCapabilities failed with service-specific exception: android.os.ServiceSpecificException:  (code 4)
02-01 20:26:00.097   594   753 E SupplicantStaIfaceHalAidlImpl: Can't call getKeyMgmtCapabilities, ISupplicantStaIface is null for iface=wlan0
02-01 20:26:00.117   408   828 E android.hardware.wifi-service: Failed to get SupportedRadioCombinations matrix from legacy HAL: NOT_SUPPORTED
02-01 20:26:00.121   594   753 E WifiChipAidlImpl: getSupportedRadioCombinations failed with service-specific exception: android.os.ServiceSpecificException:  (code 4)
02-01 20:26:00.121   594   753 E SupplicantStaIfaceHalAidlImpl: Can't call getWpaDriverCapabilities, ISupplicantStaIface is null for iface=wlan0
02-01 20:26:00.129   594   753 E WifiStaIfaceAidlImpl: getTwtCapabilities failed with service-specific exception: android.os.ServiceSpecificException:  (code 4)
02-01 20:26:00.129   594   753 E WifiChipAidlImpl: getUsableChannels failed with service-specific exception: android.os.ServiceSpecificException:  (code 4)
02-01 20:26:00.153   594   753 E WifiChipAidlImpl: enableStaChannelForPeerNetwork failed with service-specific exception: android.os.ServiceSpecificException:  (code 4)
02-01 20:26:00.301   594   594 W SystemServiceManager: Service com.android.safetycenter.SafetyCenterService took 160 ms in onStart
02-01 20:26:00.377   594   594 W SystemServiceManager: Service com.android.server.appsearch.AppSearchModule$Lifecycle took 64 ms in onStart
02-01 20:26:00.445   594   594 E HealthConnectResContext: Attempted to fetch resources before Health Connect resources APK is loaded!
02-01 20:26:00.445   594   594 E HealthConnectResContext: java.lang.IllegalStateException
02-01 20:26:00.445   594   594 E HealthConnectResContext: 	at com.android.server.healthconnect.migration.notification.HealthConnectResourcesContext.resolvePackageInfo(HealthConnectResourcesContext.java:130)
02-01 20:26:00.445   594   594 E HealthConnectResContext: 	at com.android.server.healthconnect.migration.notification.HealthConnectResourcesContext.initialisePackageNames(HealthConnectResourcesContext.java:88)
02-01 20:26:00.445   594   594 E HealthConnectResContext: 	at com.android.server.healthconnect.migration.notification.HealthConnectResourcesContext.<init>(HealthConnectResourcesContext.java:83)
02-01 20:26:00.445   594   594 E HealthConnectResContext: 	at com.android.server.healthconnect.migration.notification.HealthConnectResourcesContext.<init>(HealthConnectResourcesContext.java:70)
02-01 20:26:00.445   594   594 E HealthConnectResContext: 	at com.android.server.healthconnect.migration.notification.MigrationNotificationFactory.<init>(MigrationNotificationFactory.java:108)
02-01 20:26:00.445   594   594 E HealthConnectResContext: 	at com.android.server.healthconnect.migration.notification.MigrationNotificationSender.<init>(MigrationNotificationSender.java:60)
02-01 20:26:00.445   594   594 E HealthConnectResContext: 	at com.android.server.healthconnect.HealthConnectManagerService.<init>(HealthConnectManagerService.java:100)
02-01 20:26:00.445   594   594 E HealthConnectResContext: 	at java.lang.reflect.Constructor.newInstance0(Native Method)
02-01 20:26:00.445   594   594 E HealthConnectResContext: 	at java.lang.reflect.Constructor.newInstance(Constructor.java:343)
02-01 20:26:00.445   594   594 E HealthConnectResContext: 	at com.android.server.SystemServiceManager.startService(SystemServiceManager.java:242)
02-01 20:26:00.445   594   594 E HealthConnectResContext: 	at com.android.server.SystemServiceManager.startService(SystemServiceManager.java:155)
02-01 20:26:00.445   594   594 E HealthConnectResContext: 	at com.android.server.SystemServer.startOtherServices(SystemServer.java:2991)
02-01 20:26:00.445   594   594 E HealthConnectResContext: 	at com.android.server.SystemServer.run(SystemServer.java:936)
02-01 20:26:00.445   594   594 E HealthConnectResContext: 	at com.android.server.SystemServer.main(SystemServer.java:657)
02-01 20:26:00.445   594   594 E HealthConnectResContext: 	at java.lang.reflect.Method.invoke(Native Method)
02-01 20:26:00.445   594   594 E HealthConnectResContext: 	at com.android.internal.os.RuntimeInit$MethodAndArgsCaller.run(RuntimeInit.java:580)
02-01 20:26:00.445   594   594 E HealthConnectResContext: 	at com.android.internal.os.ZygoteInit.main(ZygoteInit.java:864)
02-01 20:26:00.749   594   626 W Choreographer: Frame time is 1.06157 ms in the future!  Check that graphics HAL is generating vsync timestamps using the correct timebase.
02-01 20:26:00.761   836   836 E wpa_supplicant: nl80211: kernel reports: Registration to specific type not supported
02-01 20:26:00.845   594   594 W SystemServiceManager: Service com.android.server.power.ThermalManagerService took 80 ms in onBootPhase
02-01 20:26:00.877   594   594 W ActivityManager: Too early to start/bind service in system_server: Phase=550 ComponentInfo{com.android.server.telecom/com.android.server.telecom.components.TelecomService}
02-01 20:26:00.877   594   594 W ActivityManager: Too early to start/bind service in system_server: Phase=550 ComponentInfo{com.android.server.telecom/com.android.server.telecom.components.TelecomService}
02-01 20:26:00.912   594   702 E NativeTombstoneManager: Tombstone's UID (1002) not an app, ignoring
02-01 20:26:00.914   594   753 E WifiStaIfaceAidlImpl: getTwtCapabilities failed with service-specific exception: android.os.ServiceSpecificException:  (code 4)
02-01 20:26:00.915   594   753 E WifiChipAidlImpl: getUsableChannels failed with service-specific exception: android.os.ServiceSpecificException:  (code 4)
02-01 20:26:00.964   594   702 E NativeTombstoneManager: Tombstone's UID (1002) not an app, ignoring
02-01 20:26:00.983   594   757 E WifiStaIfaceAidlImpl: getBackgroundScanCapabilities failed with service-specific exception: android.os.ServiceSpecificException:  (code 4)
02-01 20:26:00.984   594   753 E WifiChipAidlImpl: setMultiStaUseCase failed with service-specific exception: android.os.ServiceSpecificException:  (code 4)
02-01 20:26:00.987   594   753 E WifiChipAidlImpl: setMultiStaPrimaryConnection failed with service-specific exception: android.os.ServiceSpecificException:  (code 4)
02-01 20:26:00.993   594   683 W OverlayManager: service 'idmap' died
02-01 20:26:01.021   594   702 E NativeTombstoneManager: Tombstone's UID (1002) not an app, ignoring
02-01 20:26:01.083   594   594 W SystemServiceManager: Service com.android.server.inputmethod.InputMethodManagerService$Lifecycle took 168 ms in onBootPhase
02-01 20:26:01.093   189   189 W vold    : There is no valid blk device path for data partition
02-01 20:26:01.094   594   702 E NativeTombstoneManager: Tombstone's UID (1002) not an app, ignoring
02-01 20:26:01.096   189   189 W vold    : Cannot find dev sysfs path
02-01 20:26:01.094   594   727 W StorageManagerService: Failed to get storage lifetime
02-01 20:26:01.183   504   557 E OmxInfoBuilder: Cannot find an IOmxStore service.
02-01 20:26:01.272   594   702 E NativeTombstoneManager: Tombstone's UID (1002) not an app, ignoring
02-01 20:26:01.268   594   594 W BestClock: java.time.DateTimeException: Missing network time fix
02-01 20:26:01.339   594   702 E NativeTombstoneManager: Tombstone's UID (1002) not an app, ignoring
02-01 20:26:01.403   594   702 E NativeTombstoneManager: Tombstone's UID (1002) not an app, ignoring
02-01 20:26:01.425   594   702 E NativeTombstoneManager: Tombstone's UID (1002) not an app, ignoring
02-01 20:26:01.532   594   594 W SystemServiceManager: Service com.android.server.NetworkStatsServiceInitializer took 446 ms in onBootPhase
02-01 20:26:01.593   594   594 W ActivityManager: Skipping saving the start info due to ongoing loading from storage
02-01 20:26:01.609   594   594 E BitmapFactory: Unable to decode file: java.io.FileNotFoundException: /data/system/users/0/wallpaper_orig: open failed: ENOENT (No such file or directory)
02-01 20:26:01.613   594   594 W WallpaperCropper: Invalid wallpaper data
02-01 20:26:01.613   594   594 E WallpaperCropper: Unable to apply new wallpaper
02-01 20:26:01.614   594   594 W SystemServiceManager: Service com.android.server.wallpaper.WallpaperManagerService$Lifecycle took 77 ms in onBootPhase
02-01 20:26:01.631   594   772 W BroadcastLoopers: Found previously unknown looper Thread[AudioDeviceBroker,5,main]
02-01 20:26:01.648   594   615 W system_server: ApkAssets: Deleting an ApkAssets object '<empty> and /product/app/ModuleMetadataGoogle/ModuleMetadataGoogle.apk' with 1 weak references
02-01 20:26:01.657   594   702 E NativeTombstoneManager: Tombstone's UID (1002) not an app, ignoring
02-01 20:26:01.697   594   702 E NativeTombstoneManager: Tombstone's UID (1002) not an app, ignoring
02-01 20:26:01.759   594   702 E NativeTombstoneManager: Tombstone's UID (1002) not an app, ignoring
02-01 20:26:01.784   594   702 E NativeTombstoneManager: Tombstone's UID (1002) not an app, ignoring
02-01 20:26:01.821   594   594 W SystemServiceManager: Service com.android.server.policy.PermissionPolicyService took 176 ms in onBootPhase
02-01 20:26:01.837   594   702 E NativeTombstoneManager: Tombstone's UID (1002) not an app, ignoring
02-01 20:26:01.841   594   702 E NativeTombstoneManager: Tombstone's UID (1002) not an app, ignoring
02-01 20:26:01.846   594   594 W NetworkManagement: setDataSaverMode(): already false
02-01 20:26:01.872   383   437 W netd    : AIBinder_linkToDeath is being called with a non-null cookie and no onUnlink callback set. This might not be intended. AIBinder_DeathRecipient_setOnUnlinked should be called first.
02-01 20:26:01.872   383   437 W netd    : AIBinder_linkToDeath is being called with a non-null cookie and no onUnlink callback set. This might not be intended. AIBinder_DeathRecipient_setOnUnlinked should be called first.
02-01 20:26:01.897   594   644 W BatteryExternalStatsWorker: error reading modem stats:ERROR_PHONE_NOT_AVAILABLE
02-01 20:26:01.901   594   678 E AppOps  : Bad call made by uid 1000. Package "android" does not belong to uid 1037.
02-01 20:26:01.902   594   678 E AppOps  : Cannot checkOperation: non-application UID 1037
02-01 20:26:01.945   594   636 W ActivityManager: Slow operation: 362ms so far, now at startProcess: returned from zygote!
02-01 20:26:01.947   594   636 W ActivityManager: Slow operation: 365ms so far, now at startProcess: done updating battery stats
02-01 20:26:01.948   594   636 W ActivityManager: Slow operation: 365ms so far, now at startProcess: building log message
02-01 20:26:01.951   594   636 W ActivityManager: Slow operation: 368ms so far, now at startProcess: starting to update pids map
02-01 20:26:01.951   594   636 W ActivityManager: Slow operation: 368ms so far, now at startProcess: done updating pids map
02-01 20:26:02.019   594   636 W ActivityManager: Slow operation: 118ms so far, now at startProcess: returned from zygote!
02-01 20:26:02.039   594   636 W ActivityManager: Slow operation: 138ms so far, now at startProcess: done updating battery stats
02-01 20:26:02.039   594   636 W ActivityManager: Slow operation: 138ms so far, now at startProcess: building log message
02-01 20:26:02.039   594   636 W ActivityManager: Slow operation: 138ms so far, now at startProcess: starting to update pids map
02-01 20:26:02.039   594   636 W ActivityManager: Slow operation: 138ms so far, now at startProcess: done updating pids map
02-01 20:26:02.099   853   853 W ndroid.systemui: Unexpected CPU variant for x86: x86_64.
02-01 20:26:02.099   853   853 W ndroid.systemui: Known variants: atom, sandybridge, silvermont, goldmont, goldmont-plus, goldmont-without-sha-xsaves, tremont, kabylake, default
02-01 20:26:02.134   594   751 W NetworkPolicy: setRestrictBackgroundUL: already false
02-01 20:26:02.139   857   857 W WebViewLoader-x: Unexpected CPU variant for x86: x86_64.
02-01 20:26:02.139   857   857 W WebViewLoader-x: Known variants: atom, sandybridge, silvermont, goldmont, goldmont-plus, goldmont-without-sha-xsaves, tremont, kabylake, default
02-01 20:26:02.151   857   857 E WebViewLoader-x: Not starting debugger since process cannot load the jdwp agent.
02-01 20:26:02.159   594   702 E NativeTombstoneManager: Tombstone's UID (1002) not an app, ignoring
02-01 20:26:02.163   594   702 E NativeTombstoneManager: Tombstone's UID (1002) not an app, ignoring
02-01 20:26:02.181   594   702 E NativeTombstoneManager: Tombstone's UID (1002) not an app, ignoring
02-01 20:26:02.185   594   702 E NativeTombstoneManager: Tombstone's UID (1002) not an app, ignoring
02-01 20:26:02.222   594   702 E NativeTombstoneManager: Tombstone has invalid selinux label (u:r:priv_app:s0:c512,c768Ŕ€), ignoring
02-01 20:26:02.228   594   702 E NativeTombstoneManager: Tombstone has invalid selinux label (u:r:priv_app:s0:c512,c768Ŕ€), ignoring
02-01 20:26:02.248   594   702 E NativeTombstoneManager: Tombstone's UID (1002) not an app, ignoring
02-01 20:26:02.252   594   702 E NativeTombstoneManager: Tombstone's UID (1002) not an app, ignoring
02-01 20:26:02.269   594   702 E NativeTombstoneManager: Tombstone has invalid selinux label (u:r:priv_app:s0:c512,c768Ŕ€), ignoring
02-01 20:26:02.279   594   702 E NativeTombstoneManager: Tombstone has invalid selinux label (u:r:priv_app:s0:c512,c768Ŕ€), ignoring
02-01 20:26:02.305   594   702 E NativeTombstoneManager: Tombstone has invalid selinux label (u:r:priv_app:s0:c512,c768Ŕ€), ignoring
02-01 20:26:02.309   594   702 E NativeTombstoneManager: Tombstone has invalid selinux label (u:r:priv_app:s0:c512,c768Ŕ€), ignoring
02-01 20:26:02.323   594   751 W BestClock: java.time.DateTimeException: Missing network time fix
02-01 20:26:02.352   594   750 W BestClock: java.time.DateTimeException: Missing network time fix
02-01 20:26:02.420   594   750 W BestClock: java.time.DateTimeException: Missing network time fix
02-01 20:26:02.450   594   613 W system_server: Suspending all threads took: 7.739ms
02-01 20:26:02.467   594   750 W BestClock: java.time.DateTimeException: Missing network time fix
02-01 20:26:02.483   594   617 W ActivityManager: Slow operation: 56ms so far, now at attachApplicationLocked: immediately before bindApplication
02-01 20:26:02.497   857   857 W ziparchive: Unable to open '/data/app/~~QqXudqfIwNr9SgCkFrIFxQ==/com.google.android.trichromelibrary_636771938-NxTbgWLJSCRw7ryAhhCrhg==/TrichromeLibrary.dm': No such file or directory
02-01 20:26:02.497   857   857 W ziparchive: Unable to open '/data/app/~~QqXudqfIwNr9SgCkFrIFxQ==/com.google.android.trichromelibrary_636771938-NxTbgWLJSCRw7ryAhhCrhg==/TrichromeLibrary.dm': No such file or directory
02-01 20:26:02.507   594   750 W BestClock: java.time.DateTimeException: Missing network time fix
02-01 20:26:02.509   857   857 W WebViewLoader-x: Entry not found
02-01 20:26:02.525   594   617 W ActivityManager: Slow operation: 99ms so far, now at attachApplicationLocked: immediately after bindApplication
02-01 20:26:02.526   594   617 W ActivityManager: Slow operation: 99ms so far, now at attachApplicationLocked: after updateLruProcessLocked
02-01 20:26:02.528   594   617 W ActivityManager: Slow operation: 102ms so far, now at attachApplicationLocked: after updateOomAdjLocked
02-01 20:26:02.535   594   750 W BroadcastLoopers: Found previously unknown looper Thread[NetworkStats,5,main]
02-01 20:26:02.585   594   594 W OnDeviceIntelligenceManagerService: Couldn't pre-start remote ondeviceintelligence services.
02-01 20:26:02.585   594   594 W OnDeviceIntelligenceManagerService: java.lang.IllegalStateException: Remote service is not configured to complete the request.
02-01 20:26:02.585   594   594 W OnDeviceIntelligenceManagerService: 	at com.android.server.ondeviceintelligence.OnDeviceIntelligenceManagerService.validateServiceElevated(OnDeviceIntelligenceManagerService.java:838)
02-01 20:26:02.585   594   594 W OnDeviceIntelligenceManagerService: 	at com.android.server.ondeviceintelligence.OnDeviceIntelligenceManagerService.lambda$ensureRemoteInferenceServiceInitialized$2(OnDeviceIntelligenceManagerService.java:622)
02-01 20:26:02.585   594   594 W OnDeviceIntelligenceManagerService: 	at com.android.server.ondeviceintelligence.OnDeviceIntelligenceManagerService.$r8$lambda$qWFNamOCjZtux7sLH__Vr5HGTvc(OnDeviceIntelligenceManagerService.java:0)
02-01 20:26:02.585   594   594 W OnDeviceIntelligenceManagerService: 	at com.android.server.ondeviceintelligence.OnDeviceIntelligenceManagerService$$ExternalSyntheticLambda4.runOrThrow(R8$$SyntheticClass:0)
02-01 20:26:02.585   594   594 W OnDeviceIntelligenceManagerService: 	at android.os.Binder.withCleanCallingIdentity(Binder.java:550)
02-01 20:26:02.585   594   594 W OnDeviceIntelligenceManagerService: 	at com.android.server.ondeviceintelligence.OnDeviceIntelligenceManagerService.ensureRemoteInferenceServiceInitialized(OnDeviceIntelligenceManagerService.java:622)
02-01 20:26:02.585   594   594 W OnDeviceIntelligenceManagerService: 	at com.android.server.ondeviceintelligence.OnDeviceIntelligenceManagerService.onBootPhase(OnDeviceIntelligenceManagerService.java:201)
02-01 20:26:02.585   594   594 W OnDeviceIntelligenceManagerService: 	at com.android.server.SystemServiceManager.startBootPhase(SystemServiceManager.java:318)
02-01 20:26:02.585   594   594 W OnDeviceIntelligenceManagerService: 	at com.android.server.SystemServer.lambda$startOtherServices$6(SystemServer.java:3176)
02-01 20:26:02.585   594   594 W OnDeviceIntelligenceManagerService: 	at com.android.server.SystemServer.$r8$lambda$R8_YVQM1rsXoSgswlNNq9SsFhyw(SystemServer.java:0)
02-01 20:26:02.585   594   594 W OnDeviceIntelligenceManagerService: 	at com.android.server.SystemServer$$ExternalSyntheticLambda6.run(R8$$SyntheticClass:0)
02-01 20:26:02.585   594   594 W OnDeviceIntelligenceManagerService: 	at com.android.server.am.ActivityManagerService.systemReady(ActivityManagerService.java:9127)
02-01 20:26:02.585   594   594 W OnDeviceIntelligenceManagerService: 	at com.android.server.SystemServer.startOtherServices(SystemServer.java:3028)
02-01 20:26:02.585   594   594 W OnDeviceIntelligenceManagerService: 	at com.android.server.SystemServer.run(SystemServer.java:936)
02-01 20:26:02.585   594   594 W OnDeviceIntelligenceManagerService: 	at com.android.server.SystemServer.main(SystemServer.java:657)
02-01 20:26:02.585   594   594 W OnDeviceIntelligenceManagerService: 	at java.lang.reflect.Method.invoke(Native Method)
02-01 20:26:02.585   594   594 W OnDeviceIntelligenceManagerService: 	at com.android.internal.os.RuntimeInit$MethodAndArgsCaller.run(RuntimeInit.java:580)
02-01 20:26:02.585   594   594 W OnDeviceIntelligenceManagerService: 	at com.android.internal.os.ZygoteInit.main(ZygoteInit.java:864)
02-01 20:26:02.622   594   702 E NativeTombstoneManager: Tombstone's UID (1000) not an app, ignoring
02-01 20:26:02.636   594   702 E NativeTombstoneManager: Tombstone's UID (1000) not an app, ignoring
02-01 20:26:02.667   594   683 W PackageManager: Invalid dex load report. loadingPackageName=null, uid=1037
02-01 20:26:02.690   594   594 W SystemServiceManager: Service com.android.server.notification.NotificationManagerService took 73 ms in onBootPhase
02-01 20:26:02.890   594   702 E NativeTombstoneManager: Tombstone's UID (1000) not an app, ignoring
02-01 20:26:02.907   594   702 E NativeTombstoneManager: Tombstone's UID (1000) not an app, ignoring
02-01 20:26:02.933   594   856 E WebViewUpdateServiceImpl2: Timed out waiting for relro creation, relros started 1 relros finished 0 package dirty? false
02-01 20:26:02.952   594   856 W WebViewUpdateServiceImpl2: creating relro file timed out
02-01 20:26:02.954   594   702 E NativeTombstoneManager: Tombstone has invalid selinux label (u:r:platform_app:s0:c512,c768Ŕ€), ignoring
02-01 20:26:02.957   594   702 E NativeTombstoneManager: Tombstone has invalid selinux label (u:r:platform_app:s0:c512,c768Ŕ€), ignoring
02-01 20:26:03.004   594   702 E NativeTombstoneManager: Tombstone's UID (1002) not an app, ignoring
02-01 20:26:03.007   594   702 E NativeTombstoneManager: Tombstone's UID (1002) not an app, ignoring
02-01 20:26:03.089   384   384 W Zygote  : forkRepeatedly terminated due to non-simple command
02-01 20:26:03.120   594   753 W WifiConnectivityManager: mConnectedSingleSavedNetworkSingleScanScheduleSec is not configured! Using default scan schedule
02-01 20:26:03.120   594   753 W WifiConnectivityManager: mConnectedSingleSavedNetworkSingleScanType is not configured! Using default scan types
02-01 20:26:03.145   594   702 E NativeTombstoneManager: Tombstone has invalid selinux label (u:r:priv_app:s0:c512,c768Ŕ€), ignoring
02-01 20:26:03.176   594   702 E NativeTombstoneManager: Tombstone has invalid selinux label (u:r:priv_app:s0:c512,c768Ŕ€), ignoring
02-01 20:26:03.181   594   856 W ZygoteProcess: Got error connecting to zygote, retrying. msg= Connection refused
02-01 20:26:03.238   594   856 W ZygoteProcess: Got error connecting to zygote, retrying. msg= Connection refused
02-01 20:26:03.376   889   889 W ziparchive: Unable to open '/data/app/~~QqXudqfIwNr9SgCkFrIFxQ==/com.google.android.trichromelibrary_636771938-NxTbgWLJSCRw7ryAhhCrhg==/TrichromeLibrary.dm': No such file or directory
02-01 20:26:03.382   889   889 W ziparchive: Unable to open '/data/app/~~QqXudqfIwNr9SgCkFrIFxQ==/com.google.android.trichromelibrary_636771938-NxTbgWLJSCRw7ryAhhCrhg==/TrichromeLibrary.dm': No such file or directory
02-01 20:26:03.387   889   889 W webview_zygote: Entry not found
02-01 20:26:03.448   889   889 W webviewchromiumloader: Failed to open relro file /data/misc/shared_relro/libwebviewchromium64.relro: No such file or directory
02-01 20:26:03.445   889   889 W WebViewLibraryLoader: failed to load with relro file, proceeding without
02-01 20:26:03.530   594   702 E NativeTombstoneManager: Tombstone's UID (1002) not an app, ignoring
02-01 20:26:03.569   594   594 E ActivityRecognitionHardware: activity_recognition HAL is deprecated. is_supported is effectively a no-op
02-01 20:26:03.585   594   594 W SystemServiceManager: Service com.android.server.location.LocationManagerService$Lifecycle took 894 ms in onBootPhase
02-01 20:26:03.633   594   702 E NativeTombstoneManager: Tombstone's UID (1002) not an app, ignoring
02-01 20:26:03.659   594   594 W SystemServiceManager: Service com.android.server.job.JobSchedulerService took 53 ms in onBootPhase
02-01 20:26:03.722   594   702 E NativeTombstoneManager: Tombstone has invalid selinux label (u:r:gmscore_app:s0:c512,c768Ŕ€), ignoring
02-01 20:26:03.725   594   702 E NativeTombstoneManager: Tombstone has invalid selinux label (u:r:gmscore_app:s0:c512,c768Ŕ€), ignoring
02-01 20:26:03.754   594   702 E NativeTombstoneManager: Tombstone's UID (1002) not an app, ignoring
02-01 20:26:03.773   594   702 E NativeTombstoneManager: Tombstone's UID (1002) not an app, ignoring
02-01 20:26:03.767   594   622 W Looper  : Slow dispatch took 214ms android.fg h=android.os.Handler c=com.android.server.location.gnss.GnssLocationProvider$$ExternalSyntheticLambda8@3608d02 m=0
02-01 20:26:03.768   594   622 W Looper  : Slow delivery took 221ms android.fg h=android.os.Handler c=com.android.server.location.gnss.GnssLocationProvider$$ExternalSyntheticLambda9@a8d2050 m=0
02-01 20:26:03.804   594   594 W SystemServiceManager: Service com.android.server.blob.BlobStoreManagerService took 68 ms in onBootPhase
02-01 20:26:03.823   594   702 E NativeTombstoneManager: Tombstone has invalid selinux label (u:r:priv_app:s0:c512,c768Ŕ€), ignoring
02-01 20:26:03.826   594   702 E NativeTombstoneManager: Tombstone has invalid selinux label (u:r:priv_app:s0:c512,c768Ŕ€), ignoring
02-01 20:26:03.828   594   594 W AlarmManager: Unrecognized alarm listener com.android.server.stats.StatsCompanionService$PullingAlarmListener@5554cf1
02-01 20:26:03.828   594   594 W AlarmManager: Unrecognized alarm listener com.android.server.stats.StatsCompanionService$PeriodicAlarmListener@62960d6
02-01 20:26:03.844   594   622 W LocationTZDetector: onProviderStateChange: Ignoring provider state change because both providers have not yet completed initialization. providerState=ProviderState{stateEnum=Perm failure (5), event=null, currentUserConfiguration=null, mStateEntryTimeMillis=51638, mDebugInfo=Failed to initialize: onInitialize() returned false}
02-01 20:26:03.848   594   622 W Looper  : Drained
02-01 20:26:03.858   382   829 W statsd  : AIBinder_linkToDeath is being called with a non-null cookie and no onUnlink callback set. This might not be intended. AIBinder_DeathRecipient_setOnUnlinked should be called first.
02-01 20:26:03.883   594   634 W BestClock: java.time.DateTimeException: Missing network time fix
02-01 20:26:03.888   594   615 W system_server: ApkAssets: Deleting an ApkAssets object '<empty> and /system/framework/framework-res.apk' with 1 weak references
02-01 20:26:03.891   594   615 W System  : A resource failed to call close. 
02-01 20:26:03.899   594   615 W System  : A resource failed to call close. 
02-01 20:26:03.900   594   615 W System  : A resource failed to call close. 
02-01 20:26:03.900   594   615 W System  : A resource failed to call close. 
02-01 20:26:03.959   594   634 W BestClock: java.time.DateTimeException: Missing network time fix
02-01 20:26:03.961   594   906 E StatsCompanionService: Could not get installer for package: com.google.android.trichromelibrary
02-01 20:26:03.961   594   906 E StatsCompanionService: android.content.pm.PackageManager$NameNotFoundException: com.google.android.trichromelibrary
02-01 20:26:03.961   594   906 E StatsCompanionService: 	at android.app.ApplicationPackageManager.getInstallSourceInfo(ApplicationPackageManager.java:2610)
02-01 20:26:03.961   594   906 E StatsCompanionService: 	at com.android.server.stats.StatsCompanionService.getInstallerPackageName(StatsCompanionService.java:153)
02-01 20:26:03.961   594   906 E StatsCompanionService: 	at com.android.server.stats.StatsCompanionService.lambda$informAllUids$0(StatsCompanionService.java:229)
02-01 20:26:03.961   594   906 E StatsCompanionService: 	at com.android.server.stats.StatsCompanionService.$r8$lambda$MBPStrBhgnmbybdtzkoTAe-YOYw(StatsCompanionService.java:0)
02-01 20:26:03.961   594   906 E StatsCompanionService: 	at com.android.server.stats.StatsCompanionService$$ExternalSyntheticLambda1.run(R8$$SyntheticClass:0)
02-01 20:26:03.961   594   906 E StatsCompanionService: 	at android.os.Handler.handleCallback(Handler.java:959)
02-01 20:26:03.961   594   906 E StatsCompanionService: 	at android.os.Handler.dispatchMessage(Handler.java:100)
02-01 20:26:03.961   594   906 E StatsCompanionService: 	at android.os.Looper.loopOnce(Looper.java:232)
02-01 20:26:03.961   594   906 E StatsCompanionService: 	at android.os.Looper.loop(Looper.java:317)
02-01 20:26:03.961   594   906 E StatsCompanionService: 	at android.os.HandlerThread.run(HandlerThread.java:85)
02-01 20:26:03.987   594   636 W ActivityManager: Slow operation: 51ms so far, now at startProcess: done updating battery stats
02-01 20:26:03.987   594   636 W ActivityManager: Slow operation: 52ms so far, now at startProcess: building log message
02-01 20:26:03.987   594   636 W ActivityManager: Slow operation: 52ms so far, now at startProcess: starting to update pids map
02-01 20:26:03.988   594   636 W ActivityManager: Slow operation: 52ms so far, now at startProcess: done updating pids map
02-01 20:26:03.987   594   634 W BestClock: java.time.DateTimeException: Missing network time fix
02-01 20:26:03.996   594   702 E NativeTombstoneManager: Tombstone has invalid selinux label (u:r:priv_app:s0:c512,c768Ŕ€), ignoring
02-01 20:26:03.999   594   702 E NativeTombstoneManager: Tombstone has invalid selinux label (u:r:priv_app:s0:c512,c768Ŕ€), ignoring
02-01 20:26:04.029   911   911 W rkstack.process: Unexpected CPU variant for x86: x86_64.
02-01 20:26:04.029   911   911 W rkstack.process: Known variants: atom, sandybridge, silvermont, goldmont, goldmont-plus, goldmont-without-sha-xsaves, tremont, kabylake, default
02-01 20:26:04.035   594   634 W BestClock: java.time.DateTimeException: Missing network time fix
02-01 20:26:04.029   594   702 E NativeTombstoneManager: Tombstone's UID (1002) not an app, ignoring
02-01 20:26:04.032   594   702 E NativeTombstoneManager: Tombstone's UID (1002) not an app, ignoring
02-01 20:26:04.045   911   911 E rkstack.process: Not starting debugger since process cannot load the jdwp agent.
02-01 20:26:04.148   594   702 E NativeTombstoneManager: Tombstone has invalid selinux label (u:r:priv_app:s0:c512,c768Ŕ€), ignoring
02-01 20:26:04.153   594   634 W BestClock: java.time.DateTimeException: Missing network time fix
02-01 20:26:04.167   594   702 E NativeTombstoneManager: Tombstone has invalid selinux label (u:r:priv_app:s0:c512,c768Ŕ€), ignoring
02-01 20:26:04.217   594   634 W BestClock: java.time.DateTimeException: Missing network time fix
02-01 20:26:04.225   594   594 W SystemServiceManager: Service com.android.server.sensorprivacy.SensorPrivacyService took 76 ms in onStartUser-0
02-01 20:26:04.325   594   623 W WindowManager: Keyguard drawn timeout. Setting mKeyguardDrawComplete
02-01 20:26:04.352   594   634 W BestClock: java.time.DateTimeException: Missing network time fix
02-01 20:26:04.377   594   594 W SystemServiceManager: Service com.android.role.RoleService took 148 ms in onStartUser-0
02-01 20:26:04.394   594   634 W BestClock: java.time.DateTimeException: Missing network time fix
02-01 20:26:04.449   594   634 W BestClock: java.time.DateTimeException: Missing network time fix
02-01 20:26:04.508   594   634 W BestClock: java.time.DateTimeException: Missing network time fix
02-01 20:26:04.556   594   634 W BestClock: java.time.DateTimeException: Missing network time fix
02-01 20:26:04.551   594   594 W SystemServiceManager: Service com.android.server.StorageManagerService$Lifecycle took 118 ms in onStartUser-0
02-01 20:26:04.594   594   634 W BestClock: java.time.DateTimeException: Missing network time fix
02-01 20:26:04.631   594   634 E CountryDetector: Could not instantiate the custom country detector class
02-01 20:26:04.640   594   636 W ActivityManager: Slow operation: 101ms so far, now at startProcess: returned from zygote!
02-01 20:26:04.641   594   636 W ActivityManager: Slow operation: 102ms so far, now at startProcess: done updating battery stats
02-01 20:26:04.642   594   636 W ActivityManager: Slow operation: 104ms so far, now at startProcess: building log message
02-01 20:26:04.643   594   636 W ActivityManager: Slow operation: 104ms so far, now at startProcess: starting to update pids map
02-01 20:26:04.643   594   636 W ActivityManager: Slow operation: 104ms so far, now at startProcess: done updating pids map
02-01 20:26:04.733   926   926 W droid.bluetooth: Unexpected CPU variant for x86: x86_64.
02-01 20:26:04.733   926   926 W droid.bluetooth: Known variants: atom, sandybridge, silvermont, goldmont, goldmont-plus, goldmont-without-sha-xsaves, tremont, kabylake, default
02-01 20:26:04.773   926   926 E droid.bluetooth: Not starting debugger since process cannot load the jdwp agent.
02-01 20:26:04.854   594   594 W SystemServiceManager: Service com.android.server.voiceinteraction.VoiceInteractionManagerService took 265 ms in onStartUser-0
02-01 20:26:04.929   594   594 W ActivityTaskManager: callingPackage for (uid=-1, pid=0) has no WPC
02-01 20:26:04.953   594   594 W OptProp : Cannot read opt property android.window.PROPERTY_COMPAT_ALLOW_USER_ASPECT_RATIO_OVERRIDE
02-01 20:26:04.953   594   594 W OptProp : Cannot read opt property android.window.PROPERTY_COMPAT_ALLOW_USER_ASPECT_RATIO_FULLSCREEN_OVERRIDE
02-01 20:26:04.955   594   594 W OptProp : Cannot read opt property android.window.PROPERTY_COMPAT_ALLOW_ORIENTATION_OVERRIDE
02-01 20:26:05.005   594   636 W ActivityManager: Slow operation: 102ms so far, now at startProcess: returned from zygote!
02-01 20:26:05.078   940   940 W com.android.se: Unexpected CPU variant for x86: x86_64.
02-01 20:26:05.078   940   940 W com.android.se: Known variants: atom, sandybridge, silvermont, goldmont, goldmont-plus, goldmont-without-sha-xsaves, tremont, kabylake, default
02-01 20:26:05.097   940   940 E com.android.se: Not starting debugger since process cannot load the jdwp agent.
02-01 20:26:05.253   594   855 W Codec2Client: query -- param skipped: index = 1107298332.
02-01 20:26:05.265   594   854 W Codec2Client: query -- param skipped: index = 1107298332.
02-01 20:26:05.273   594   855 W Codec2Client: query -- param skipped: index = 1342179345.
02-01 20:26:05.273   594   855 W Codec2Client: query -- param skipped: index = 2415921170.
02-01 20:26:05.301   594   854 W Codec2Client: query -- param skipped: index = 1342179345.
02-01 20:26:05.304   513   900 E Codec2-ComponentInterface: We have a failed config
02-01 20:26:05.301   594   854 W Codec2Client: query -- param skipped: index = 2415921170.
02-01 20:26:05.309   513   954 E Codec2-ComponentInterface: We have a failed config
02-01 20:26:05.729   594   963 W Codec2Client: query -- param skipped: index = 1107298332.
02-01 20:26:05.737   594   963 W Codec2Client: query -- param skipped: index = 1342179345.
02-01 20:26:05.737   594   963 W Codec2Client: query -- param skipped: index = 2415921170.
02-01 20:26:05.745   513   845 E Codec2-ComponentInterface: We have a failed config
02-01 20:26:05.751   594   967 W Codec2Client: query -- param skipped: index = 1107298332.
02-01 20:26:05.758   594   967 W Codec2Client: query -- param skipped: index = 1342179345.
02-01 20:26:05.759   594   967 W Codec2Client: query -- param skipped: index = 2415921170.
02-01 20:26:05.756   594   594 W OptProp : Cannot read opt property android.window.PROPERTY_COMPAT_ALLOW_MIN_ASPECT_RATIO_OVERRIDE
02-01 20:26:05.755   594   626 W Choreographer: Frame time is 11.679739 ms in the future!  Check that graphics HAL is generating vsync timestamps using the correct timebase.
02-01 20:26:05.758   513   845 E Codec2-ComponentInterface: We have a failed config
02-01 20:26:05.856   594   617 W ActivityManager: Slow operation: 954ms so far, now at startProcess: done updating battery stats
02-01 20:26:05.857   594   617 W ActivityManager: Slow operation: 954ms so far, now at startProcess: building log message
02-01 20:26:05.857   594   617 W ActivityManager: Slow operation: 954ms so far, now at startProcess: starting to update pids map
02-01 20:26:05.857   594   617 W ActivityManager: Slow operation: 954ms so far, now at startProcess: done updating pids map
02-01 20:26:05.893   594   636 W ActivityManager: Slow operation: 985ms so far, now at startProcess: asking zygote to start proc
02-01 20:26:05.905   594   635 W system_server: uname() reports kernel level 202404 but device manifest sets kernel level 7. Using kernel level 202404
02-01 20:26:05.959   594   636 W ActivityManager: Slow operation: 1050ms so far, now at startProcess: returned from zygote!
02-01 20:26:05.960   594   636 W ActivityManager: Slow operation: 1051ms so far, now at startProcess: done updating battery stats
02-01 20:26:05.960   594   636 W ActivityManager: Slow operation: 1051ms so far, now at startProcess: building log message
02-01 20:26:05.960   594   636 W ActivityManager: Slow operation: 1052ms so far, now at startProcess: starting to update pids map
02-01 20:26:05.961   594   636 W ActivityManager: Slow operation: 1052ms so far, now at startProcess: done updating pids map
02-01 20:26:05.961   594   636 W ActivityManager: Slow operation: 68ms so far, now at startProcess: asking zygote to start proc
02-01 20:26:06.009   594   594 W Looper  : Slow delivery took 24464ms main h=android.app.PropertyInvalidatedCache$AutoCorker$1 c=null m=0
02-01 20:26:06.045   594   636 W ActivityManager: Slow operation: 152ms so far, now at startProcess: returned from zygote!
02-01 20:26:06.045   594   636 W ActivityManager: Slow operation: 152ms so far, now at startProcess: done updating battery stats
02-01 20:26:06.045   594   636 W ActivityManager: Slow operation: 153ms so far, now at startProcess: building log message
02-01 20:26:06.045   594   636 W ActivityManager: Slow operation: 153ms so far, now at startProcess: starting to update pids map
02-01 20:26:06.069   594   636 W ActivityManager: Slow operation: 176ms so far, now at startProcess: done updating pids map
02-01 20:26:06.105   911   911 E SystemServiceRegistry: No service published for: ethernet
02-01 20:26:06.105   911   911 E SystemServiceRegistry: android.os.ServiceManager$ServiceNotFoundException: No service published for: ethernet
02-01 20:26:06.105   911   911 E SystemServiceRegistry: 	at android.os.ServiceManager.getServiceOrThrow(ServiceManager.java:203)
02-01 20:26:06.105   911   911 E SystemServiceRegistry: 	at android.app.SystemServiceRegistry$145.createService(SystemServiceRegistry.java:2120)
02-01 20:26:06.105   911   911 E SystemServiceRegistry: 	at android.app.SystemServiceRegistry$CachedServiceFetcher.getService(SystemServiceRegistry.java:2231)
02-01 20:26:06.105   911   911 E SystemServiceRegistry: 	at android.app.SystemServiceRegistry.getSystemService(SystemServiceRegistry.java:1812)
02-01 20:26:06.105   911   911 E SystemServiceRegistry: 	at android.app.ContextImpl.getSystemService(ContextImpl.java:2241)
02-01 20:26:06.105   911   911 E SystemServiceRegistry: 	at android.content.ContextWrapper.getSystemService(ContextWrapper.java:936)
02-01 20:26:06.105   911   911 E SystemServiceRegistry: 	at com.android.networkstack.tethering.Tethering.isEthernetSupported(Tethering.java:1579)
02-01 20:26:06.105   911   911 E SystemServiceRegistry: 	at com.android.networkstack.tethering.Tethering.makeSupportedDownstreams(Tethering.java:2562)
02-01 20:26:06.105   911   911 E SystemServiceRegistry: 	at com.android.networkstack.tethering.Tethering.updateSupportedDownstreams(Tethering.java:2536)
02-01 20:26:06.105   911   911 E SystemServiceRegistry: 	at com.android.networkstack.tethering.Tethering.updateConfiguration(Tethering.java:549)
02-01 20:26:06.105   911   911 E SystemServiceRegistry: 	at com.android.networkstack.tethering.Tethering.<init>(Tethering.java:364)
02-01 20:26:06.105   911   911 E SystemServiceRegistry: 	at com.android.networkstack.tethering.TetheringService.makeTethering(TetheringService.java:89)
02-01 20:26:06.105   911   911 E SystemServiceRegistry: 	at com.android.networkstack.tethering.TetheringService.onCreate(TetheringService.java:79)
02-01 20:26:06.105   911   911 E SystemServiceRegistry: 	at android.app.ActivityThread.handleCreateService(ActivityThread.java:4977)
02-01 20:26:06.105   911   911 E SystemServiceRegistry: 	at android.app.ActivityThread.-$$Nest$mhandleCreateService(Unknown Source:0)
02-01 20:26:06.105   911   911 E SystemServiceRegistry: 	at android.app.ActivityThread$H.handleMessage(ActivityThread.java:2444)
02-01 20:26:06.105   911   911 E SystemServiceRegistry: 	at android.os.Handler.dispatchMessage(Handler.java:107)
02-01 20:26:06.105   911   911 E SystemServiceRegistry: 	at android.os.Looper.loopOnce(Looper.java:232)
02-01 20:26:06.105   911   911 E SystemServiceRegistry: 	at android.os.Looper.loop(Looper.java:317)
02-01 20:26:06.105   911   911 E SystemServiceRegistry: 	at android.app.ActivityThread.main(ActivityThread.java:8705)
02-01 20:26:06.105   911   911 E SystemServiceRegistry: 	at java.lang.reflect.Method.invoke(Native Method)
02-01 20:26:06.105   911   911 E SystemServiceRegistry: 	at com.android.internal.os.RuntimeInit$MethodAndArgsCaller.run(RuntimeInit.java:580)
02-01 20:26:06.105   911   911 E SystemServiceRegistry: 	at com.android.internal.os.ZygoteInit.main(ZygoteInit.java:886)
02-01 20:26:06.145   971   971 W m.android.phone: Unexpected CPU variant for x86: x86_64.
02-01 20:26:06.145   971   971 W m.android.phone: Known variants: atom, sandybridge, silvermont, goldmont, goldmont-plus, goldmont-without-sha-xsaves, tremont, kabylake, default
02-01 20:26:06.181   974   974 W ndroid.settings: Unexpected CPU variant for x86: x86_64.
02-01 20:26:06.181   974   974 W ndroid.settings: Known variants: atom, sandybridge, silvermont, goldmont, goldmont-plus, goldmont-without-sha-xsaves, tremont, kabylake, default
02-01 20:26:06.189   971   971 E m.android.phone: Not starting debugger since process cannot load the jdwp agent.
02-01 20:26:06.225   594   594 W Looper  : Slow dispatch took 208ms main h=android.app.ActivityThread$H c=null m=156
02-01 20:26:06.233   974   974 E ndroid.settings: Not starting debugger since process cannot load the jdwp agent.
02-01 20:26:06.233   594   594 W WindowTokenClientController: Can't find attached WindowTokenClient for android.window.WindowTokenClient@4a0b20f
02-01 20:26:06.313   594   768 W ActivityThread: Failed to find provider info for com.android.calendar (user not unlocked)
02-01 20:26:06.313   594   768 W ActivityThread: Failed to find provider info for com.android.calendar (user not unlocked)
02-01 20:26:06.383   594   594 W Looper  : Slow dispatch took 139ms main h=android.service.notification.ConditionProviderService$H c=null m=3
02-01 20:26:06.417   594   977 W Codec2Client: query -- param skipped: index = 1107298332.
02-01 20:26:06.441   594   977 W Codec2Client: query -- param skipped: index = 1342179345.
02-01 20:26:06.445   594   977 W Codec2Client: query -- param skipped: index = 2415921170.
02-01 20:26:06.452   594   594 W WindowTokenClientController: Can't find attached WindowTokenClient for android.window.WindowTokenClient@4a0b20f
02-01 20:26:06.469   513   899 E Codec2-ComponentInterface: We have a failed config
02-01 20:26:06.470   594   594 W WindowTokenClientController: Can't find attached WindowTokenClient for android.window.WindowTokenClient@4a0b20f
02-01 20:26:06.481   940   940 W ContextImpl: Failed to ensure /data/user/0/com.android.se/cache: mkdir failed: ENOENT (No such file or directory)
02-01 20:26:06.481   940   940 W ContextImpl: Failed to update user.inode_cache: stat failed: ENOENT (No such file or directory)
02-01 20:26:06.513   594   636 W ActivityManager: Slow operation: 67ms so far, now at startProcess: returned from zygote!
02-01 20:26:06.541   594   636 W ActivityManager: Slow operation: 83ms so far, now at startProcess: done updating battery stats
02-01 20:26:06.541   594   636 W ActivityManager: Slow operation: 99ms so far, now at startProcess: building log message
02-01 20:26:06.541   594   636 W ActivityManager: Slow operation: 99ms so far, now at startProcess: starting to update pids map
02-01 20:26:06.541   594   636 W ActivityManager: Slow operation: 99ms so far, now at startProcess: done updating pids map
02-01 20:26:06.565   594  1001 W Codec2Client: query -- param skipped: index = 1107298332.
02-01 20:26:06.577   594  1001 W Codec2Client: query -- param skipped: index = 1342179345.
02-01 20:26:06.577   594  1001 W Codec2Client: query -- param skipped: index = 2415921170.
02-01 20:26:06.581   513   550 E Codec2-ComponentInterface: We have a failed config
02-01 20:26:06.633  1005  1005 W id.ext.services: Unexpected CPU variant for x86: x86_64.
02-01 20:26:06.633  1005  1005 W id.ext.services: Known variants: atom, sandybridge, silvermont, goldmont, goldmont-plus, goldmont-without-sha-xsaves, tremont, kabylake, default
02-01 20:26:06.669  1005  1005 E id.ext.services: Not starting debugger since process cannot load the jdwp agent.
02-01 20:26:06.677   594   594 W Looper  : Slow dispatch took 116ms main h=com.android.server.pm.UserManagerService$MainHandler c=null m=1
02-01 20:26:06.677   594   684 W ActivityManager: Slow operation: 100ms so far, now at attachApplicationLocked: before bindApplication
02-01 20:26:06.681   594   684 W ActivityManager: Slow operation: 116ms so far, now at attachApplicationLocked: immediately before bindApplication
02-01 20:26:06.733   594   684 W ActivityManager: Slow operation: 168ms so far, now at attachApplicationLocked: immediately after bindApplication
02-01 20:26:06.733   594   684 W ActivityManager: Slow operation: 168ms so far, now at attachApplicationLocked: after updateLruProcessLocked
02-01 20:26:06.737   594   684 W ActivityManager: Slow operation: 172ms so far, now at attachApplicationLocked: after updateOomAdjLocked
02-01 20:26:06.777   594   594 W Looper  : Slow dispatch took 100ms main h=android.os.Handler c=com.android.server.PackageWatchdog$$ExternalSyntheticLambda0@5bf7ed2 m=0
02-01 20:26:07.229   594   594 W Looper  : Slow dispatch took 364ms main h=android.app.ActivityThread$H c=null m=114
02-01 20:26:07.309   594   594 E WiredAccessoryManager: No state change.
02-01 20:26:07.309   594   594 W WiredAccessoryManager: Both input event and extcon are used for audio jack, please just choose one.
02-01 20:26:07.352   594   594 W TrustManagerService: EXTRA_USER_HANDLE missing or invalid, value=0
02-01 20:26:07.537   594   771 W BroadcastLoopers: Found previously unknown looper Thread[AudioService Broadcast,5,main]
02-01 20:26:07.903   974   974 W BatteryUsageContentProvider: create content provider from null
02-01 20:26:08.121   853   924 E ViewRootImpl: SensitiveContentProtectionService shouldn't be null
02-01 20:26:08.181  1005  1005 W ContextImpl: Failed to ensure /data/user/0/com.google.android.ext.services/cache: mkdir failed: errno 126 (Required key not available)
02-01 20:26:08.185  1005  1005 W ContextImpl: Failed to update user.inode_cache: stat failed: ENOENT (No such file or directory)
02-01 20:26:08.198   853   924 W HWUI    : Unknown dataspace 0
02-01 20:26:08.377   853   853 W BatteryControllerGoogle: Couldn't register to observe provider
02-01 20:26:08.377   853   853 W BatteryControllerGoogle: java.lang.SecurityException: Failed to find provider com.google.android.flipendo.api for user 0; expected to find a valid ContentProvider for this authority
02-01 20:26:08.377   853   853 W BatteryControllerGoogle: 	at android.os.Parcel.createExceptionOrNull(Parcel.java:3242)
02-01 20:26:08.377   853   853 W BatteryControllerGoogle: 	at android.os.Parcel.createException(Parcel.java:3226)
02-01 20:26:08.377   853   853 W BatteryControllerGoogle: 	at android.os.Parcel.readException(Parcel.java:3209)
02-01 20:26:08.377   853   853 W BatteryControllerGoogle: 	at android.os.Parcel.readException(Parcel.java:3151)
02-01 20:26:08.377   853   853 W BatteryControllerGoogle: 	at android.content.IContentService$Stub$Proxy.registerContentObserver(IContentService.java:1040)
02-01 20:26:08.377   853   853 W BatteryControllerGoogle: 	at android.content.ContentResolver.registerContentObserver(ContentResolver.java:2728)
02-01 20:26:08.377   853   853 W BatteryControllerGoogle: 	at com.google.android.systemui.statusbar.policy.BatteryControllerImplGoogle.init$10(go/retraceme dee863e8e5eabf17ea3a53e8b0fca3efb67f42b309bf2fea25c0d9d826962c15:39)
02-01 20:26:08.377   853   853 W BatteryControllerGoogle: 	at com.google.android.systemui.statusbar.policy.GooglePolicyModule_ProvideBatteryControllerFactory.provideBatteryController(go/retraceme dee863e8e5eabf17ea3a53e8b0fca3efb67f42b309bf2fea25c0d9d826962c15:26)
02-01 20:26:08.377   853   853 W BatteryControllerGoogle: 	at com.google.android.systemui.dagger.DaggerSysUIGoogleGlobalRootComponent$WMComponentImpl$SwitchingProvider.get0$1(go/retraceme dee863e8e5eabf17ea3a53e8b0fca3efb67f42b309bf2fea25c0d9d826962c15:89)
02-01 20:26:08.377   853   853 W BatteryControllerGoogle: 	at com.google.android.systemui.dagger.DaggerSysUIGoogleGlobalRootComponent$WMComponentImpl$SwitchingProvider.get(go/retraceme dee863e8e5eabf17ea3a53e8b0fca3efb67f42b309bf2fea25c0d9d826962c15:1845)
02-01 20:26:08.377   853   853 W BatteryControllerGoogle: 	at dagger.internal.DoubleCheck.get(go/retraceme dee863e8e5eabf17ea3a53e8b0fca3efb67f42b309bf2fea25c0d9d826962c15:14)
02-01 20:26:08.377   853   853 W BatteryControllerGoogle: 	at com.google.android.systemui.dagger.DaggerSysUIGoogleGlobalRootComponent$WMComponentImpl$SwitchingProvider.get0$1(go/retraceme dee863e8e5eabf17ea3a53e8b0fca3efb67f42b309bf2fea25c0d9d826962c15:90)
02-01 20:26:08.377   853   853 W BatteryControllerGoogle: 	at com.google.android.systemui.dagger.DaggerSysUIGoogleGlobalRootComponent$WMComponentImpl$SwitchingProvider.get(go/retraceme dee863e8e5eabf17ea3a53e8b0fca3efb67f42b309bf2fea25c0d9d826962c15:1845)
