02-01 20:25:34.337   174   588 W libc    : Unable to set property "ctl.interface_start" to "aidl/activity": PROP_ERROR_HANDLE_CONTROL_MESSAGE (0x20)
02-01 20:25:34.565   384   384 W Zygote  : Class not found for preloading: android.window.ImeOnBackInvokedDispatcher$$ExternalSyntheticLambda0
02-01 20:25:34.567   384   384 W Zygote  : Class not found for preloading: android.window.WindowOnBackInvokedDispatcher$OnBackInvokedCallbackWrapper$CallbackRef
02-01 20:25:34.865   384   384 W OverlayConfig: partition_order.xml does not exist.
02-01 20:25:35.327   452   452 W ServiceManagerCppClient: Waited one second for activity (is service started? Number of threads started in the threadpool: 16. Are binder threads started and available?)
02-01 20:25:35.348   174   591 W libc    : Unable to set property "ctl.interface_start" to "aidl/activity": PROP_ERROR_HANDLE_CONTROL_MESSAGE (0x20)
02-01 20:25:35.524   592   592 W idmap2  : failed to create idmap
02-01 20:25:35.858   384   384 W Zygote  : Class not found for preloading: sun.util.locale.BaseLocale$Key-IA
02-01 20:25:36.073   384   384 W Resources: Preloaded drawable resource #0x10802cb (android:drawable/dialog_background_material) that varies with configuration!!
02-01 20:25:36.113   384   384 W Resources: Preloaded drawable resource #0x1080846 (android:drawable/progress_horizontal_material) that varies with configuration!!
02-01 20:25:36.120   384   384 W Resources: Preloaded drawable resource #0x108084a (android:drawable/progress_indeterminate_horizontal_material) that varies with configuration!!
02-01 20:25:36.210   384   384 E zygote64: Unable to find pattern file or unable to map it for am
02-01 20:25:36.336   452   452 W ServiceManagerCppClient: Waited one second for activity (is service started? Number of threads started in the threadpool: 16. Are binder threads started and available?)
02-01 20:25:36.442   174   593 W libc    : Unable to set property "ctl.interface_start" to "aidl/activity": PROP_ERROR_HANDLE_CONTROL_MESSAGE (0x20)
02-01 20:25:37.356   452   452 W ServiceManagerCppClient: Waited one second for activity (is service started? Number of threads started in the threadpool: 16. Are binder threads started and available?)
02-01 20:25:37.374   174   603 W libc    : Unable to set property "ctl.interface_start" to "aidl/activity": PROP_ERROR_HANDLE_CONTROL_MESSAGE (0x20)
02-01 20:25:38.368   452   452 W ServiceManagerCppClient: Waited one second for activity (is service started? Number of threads started in the threadpool: 16. Are binder threads started and available?)
02-01 20:25:38.404   174   604 W libc    : Unable to set property "ctl.interface_start" to "aidl/activity": PROP_ERROR_HANDLE_CONTROL_MESSAGE (0x20)
02-01 20:25:38.431   507   583 W ServiceManagerCppClient: Service package_native didn't start. Returning NULL
02-01 20:25:38.431   507   583 E storaged: getService package_native failed
02-01 20:25:38.586   594   594 W system_server: Unexpected CPU variant for x86: x86_64.
02-01 20:25:38.586   594   594 W system_server: Known variants: atom, sandybridge, silvermont, goldmont, goldmont-plus, goldmont-without-sha-xsaves, tremont, kabylake, default
02-01 20:25:38.593   594   594 W system_server: Failed to upload odrefresh metrics: Unable to open or parse metrics file /data/misc/odrefresh/odrefresh-metrics.xml (error: Error=XML_ERROR_FILE_NOT_FOUND ErrorID=3 (0x3) Line number=0: filename=/data/misc/odrefresh/odrefresh-metrics.xml)
02-01 20:25:38.600   594   594 E system_server: Not starting debugger since process cannot load the jdwp agent.
02-01 20:25:38.624   594   611 W system_server: AIBinder_linkToDeath is being called with a non-null cookie and no onUnlink callback set. This might not be intended. AIBinder_DeathRecipient_setOnUnlinked should be called first.
02-01 20:25:38.627   594   611 W BpBinder: Linking to death on android.os.IStatsd but there are no threads (yet?) listening to incoming transactions. See ProcessState::startThreadPool and ProcessState::setThreadPoolMaxThreadCount. Generally you should setup the binder threadpool before other initialization steps.
02-01 20:25:39.400   452   452 W ServiceManagerCppClient: Waited one second for activity (is service started? Number of threads started in the threadpool: 16. Are binder threads started and available?)
02-01 20:25:39.419   174   620 W libc    : Unable to set property "ctl.interface_start" to "aidl/activity": PROP_ERROR_HANDLE_CONTROL_MESSAGE (0x20)
02-01 20:25:40.003   594   594 E system_server: memevent listener MemBpfRingbuf init failed: failed to mmap ringbuf consumer pages: Operation not permitted
02-01 20:25:40.257   594   629 W SystemConfig: Tag automatic-rollback-denylisted-app is unknown in /product/etc/sysconfig/google.xml at START_TAG (empty) <automatic-rollback-denylisted-app package='com.android.vending'>@145:72 in java.io.FileReader@e93ec9e
02-01 20:25:40.257   594   629 W SystemConfig: Tag automatic-rollback-denylisted-app is unknown in /product/etc/sysconfig/google.xml at START_TAG (empty) <automatic-rollback-denylisted-app package='com.google.android.gms'>@146:75 in java.io.FileReader@e93ec9e
02-01 20:25:40.294   594   594 W CompatConfig: Change ID 203673428 not found. Skipping overrides for it.
02-01 20:25:40.296   594   594 W CompatConfig: Change ID 200324021 not found. Skipping overrides for it.
02-01 20:25:40.422   452   452 W ServiceManagerCppClient: Waited one second for activity (is service started? Number of threads started in the threadpool: 16. Are binder threads started and available?)
02-01 20:25:40.424   594   594 E HidlServiceManagement: Service android.frameworks.stats@1.0::IStats/default must be in VINTF manifest in order to register/get.
02-01 20:25:40.424   594   594 W system_server: Cannot register HIDL android.frameworks.stats@1.0::IStats: -2147483648
02-01 20:25:40.449   174   633 W libc    : Unable to set property "ctl.interface_start" to "aidl/activity": PROP_ERROR_HANDLE_CONTROL_MESSAGE (0x20)
02-01 20:25:40.537   594   638 E system_server: memevent deregister all events failed, failure to initialize
02-01 20:25:40.538   594   638 E OomConnection: failed waiting for OOM events: java.lang.RuntimeException: Failed to initialize memevents listener
02-01 20:25:40.616   594   594 W PowerProfile: ambient.on is deprecated! Use ambient.on.display0 instead.
02-01 20:25:40.621   594   594 W PowerProfile: screen.on is deprecated! Use screen.on.display0 instead.
02-01 20:25:40.621   594   594 W PowerProfile: screen.full is deprecated! Use screen.full.display0 instead.
02-01 20:25:40.625   594   594 W ModemPowerProfile: getAverageBatteryDrainMaH called with unexpected key: 0x0, drain:SLEEP,RAT:DEFAULT
02-01 20:25:40.629   594   594 W ModemPowerProfile: getAverageBatteryDrainMaH called with unexpected key: 0x10000000, drain:IDLE,RAT:DEFAULT
02-01 20:25:40.629   594   594 W ModemPowerProfile: getAverageBatteryDrainMaH called with unexpected key: 0x20000000, drain:RX,RAT:DEFAULT
02-01 20:25:40.631   594   594 W ModemPowerProfile: getAverageBatteryDrainMaH called with unexpected key: 0x30000000, drain:TX,level:0,RAT:DEFAULT
02-01 20:25:40.631   594   594 W ModemPowerProfile: getAverageBatteryDrainMaH called with unexpected key: 0x31000000, drain:TX,level:1,RAT:DEFAULT
02-01 20:25:40.631   594   594 W ModemPowerProfile: getAverageBatteryDrainMaH called with unexpected key: 0x32000000, drain:TX,level:2,RAT:DEFAULT
02-01 20:25:40.631   594   594 W ModemPowerProfile: getAverageBatteryDrainMaH called with unexpected key: 0x33000000, drain:TX,level:3,RAT:DEFAULT
02-01 20:25:40.631   594   594 W ModemPowerProfile: getAverageBatteryDrainMaH called with unexpected key: 0x34000000, drain:TX,level:4,RAT:DEFAULT
02-01 20:25:40.789   594   644 E BatteryStatsService: Unable to load Power.Stats.HAL. Setting rail availability to false
02-01 20:25:40.804   594   644 E BluetoothAdapter: Bluetooth service is null
02-01 20:25:40.821   594   644 W KernelCpuUidFreqTimeBpfMapReader: Failed to start tracking
02-01 20:25:40.822   594   644 W KernelCpuProcStringReader: File not found. It's normal if not implemented: /proc/uid_time_in_state
02-01 20:25:40.822   594   644 W KernelCpuUidActiveTimeBpfMapReader: Failed to start tracking
02-01 20:25:40.823   594   644 W KernelCpuProcStringReader: File not found. It's normal if not implemented: /proc/uid_concurrent_active_time
02-01 20:25:40.823   594   644 W KernelCpuUidClusterTimeBpfMapReader: Failed to start tracking
02-01 20:25:40.823   594   644 W KernelCpuProcStringReader: File not found. It's normal if not implemented: /proc/uid_concurrent_policy_time
02-01 20:25:40.912   594   644 W KernelMemoryBandwidthStats: No kernel memory bandwidth stats available
02-01 20:25:41.009   594   618 W android.permission.PermissionManager: Missing ActivityManager; assuming 1047 does not hold android.permission.MANAGE_APP_OPS_MODES
02-01 20:25:41.245   594   625 W LocalDisplayAdapter: DisplayModeSpecs base mode no longer available, using currently active mode.
02-01 20:25:41.361   594   594 W SystemServiceManager: Service com.android.server.display.DisplayManagerService took 128 ms in onBootPhase
02-01 20:25:41.431   452   452 W ServiceManagerCppClient: Waited one second for activity (is service started? Number of threads started in the threadpool: 16. Are binder threads started and available?)
02-01 20:25:41.463   174   660 W libc    : Unable to set property "ctl.interface_start" to "aidl/activity": PROP_ERROR_HANDLE_CONTROL_MESSAGE (0x20)
02-01 20:25:42.151   594   594 W android.permission.PermissionManager: Missing ActivityManager; assuming 1000 holds android.permission.SET_PREFERRED_APPLICATIONS
02-01 20:25:42.153   594   594 W PackageManager: No package known for package restrictions com.google.android.devicelock
02-01 20:25:42.170   594   594 W PackageManager: No package known for package restrictions com.google.android.tzdata6
02-01 20:25:42.178   594   594 W PackageManager: No package known for package restrictions com.google.android.ondevicepersonalization
02-01 20:25:42.187   594   594 W PackageManager: No package known for package restrictions com.android.hardware.authsecret
02-01 20:25:42.211   594   594 W PackageManager: No package known for package restrictions com.google.android.media.swcodec
02-01 20:25:42.222   594   594 W PackageManager: No package known for package restrictions com.google.android.os.statsd
02-01 20:25:42.240   594   594 W PackageManager: No package known for package restrictions com.google.mainline.primary.libs
02-01 20:25:42.262   594   594 W PackageManager: No package known for package restrictions com.google.android.extservices
02-01 20:25:42.263   594   594 W PackageManager: No package known for package restrictions com.android.hardware.rebootescrow
02-01 20:25:42.270   594   594 W PackageManager: No package known for package restrictions com.google.android.widevine
02-01 20:25:42.272   594   594 W PackageManager: No package known for package restrictions com.google.android.healthfitness
02-01 20:25:42.294   594   594 W PackageManager: No package known for package restrictions com.google.android.ipsec
02-01 20:25:42.295   594   594 W PackageManager: No package known for package restrictions com.google.android.media
02-01 20:25:42.319   594   594 W PackageManager: No package known for package restrictions com.android.i18n
02-01 20:25:42.320   594   594 W PackageManager: No package known for package restrictions com.android.virt
02-01 20:25:42.340   594   594 W PackageManager: No package known for package restrictions com.google.android.appsearch
02-01 20:25:42.344   594   594 W PackageManager: No package known for package restrictions com.google.android.configinfrastructure
02-01 20:25:42.360   594   594 W PackageManager: No package known for package restrictions com.google.android.cellbroadcast
02-01 20:25:42.360   594   594 W PackageManager: No package known for package restrictions com.android.apex.cts.shim
02-01 20:25:42.362   594   594 W PackageManager: No package known for package restrictions com.google.android.resolv
02-01 20:25:42.366   594   594 W PackageManager: No package known for package restrictions com.google.android.sdkext
02-01 20:25:42.368   594   594 W PackageManager: No package known for package restrictions com.google.android.art
02-01 20:25:42.378   594   594 W PackageManager: No package known for package restrictions com.google.android.uwb
02-01 20:25:42.395   594   594 W PackageManager: No package known for package restrictions com.google.android.runtime
02-01 20:25:42.399   594   594 W PackageManager: No package known for package restrictions com.android.hardware.cas
02-01 20:25:42.411   594   594 W PackageManager: No package known for package restrictions com.google.android.adservices
02-01 20:25:42.449   594   594 W PackageManager: No package known for package restrictions com.google.android.scheduling
02-01 20:25:42.453   452   452 W ServiceManagerCppClient: Waited one second for activity (is service started? Number of threads started in the threadpool: 16. Are binder threads started and available?)
02-01 20:25:42.485   174   663 W libc    : Unable to set property "ctl.interface_start" to "aidl/activity": PROP_ERROR_HANDLE_CONTROL_MESSAGE (0x20)
02-01 20:25:42.488   594   594 W PackageManager: No package known for package restrictions com.google.android.mediaprovider
02-01 20:25:42.488   594   594 W PackageManager: No package known for package restrictions com.android.hardware.neuralnetworks
02-01 20:25:42.499   594   594 W PackageManager: No package known for package restrictions com.google.android.permission
02-01 20:25:42.506   594   594 W PackageManager: No package known for package restrictions com.google.android.profiling
02-01 20:25:42.543   594   594 W PackageManager: No package known for package restrictions com.google.android.neuralnetworks
02-01 20:25:42.543   594   594 W PackageManager: No package known for package restrictions com.google.android.tethering
02-01 20:25:42.550   594   594 W PackageManager: No package known for package restrictions com.google.android.btservices
02-01 20:25:42.553   594   594 W PackageManager: No package known for package restrictions com.google.android.adbd
02-01 20:25:42.554   594   594 W PackageManager: No package known for package restrictions com.google.android.rkpd
02-01 20:25:42.554   594   594 W PackageManager: No package known for package restrictions com.google.android.wifi
02-01 20:25:42.557   594   594 W PackageManager: No package known for package restrictions com.google.android.conscrypt
02-01 20:25:42.586   594   594 W PackageManager: No package known for package restrictions com.android.nfcservices
02-01 20:25:42.608   594   594 W PackageSettings: Missing permission state for package com.android.cts.priv.ctsshim on user 0
02-01 20:25:42.608   594   594 W PackageSettings: Missing permission state for package com.android.internal.display.cutout.emulation.corner on user 0
02-01 20:25:42.608   594   594 W PackageSettings: Missing permission state for package com.google.android.ext.services on user 0
02-01 20:25:42.608   594   594 W PackageSettings: Missing permission state for package com.android.internal.display.cutout.emulation.double on user 0
02-01 20:25:42.609   594   594 W PackageSettings: Missing permission state for package com.google.android.googlequicksearchbox on user 0
02-01 20:25:42.609   594   594 W PackageSettings: Missing permission state for package com.google.android.onetimeinitializer on user 0
02-01 20:25:42.609   594   594 W PackageSettings: Missing permission state for package com.google.android.ext.shared on user 0
02-01 20:25:42.609   594   594 W PackageSettings: Missing permission state for package com.android.virtualmachine.res on user 0
02-01 20:25:42.609   594   594 W PackageSettings: Missing permission state for package com.android.wallpapercropper on user 0
02-01 20:25:42.609   594   594 W PackageSettings: Missing permission state for package com.google.android.federatedcompute on user 0
02-01 20:25:42.609   594   594 W PackageSettings: Missing permission state for package com.android.managedprovisioning.auto_generated_rro_product__ on user 0
02-01 20:25:42.609   594   594 W PackageSettings: Missing permission state for package com.android.carrierconfig.auto_generated_rro_vendor__ on user 0
02-01 20:25:42.609   594   594 W PackageSettings: Missing permission state for package com.google.android.server.deviceconfig.resources on user 0
02-01 20:25:42.609   594   594 W PackageSettings: Missing permission state for package com.android.systemui.emulation.pixel_3_xl on user 0
02-01 20:25:42.611   594   594 W PackageSettings: Missing permission state for package com.android.systemui.emulation.pixel_4_xl on user 0
02-01 20:25:42.611   594   594 W PackageSettings: Missing permission state for package com.android.systemui.emulation.pixel_fold on user 0
02-01 20:25:42.611   594   594 W PackageSettings: Missing permission state for package com.android.providers.telephony.auto_generated_characteristics_rro on user 0
02-01 20:25:42.611   594   594 W PackageSettings: Missing permission state for package com.android.simappdialog.auto_generated_rro_product__ on user 0
02-01 20:25:42.611   594   594 W PackageSettings: Missing permission state for package com.android.externalstorage on user 0
02-01 20:25:42.611   594   594 W PackageSettings: Missing permission state for package com.android.htmlviewer on user 0
02-01 20:25:42.611   594   594 W PackageSettings: Missing permission state for package com.android.companiondevicemanager on user 0
02-01 20:25:42.611   594   594 W PackageSettings: Missing permission state for package com.google.android.overlay.largescreenconfig on user 0
02-01 20:25:42.611   594   594 W PackageSettings: Missing permission state for package com.google.android.health.connect.backuprestore on user 0
02-01 20:25:42.611   594   594 W PackageSettings: Missing permission state for package com.android.systemui.auto_generated_rro_product__ on user 0
02-01 20:25:42.611   594   594 W PackageSettings: Missing permission state for package com.google.android.apps.messaging on user 0
02-01 20:25:42.612   594   594 W PackageSettings: Missing permission state for package com.google.android.soundpicker on user 0
02-01 20:25:42.612   594   594 W PackageSettings: Missing permission state for package com.google.android.marvin.talkbackoverlay on user 0
02-01 20:25:42.612   594   594 W PackageSettings: Missing permission state for package com.google.android.configupdater on user 0
02-01 20:25:42.612   594   594 W PackageSettings: Missing permission state for package com.android.internal.emulation.pixel_3a_xl on user 0
02-01 20:25:42.613   594   594 W PackageSettings: Missing permission state for package com.android.internal.emulation.pixel_6_pro on user 0
02-01 20:25:42.613   594   594 W PackageSettings: Missing permission state for package com.android.internal.emulation.pixel_7_pro on user 0
02-01 20:25:42.613   594   594 W PackageSettings: Missing permission state for package com.android.internal.emulation.pixel_8_pro on user 0
02-01 20:25:42.613   594   594 W PackageSettings: Missing permission state for package com.android.internal.emulation.pixel_9_pro on user 0
02-01 20:25:42.613   594   594 W PackageSettings: Missing permission state for package com.google.android.providers.media.module on user 0
02-01 20:25:42.613   594   594 W PackageSettings: Missing permission state for package com.android.internal.emulation.pixel_3a on user 0
02-01 20:25:42.613   594   594 W PackageSettings: Missing permission state for package com.android.internal.emulation.pixel_4a on user 0
02-01 20:25:42.613   594   594 W PackageSettings: Missing permission state for package com.android.internal.emulation.pixel_6a on user 0
02-01 20:25:42.613   594   594 W PackageSettings: Missing permission state for package com.android.internal.emulation.pixel_7a on user 0
02-01 20:25:42.613   594   594 W PackageSettings: Missing permission state for package com.android.internal.emulation.pixel_8a on user 0
02-01 20:25:42.613   594   594 W PackageSettings: Missing permission state for package com.google.android.overlay.googlewebview on user 0
02-01 20:25:42.613   594   594 W PackageSettings: Missing permission state for package com.google.android.apps.safetyhub on user 0
02-01 20:25:42.614   594   594 W PackageSettings: Missing permission state for package com.android.systemui.plugin.globalactions.wallet on user 0
02-01 20:25:42.614   594   594 W PackageSettings: Missing permission state for package com.google.android.hotspot2.osulogin on user 0
02-01 20:25:42.614   594   594 W PackageSettings: Missing permission state for package com.android.vending on user 0
02-01 20:25:42.614   594   594 W PackageSettings: Missing permission state for package com.android.pacprocessor on user 0
02-01 20:25:42.614   594   594 W PackageSettings: Missing permission state for package com.android.simappdialog on user 0
02-01 20:25:42.614   594   594 W PackageSettings: Missing permission state for package com.google.android.adservices.api on user 0
02-01 20:25:42.614   594   594 W PackageSettings: Missing permission state for package com.android.internal.display.cutout.emulation.hole on user 0
02-01 20:25:42.614   594   594 W PackageSettings: Missing permission state for package com.android.internal.display.cutout.emulation.tall on user 0
02-01 20:25:42.614   594   594 W PackageSettings: Missing permission state for package com.android.certinstaller on user 0
02-01 20:25:42.614   594   594 W PackageSettings: Missing permission state for package com.android.carrierconfig on user 0
02-01 20:25:42.614   594   594 W PackageSettings: Missing permission state for package com.google.android.marvin.talkback on user 0
02-01 20:25:42.614   594   594 W PackageSettings: Missing permission state for package com.android.internal.systemui.navbar.threebutton on user 0
02-01 20:25:42.614   594   594 W PackageSettings: Missing permission state for package com.android.camera2 on user 0
02-01 20:25:42.614   594   594 W PackageSettings: Missing permission state for package com.android.internal.ranchu.commonoverlay on user 0
02-01 20:25:42.614   594   594 W PackageSettings: Missing permission state for package com.google.android.sdksandbox on user 0
02-01 20:25:42.614   594   594 W PackageSettings: Missing permission state for package com.android.egg on user 0
02-01 20:25:42.614   594   594 W PackageSettings: Missing permission state for package com.android.backupconfirm on user 0
02-01 20:25:42.615   594   594 W PackageSettings: Missing permission state for package com.android.systemui.auto_generated_rro_vendor__ on user 0
02-01 20:25:42.615   594   594 W PackageSettings: Missing permission state for package com.google.android.deskclock on user 0
02-01 20:25:42.615   594   594 W PackageSettings: Missing permission state for package com.android.internal.systemui.navbar.twobutton on user 0
02-01 20:25:42.615   594   594 W PackageSettings: Missing permission state for package com.mindease on user 0
02-01 20:25:42.615   594   594 W PackageSettings: Missing permission state for package com.google.android.as on user 0
02-01 20:25:42.615   594   594 W PackageSettings: Missing permission state for package com.android.systemui.accessibility.accessibilitymenu on user 0
02-01 20:25:42.615   594   594 W PackageSettings: Missing permission state for package com.google.android.permissioncontroller on user 0
02-01 20:25:42.615   594   594 W PackageSettings: Missing permission state for package com.android.systemui.emulation.pixel_3 on user 0
02-01 20:25:42.615   594   594 W PackageSettings: Missing permission state for package com.android.systemui.emulation.pixel_4 on user 0
02-01 20:25:42.615   594   594 W PackageSettings: Missing permission state for package com.android.systemui.emulation.pixel_5 on user 0
02-01 20:25:42.615   594   594 W PackageSettings: Missing permission state for package com.android.systemui.emulation.pixel_6 on user 0
02-01 20:25:42.616   594   594 W PackageSettings: Missing permission state for package com.android.systemui.emulation.pixel_7 on user 0
02-01 20:25:42.616   594   594 W PackageSettings: Missing permission state for package com.android.systemui.emulation.pixel_8 on user 0
02-01 20:25:42.616   594   594 W PackageSettings: Missing permission state for package com.android.systemui.emulation.pixel_9 on user 0
02-01 20:25:42.616   594   594 W PackageSettings: Missing permission state for package com.android.emulator.radio.config on user 0
02-01 20:25:42.616   594   594 W PackageSettings: Missing permission state for package com.android.sharedstoragebackup on user 0
02-01 20:25:42.617   594   594 W PackageSettings: Missing permission state for package com.android.printspooler on user 0
02-01 20:25:42.617   594   594 W PackageSettings: Missing permission state for package com.google.android.connectivity.resources.goldfish.overlay on user 0
02-01 20:25:42.617   594   594 W PackageSettings: Missing permission state for package com.android.dreams.basic on user 0
02-01 20:25:42.617   594   594 W PackageSettings: Missing permission state for package com.google.android.networkstack.tethering.emulator on user 0
02-01 20:25:42.617   594   594 W PackageSettings: Missing permission state for package com.android.providers.settings.auto_generated_rro_product__ on user 0
02-01 20:25:42.617   594   594 W PackageSettings: Missing permission state for package com.google.android.as.oss on user 0
02-01 20:25:42.618   594   594 W PackageSettings: Missing permission state for package com.android.traceur.auto_generated_rro_product__ on user 0
02-01 20:25:42.618   594   594 W PackageSettings: Missing permission state for package com.google.android.apps.wellbeing on user 0
02-01 20:25:42.618   594   594 W PackageSettings: Missing permission state for package com.android.internal.emulation.pixel_9_pro_fold on user 0
02-01 20:25:42.618   594   594 W PackageSettings: Missing permission state for package com.google.android.devicelockcontroller on user 0
02-01 20:25:42.618   594   594 W PackageSettings: Missing permission state for package com.google.android.dialer on user 0
02-01 20:25:42.619   594   594 W PackageSettings: Missing permission state for package com.android.bips on user 0
02-01 20:25:42.620   594   594 W PackageSettings: Missing permission state for package com.android.internal.emulation.pixel_3 on user 0
02-01 20:25:42.620   594   594 W PackageSettings: Missing permission state for package com.android.internal.emulation.pixel_4 on user 0
02-01 20:25:42.620   594   594 W PackageSettings: Missing permission state for package com.android.internal.emulation.pixel_5 on user 0
02-01 20:25:42.620   594   594 W PackageSettings: Missing permission state for package com.android.internal.emulation.pixel_6 on user 0
02-01 20:25:42.621   594   594 W PackageSettings: Missing permission state for package com.android.internal.emulation.pixel_7 on user 0
02-01 20:25:42.621   594   594 W PackageSettings: Missing permission state for package com.android.internal.emulation.pixel_8 on user 0
02-01 20:25:42.621   594   594 W PackageSettings: Missing permission state for package com.android.internal.emulation.pixel_9 on user 0
02-01 20:25:42.621   594   594 W PackageSettings: Missing permission state for package com.google.android.captiveportallogin on user 0
02-01 20:25:42.621   594   594 W PackageSettings: Missing permission state for package android.auto_generated_characteristics_rro on user 0
02-01 20:25:42.621   594   594 W PackageSettings: Missing permission state for package com.google.android.appsearch.apk on user 0
02-01 20:25:42.621   594   594 W PackageSettings: Missing permission state for package com.android.musicfx on user 0
02-01 20:25:42.621   594   594 W PackageSettings: Missing permission state for package com.google.android.modulemetadata on user 0
02-01 20:25:42.621   594   594 W PackageSettings: Missing permission state for package com.android.internal.display.cutout.emulation.emu01 on user 0
02-01 20:25:42.621   594   594 W PackageSettings: Missing permission state for package com.google.android.avatarpicker on user 0
02-01 20:25:42.621   594   594 W PackageSettings: Missing permission state for package com.google.android.markup on user 0
02-01 20:25:42.621   594   594 W PackageSettings: Missing permission state for package com.android.cellbroadcastreceiver on user 0
02-01 20:25:42.621   594   594 W PackageSettings: Missing permission state for package com.google.android.webview on user 0
02-01 20:25:42.621   594   594 W PackageSettings: Missing permission state for package com.google.android.rkpdapp on user 0
02-01 20:25:42.621   594   594 W PackageSettings: Missing permission state for package com.google.android.contacts on user 0
02-01 20:25:42.621   594   594 W PackageSettings: Missing permission state for package com.android.server.telecom.auto_generated_rro_product__ on user 0
02-01 20:25:42.621   594   594 W PackageSettings: Missing permission state for package com.android.phone.auto_generated_characteristics_rro on user 0
02-01 20:25:42.621   594   594 W PackageSettings: Missing permission state for package com.google.android.overlay.googleconfig on user 0
02-01 20:25:42.622   594   594 W PackageSettings: Missing permission state for package com.android.chrome on user 0
02-01 20:25:42.622   594   594 W PackageSettings: Missing permission state for package com.android.gallery3d on user 0
02-01 20:25:42.622   594   594 W PackageSettings: Missing permission state for package com.android.bips.auto_generated_rro_product__ on user 0
02-01 20:25:42.622   594   594 W PackageSettings: Missing permission state for package com.google.android.packageinstaller on user 0
02-01 20:25:42.622   594   594 W PackageSettings: Missing permission state for package com.google.android.apps.customization.pixel on user 0
02-01 20:25:42.623   594   594 W PackageSettings: Missing permission state for package com.google.android.tag on user 0
02-01 20:25:42.623   594   594 W PackageSettings: Missing permission state for package com.google.android.tts on user 0
02-01 20:25:42.623   594   594 W PackageSettings: Missing permission state for package com.google.android.overlay.permissioncontroller on user 0
02-01 20:25:42.623   594   594 W PackageSettings: Missing permission state for package com.google.android.googlesdksetup on user 0
02-01 20:25:42.623   594   594 W PackageSettings: Missing permission state for package com.google.android.partnersetup on user 0
02-01 20:25:42.623   594   594 W PackageSettings: Missing permission state for package com.android.cameraextensions on user 0
02-01 20:25:42.624   594   594 W PackageSettings: Missing permission state for package com.google.android.apps.wallpaper.nexus on user 0
02-01 20:25:42.624   594   594 W PackageSettings: Missing permission state for package com.google.android.apps.nexuslauncher on user 0
02-01 20:25:42.624   594   594 W PackageSettings: Missing permission state for package com.android.carrierdefaultapp on user 0
02-01 20:25:42.624   594   594 W PackageSettings: Missing permission state for package com.android.credentialmanager on user 0
02-01 20:25:42.624   594   594 W PackageSettings: Missing permission state for package com.android.theme.font.notoserifsource on user 0
02-01 20:25:42.624   594   594 W PackageSettings: Missing permission state for package com.android.proxyhandler on user 0
02-01 20:25:42.624   594   594 W PackageSettings: Missing permission state for package com.google.android.safetycenter.resources on user 0
02-01 20:25:42.624   594   594 W PackageSettings: Missing permission state for package com.android.internal.display.cutout.emulation.waterfall on user 0
02-01 20:25:42.624   594   594 W PackageSettings: Missing permission state for package com.android.intentresolver on user 0
02-01 20:25:42.624   594   594 W PackageSettings: Missing permission state for package com.android.internal.systemui.navbar.transparent on user 0
02-01 20:25:42.625   594   594 W PackageSettings: Missing permission state for package com.google.android.connectivity.resources on user 0
02-01 20:25:42.625   594   594 W PackageSettings: Missing permission state for package com.android.providers.contacts.auto_generated_rro_product__ on user 0
02-01 20:25:42.625   594   594 W PackageSettings: Missing permission state for package com.google.android.feedback on user 0
02-01 20:25:42.625   594   594 W PackageSettings: Missing permission state for package com.google.android.printservice.recommendation on user 0
02-01 20:25:42.625   594   594 W PackageSettings: Missing permission state for package com.android.managedprovisioning on user 0
02-01 20:25:42.625   594   594 W PackageSettings: Missing permission state for package com.google.android.documentsui on user 0
02-01 20:25:42.625   594   594 W PackageSettings: Missing permission state for package com.android.systemui.emulation.pixel_3a_xl on user 0
02-01 20:25:42.625   594   594 W PackageSettings: Missing permission state for package com.android.systemui.emulation.pixel_6_pro on user 0
02-01 20:25:42.625   594   594 W PackageSettings: Missing permission state for package com.android.systemui.emulation.pixel_7_pro on user 0
02-01 20:25:42.625   594   594 W PackageSettings: Missing permission state for package com.android.systemui.emulation.pixel_8_pro on user 0
02-01 20:25:42.625   594   594 W PackageSettings: Missing permission state for package com.android.systemui.emulation.pixel_9_pro on user 0
02-01 20:25:42.625   594   594 W PackageSettings: Missing permission state for package com.android.dreams.phototable on user 0
02-01 20:25:42.625   594   594 W PackageSettings: Missing permission state for package com.google.mainline.telemetry on user 0
02-01 20:25:42.625   594   594 W PackageSettings: Missing permission state for package com.android.carrierconfig.auto_generated_rro_product__ on user 0
02-01 20:25:42.625   594   594 W PackageSettings: Missing permission state for package com.android.devicediagnostics.auto_generated_rro_product__ on user 0
02-01 20:25:42.625   594   594 W PackageSettings: Missing permission state for package com.android.devicediagnostics on user 0
02-01 20:25:42.625   594   594 W PackageSettings: Missing permission state for package com.google.android.overlay.largescreensettingsprovider on user 0
02-01 20:25:42.625   594   594 W PackageSettings: Missing permission state for package com.android.providers.partnerbookmarks on user 0
02-01 20:25:42.625   594   594 W PackageSettings: Missing permission state for package com.android.role.notes.enabled on user 0
02-01 20:25:42.625   594   594 W PackageSettings: Missing permission state for package com.android.wallpaper.livepicker on user 0
02-01 20:25:42.625   594   594 W PackageSettings: Missing permission state for package com.android.providers.telephony.auto_generated_rro_product__ on user 0
02-01 20:25:42.625   594   594 W PackageSettings: Missing permission state for package com.android.phone.auto_generated_rro_vendor__ on user 0
02-01 20:25:42.626   594   594 W PackageSettings: Missing permission state for package com.google.mainline.adservices on user 0
02-01 20:25:42.627   594   594 W PackageSettings: Missing permission state for package com.android.imsserviceentitlement on user 0
02-01 20:25:42.627   594   594 W PackageSettings: Missing permission state for package com.android.internal.emulation.pixel_9_pro_xl on user 0
02-01 20:25:42.627   594   594 W PackageSettings: Missing permission state for package com.google.android.healthconnect.controller on user 0
02-01 20:25:42.627   594   594 W PackageSettings: Missing permission state for package com.google.android.gms.supervision on user 0
02-01 20:25:42.627   594   594 W PackageSettings: Missing permission state for package com.android.internal.emulation.pixel_2_xl on user 0
02-01 20:25:42.627   594   594 W PackageSettings: Missing permission state for package com.android.internal.emulation.pixel_3_xl on user 0
02-01 20:25:42.628   594   594 W PackageSettings: Missing permission state for package com.android.internal.emulation.pixel_4_xl on user 0
02-01 20:25:42.628   594   594 W PackageSettings: Missing permission state for package com.android.internal.emulation.pixel_fold on user 0
02-01 20:25:42.628   594   594 W PackageSettings: Missing permission state for package com.android.storagemanager on user 0
02-01 20:25:42.628   594   594 W PackageSettings: Missing permission state for package com.android.bookmarkprovider on user 0
02-01 20:25:42.628   594   594 W PackageSettings: Missing permission state for package com.google.android.overlay.pixelconfigcommon on user 0
02-01 20:25:42.629   594   594 W PackageSettings: Missing permission state for package com.android.systemui.accessibility.accessibilitymenu.auto_generated_rro_product__ on user 0
02-01 20:25:42.629   594   594 W PackageSettings: Missing permission state for package com.android.systemui.emulation.pixel_3a on user 0
02-01 20:25:42.629   594   594 W PackageSettings: Missing permission state for package com.android.systemui.emulation.pixel_4a on user 0
02-01 20:25:42.629   594   594 W PackageSettings: Missing permission state for package com.android.systemui.emulation.pixel_6a on user 0
02-01 20:25:42.630   594   594 W PackageSettings: Missing permission state for package com.android.systemui.emulation.pixel_7a on user 0
02-01 20:25:42.630   594   594 W PackageSettings: Missing permission state for package com.android.systemui.emulation.pixel_8a on user 0
02-01 20:25:42.630   594   594 W PackageSettings: Missing permission state for package com.google.android.settings.intelligence on user 0
02-01 20:25:42.630   594   594 W PackageSettings: Missing permission state for package com.google.android.uwb.resources on user 0
02-01 20:25:42.630   594   594 W PackageSettings: Missing permission state for package com.google.android.wifi.resources on user 0
02-01 20:25:42.630   594   594 W PackageSettings: Missing permission state for package com.google.android.wifi.dialog on user 0
02-01 20:25:42.630   594   594 W PackageSettings: Missing permission state for package com.google.android.telephony.satellite on user 0
02-01 20:25:42.630   594   594 W PackageSettings: Missing permission state for package com.android.wallpaper on user 0
02-01 20:25:42.630   594   594 W PackageSettings: Missing permission state for package com.google.android.trichromelibrary_636771938 on user 0
02-01 20:25:42.630   594   594 W PackageSettings: Missing permission state for package com.android.vpndialogs on user 0
02-01 20:25:42.630   594   594 W PackageSettings: Missing permission state for package com.google.android.apps.wallpaper on user 0
02-01 20:25:42.630   594   594 W PackageSettings: Missing permission state for package com.google.android.odad on user 0
02-01 20:25:42.631   594   594 W PackageSettings: Missing permission state for package com.android.music on user 0
02-01 20:25:42.631   594   594 W PackageSettings: Missing permission state for package com.android.wallpaperbackup on user 0
02-01 20:25:42.631   594   594 W PackageSettings: Missing permission state for package com.android.settings.auto_generated_rro_product__ on user 0
02-01 20:25:42.632   594   594 W PackageSettings: Missing permission state for package com.android.systemui.emulation.pixel_9_pro_xl on user 0
02-01 20:25:42.632   594   594 W PackageSettings: Missing permission state for package com.android.companiondevicemanager.auto_generated_characteristics_rro on user 0
02-01 20:25:42.632   594   594 W PackageSettings: Missing permission state for package com.android.internal.systemui.navbar.gestural on user 0
02-01 20:25:42.632   594   594 W PackageSettings: Missing permission state for package com.google.android.ondevicepersonalization.services on user 0
02-01 20:25:42.632   594   594 W PackageSettings: Missing permission state for package com.android.bluetoothmidiservice on user 0
02-01 20:25:42.632   594   594 W PackageSettings: Missing permission state for package com.android.traceur on user 0
02-01 20:25:42.632   594   594 W PackageSettings: Missing permission state for package com.android.storagemanager.auto_generated_rro_product__ on user 0
02-01 20:25:42.632   594   594 W PackageSettings: Missing permission state for package com.google.android.cellbroadcastreceiver on user 0
02-01 20:25:42.632   594   594 W PackageSettings: Missing permission state for package com.android.phone.auto_generated_rro_product__ on user 0
02-01 20:25:42.632   594   594 W PackageSettings: Missing permission state for package com.android.systemui.emulation.pixel_9_pro_fold on user 0
02-01 20:25:42.632   594   594 W PackageSettings: Missing permission state for package android.auto_generated_rro_product__ on user 0
02-01 20:25:42.632   594   594 W PackageSettings: Missing permission state for package com.google.android.inputmethod.latin on user 0
02-01 20:25:42.632   594   594 W PackageSettings: Missing permission state for package android.auto_generated_rro_vendor__ on user 0
02-01 20:25:42.633   594   594 W PackageSettings: Missing permission state for package com.google.android.apps.restore on user 0
02-01 20:25:42.633   594   594 W PackageSettings: Missing permission state for shared user: android.uid.log
02-01 20:25:42.633   594   594 W PackageSettings: Missing permission state for shared user: android.uid.uwb
02-01 20:25:42.641   594   594 W PackageManager: Could not find package com.android.companiondevicemanager
02-01 20:25:43.982   382   388 W ServiceManagerCppClient: Service statscompanion didn't start. Returning NULL
02-01 20:25:43.988   382   388 E statsd  : Uid 1000 does not have the android.permission.REGISTER_STATS_PULL_ATOM permission when registering atom 10205 (-1)
02-01 20:25:43.899   452   452 W ServiceManagerCppClient: Waited one second for activity (is service started? Number of threads started in the threadpool: 16. Are binder threads started and available?)
02-01 20:25:44.060   174   664 W libc    : Unable to set property "ctl.interface_start" to "aidl/activity": PROP_ERROR_HANDLE_CONTROL_MESSAGE (0x20)
02-01 20:25:44.426   490   490 E bt_vhci_forwarder: virtio-console to vhci failed: No such device or address
02-01 20:25:45.042   452   452 W ServiceManagerCppClient: Waited one second for activity (is service started? Number of threads started in the threadpool: 16. Are binder threads started and available?)
02-01 20:25:45.069   174   670 W libc    : Unable to set property "ctl.interface_start" to "aidl/activity": PROP_ERROR_HANDLE_CONTROL_MESSAGE (0x20)
02-01 20:25:46.061   452   452 W ServiceManagerCppClient: Waited one second for activity (is service started? Number of threads started in the threadpool: 16. Are binder threads started and available?)
02-01 20:25:46.093   174   675 W libc    : Unable to set property "ctl.interface_start" to "aidl/activity": PROP_ERROR_HANDLE_CONTROL_MESSAGE (0x20)
02-01 20:25:46.453   594   594 W PackageManager: Failed to parse /system/framework/x86_64: Missing base APK in /system/framework/x86_64
02-01 20:25:46.453   594   594 W PackageManager: Failed to parse /system/framework/oat: Missing base APK in /system/framework/oat/x86_64
02-01 20:25:47.081   452   452 W ServiceManagerCppClient: Waited one second for activity (is service started? Number of threads started in the threadpool: 16. Are binder threads started and available?)
02-01 20:25:47.121   174   676 W libc    : Unable to set property "ctl.interface_start" to "aidl/activity": PROP_ERROR_HANDLE_CONTROL_MESSAGE (0x20)
02-01 20:25:47.149   594   594 W PackageManager: Skipping provider name com.google.android.settings.intelligence (in package com.google.android.settings.intelligence): name already used by com.google.android.settings.intelligence
02-01 20:25:47.173   594   594 W PackageManager: Skipping provider name com.google.android.apps.messaging.fileprovider (in package com.google.android.apps.messaging): name already used by com.google.android.apps.messaging
02-01 20:25:47.243   594   594 W PackageManager: Failed to scan /product/priv-app/PrebuiltGmsCore: Package com.google.android.gms at /product/priv-app/PrebuiltGmsCore ignored: updated version 255034038 better than this 242335041
02-01 20:25:47.251   594   594 W PackageManager: Failed to parse /product/app/Chrome: Missing base APK in /product/app/Chrome
02-01 20:25:47.268   594   594 W PackageManager: Skipping provider name com.android.gallery3d.provider (in package com.android.gallery3d): name already used by com.android.gallery3d
02-01 20:25:47.301   594   594 W PackageManager: Failed to scan /product/app/Chrome-Stub: Package com.android.chrome at /product/app/Chrome-Stub ignored: updated version 636771938 better than this 636771938
02-01 20:25:47.411   594   594 W PackageManager: Failed to parse /product/app/TrichromeLibrary: Missing base APK in /product/app/TrichromeLibrary
02-01 20:25:47.419   594   594 W PackageManager: Failed to parse /product/app/WebViewGoogle: Missing base APK in /product/app/WebViewGoogle
02-01 20:25:47.424   594   594 W PackageManager: Failed to scan /product/app/WebViewGoogle-Stub: Package com.google.android.webview at /product/app/WebViewGoogle-Stub ignored: updated version 636771938 better than this 636771938
02-01 20:25:47.426   594   594 W PackageManager: Failed to scan /product/app/TrichromeLibrary-Stub: Package com.google.android.trichromelibrary_636771938 at /product/app/TrichromeLibrary-Stub ignored: updated version 636771938 better than this 636771938
02-01 20:25:48.105   452   452 W ServiceManagerCppClient: Waited one second for activity (is service started? Number of threads started in the threadpool: 16. Are binder threads started and available?)
02-01 20:25:48.128   174   677 W libc    : Unable to set property "ctl.interface_start" to "aidl/activity": PROP_ERROR_HANDLE_CONTROL_MESSAGE (0x20)
02-01 20:25:48.329   594   594 W OverlayConfig: partition_order.xml does not exist.
02-01 20:25:48.417   594   594 W PackageManager: Relax SCAN_REQUIRE_KNOWN requirement for package com.google.android.webview
02-01 20:25:48.433   594   594 W PackageManager: Relax SCAN_REQUIRE_KNOWN requirement for package com.google.android.trichromelibrary_636771938
02-01 20:25:48.441   594   594 W PackageManager: Relax SCAN_REQUIRE_KNOWN requirement for package com.android.chrome
02-01 20:25:48.484   594   594 W PackageManager: Relax SCAN_REQUIRE_KNOWN requirement for package com.google.android.gms
02-01 20:25:48.709   594   594 W AppIdPermissionPolicy: Ignoring permission com.google.android.gtalkservice.permission.GTALK_SERVICE declared in system package com.google.android.gsf: already declared in another system package com.google.android.gms
02-01 20:25:48.709   594   594 W AppIdPermissionPolicy: Ignoring permission com.google.android.c2dm.permission.RECEIVE declared in system package com.google.android.gsf: already declared in another system package com.google.android.gms
02-01 20:25:48.710   594   594 W AppIdPermissionPolicy: Ignoring permission com.android.vending.INTENT_VENDING_ONLY declared in system package com.google.android.gsf: already declared in another system package com.google.android.gms
02-01 20:25:48.710   594   594 W AppIdPermissionPolicy: Ignoring permission com.google.android.providers.settings.permission.WRITE_GSETTINGS declared in system package com.google.android.gsf: already declared in another system package com.google.android.gms
02-01 20:25:48.710   594   594 W AppIdPermissionPolicy: Ignoring permission com.google.android.providers.gsf.permission.READ_GSERVICES declared in system package com.google.android.gsf: already declared in another system package com.google.android.gms
02-01 20:25:48.710   594   594 W AppIdPermissionPolicy: Ignoring permission com.google.android.providers.gsf.permission.WRITE_GSERVICES declared in system package com.google.android.gsf: already declared in another system package com.google.android.gms
02-01 20:25:48.713   594   594 W AppIdPermissionPolicy: Ignoring permission com.google.android.apps.wallpaper.DYNAMIC_RECEIVER_NOT_EXPORTED_PERMISSION declared in system package com.google.android.apps.wallpaper: already declared in another system package com.android.wallpaper
02-01 20:25:48.719   594   594 W AppIdPermissionPolicy: Ignoring permission android.permission.ACCESS_ADSERVICES_TOPICS declared in system package com.google.android.adservices.api: already declared in another system package com.google.android.ext.services
02-01 20:25:48.719   594   594 W AppIdPermissionPolicy: Ignoring permission android.permission.ACCESS_ADSERVICES_ATTRIBUTION declared in system package com.google.android.adservices.api: already declared in another system package com.google.android.ext.services
02-01 20:25:48.719   594   594 W AppIdPermissionPolicy: Ignoring permission android.permission.ACCESS_ADSERVICES_CUSTOM_AUDIENCE declared in system package com.google.android.adservices.api: already declared in another system package com.google.android.ext.services
02-01 20:25:48.720   594   594 W AppIdPermissionPolicy: Ignoring permission android.permission.ACCESS_ADSERVICES_AD_ID declared in system package com.google.android.adservices.api: already declared in another system package com.google.android.ext.services
02-01 20:25:48.723   594   594 W AppIdPermissionPolicy: Ignoring permission com.google.android.c2dm.permission.SEND declared in system package com.google.android.gms: already declared in another system package com.google.android.gsf
02-01 20:25:49.113   452   452 W ServiceManagerCppClient: Waited one second for activity (is service started? Number of threads started in the threadpool: 16. Are binder threads started and available?)
02-01 20:25:49.137   174   679 W libc    : Unable to set property "ctl.interface_start" to "aidl/activity": PROP_ERROR_HANDLE_CONTROL_MESSAGE (0x20)
02-01 20:25:49.349   594   594 W UserSystemPackageInstaller: checkWhitelistedSystemPackages(mode=d) has 64 warnings:
