02-01 20:26:14.957  1062  1156 W FlagRegistrar: 	at android.os.HandlerThread.run(HandlerThread.java:85)
02-01 20:26:14.957  1062  1156 W FlagRegistrar: Caused by: bckq: 17: API: Phenotype.API is not available on this device. Connection failed with: ConnectionResult{statusCode=API_UNAVAILABLE, resolution=null, message=null, clientMethodKey=null}
02-01 20:26:14.957  1062  1156 W FlagRegistrar: 	at bdij.a(:com.google.android.gms@255034038@25.50.34 (260800-855735097):15)
02-01 20:26:14.957  1062  1156 W FlagRegistrar: 	at bcmm.a(:com.google.android.gms@255034038@25.50.34 (260800-855735097):1)
02-01 20:26:14.957  1062  1156 W FlagRegistrar: 	at bcmj.c(:com.google.android.gms@255034038@25.50.34 (260800-855735097):5)
02-01 20:26:14.957  1062  1156 W FlagRegistrar: 	... 12 more
02-01 20:26:14.965  1062  1165 W ContextImpl: Failed to ensure /data/user/0/com.google.android.gms/cache: mkdir failed: errno 126 (Required key not available)
02-01 20:26:14.965  1062  1165 W ContextImpl: Failed to update user.inode_cache: stat failed: ENOENT (No such file or directory)
02-01 20:26:15.017  1062  1169 W ContextImpl: Failed to ensure /data/user/0/com.google.android.gms/files: mkdir failed: errno 126 (Required key not available)
02-01 20:26:15.017  1062  1169 W ContextImpl: Failed to ensure /data/user/0/com.google.android.gms/files: mkdir failed: errno 126 (Required key not available)
02-01 20:26:15.193   594   636 W ActivityManager: Slow operation: 108ms so far, now at startProcess: returned from zygote!
02-01 20:26:15.193   971   971 E AccessControllerMetricsStats: create new AccessControllerMetricsStats.
02-01 20:26:15.193   594   636 W ActivityManager: Slow operation: 108ms so far, now at startProcess: done updating battery stats
02-01 20:26:15.193   594   636 W ActivityManager: Slow operation: 108ms so far, now at startProcess: building log message
02-01 20:26:15.193   594   636 W ActivityManager: Slow operation: 108ms so far, now at startProcess: starting to update pids map
02-01 20:26:15.193   594   636 W ActivityManager: Slow operation: 108ms so far, now at startProcess: done updating pids map
02-01 20:26:15.341  1172  1172 W ssioncontroller: Unexpected CPU variant for x86: x86_64.
02-01 20:26:15.341  1172  1172 W ssioncontroller: Known variants: atom, sandybridge, silvermont, goldmont, goldmont-plus, goldmont-without-sha-xsaves, tremont, kabylake, default
02-01 20:26:15.353  1172  1172 E ssioncontroller: Not starting debugger since process cannot load the jdwp agent.
02-01 20:26:15.639   594   623 W WindowManager: Keyguard drawn timeout. Setting mKeyguardDrawComplete
02-01 20:26:15.899   594   766 E AppOps  : attributionTag VCN not declared in manifest of android
02-01 20:26:15.940   594   751 E NetworkPolicy: Missing subscriberId for subId 1
02-01 20:26:16.075   594   751 W BestClock: java.time.DateTimeException: Missing network time fix
02-01 20:26:16.077   594   751 W BestClock: java.time.DateTimeException: Missing network time fix
02-01 20:26:16.313   510   510 W libgoldfish-rild: Multi-element reporting criteria are not supported with HIDL HAL
02-01 20:26:16.333   510   510 W libgoldfish-rild: Multi-element reporting criteria are not supported with HIDL HAL
02-01 20:26:17.139   456   470 E EGL_emulation: eglQueryContext 3100  EGL_BAD_ATTRIBUTE
02-01 20:26:17.139   456   470 E EGL_emulation: tid 470: eglQueryContext(2161): error 0x3004 (EGL_BAD_ATTRIBUTE)
02-01 20:26:17.337   594   750 W BestClock: java.time.DateTimeException: Missing network time fix
02-01 20:26:17.405   594   750 W BestClock: java.time.DateTimeException: Missing network time fix
02-01 20:26:17.453   594   618 W ScanResultUtil: Empty or null ScanResult list
02-01 20:26:17.457   594   618 W WifiService: Attempt to retrieve WifiConfiguration with invalid scanResult List
02-01 20:26:17.521   594   618 W ScanResultUtil: Empty or null ScanResult list
02-01 20:26:17.521   594   618 W WifiService: Attempt to retrieve WifiConfiguration with invalid scanResult List
02-01 20:26:17.525   594   618 W ScanResultUtil: Empty or null ScanResult list
02-01 20:26:17.525   594   618 E WifiService: Attempt to retrieve passpoint with invalid scanResult List
02-01 20:26:17.525   594   618 W ScanResultUtil: Empty or null ScanResult list
02-01 20:26:17.525   594   618 W WifiService: Attempt to retrieve OsuProviders with invalid scanResult List
02-01 20:26:17.566   971   988 W System  : A resource failed to call AbstractCursor.close. 
02-01 20:26:17.566   971   988 W System  : A resource failed to call AbstractCursor.close. 
02-01 20:26:17.713   594   634 W MagnificationConnectionManager: requestConnection duplicated request: connect=false, mConnectionState=DISCONNECTED
02-01 20:26:17.717   594   594 W Looper  : Slow dispatch took 148ms main h=android.app.ActivityThread$H c=android.app.LoadedApk$ServiceDispatcher$RunConnection@29174d5 m=0
02-01 20:26:17.753   594   634 W Looper  : Slow dispatch took 10377ms android.bg h=android.os.Handler c=android.app.LoadedApk$ReceiverDispatcher$Args$$ExternalSyntheticLambda0@c1901c0 m=0
02-01 20:26:17.777   971   997 E PhoneInterfaceManager: getServiceStateForSlot retuning null for invalid slotIndex=-1
02-01 20:26:17.793   926  1208 W ActivityThread: Failed to find provider info for com.android.contacts (user not unlocked)
02-01 20:26:17.953   456   657 E HwcComposer: getDisplayDecorationSupport failed Status(-8, EX_SERVICE_SPECIFIC): '8: '
02-01 20:26:17.957   456   657 E HWComposer: getDisplayDecorationSupport: getDisplayDecorationSupport failed for display 4619827259835644672: Unsupported (8)
02-01 20:26:18.013   853  1209 E ViewRootImpl: SensitiveContentProtectionService shouldn't be null
02-01 20:26:18.057   853  1209 E ViewRootImpl: SensitiveContentProtectionService shouldn't be null
02-01 20:26:18.117   594   697 E JobScheduler.JobStatus: App com.google.android.permissioncontroller became active but still in NEVER bucket
02-01 20:26:18.117   594   697 E JobScheduler.JobStatus: App com.google.android.permissioncontroller became active but still in NEVER bucket
02-01 20:26:18.117   594   697 E JobScheduler.JobStatus: App com.google.android.permissioncontroller became active but still in NEVER bucket
02-01 20:26:18.150   594   636 W ActivityManager: Slow operation: 97ms so far, now at startProcess: returned from zygote!
02-01 20:26:18.151   594   636 W ActivityManager: Slow operation: 98ms so far, now at startProcess: done updating battery stats
02-01 20:26:18.151   594   636 W ActivityManager: Slow operation: 98ms so far, now at startProcess: building log message
02-01 20:26:18.151   594   636 W ActivityManager: Slow operation: 98ms so far, now at startProcess: starting to update pids map
02-01 20:26:18.152   594   636 W ActivityManager: Slow operation: 99ms so far, now at startProcess: done updating pids map
02-01 20:26:18.243  1210  1210 W s.nexuslauncher: Unexpected CPU variant for x86: x86_64.
02-01 20:26:18.243  1210  1210 W s.nexuslauncher: Known variants: atom, sandybridge, silvermont, goldmont, goldmont-plus, goldmont-without-sha-xsaves, tremont, kabylake, default
02-01 20:26:18.257  1210  1210 E s.nexuslauncher: Not starting debugger since process cannot load the jdwp agent.
02-01 20:26:18.270   594   636 W ActivityManager: Slow operation: 142ms so far, now at startProcess: returned from zygote!
02-01 20:26:18.283   594   636 W ActivityManager: Slow operation: 154ms so far, now at startProcess: done updating battery stats
02-01 20:26:18.283   594   636 W ActivityManager: Slow operation: 155ms so far, now at startProcess: building log message
02-01 20:26:18.284   594   636 W ActivityManager: Slow operation: 155ms so far, now at startProcess: starting to update pids map
02-01 20:26:18.284   594   636 W ActivityManager: Slow operation: 155ms so far, now at startProcess: done updating pids map
02-01 20:26:18.312  1172  1214 W System  : ClassLoader referenced unknown path: 
02-01 20:26:18.343   594   623 W Looper  : Slow dispatch took 230ms android.ui h=com.android.server.am.ActivityManagerService$UiHandler c=null m=68
02-01 20:26:18.394  1220  1220 W oadcastreceiver: Unexpected CPU variant for x86: x86_64.
02-01 20:26:18.394  1220  1220 W oadcastreceiver: Known variants: atom, sandybridge, silvermont, goldmont, goldmont-plus, goldmont-without-sha-xsaves, tremont, kabylake, default
02-01 20:26:18.413  1220  1220 E oadcastreceiver: Not starting debugger since process cannot load the jdwp agent.
02-01 20:26:18.572   853  1038 W HWUI    : Failed to choose config with EGL_SWAP_BEHAVIOR_PRESERVED, retrying without...
02-01 20:26:18.573   853  1038 W HWUI    : Failed to initialize 101010-2 format, error = EGL_SUCCESS
02-01 20:26:18.637   594   685 E JobScheduler.JobStatus: App com.google.android.permissioncontroller became active but still in NEVER bucket
02-01 20:26:18.672   594   697 W BestClock: java.time.DateTimeException: Missing network time fix
02-01 20:26:18.679   594   697 W BestClock: java.time.DateTimeException: Missing network time fix
02-01 20:26:18.680   594   697 W BestClock: java.time.DateTimeException: Missing network time fix
02-01 20:26:18.683   594   697 W BestClock: java.time.DateTimeException: Missing network time fix
02-01 20:26:18.713   594   594 W BestClock: java.time.DateTimeException: Missing network time fix
02-01 20:26:18.714   594   594 W BestClock: java.time.DateTimeException: Missing network time fix
02-01 20:26:18.716   594   594 W BestClock: java.time.DateTimeException: Missing network time fix
02-01 20:26:18.717   594   594 W BestClock: java.time.DateTimeException: Missing network time fix
02-01 20:26:18.991  1210  1210 W ContextImpl: Failed to ensure /data/user/0/com.google.android.apps.nexuslauncher/cache: mkdir failed: errno 126 (Required key not available)
02-01 20:26:18.992  1210  1210 W ContextImpl: Failed to update user.inode_cache: stat failed: ENOENT (No such file or directory)
02-01 20:26:19.195   384   384 W Zygote  : forkRepeatedly terminated due to non-simple command
02-01 20:26:19.378  1210  1210 W ContextImpl: Failed to ensure /data/user/0/com.google.android.apps.nexuslauncher/files: mkdir failed: errno 126 (Required key not available)
02-01 20:26:19.496   594   625 W SystemServiceManager: Service com.android.server.BinaryTransparencyService took 152 ms in onBootPhase
02-01 20:26:19.569   594   625 W SystemServiceManager: Service com.android.server.locksettings.LockSettingsService$Lifecycle took 61 ms in onBootPhase
02-01 20:26:19.570   594   625 E TestHarnessModeService: Failed to start Test Harness Mode; no implementation of PersistentDataBlockManagerInternal was bound!
02-01 20:26:19.656   594   625 W SystemServiceManager: Service com.android.server.notification.NotificationManagerService took 80 ms in onBootPhase
02-01 20:26:19.680   594   622 W AdbDebuggingManager: Ignoring tag 'keyStore'. Not recognized.
02-01 20:26:19.695   853   853 W ConstraintSet: Unknown attribute 0x39   0
02-01 20:26:19.698   853   853 W ConstraintSet: Unknown attribute 0x39   0
02-01 20:26:19.698   853   853 W ConstraintSet: Unknown attribute 0x39   0
02-01 20:26:19.789   594   625 W SystemServiceManager: Service com.android.server.companion.CompanionDeviceManagerService took 62 ms in onBootPhase
02-01 20:26:19.884   594   622 W Looper  : Slow dispatch took 151ms android.fg h=com.android.server.adb.AdbDebuggingManager$AdbDebuggingHandler c=null m=8
02-01 20:26:19.936   594   622 W Looper  : Slow delivery took 215ms android.fg h=android.os.Handler c=com.android.server.location.provider.LocationProviderManager$$ExternalSyntheticLambda14@5cfc624 m=0
02-01 20:26:19.939   594   753 E WifiScoringParams: Invalid frequency(-1), using 5G as default rssi array
02-01 20:26:20.054   594   636 W ActivityManager: Slow operation: 125ms so far, now at startProcess: returned from zygote!
02-01 20:26:20.142  1261  1261 W .apps.wellbeing: Unexpected CPU variant for x86: x86_64.
02-01 20:26:20.142  1261  1261 W .apps.wellbeing: Known variants: atom, sandybridge, silvermont, goldmont, goldmont-plus, goldmont-without-sha-xsaves, tremont, kabylake, default
02-01 20:26:20.158  1261  1261 E .apps.wellbeing: Not starting debugger since process cannot load the jdwp agent.
02-01 20:26:20.157   594   625 E WindowManager: Display reconfigured outside of a transition: Display{#0 state=ON size=1080x2400 ROTATION_0}
02-01 20:26:20.177   594   636 W ActivityManager: Slow operation: 248ms so far, now at startProcess: done updating battery stats
02-01 20:26:20.178   594   636 W ActivityManager: Slow operation: 249ms so far, now at startProcess: building log message
02-01 20:26:20.178   594   636 W ActivityManager: Slow operation: 249ms so far, now at startProcess: starting to update pids map
02-01 20:26:20.178   594   636 W ActivityManager: Slow operation: 250ms so far, now at startProcess: done updating pids map
02-01 20:26:20.287   594   685 W ActivityManager: Slow operation: 53ms so far, now at attachApplicationLocked: after updateOomAdjLocked
02-01 20:26:20.304   173   181 E lowmemorykiller: process_mrelease 1005 failed: No such process
02-01 20:26:20.335   173   182 E lowmemorykiller: process_mrelease 1172 failed: No such process
02-01 20:26:20.419  1273  1273 W bootstat: LogBootEvents, atomInfo not defined for events:last_boot_time_utc,build_date,ro.boottime.init.cold_boot_wait,boot_reason,system_boot_reason,time_since_last_boot
02-01 20:26:20.452   971   997 E PhoneInterfaceManager: getServiceStateForSlot retuning null for invalid slotIndex=-1
02-01 20:26:20.587   173   173 E lmkd    : memevent listener MemBpfRingbuf init failed: failed to mmap ringbuf consumer pages: Operation not permitted
02-01 20:26:20.587   173   173 E lowmemorykiller: Failed to initialize memevents listener
02-01 20:26:20.587   173   173 E lmkd    : memevent deregister all events failed, failure to initialize
02-01 20:26:20.715   594   622 W PackageManager: Skipping preparing app data for com.google.android.devicelock
02-01 20:26:20.716   594   622 W PackageManager: Skipping preparing app data for com.google.android.tzdata6
02-01 20:26:20.716   594   622 W PackageManager: Skipping preparing app data for com.google.android.ondevicepersonalization
02-01 20:26:20.717   594   622 W PackageManager: Skipping preparing app data for com.android.hardware.authsecret
02-01 20:26:20.717   594   622 W PackageManager: Skipping preparing app data for com.google.android.media.swcodec
02-01 20:26:20.719   594   622 W PackageManager: Skipping preparing app data for com.google.android.os.statsd
02-01 20:26:20.720   594   622 W PackageManager: Skipping preparing app data for com.google.mainline.primary.libs
02-01 20:26:20.720   594   622 W PackageManager: Skipping preparing app data for com.google.android.extservices
02-01 20:26:20.720   594   622 W PackageManager: Skipping preparing app data for com.android.hardware.rebootescrow
02-01 20:26:20.723   594   622 W PackageManager: Skipping preparing app data for com.google.android.sdksandbox
02-01 20:26:20.723   594   622 W PackageManager: Skipping preparing app data for com.google.android.widevine
02-01 20:26:20.724   594   622 W PackageManager: Skipping preparing app data for com.google.android.healthfitness
02-01 20:26:20.724   594   622 W PackageManager: Skipping preparing app data for com.google.android.ipsec
02-01 20:26:20.725   594   622 W PackageManager: Skipping preparing app data for com.google.android.media
02-01 20:26:20.725   594   622 W PackageManager: Skipping preparing app data for com.android.i18n
02-01 20:26:20.727   594   622 W PackageManager: Skipping preparing app data for com.android.virt
02-01 20:26:20.727   594   622 W PackageManager: Skipping preparing app data for com.google.android.appsearch
02-01 20:26:20.727   594   622 W PackageManager: Skipping preparing app data for com.google.android.configinfrastructure
02-01 20:26:20.728   594   622 W PackageManager: Skipping preparing app data for com.google.android.cellbroadcast
02-01 20:26:20.728   594   622 W PackageManager: Skipping preparing app data for com.android.apex.cts.shim
02-01 20:26:20.728   594   622 W PackageManager: Skipping preparing app data for com.google.android.resolv
02-01 20:26:20.728   594   622 W PackageManager: Skipping preparing app data for com.google.android.sdkext
02-01 20:26:20.728   594   622 W PackageManager: Skipping preparing app data for com.google.android.art
02-01 20:26:20.728   594   622 W PackageManager: Skipping preparing app data for com.google.android.uwb
02-01 20:26:20.728   594   622 W PackageManager: Skipping preparing app data for com.google.android.runtime
02-01 20:26:20.728   594   622 W PackageManager: Skipping preparing app data for com.android.hardware.cas
02-01 20:26:20.728   594   622 W PackageManager: Skipping preparing app data for com.google.android.adservices
02-01 20:26:20.728   594   622 W PackageManager: Skipping preparing app data for com.google.android.scheduling
02-01 20:26:20.728   594   622 W PackageManager: Skipping preparing app data for com.google.android.mediaprovider
02-01 20:26:20.728   594   622 W PackageManager: Skipping preparing app data for com.android.hardware.neuralnetworks
02-01 20:26:20.728   594   622 W PackageManager: Skipping preparing app data for com.google.android.permission
02-01 20:26:20.729   594   622 W PackageManager: Skipping preparing app data for com.google.android.profiling
02-01 20:26:20.729   594   622 W PackageManager: Skipping preparing app data for com.google.android.neuralnetworks
02-01 20:26:20.729   594   622 W PackageManager: Skipping preparing app data for com.google.android.tethering
02-01 20:26:20.729   594   622 W PackageManager: Skipping preparing app data for com.google.android.btservices
02-01 20:26:20.729   594   622 W PackageManager: Skipping preparing app data for com.google.android.adbd
02-01 20:26:20.729   594   622 W PackageManager: Skipping preparing app data for com.google.android.rkpd
02-01 20:26:20.729   594   622 W PackageManager: Skipping preparing app data for com.google.android.wifi
02-01 20:26:20.729   594   622 W PackageManager: Skipping preparing app data for com.google.android.conscrypt
02-01 20:26:20.729   594   622 W PackageManager: Skipping preparing app data for com.android.nfcservices
02-01 20:26:20.914   499   732 W cutils  : Expected path /data/data/com.google.android.gms with mode 700 but found 711
02-01 20:26:20.925     1     1 W init    : type=1400 audit(0.0:17): avc:  denied  { write } for  name="cfg80211_gtk_rekey_notify" dev="tracefs" ino=9965 scontext=u:r:init:s0 tcontext=u:object_r:debugfs_wifi_tracing:s0 tclass=dir permissive=0
02-01 20:26:20.941     1     1 W init    : type=1400 audit(0.0:18): avc:  denied  { write } for  name="rdev_add_key" dev="tracefs" ino=9968 scontext=u:r:init:s0 tcontext=u:object_r:debugfs_wifi_tracing:s0 tclass=dir permissive=0
02-01 20:26:20.957     1     1 W init    : type=1400 audit(0.0:19): avc:  denied  { write } for  name="rdev_assoc" dev="tracefs" ino=9971 scontext=u:r:init:s0 tcontext=u:object_r:debugfs_wifi_tracing:s0 tclass=dir permissive=0
02-01 20:26:20.965     1     1 W init    : type=1400 audit(0.0:20): avc:  denied  { write } for  name="rdev_auth" dev="tracefs" ino=9974 scontext=u:r:init:s0 tcontext=u:object_r:debugfs_wifi_tracing:s0 tclass=dir permissive=0
02-01 20:26:20.981     1     1 W init    : type=1400 audit(0.0:21): avc:  denied  { write } for  name="rdev_connect" dev="tracefs" ino=9977 scontext=u:r:init:s0 tcontext=u:object_r:debugfs_wifi_tracing:s0 tclass=dir permissive=0
02-01 20:26:20.993     1     1 W init    : type=1400 audit(0.0:22): avc:  denied  { write } for  name="rdev_set_default_key" dev="tracefs" ino=11926 scontext=u:r:init:s0 tcontext=u:object_r:debugfs_wifi_tracing:s0 tclass=dir permissive=0
02-01 20:26:21.009     1     1 W init    : type=1400 audit(0.0:23): avc:  denied  { write } for  name="rdev_set_default_mgmt_key" dev="tracefs" ino=11929 scontext=u:r:init:s0 tcontext=u:object_r:debugfs_wifi_tracing:s0 tclass=dir permissive=0
02-01 20:26:21.025     1     1 W init    : type=1400 audit(0.0:24): avc:  denied  { write } for  name="rdev_set_rekey_data" dev="tracefs" ino=11932 scontext=u:r:init:s0 tcontext=u:object_r:debugfs_wifi_tracing:s0 tclass=dir permissive=0
02-01 20:26:21.061  1220  1236 E CellBroadcastConfigService: fails to setCellBroadcastRanges, result = 2
02-01 20:26:21.033     1     1 W init    : type=1400 audit(0.0:25): avc:  denied  { write } for  name="net" dev="tracefs" ino=11935 scontext=u:r:init:s0 tcontext=u:object_r:debugfs_wifi_tracing:s0 tclass=dir permissive=0
02-01 20:26:21.079   971   986 W m.android.phone: Suspending all threads took: 5.551ms
02-01 20:26:21.107   594   622 W Looper  : Drained
02-01 20:26:21.108   594   622 W Looper  : Slow dispatch took 944ms android.fg h=android.os.Handler c=com.android.server.am.UserController$$ExternalSyntheticLambda5@818d1a5 m=0
02-01 20:26:21.108   594   622 W Looper  : Slow delivery took 952ms android.fg h=android.os.Handler c=com.android.server.am.UserController$$ExternalSyntheticLambda4@891552b m=0
02-01 20:26:21.141   594   696 W JobInfo : Job 'android/com.android.server.usage.UsageStatsIdleService#0' has a deadline with no functional constraints. The deadline won't improve job execution latency. Consider removing the deadline.
02-01 20:26:21.151   173   181 E lowmemorykiller: process_mrelease 1220 failed: No such process
02-01 20:26:21.225   594   696 W JobInfo : Job 'android/com.android.server.usage.UsageStatsIdleService#0' has a deadline with no functional constraints. The deadline won't improve job execution latency. Consider removing the deadline.
02-01 20:26:21.237   594   635 W SystemServiceManager: Service com.android.server.StorageManagerService$Lifecycle took 52 ms in onUnlockingUser-0
02-01 20:26:21.249   594   622 W Looper  : Drained
02-01 20:26:21.254   594   635 E MusicRecognitionManagerPerUserService: Bad service name: com.google.android.googlequicksearchbox/com.google.android.apps.search.soundsearch.service.SoundSearchService
02-01 20:26:21.373  1302  1302 W rs.media.module: Unexpected CPU variant for x86: x86_64.
02-01 20:26:21.373  1302  1302 W rs.media.module: Known variants: atom, sandybridge, silvermont, goldmont, goldmont-plus, goldmont-without-sha-xsaves, tremont, kabylake, default
02-01 20:26:21.386  1302  1302 E rs.media.module: Not starting debugger since process cannot load the jdwp agent.
02-01 20:26:21.468   594   635 W SystemServiceManager: Service com.android.server.contentcapture.ContentCaptureManagerService took 213 ms in onUnlockingUser-0
02-01 20:26:21.517   594   594 W Looper  : Slow dispatch took 104ms main h=android.os.Handler c=<recycled PooledLambda@5c7a4c7> m=1
02-01 20:26:21.589   594   636 W ActivityManager: Slow operation: 81ms so far, now at startProcess: returned from zygote!
02-01 20:26:21.601   594   636 W ActivityManager: Slow operation: 93ms so far, now at startProcess: done updating battery stats
02-01 20:26:21.601   594   636 W ActivityManager: Slow operation: 93ms so far, now at startProcess: building log message
02-01 20:26:21.601   594   636 W ActivityManager: Slow operation: 93ms so far, now at startProcess: starting to update pids map
02-01 20:26:21.601   594   636 W ActivityManager: Slow operation: 93ms so far, now at startProcess: done updating pids map
02-01 20:26:21.653  1315  1315 E dmesgd  : /data/misc/dmesgd/sent_reports.txt is empty: No such file or directory
02-01 20:26:21.714  1319  1319 W ogle.android.as: Unexpected CPU variant for x86: x86_64.
02-01 20:26:21.714  1319  1319 W ogle.android.as: Known variants: atom, sandybridge, silvermont, goldmont, goldmont-plus, goldmont-without-sha-xsaves, tremont, kabylake, default
02-01 20:26:21.748  1319  1319 E ogle.android.as: Not starting debugger since process cannot load the jdwp agent.
02-01 20:26:21.769   594   635 W SystemServiceManager: Service com.android.server.voiceinteraction.VoiceInteractionManagerService took 94 ms in onUnlockingUser-0
02-01 20:26:21.845   594   636 W ActivityManager: Slow operation: 78ms so far, now at startProcess: returned from zygote!
02-01 20:26:21.849   594   636 W ActivityManager: Slow operation: 82ms so far, now at startProcess: done updating battery stats
02-01 20:26:21.849   594   636 W ActivityManager: Slow operation: 82ms so far, now at startProcess: building log message
02-01 20:26:21.849   594   636 W ActivityManager: Slow operation: 82ms so far, now at startProcess: starting to update pids map
02-01 20:26:21.849   594   636 W ActivityManager: Slow operation: 82ms so far, now at startProcess: done updating pids map
02-01 20:26:21.905   594   635 W SystemServiceManager: Service com.android.server.autofill.AutofillManagerService took 98 ms in onUnlockingUser-0
02-01 20:26:21.941   594   636 W ActivityManager: Slow operation: 140ms so far, now at startProcess: returned from zygote!
02-01 20:26:21.963   594   594 W ServiceConnector.Impl: mayInterruptIfRunning not supported - ignoring
02-01 20:26:21.961   594   636 W ActivityManager: Slow operation: 160ms so far, now at startProcess: done updating battery stats
02-01 20:26:21.961   594   636 W ActivityManager: Slow operation: 160ms so far, now at startProcess: building log message
02-01 20:26:21.961   594   636 W ActivityManager: Slow operation: 160ms so far, now at startProcess: starting to update pids map
02-01 20:26:21.961   594   636 W ActivityManager: Slow operation: 160ms so far, now at startProcess: done updating pids map
02-01 20:26:21.993  1339  1339 W d.process.acore: Unexpected CPU variant for x86: x86_64.
02-01 20:26:21.993  1339  1339 W d.process.acore: Known variants: atom, sandybridge, silvermont, goldmont, goldmont-plus, goldmont-without-sha-xsaves, tremont, kabylake, default
02-01 20:26:22.035   853   853 W SystemUIService: Initialization of com.android.systemui.accessibility.SystemActions took 3965 ms
02-01 20:26:22.063  1339  1339 E d.process.acore: Not starting debugger since process cannot load the jdwp agent.
02-01 20:26:22.109   594   636 W ActivityManager: Slow operation: 165ms so far, now at startProcess: returned from zygote!
02-01 20:26:22.117   594   636 W ActivityManager: Slow operation: 173ms so far, now at startProcess: done updating battery stats
02-01 20:26:22.117   594   636 W ActivityManager: Slow operation: 173ms so far, now at startProcess: building log message
02-01 20:26:22.117   594   636 W ActivityManager: Slow operation: 173ms so far, now at startProcess: starting to update pids map
02-01 20:26:22.117   594   636 W ActivityManager: Slow operation: 173ms so far, now at startProcess: done updating pids map
02-01 20:26:22.121  1336  1336 W hbox:interactor: Unexpected CPU variant for x86: x86_64.
02-01 20:26:22.121  1336  1336 W hbox:interactor: Known variants: atom, sandybridge, silvermont, goldmont, goldmont-plus, goldmont-without-sha-xsaves, tremont, kabylake, default
02-01 20:26:22.153   510   510 E RIL     : Error 0 opening logical channel: 0
02-01 20:26:22.165   594   635 W SystemServiceManager: Service com.android.server.appsearch.AppSearchModule$Lifecycle took 176 ms in onUnlockingUser-0
02-01 20:26:22.190  1350  1350 W id.ext.services: Unexpected CPU variant for x86: x86_64.
02-01 20:26:22.190  1350  1350 W id.ext.services: Known variants: atom, sandybridge, silvermont, goldmont, goldmont-plus, goldmont-without-sha-xsaves, tremont, kabylake, default
02-01 20:26:22.197  1350  1350 E id.ext.services: Not starting debugger since process cannot load the jdwp agent.
02-01 20:26:22.205  1336  1336 E hbox:interactor: Not starting debugger since process cannot load the jdwp agent.
02-01 20:26:22.243   594   787 E BackupPasswordManager: Unable to read backup pw version
02-01 20:26:22.244   594   787 E BackupPasswordManager: Unable to read saved backup pw hash
02-01 20:26:22.345   594   956 W ActivityManager: Slow operation: 56ms so far, now at attachApplicationLocked: before bindApplication
02-01 20:26:22.349   594   956 W ActivityManager: Slow operation: 60ms so far, now at attachApplicationLocked: immediately before bindApplication
02-01 20:26:22.353   594   956 W ActivityManager: Slow operation: 64ms so far, now at attachApplicationLocked: immediately after bindApplication
02-01 20:26:22.353   594   956 W ActivityManager: Slow operation: 64ms so far, now at attachApplicationLocked: after updateLruProcessLocked
02-01 20:26:22.353   594   956 W ActivityManager: Slow operation: 64ms so far, now at attachApplicationLocked: after updateOomAdjLocked
02-01 20:26:22.373   594   636 W ActivityManager: Slow operation: 92ms so far, now at startProcess: returned from zygote!
02-01 20:26:22.373   594   636 W ActivityManager: Slow operation: 92ms so far, now at startProcess: done updating battery stats
02-01 20:26:22.373   594   636 W ActivityManager: Slow operation: 92ms so far, now at startProcess: building log message
02-01 20:26:22.373   594   636 W ActivityManager: Slow operation: 92ms so far, now at startProcess: starting to update pids map
02-01 20:26:22.373   594   636 W ActivityManager: Slow operation: 92ms so far, now at startProcess: done updating pids map
02-01 20:26:22.407   594   635 W BroadcastLoopers: Found previously unknown looper Thread[ActivityManager,5,main]
02-01 20:26:22.485  1382  1382 W or.multidisplay: Unexpected CPU variant for x86: x86_64.
02-01 20:26:22.485  1382  1382 W or.multidisplay: Known variants: atom, sandybridge, silvermont, goldmont, goldmont-plus, goldmont-without-sha-xsaves, tremont, kabylake, default
02-01 20:26:22.493  1382  1382 E or.multidisplay: Not starting debugger since process cannot load the jdwp agent.
02-01 20:26:22.613  1384  1384 W id.printspooler: Unexpected CPU variant for x86: x86_64.
02-01 20:26:22.613  1384  1384 W id.printspooler: Known variants: atom, sandybridge, silvermont, goldmont, goldmont-plus, goldmont-without-sha-xsaves, tremont, kabylake, default
02-01 20:26:22.617   594   636 W ActivityManager: Slow operation: 228ms so far, now at startProcess: returned from zygote!
02-01 20:26:22.660   594   635 W SystemServiceManager: Service com.android.server.wm.ActivityTaskManagerService$Lifecycle took 131 ms in onUnlockedUser-0
02-01 20:26:22.669  1384  1384 E id.printspooler: Not starting debugger since process cannot load the jdwp agent.
02-01 20:26:22.669   594   636 W ActivityManager: Slow operation: 268ms so far, now at startProcess: done updating battery stats
02-01 20:26:22.669   594   636 W ActivityManager: Slow operation: 280ms so far, now at startProcess: building log message
02-01 20:26:22.669   594   636 W ActivityManager: Slow operation: 280ms so far, now at startProcess: starting to update pids map
02-01 20:26:22.669   594   636 W ActivityManager: Slow operation: 280ms so far, now at startProcess: done updating pids map
02-01 20:26:22.693   594  1392 E TaskPersister: File error accessing recents directory (directory doesn't exist?).
02-01 20:26:22.797   594   684 W ActivityTaskManager: callingPackage for (uid=-1, pid=0) has no WPC
02-01 20:26:22.821   594   684 W OptProp : Cannot read opt property android.window.PROPERTY_COMPAT_ALLOW_USER_ASPECT_RATIO_OVERRIDE
02-01 20:26:22.821   594   684 W OptProp : Cannot read opt property android.window.PROPERTY_COMPAT_ALLOW_USER_ASPECT_RATIO_FULLSCREEN_OVERRIDE
02-01 20:26:22.821   594   684 W OptProp : Cannot read opt property android.window.PROPERTY_COMPAT_ALLOW_ORIENTATION_OVERRIDE
02-01 20:26:22.833   594   751 W BestClock: java.time.DateTimeException: Missing network time fix
02-01 20:26:22.845   594   751 W BestClock: java.time.DateTimeException: Missing network time fix
02-01 20:26:22.948  1261  1416 W Phlogger: Shared storage file not found for com.google.android.libraries.performance.primes#com.google.android.apps.wellbeing
02-01 20:26:22.959   594   684 W OptProp : Cannot read opt property android.window.PROPERTY_COMPAT_ALLOW_RESIZEABLE_ACTIVITY_OVERRIDES
02-01 20:26:22.964   594   684 W OptProp : Cannot read opt property android.window.PROPERTY_COMPAT_ALLOW_MIN_ASPECT_RATIO_OVERRIDE
02-01 20:26:23.037   594   751 W BestClock: java.time.DateTimeException: Missing network time fix
02-01 20:26:23.041   594   751 W BestClock: java.time.DateTimeException: Missing network time fix
02-01 20:26:23.076   594   766 E AppOps  : attributionTag VCN not declared in manifest of android
02-01 20:26:23.091   594   684 W OptProp : Cannot read opt property android.window.PROPERTY_COMPAT_ENABLE_FAKE_FOCUS
02-01 20:26:23.101   594   594 W Looper  : Slow dispatch took 268ms main h=android.os.Handler c=android.telephony.TelephonyRegistryManager$1$$ExternalSyntheticLambda0@732c25 m=0
02-01 20:26:23.105   594   594 W Looper  : Slow delivery took 280ms main h=android.os.Handler c=android.telephony.TelephonyRegistryManager$1$$ExternalSyntheticLambda0@21b41fa m=0
02-01 20:26:23.125   594  1278 W ActivityManager: Slow operation: 68ms so far, now at startProcess: done creating new process record
02-01 20:26:23.125   594  1278 W ActivityManager: Slow operation: 68ms so far, now at startProcess: stepping in to startProcess
02-01 20:26:23.133   594  1278 W ActivityManager: Slow operation: 76ms so far, now at startProcess: done starting proc!
02-01 20:26:23.201   594   622 W Looper  : Slow dispatch took 668ms android.fg h=android.os.Handler c=com.android.server.am.UserController$Injector$$ExternalSyntheticLambda0@7bead23 m=0
02-01 20:26:23.201   594   618 W ActivityManager: Slow operation: 56ms so far, now at attachApplicationLocked: after updateOomAdjLocked
02-01 20:26:23.205   594   766 E AppOps  : attributionTag VCN not declared in manifest of android
02-01 20:26:23.213   594   636 W ActivityManager: Slow operation: 88ms so far, now at startProcess: returned from zygote!
02-01 20:26:23.213   594   636 W ActivityManager: Slow operation: 88ms so far, now at startProcess: done updating battery stats
02-01 20:26:23.213   594   636 W ActivityManager: Slow operation: 88ms so far, now at startProcess: building log message
02-01 20:26:23.213   594   636 W ActivityManager: Slow operation: 88ms so far, now at startProcess: starting to update pids map
02-01 20:26:23.213   594   636 W ActivityManager: Slow operation: 88ms so far, now at startProcess: done updating pids map
02-01 20:26:23.225   594   594 W Looper  : Drained
02-01 20:26:23.269  1423  1423 W m.android.music: Unexpected CPU variant for x86: x86_64.
02-01 20:26:23.269  1423  1423 W m.android.music: Known variants: atom, sandybridge, silvermont, goldmont, goldmont-plus, goldmont-without-sha-xsaves, tremont, kabylake, default
02-01 20:26:23.326  1423  1423 E m.android.music: Not starting debugger since process cannot load the jdwp agent.
02-01 20:26:23.485   971   971 W AlarmManager: Unrecognized alarm listener com.android.internal.telephony.data.AutoDataSwitchController$$ExternalSyntheticLambda0@8615651
02-01 20:26:23.553   594   622 W Looper  : Slow delivery took 683ms android.fg h=android.os.Handler c=com.android.server.am.UserController$$ExternalSyntheticLambda23@9d25b2 m=0
02-01 20:26:23.553   594   622 W Looper  : Slow dispatch took 344ms android.fg h=android.os.Handler c=com.android.server.am.UserController$$ExternalSyntheticLambda23@9d25b2 m=0
02-01 20:26:23.557   594   622 W Looper  : Drained
02-01 20:26:23.689   173   182 E lowmemorykiller: process_mrelease 1062 failed: No such process
02-01 20:26:23.697  1210  1424 W HWUI    : Failed to choose config with EGL_SWAP_BEHAVIOR_PRESERVED, retrying without...
02-01 20:26:23.698  1210  1424 W HWUI    : Failed to initialize 101010-2 format, error = EGL_SUCCESS
02-01 20:26:23.752   594   635 W ActivityManager: Slow operation: 279ms so far, now at startProcess: done creating new process record
02-01 20:26:23.752   594   635 W ActivityManager: Slow operation: 279ms so far, now at startProcess: stepping in to startProcess
02-01 20:26:23.765   594   594 W Looper  : Slow dispatch took 208ms main h=android.app.ActivityThread$H c=android.app.LoadedApk$ReceiverDispatcher$Args$$ExternalSyntheticLambda0@1485bd6 m=0
02-01 20:26:23.765   594   594 W Looper  : Slow delivery took 212ms main h=android.os.Handler c=android.app.LoadedApk$ReceiverDispatcher$Args$$ExternalSyntheticLambda0@54e7e57 m=0
02-01 20:26:23.773   594   635 W ActivityManager: Slow operation: 301ms so far, now at startProcess: done starting proc!
02-01 20:26:23.813   926   926 W MediaSessionCompat: Couldn't find a unique registered media button receiver in the given context.
02-01 20:26:23.833   594  1342 E AppSearchIcing: document-store.cc:481: Invalid vector contents for /data/system_ce/0/appsearch/icing/document_dir/uri_mapper/persistent_hash_map.bFailed to initialize KeyMapper
02-01 20:26:23.833   594  1342 W AppSearchIcing: document-store.cc:423: Couldn't find derived files or failed to initialize them, regenerating derived files for DocumentStore.
02-01 20:26:23.877   594   636 W ActivityManager: Slow operation: 125ms so far, now at startProcess: returned from zygote!
02-01 20:26:23.893   594   618 W ActivityManager: pid 594 system sent binder code 41 with flags 1 to frozen apps and got error -32
02-01 20:26:23.893   173   173 W lowmemorykiller: Failed to open /proc/1062/oom_score_adj; errno=2: process 1062 might have been killed
02-01 20:26:23.917   594   618 W ActivityManager: pid 594 system sent binder code 3 with flags 1 to frozen apps and got error -32
02-01 20:26:23.936  1457  1457 W android.traceur: Unexpected CPU variant for x86: x86_64.
02-01 20:26:23.936  1457  1457 W android.traceur: Known variants: atom, sandybridge, silvermont, goldmont, goldmont-plus, goldmont-without-sha-xsaves, tremont, kabylake, default
02-01 20:26:23.921   594   618 W ActivityManager: Application dead when creating service ServiceRecord{d3629f8 u0 com.google.android.gms/.chimera.PersistentApiService c:com.google.android.apps.wellbeing}
02-01 20:26:23.949   594   618 W ActivityManager: Scheduling restart of crashed service com.google.android.gms/.chimera.PersistentApiService in 10000ms for connection
02-01 20:26:23.953  1457  1457 E android.traceur: Not starting debugger since process cannot load the jdwp agent.
02-01 20:26:23.953   594   618 W ActivityManager: Scheduling restart of crashed service com.google.android.gms/.chimera.PersistentApiService in 40000ms for always
02-01 20:26:23.953   594   618 W ActivityManager: Exception when starting service com.google.android.gms/.chimera.PersistentApiService
02-01 20:26:23.953   594   618 W ActivityManager: android.os.DeadObjectException
02-01 20:26:23.953   594   618 W ActivityManager: 	at android.os.BinderProxy.transactNative(Native Method)
02-01 20:26:23.953   594   618 W ActivityManager: 	at android.os.BinderProxy.transact(BinderProxy.java:586)
02-01 20:26:23.953   594   618 W ActivityManager: 	at android.app.IApplicationThread$Stub$Proxy.scheduleCreateService(IApplicationThread.java:1324)
02-01 20:26:23.953   594   618 W ActivityManager: 	at com.android.server.am.ActiveServices.realStartServiceLocked(ActiveServices.java:6068)
02-01 20:26:23.953   594   618 W ActivityManager: 	at com.android.server.am.ActiveServices.bringUpServiceInnerLocked(ActiveServices.java:5820)
02-01 20:26:23.953   594   618 W ActivityManager: 	at com.android.server.am.ActiveServices.bringUpServiceLocked(ActiveServices.java:5726)
02-01 20:26:23.953   594   618 W ActivityManager: 	at com.android.server.am.ActiveServices.bindServiceLocked(ActiveServices.java:4319)
02-01 20:26:23.953   594   618 W ActivityManager: 	at com.android.server.am.ActivityManagerService.bindServiceInstance(ActivityManagerService.java:14231)
02-01 20:26:23.953   594   618 W ActivityManager: 	at com.android.server.am.ActivityManagerService.bindServiceInstance(ActivityManagerService.java:14191)
02-01 20:26:23.953   594   618 W ActivityManager: 	at android.app.IActivityManager$Stub.onTransact(IActivityManager.java:3073)
02-01 20:26:23.953   594   618 W ActivityManager: 	at com.android.server.am.ActivityManagerService.onTransact(ActivityManagerService.java:2812)
02-01 20:26:23.953   594   618 W ActivityManager: 	at android.os.Binder.execTransactInternal(Binder.java:1500)
02-01 20:26:23.953   594   618 W ActivityManager: 	at android.os.Binder.execTransact(Binder.java:1444)
02-01 20:26:23.978   594   622 W ActivityManager: ProcessRecord{b6b2e49 0:com.google.android.gms.persistent/u0a144} is attached to a previous process 1062
02-01 20:26:23.988   594   622 W Looper  : Slow dispatch took 293ms android.fg h=android.os.Handler c=com.android.server.servicewatcher.ServiceWatcherImpl$$ExternalSyntheticLambda0@6ba5927 m=0
02-01 20:26:23.989   594   684 W ActivityManager: Slow operation: 289ms so far, now at finishAttachApplicationInner: after mServices.attachApplicationLocked
02-01 20:26:23.990   594   684 W ActivityManager: Slow operation: 290ms so far, now at finishAttachApplicationInner: after dispatching broadcasts
02-01 20:26:23.991   594   684 W ActivityManager: Slow operation: 290ms so far, now at finishAttachApplicationInner: after updateOomAdjLocked
02-01 20:26:24.049   594  1342 E AppSearchIcing: icing-flash-bitmap.cc:93: Flash bitmap /data/system_ce/0/appsearch/icing/index_dir/idx/lite.lexicon.prop.2 is dirty
02-01 20:26:24.049   594  1342 E AppSearchIcing: icing-dynamic-trie.cc:1207: Init of /data/system_ce/0/appsearch/icing/index_dir/idx/lite.lexicon.prop.2 failed
02-01 20:26:24.049   594  1342 E AppSearchIcing: icing-dynamic-trie.cc:1260: Open prop bitmap failed: /data/system_ce/0/appsearch/icing/index_dir/idx/lite.lexicon.prop.2
02-01 20:26:24.105   594   636 W ActivityManager: Slow operation: 353ms so far, now at startProcess: done updating battery stats
02-01 20:26:24.109   594   636 W ActivityManager: Slow operation: 357ms so far, now at startProcess: building log message
02-01 20:26:24.109   594   636 W ActivityManager: Slow operation: 357ms so far, now at startProcess: starting to update pids map
02-01 20:26:24.109   594   636 W ActivityManager: Slow operation: 357ms so far, now at startProcess: done updating pids map
02-01 20:26:24.109   594   636 W ActivityManager: Slow operation: 310ms so far, now at startProcess: asking zygote to start proc
02-01 20:26:24.144   594   697 W BroadcastLoopers: Found previously unknown looper Thread[appscheduling.default,5,main]
02-01 20:26:24.150   594   594 W Looper  : Slow dispatch took 386ms main h=android.app.ActivityThread$H c=android.app.LoadedApk$ReceiverDispatcher$Args$$ExternalSyntheticLambda0@6bf21cc m=0
02-01 20:26:24.204   594   636 W ActivityManager: Slow operation: 405ms so far, now at startProcess: returned from zygote!
02-01 20:26:24.242   594   636 W ActivityManager: Slow operation: 443ms so far, now at startProcess: done updating battery stats
02-01 20:26:24.242   594   636 W ActivityManager: Slow operation: 443ms so far, now at startProcess: building log message
02-01 20:26:24.242   594   636 W ActivityManager: Slow operation: 443ms so far, now at startProcess: starting to update pids map
02-01 20:26:24.242   594   636 W ActivityManager: Slow operation: 444ms so far, now at startProcess: done updating pids map
02-01 20:26:24.245  1475  1475 W earchbox:search: Unexpected CPU variant for x86: x86_64.
02-01 20:26:24.245  1475  1475 W earchbox:search: Known variants: atom, sandybridge, silvermont, goldmont, goldmont-plus, goldmont-without-sha-xsaves, tremont, kabylake, default
02-01 20:26:24.259  1475  1475 E earchbox:search: Not starting debugger since process cannot load the jdwp agent.
02-01 20:26:24.263   594   636 W ActivityManager: Slow operation: 281ms so far, now at startProcess: asking zygote to start proc
02-01 20:26:24.268   594   622 W Looper  : Slow delivery took 433ms android.fg h=android.os.Handler c=com.android.server.servicewatcher.ServiceWatcherImpl$$ExternalSyntheticLambda0@e9c607e m=0
02-01 20:26:24.273   594   622 W Looper  : Slow dispatch took 278ms android.fg h=android.os.Handler c=com.android.server.servicewatcher.ServiceWatcherImpl$$ExternalSyntheticLambda0@e9c607e m=0
02-01 20:26:24.326   926   926 W MediaSessionCompat: Couldn't find a unique registered media button receiver in the given context.
02-01 20:26:24.365   594   636 W ActivityManager: Slow operation: 383ms so far, now at startProcess: returned from zygote!
02-01 20:26:24.407   594   636 W ActivityManager: Slow operation: 415ms so far, now at startProcess: done updating battery stats
02-01 20:26:24.407   594   636 W ActivityManager: Slow operation: 426ms so far, now at startProcess: building log message
02-01 20:26:24.407   594   636 W ActivityManager: Slow operation: 426ms so far, now at startProcess: starting to update pids map
02-01 20:26:24.414   594   636 W ActivityManager: Slow operation: 432ms so far, now at startProcess: done updating pids map
02-01 20:26:24.422   853   853 W SystemUIService: Initialization of com.android.systemui.communal.CommunalSceneStartable took 2305 ms
02-01 20:26:24.460   594   594 W Looper  : Slow dispatch took 310ms main h=android.app.ActivityThread$H c=android.app.LoadedApk$ReceiverDispatcher$Args$$ExternalSyntheticLambda0@37a9cdb m=0
02-01 20:26:24.481  1487  1487 W .gms.persistent: Unexpected CPU variant for x86: x86_64.
02-01 20:26:24.481  1487  1487 W .gms.persistent: Known variants: atom, sandybridge, silvermont, goldmont, goldmont-plus, goldmont-without-sha-xsaves, tremont, kabylake, default
02-01 20:26:24.493  1487  1487 E .gms.persistent: Not starting debugger since process cannot load the jdwp agent.
02-01 20:26:24.561   926   926 W BluetoothMediaBrowserService: getContents(id=__ROOT__): AVRCP Controller Service not ready
02-01 20:26:24.673  1491  1491 E Parcel  : Reading a NULL string not supported here.
02-01 20:26:24.761   594   594 W Looper  : Slow dispatch took 286ms main h=android.app.ActivityThread$H c=android.app.LoadedApk$ReceiverDispatcher$Args$$ExternalSyntheticLambda0@ddbf416 m=0
02-01 20:26:24.769   594  1342 W AppSearchIcing: integer-index.cc:215: Failed to persist integer index to disk while destructing /data/system_ce/0/appsearch/icing/integer_index_dir
02-01 20:26:24.797   594  1278 W ActivityManager: Slow operation: 56ms so far, now at attachApplicationLocked: before bindApplication
02-01 20:26:24.801   594  1278 W ActivityManager: Slow operation: 60ms so far, now at attachApplicationLocked: immediately before bindApplication
02-01 20:26:24.885  1491  1491 E IPCThreadState: Binder transaction failure. id: 43764, BR_*: 29201, error: -1 (Operation not permitted)
02-01 20:26:24.857  1491  1491 W service : type=1400 audit(0.0:30): avc:  denied  { call } for  scontext=u:r:shell:s0 tcontext=u:r:hal_authsecret_default:s0 tclass=binder permissive=0
02-01 20:26:24.905   594  1278 W ActivityManager: Slow operation: 164ms so far, now at attachApplicationLocked: immediately after bindApplication
02-01 20:26:24.905   594  1278 W ActivityManager: Slow operation: 164ms so far, now at attachApplicationLocked: after updateLruProcessLocked
02-01 20:26:24.918   594  1278 W ActivityManager: Slow operation: 177ms so far, now at attachApplicationLocked: after updateOomAdjLocked
02-01 20:26:24.909  1491  1491 E IPCThreadState: Binder transaction failure. id: 43804, BR_*: 29201, error: -1 (Operation not permitted)
02-01 20:26:24.893  1491  1491 W service : type=1400 audit(0.0:31): avc:  denied  { call } for  scontext=u:r:shell:s0 tcontext=u:r:hal_face_default:s0 tclass=binder permissive=0
02-01 20:26:24.921  1491  1491 W service : type=1400 audit(0.0:32): avc:  denied  { call } for  scontext=u:r:shell:s0 tcontext=u:r:hal_fingerprint_default:s0 tclass=binder permissive=0
02-01 20:26:24.950  1491  1491 E IPCThreadState: Binder transaction failure. id: 43844, BR_*: 29201, error: -1 (Operation not permitted)
02-01 20:26:24.964  1491  1491 E IPCThreadState: Binder transaction failure. id: 43893, BR_*: 29201, error: -1 (Operation not permitted)
02-01 20:26:24.961  1491  1491 W service : type=1400 audit(0.0:33): avc:  denied  { call } for  scontext=u:r:shell:s0 tcontext=u:r:hal_bluetooth_default:s0 tclass=binder permissive=0
02-01 20:26:24.999  1491  1491 E IPCThreadState: Binder transaction failure. id: 43910, BR_*: 29201, error: -1 (Operation not permitted)
02-01 20:26:25.000   594   594 W Looper  : Slow dispatch took 239ms main h=android.app.ActivityThread$H c=android.app.LoadedApk$ReceiverDispatcher$Args$$ExternalSyntheticLambda0@4164e6f m=0
02-01 20:26:24.981  1491  1491 W service : type=1400 audit(0.0:34): avc:  denied  { call } for  scontext=u:r:shell:s0 tcontext=u:r:hal_audio_default:s0 tclass=binder permissive=0
02-01 20:26:25.017  1491  1491 E IPCThreadState: Binder transaction failure. id: 43940, BR_*: 29201, error: -1 (Operation not permitted)
02-01 20:26:25.022  1491  1491 E IPCThreadState: Binder transaction failure. id: 43965, BR_*: 29201, error: -1 (Operation not permitted)
02-01 20:26:25.039   926   926 E MediaBrowser: onConnectFailed for ComponentInfo{com.android.music/com.android.music.MediaPlaybackService}
02-01 20:26:25.042  1491  1491 E IPCThreadState: Binder transaction failure. id: 43986, BR_*: 29201, error: -1 (Operation not permitted)
02-01 20:26:25.058  1491  1491 E IPCThreadState: Binder transaction failure. id: 44010, BR_*: 29201, error: -1 (Operation not permitted)
02-01 20:26:25.063  1491  1491 E IPCThreadState: Binder transaction failure. id: 44020, BR_*: 29201, error: -1 (Operation not permitted)
02-01 20:26:25.065  1491  1491 E IPCThreadState: Binder transaction failure. id: 44024, BR_*: 29201, error: -1 (Operation not permitted)
02-01 20:26:25.072  1491  1491 E IPCThreadState: Binder transaction failure. id: 44029, BR_*: 29201, error: -1 (Operation not permitted)
02-01 20:26:25.078  1491  1491 E IPCThreadState: Binder transaction failure. id: 44041, BR_*: 29201, error: -1 (Operation not permitted)
02-01 20:26:25.116   971   971 W nsconfig: com.android.phone: New config does not match the previously set config.
02-01 20:26:25.125   594   594 W Looper  : Slow dispatch took 124ms main h=android.app.ActivityThread$H c=android.app.LoadedApk$ReceiverDispatcher$Args$$ExternalSyntheticLambda0@756047b m=0
