--------- beginning of main
02-01 20:25:18.368   174   174 W linker  : Warning: failed to find generated linker configuration from "/linkerconfig/ld.config.txt"
02-01 20:25:18.389   175   175 W linker  : Warning: failed to find generated linker configuration from "/linkerconfig/ld.config.txt"
02-01 20:25:11.384   171   171 W auditd  : type=2000 audit(0.0:1): state=initialized audit_enabled=0 res=1
02-01 20:25:16.617   171   171 W auditd  : type=1403 audit(0.0:2): auid=4294967295 ses=4294967295 lsm=selinux res=1
02-01 20:25:16.621   171   171 W auditd  : type=1404 audit(0.0:3): enforcing=1 old_enforcing=0 auid=4294967295 ses=4294967295 enabled=1 old-enabled=1 lsm=selinux res=1
02-01 20:25:16.773     1     1 W /system/bin/init: type=1107 audit(0.0:4): uid=0 auid=4294967295 ses=4294967295 subj=u:r:init:s0 msg='avc:  denied  { set } for property=persist.sys.usb.config pid=1 uid=0 gid=0 scontext=u:r:vendor_init:s0 tcontext=u:object_r:system_prop:s0 tclass=property_service permissive=0'
02-01 20:25:18.513   186   186 W qemu-props: could not open '/sys/class/virtio-ports/vport8p0/name'
02-01 20:25:18.514   186   186 W qemu-props: could not open '/sys/class/virtio-ports/vport8p1/name'
--------- beginning of system
02-01 20:25:19.322   189   189 E vold    : Error getting bootctrl v1.0 module.
02-01 20:25:21.046   189   189 W vold    : [libfs_mgr] Reserved blocks 32768 is too large; capping to 31457
02-01 20:25:21.085   174   207 W libc    : Unable to set property "ctl.interface_start" to "aidl/android.system.keystore2.IKeystoreService/default": PROP_ERROR_HANDLE_CONTROL_MESSAGE (0x20)
02-01 20:25:21.329   198   198 E keystore2: system/security/keystore2/src/maintenance.rs:203 - Call to earlyBootEnded failed for security level STRONGBOX: system/security/keystore2/src/maintenance.rs:178: getting keymint device.
02-01 20:25:21.329   198   198 E keystore2: system/security/keystore2/src/error.rs:171 - system/security/keystore2/src/maintenance.rs:178: getting keymint device
02-01 20:25:21.329   198   198 E keystore2: 
02-01 20:25:21.329   198   198 E keystore2: Caused by:
02-01 20:25:21.329   198   198 E keystore2:     0: system/security/keystore2/src/globals.rs:342: Cannot connect to Keymint
02-01 20:25:21.329   198   198 E keystore2:     1: system/security/keystore2/src/globals.rs:249: Trying to get Legacy wrapper. Attempt to get keystore compat service for security level r#STRONGBOX
02-01 20:25:21.329   198   198 E keystore2:     2: Error::Km(r#HARDWARE_TYPE_UNAVAILABLE)
02-01 20:25:21.329   189   189 E vold    : keystore2 Keystore earlyBootEnded returned service specific error: -68
02-01 20:25:23.962   375   375 W otapreopt_slot: Slot property empty.
02-01 20:25:25.468   385   385 E kcmdlinectrl: Failed to read from misc: failed to find /misc partition
02-01 20:25:25.725   383   383 E TcUtils : NLMSG_ERROR message return error: -2
02-01 20:25:25.727   383   383 E TcUtils : NLMSG_ERROR message return error: -2
02-01 20:25:25.727   383   383 E TcUtils : NLMSG_ERROR message return error: -2
02-01 20:25:25.727   383   383 E TcUtils : NLMSG_ERROR message return error: -2
02-01 20:25:25.727   383   383 E TcUtils : NLMSG_ERROR message return error: -2
02-01 20:25:25.727   383   383 E TcUtils : NLMSG_ERROR message return error: -2
02-01 20:25:25.727   383   383 E TcUtils : NLMSG_ERROR message return error: -2
02-01 20:25:25.727   383   383 E TcUtils : NLMSG_ERROR message return error: -2
02-01 20:25:25.727   383   383 E TcUtils : NLMSG_ERROR message return error: -2
02-01 20:25:25.727   383   383 E TcUtils : NLMSG_ERROR message return error: -2
02-01 20:25:25.727   383   383 E TcUtils : NLMSG_ERROR message return error: -2
02-01 20:25:25.727   383   383 E TcUtils : NLMSG_ERROR message return error: -2
02-01 20:25:25.728   383   383 E TcUtils : NLMSG_ERROR message return error: -2
02-01 20:25:25.728   383   383 E TcUtils : NLMSG_ERROR message return error: -2
02-01 20:25:25.728   383   383 E TcUtils : NLMSG_ERROR message return error: -2
02-01 20:25:25.728   383   383 E TcUtils : NLMSG_ERROR message return error: -2
02-01 20:25:25.876   402   402 E SensorsMultiHal: Failed to load subHal config file: /odm/etc/sensors/hals.conf
02-01 20:25:26.252   392   392 E LegacySupport: Could not get passthrough implementation for android.hardware.soundtrigger@2.3::ISoundTriggerHw/default.
02-01 20:25:26.253   392   392 E LegacySupport: Could not get passthrough implementation for android.hardware.soundtrigger@2.2::ISoundTriggerHw/default.
02-01 20:25:26.264   392   392 E LegacySupport: Could not get passthrough implementation for android.hardware.soundtrigger@2.1::ISoundTriggerHw/default.
02-01 20:25:26.269   392   392 E LegacySupport: Could not get passthrough implementation for android.hardware.soundtrigger@2.0::ISoundTriggerHw/default.
02-01 20:25:26.269   392   392 W audiohalservice: Could not register Soundtrigger API
02-01 20:25:26.269   392   392 E LegacySupport: Could not get passthrough implementation for android.hardware.bluetooth.audio@2.2::IBluetoothAudioProvidersFactory/default.
02-01 20:25:26.271   392   392 E LegacySupport: Could not get passthrough implementation for android.hardware.bluetooth.audio@2.1::IBluetoothAudioProvidersFactory/default.
02-01 20:25:26.272   392   392 E LegacySupport: Could not get passthrough implementation for android.hardware.bluetooth.audio@2.0::IBluetoothAudioProvidersFactory/default.
02-01 20:25:26.272   392   392 W audiohalservice: Could not register Bluetooth Audio API
02-01 20:25:26.272   392   392 E LegacySupport: Could not get passthrough implementation for android.hardware.bluetooth.a2dp@1.0::IBluetoothAudioOffload/default.
02-01 20:25:26.272   392   392 W audiohalservice: Could not register Bluetooth Audio Offload API
02-01 20:25:26.308   401   401 W android.hardware.media.c2@1.0-service-goldfish: Could not read additional policy file '/vendor/etc/seccomp_policy/codec2.vendor.ext.policy'
02-01 20:25:26.308   401   401 W android.hardware.media.c2@1.0-service-goldfish: libminijail[401]: failed to get path of fd 4: No such file or directory
02-01 20:25:26.309   401   401 W android.hardware.media.c2@1.0-service-goldfish: libminijail[401]: allowing syscall: socket
02-01 20:25:26.309   401   401 W android.hardware.media.c2@1.0-service-goldfish: libminijail[401]: allowing syscall: connect
02-01 20:25:26.309   401   401 W android.hardware.media.c2@1.0-service-goldfish: libminijail[401]: allowing syscall: fcntl
02-01 20:25:26.309   401   401 W android.hardware.media.c2@1.0-service-goldfish: libminijail[401]: allowing syscall: writev
02-01 20:25:26.309   401   401 W android.hardware.media.c2@1.0-service-goldfish: libminijail[401]: compile_file: <fd>(20): nonexistent syscall 'getuid32'
02-01 20:25:26.309   401   401 W android.hardware.media.c2@1.0-service-goldfish: libminijail[401]: compile_file: <fd>(26): nonexistent syscall 'mmap2'
02-01 20:25:26.309   401   401 W android.hardware.media.c2@1.0-service-goldfish: libminijail[401]: compile_file: <fd>(28): nonexistent syscall 'fstat64'
02-01 20:25:26.309   401   401 W android.hardware.media.c2@1.0-service-goldfish: libminijail[401]: compile_file: <fd>(30): nonexistent syscall 'stat64'
02-01 20:25:26.310   401   401 W android.hardware.media.c2@1.0-service-goldfish: libminijail[401]: compile_file: <fd>(31): nonexistent syscall 'statfs64'
02-01 20:25:26.310   401   401 W android.hardware.media.c2@1.0-service-goldfish: libminijail[401]: compile_file: <fd>(33): nonexistent syscall 'fstatat64'
02-01 20:25:26.310   401   401 W android.hardware.media.c2@1.0-service-goldfish: libminijail[401]: compile_file: <fd>(38): nonexistent syscall '_llseek'
02-01 20:25:26.310   401   401 W android.hardware.media.c2@1.0-service-goldfish: libminijail[401]: compile_file: <fd>(47): nonexistent syscall 'ugetrlimit'
02-01 20:25:26.310   401   401 W android.hardware.media.c2@1.0-service-goldfish: libminijail[401]: compile_file: <fd>(50): nonexistent syscall '_llseek'
02-01 20:25:26.310   401   401 W android.hardware.media.c2@1.0-service-goldfish: libminijail[401]: compile_file: <fd>(51): nonexistent syscall 'fstatfs64'
02-01 20:25:26.311   401   401 W android.hardware.media.c2@1.0-service-goldfish: libminijail[401]: compile_file: <fd>(63): nonexistent syscall 'ftruncate64'
02-01 20:25:26.311   401   401 W android.hardware.media.c2@1.0-service-goldfish: libminijail[401]: compile_file: <fd>(69): syscall gettid redefined here
02-01 20:25:26.311   401   401 W android.hardware.media.c2@1.0-service-goldfish: libminijail[401]: compile_file: <fd>(66): previous definition here
02-01 20:25:26.314   401   401 W android.hardware.media.c2@1.0-service-goldfish: libminijail[401]: compile_file: /system/etc/seccomp_policy/crash_dump.x86.policy(1): syscall read redefined here
02-01 20:25:26.314   401   401 W android.hardware.media.c2@1.0-service-goldfish: libminijail[401]: compile_file: <fd>(15): previous definition here
02-01 20:25:26.314   401   401 W android.hardware.media.c2@1.0-service-goldfish: libminijail[401]: compile_file: /system/etc/seccomp_policy/crash_dump.x86.policy(2): syscall write redefined here
02-01 20:25:26.314   401   401 W android.hardware.media.c2@1.0-service-goldfish: libminijail[401]: compile_file: <fd>(57): previous definition here
02-01 20:25:26.314   401   401 W android.hardware.media.c2@1.0-service-goldfish: libminijail[401]: compile_file: /system/etc/seccomp_policy/crash_dump.x86.policy(3): syscall exit redefined here
02-01 20:25:26.314   401   401 W android.hardware.media.c2@1.0-service-goldfish: libminijail[401]: compile_file: <fd>(44): previous definition here
02-01 20:25:26.314   401   401 W android.hardware.media.c2@1.0-service-goldfish: libminijail[401]: compile_file: /system/etc/seccomp_policy/crash_dump.x86.policy(4): syscall rt_sigreturn redefined here
02-01 20:25:26.314   401   401 W android.hardware.media.c2@1.0-service-goldfish: libminijail[401]: compile_file: <fd>(46): previous definition here
02-01 20:25:26.315   401   401 W android.hardware.media.c2@1.0-service-goldfish: libminijail[401]: compile_file: /system/etc/seccomp_policy/crash_dump.x86.policy(5): nonexistent syscall 'sigreturn'
02-01 20:25:26.315   401   401 W android.hardware.media.c2@1.0-service-goldfish: libminijail[401]: compile_file: /system/etc/seccomp_policy/crash_dump.x86.policy(6): syscall exit_group redefined here
02-01 20:25:26.315   401   401 W android.hardware.media.c2@1.0-service-goldfish: libminijail[401]: compile_file: <fd>(45): previous definition here
02-01 20:25:26.315   401   401 W android.hardware.media.c2@1.0-service-goldfish: libminijail[401]: compile_file: /system/etc/seccomp_policy/crash_dump.x86.policy(9): syscall futex redefined here
02-01 20:25:26.315   401   401 W android.hardware.media.c2@1.0-service-goldfish: libminijail[401]: compile_file: <fd>(35): previous definition here
02-01 20:25:26.315   401   401 W android.hardware.media.c2@1.0-service-goldfish: libminijail[401]: compile_file: /system/etc/seccomp_policy/crash_dump.x86.policy(11): syscall getpid redefined here
02-01 20:25:26.315   401   401 W android.hardware.media.c2@1.0-service-goldfish: libminijail[401]: compile_file: <fd>(68): previous definition here
02-01 20:25:26.315   401   401 W android.hardware.media.c2@1.0-service-goldfish: libminijail[401]: compile_file: /system/etc/seccomp_policy/crash_dump.x86.policy(12): syscall gettid redefined here
02-01 20:25:26.315   401   401 W android.hardware.media.c2@1.0-service-goldfish: libminijail[401]: compile_file: <fd>(66): previous definition here
02-01 20:25:26.315   401   401 W android.hardware.media.c2@1.0-service-goldfish: libminijail[401]: compile_file: /system/etc/seccomp_policy/crash_dump.x86.policy(15): syscall openat redefined here
02-01 20:25:26.315   401   401 W android.hardware.media.c2@1.0-service-goldfish: libminijail[401]: compile_file: <fd>(18): previous definition here
02-01 20:25:26.315   401   401 W android.hardware.media.c2@1.0-service-goldfish: libminijail[401]: compile_file: /system/etc/seccomp_policy/crash_dump.x86.policy(16): syscall dup redefined here
02-01 20:25:26.315   401   401 W android.hardware.media.c2@1.0-service-goldfish: libminijail[401]: compile_file: <fd>(55): previous definition here
02-01 20:25:26.315   401   401 W android.hardware.media.c2@1.0-service-goldfish: libminijail[401]: compile_file: /system/etc/seccomp_policy/crash_dump.x86.policy(17): syscall close redefined here
02-01 20:25:26.315   401   401 W android.hardware.media.c2@1.0-service-goldfish: libminijail[401]: compile_file: <fd>(25): previous definition here
02-01 20:25:26.315   401   401 W android.hardware.media.c2@1.0-service-goldfish: libminijail[401]: compile_file: /system/etc/seccomp_policy/crash_dump.x86.policy(18): syscall lseek redefined here
02-01 20:25:26.315   401   401 W android.hardware.media.c2@1.0-service-goldfish: libminijail[401]: compile_file: <fd>(39): previous definition here
02-01 20:25:26.315   401   401 W android.hardware.media.c2@1.0-service-goldfish: libminijail[401]: compile_file: /system/etc/seccomp_policy/crash_dump.x86.policy(20): syscall faccessat redefined here
02-01 20:25:26.316   401   401 W android.hardware.media.c2@1.0-service-goldfish: libminijail[401]: compile_file: <fd>(37): previous definition here
02-01 20:25:26.316   401   401 W android.hardware.media.c2@1.0-service-goldfish: libminijail[401]: compile_file: /system/etc/seccomp_policy/crash_dump.x86.policy(30): syscall prctl redefined here
02-01 20:25:26.316   401   401 W android.hardware.media.c2@1.0-service-goldfish: libminijail[401]: compile_file: <fd>(17): previous definition here
02-01 20:25:26.316   401   401 W android.hardware.media.c2@1.0-service-goldfish: libminijail[401]: compile_file: /system/etc/seccomp_policy/crash_dump.x86.policy(31): syscall madvise redefined here
02-01 20:25:26.316   401   401 W android.hardware.media.c2@1.0-service-goldfish: libminijail[401]: compile_file: <fd>(32): previous definition here
02-01 20:25:26.316   401   401 W android.hardware.media.c2@1.0-service-goldfish: libminijail[401]: compile_file: /system/etc/seccomp_policy/crash_dump.x86.policy(32): syscall mprotect redefined here
02-01 20:25:26.316   401   401 W android.hardware.media.c2@1.0-service-goldfish: libminijail[401]: compile_file: <fd>(16): previous definition here
02-01 20:25:26.316   401   401 W android.hardware.media.c2@1.0-service-goldfish: libminijail[401]: compile_file: /system/etc/seccomp_policy/crash_dump.x86.policy(33): syscall munmap redefined here
02-01 20:25:26.316   401   401 W android.hardware.media.c2@1.0-service-goldfish: libminijail[401]: compile_file: <fd>(36): previous definition here
02-01 20:25:26.316   401   401 W android.hardware.media.c2@1.0-service-goldfish: libminijail[401]: compile_file: /system/etc/seccomp_policy/crash_dump.x86.policy(34): nonexistent syscall 'getuid32'
02-01 20:25:26.316   401   401 W android.hardware.media.c2@1.0-service-goldfish: libminijail[401]: compile_file: /system/etc/seccomp_policy/crash_dump.x86.policy(35): nonexistent syscall 'fstat64'
02-01 20:25:26.316   401   401 W android.hardware.media.c2@1.0-service-goldfish: libminijail[401]: compile_file: /system/etc/seccomp_policy/crash_dump.x86.policy(36): nonexistent syscall 'mmap2'
02-01 20:25:26.316   401   401 W android.hardware.media.c2@1.0-service-goldfish: libminijail[401]: compile_file: /system/etc/seccomp_policy/crash_dump.x86.policy(37): nonexistent syscall 'geteuid32'
02-01 20:25:26.316   401   401 W android.hardware.media.c2@1.0-service-goldfish: libminijail[401]: compile_file: /system/etc/seccomp_policy/crash_dump.x86.policy(38): nonexistent syscall 'getgid32'
02-01 20:25:26.316   401   401 W android.hardware.media.c2@1.0-service-goldfish: libminijail[401]: compile_file: /system/etc/seccomp_policy/crash_dump.x86.policy(39): nonexistent syscall 'getegid32'
02-01 20:25:26.316   401   401 W android.hardware.media.c2@1.0-service-goldfish: libminijail[401]: compile_file: /system/etc/seccomp_policy/crash_dump.x86.policy(40): nonexistent syscall 'getgroups32'
02-01 20:25:26.316   401   401 W android.hardware.media.c2@1.0-service-goldfish: libminijail[401]: logging seccomp filter failures
02-01 20:25:26.317   401   401 W GoldfishComponentStore: created goldfish store 0x761493c551f0 reflector of param 0x761513c41368
02-01 20:25:26.329   401   401 E Codec2-FilterWrapper: plugin not OK: -19
02-01 20:25:26.391   392   392 E audiohalservice: Failed to dlopen android.hardware.audio.sounddose-vendor-impl.so: dlopen failed: library "android.hardware.audio.sounddose-vendor-impl.so" not found
02-01 20:25:26.391   392   392 W audiohalservice: createISoundDoseFactory() from android.hardware.audio.sounddose-vendor-impl failed
02-01 20:25:26.512   395   395 E GCH_CameraProvider: Initialize: HWL doesn't support vendor buffer allocation Function not implemented(-38)
02-01 20:25:26.665   455   455 E misctrl : Could not read misctrl message: failed to find /misc partition
02-01 20:25:26.666   455   455 E misctrl : Could not read reserved space: failed to find /misc partition
02-01 20:25:26.793     1     1 W init    : type=1400 audit(0.0:5): avc:  denied  { write } for  name="error_report_end" dev="tracefs" ino=2975 scontext=u:r:init:s0 tcontext=u:object_r:debugfs_bootreceiver_tracing:s0 tclass=dir permissive=0
02-01 20:25:27.210   452   452 W FactoryHal: hasAidlHalService android.hardware.audio.core.IModule/default: false
02-01 20:25:27.232   452   452 W FactoryHal: hasAidlHalService android.hardware.audio.effect.IFactory/default: false
02-01 20:25:27.311   480   480 E bootstat: Failed to read /metadata/bootstat/persist.sys.boot.reason: No such file or directory
02-01 20:25:27.313   480   480 E bootstat: Failed to unlink /metadata/bootstat/persist.sys.boot.reason: No such file or directory
02-01 20:25:27.399   452   452 W FactoryHal: hasAidlHalService android.hardware.audio.effect.IFactory/default: false
02-01 20:25:27.415   452   452 W FactoryHal: hasAidlHalService android.hardware.audio.core.IModule/default: false
02-01 20:25:27.460   452   452 W BatteryNotifier: batterystats service unavailable!
02-01 20:25:27.481     1     1 W init    : type=1400 audit(0.0:6): avc:  denied  { getattr } for  path="/system/bin/logcat" dev="dm-5" ino=15801750 scontext=u:r:init:s0 tcontext=u:object_r:logcat_exec:s0 tclass=file permissive=0
02-01 20:25:27.516   413   432 E RanchuHwc: start: failed to set Vsync thread priority: Invalid argument
02-01 20:25:27.536   490   490 E bt_vhci_forwarder: setTerminalRaw failed /dev/bluetooth0: Inappropriate ioctl for device
02-01 20:25:27.540   486   486 W perfetto:          service.cc:232 Started traced, listening on /dev/socket/traced_producer /dev/socket/traced_consumer
02-01 20:25:27.634   456   456 E HwcComposer: getOverlaySupport failed Status(-8, EX_SERVICE_SPECIFIC): '8: '
02-01 20:25:27.692   456   456 E HwcComposer: getPerFrameMetadataKeys failed Status(-8, EX_SERVICE_SPECIFIC): '8: '
02-01 20:25:27.817   456   521 W EventThread: Ignoring VSYNC request while display is disconnected
02-01 20:25:27.817   456   521 W EventThread: Ignoring VSYNC request while display is disconnected
02-01 20:25:27.829   456   522 W EventThread: Ignoring VSYNC request while display is disconnected
02-01 20:25:27.842   456   522 W EventThread: Ignoring VSYNC request while display is disconnected
02-01 20:25:27.865   456   456 E HidlServiceManagement: Service android.frameworks.displayservice@1.0::IDisplayService/default must be in VINTF manifest in order to register/get.
02-01 20:25:27.867   456   456 E SurfaceFlinger: Did not register (deprecated) IDisplayService service.
02-01 20:25:27.894   456   526 W SurfaceFlinger: Failed to set thread name on dispatch thread
02-01 20:25:28.222   500   500 W mediaextractor: Could not read additional policy file '/vendor/etc/seccomp_policy/mediaextractor.policy'
02-01 20:25:28.222   500   500 W mediaextractor: libminijail[500]: failed to get path of fd 4: No such file or directory
02-01 20:25:28.223   500   500 W mediaextractor: libminijail[500]: allowing syscall: socket
02-01 20:25:28.223   500   500 W mediaextractor: libminijail[500]: allowing syscall: connect
02-01 20:25:28.223   500   500 W mediaextractor: libminijail[500]: allowing syscall: fcntl
02-01 20:25:28.223   500   500 W mediaextractor: libminijail[500]: allowing syscall: writev
02-01 20:25:28.223   500   500 W mediaextractor: libminijail[500]: compile_file: <fd>(48): syscall readlinkat redefined here
02-01 20:25:28.223   500   500 W mediaextractor: libminijail[500]: compile_file: <fd>(43): previous definition here
02-01 20:25:28.223   500   500 W mediaextractor: libminijail[500]: compile_file: <fd>(54): syscall gettid redefined here
02-01 20:25:28.223   500   500 W mediaextractor: libminijail[500]: compile_file: <fd>(51): previous definition here
02-01 20:25:28.224   500   500 W mediaextractor: libminijail[500]: compile_file: /apex/com.android.media/etc/seccomp_policy/crash_dump.x86_64.policy(1): syscall read redefined here
02-01 20:25:28.224   500   500 W mediaextractor: libminijail[500]: compile_file: <fd>(19): previous definition here
02-01 20:25:28.224   500   500 W mediaextractor: libminijail[500]: compile_file: /apex/com.android.media/etc/seccomp_policy/crash_dump.x86_64.policy(2): syscall write redefined here
02-01 20:25:28.224   500   500 W mediaextractor: libminijail[500]: compile_file: <fd>(6): previous definition here
02-01 20:25:28.224   500   500 W mediaextractor: libminijail[500]: compile_file: /apex/com.android.media/etc/seccomp_policy/crash_dump.x86_64.policy(3): syscall exit redefined here
02-01 20:25:28.224   500   500 W mediaextractor: libminijail[500]: compile_file: <fd>(29): previous definition here
02-01 20:25:28.224   500   500 W mediaextractor: libminijail[500]: compile_file: /apex/com.android.media/etc/seccomp_policy/crash_dump.x86_64.policy(4): syscall rt_sigreturn redefined here
02-01 20:25:28.224   500   500 W mediaextractor: libminijail[500]: compile_file: <fd>(31): previous definition here
02-01 20:25:28.224   500   500 W mediaextractor: libminijail[500]: compile_file: /apex/com.android.media/etc/seccomp_policy/crash_dump.x86_64.policy(5): syscall exit_group redefined here
02-01 20:25:28.224   500   500 W mediaextractor: libminijail[500]: compile_file: <fd>(30): previous definition here
02-01 20:25:28.224   500   500 W mediaextractor: libminijail[500]: compile_file: /apex/com.android.media/etc/seccomp_policy/crash_dump.x86_64.policy(6): syscall clock_gettime redefined here
02-01 20:25:28.224   500   500 W mediaextractor: libminijail[500]: compile_file: <fd>(15): previous definition here
02-01 20:25:28.224   500   500 W mediaextractor: libminijail[500]: compile_file: /apex/com.android.media/etc/seccomp_policy/crash_dump.x86_64.policy(8): syscall futex redefined here
02-01 20:25:28.224   500   500 W mediaextractor: libminijail[500]: compile_file: <fd>(4): previous definition here
02-01 20:25:28.224   500   500 W mediaextractor: libminijail[500]: compile_file: /apex/com.android.media/etc/seccomp_policy/crash_dump.x86_64.policy(9): syscall getrandom redefined here
02-01 20:25:28.225   500   500 W mediaextractor: libminijail[500]: compile_file: <fd>(36): previous definition here
02-01 20:25:28.225   500   500 W mediaextractor: libminijail[500]: compile_file: /apex/com.android.media/etc/seccomp_policy/crash_dump.x86_64.policy(10): syscall getpid redefined here
02-01 20:25:28.225   500   500 W mediaextractor: libminijail[500]: compile_file: <fd>(53): previous definition here
02-01 20:25:28.225   500   500 W mediaextractor: libminijail[500]: compile_file: /apex/com.android.media/etc/seccomp_policy/crash_dump.x86_64.policy(11): syscall gettid redefined here
02-01 20:25:28.225   500   500 W mediaextractor: libminijail[500]: compile_file: <fd>(51): previous definition here
02-01 20:25:28.225   500   500 W mediaextractor: libminijail[500]: compile_file: /apex/com.android.media/etc/seccomp_policy/crash_dump.x86_64.policy(14): syscall openat redefined here
02-01 20:25:28.225   500   500 W mediaextractor: libminijail[500]: compile_file: <fd>(13): previous definition here
02-01 20:25:28.225   500   500 W mediaextractor: libminijail[500]: compile_file: /apex/com.android.media/etc/seccomp_policy/crash_dump.x86_64.policy(15): syscall dup redefined here
02-01 20:25:28.225   500   500 W mediaextractor: libminijail[500]: compile_file: <fd>(9): previous definition here
02-01 20:25:28.225   500   500 W mediaextractor: libminijail[500]: compile_file: /apex/com.android.media/etc/seccomp_policy/crash_dump.x86_64.policy(16): syscall close redefined here
02-01 20:25:28.225   500   500 W mediaextractor: libminijail[500]: compile_file: <fd>(8): previous definition here
02-01 20:25:28.225   500   500 W mediaextractor: libminijail[500]: compile_file: /apex/com.android.media/etc/seccomp_policy/crash_dump.x86_64.policy(17): syscall lseek redefined here
02-01 20:25:28.225   500   500 W mediaextractor: libminijail[500]: compile_file: <fd>(20): previous definition here
02-01 20:25:28.225   500   500 W mediaextractor: libminijail[500]: compile_file: /apex/com.android.media/etc/seccomp_policy/crash_dump.x86_64.policy(18): syscall getdents64 redefined here
02-01 20:25:28.225   500   500 W mediaextractor: libminijail[500]: compile_file: <fd>(42): previous definition here
02-01 20:25:28.225   500   500 W mediaextractor: libminijail[500]: compile_file: /apex/com.android.media/etc/seccomp_policy/crash_dump.x86_64.policy(19): syscall faccessat redefined here
02-01 20:25:28.225   500   500 W mediaextractor: libminijail[500]: compile_file: <fd>(32): previous definition here
02-01 20:25:28.225   500   500 W mediaextractor: libminijail[500]: compile_file: /apex/com.android.media/etc/seccomp_policy/crash_dump.x86_64.policy(29): syscall prctl redefined here
02-01 20:25:28.225   500   500 W mediaextractor: libminijail[500]: compile_file: <fd>(5): previous definition here
02-01 20:25:28.225   500   500 W mediaextractor: libminijail[500]: compile_file: /apex/com.android.media/etc/seccomp_policy/crash_dump.x86_64.policy(30): syscall madvise redefined here
02-01 20:25:28.225   500   500 W mediaextractor: libminijail[500]: compile_file: <fd>(12): previous definition here
02-01 20:25:28.225   500   500 W mediaextractor: libminijail[500]: compile_file: /apex/com.android.media/etc/seccomp_policy/crash_dump.x86_64.policy(31): syscall mprotect redefined here
02-01 20:25:28.225   500   500 W mediaextractor: libminijail[500]: compile_file: <fd>(18): previous definition here
02-01 20:25:28.225   500   500 W mediaextractor: libminijail[500]: compile_file: /apex/com.android.media/etc/seccomp_policy/crash_dump.x86_64.policy(32): syscall munmap redefined here
02-01 20:25:28.225   500   500 W mediaextractor: libminijail[500]: compile_file: <fd>(10): previous definition here
02-01 20:25:28.226   500   500 W mediaextractor: libminijail[500]: compile_file: /apex/com.android.media/etc/seccomp_policy/crash_dump.x86_64.policy(33): syscall getuid redefined here
02-01 20:25:28.226   500   500 W mediaextractor: libminijail[500]: compile_file: <fd>(22): previous definition here
02-01 20:25:28.226   500   500 W mediaextractor: libminijail[500]: compile_file: /apex/com.android.media/etc/seccomp_policy/crash_dump.x86_64.policy(34): syscall fstat redefined here
02-01 20:25:28.226   500   500 W mediaextractor: libminijail[500]: compile_file: <fd>(25): previous definition here
02-01 20:25:28.226   500   500 W mediaextractor: libminijail[500]: compile_file: /apex/com.android.media/etc/seccomp_policy/crash_dump.x86_64.policy(35): syscall mmap redefined here
02-01 20:25:28.226   500   500 W mediaextractor: libminijail[500]: compile_file: <fd>(11): previous definition here
02-01 20:25:28.227   500   500 W mediaextractor: libminijail[500]: logging seccomp filter failures
02-01 20:25:28.541   452   452 E AudioFlinger: Function: getAudioPolicyConfig Line: 2493 Failed 
02-01 20:25:28.699   452   452 W APM::AudioPolicyEngine/Base: processParsingResult: No configuration of AUDIO_STREAM_CALL_ASSISTANT found, using default volume configuration
02-01 20:25:28.746   452   452 W DeviceHalHidl: getSoundDoseInterface service android.hardware.audio.sounddose.ISoundDoseFactory/default doesn't exist
02-01 20:25:28.746   452   452 W MelReporter: activateHalSoundDoseComputation: HAL cannot provide sound dose interface for module primary
02-01 20:25:28.746   452   452 W AudioFlinger: loadHwModule() sound dose reporting is not available
02-01 20:25:28.755   513   513 W mediaswcodec: Could not read additional policy file '/vendor/etc/seccomp_policy/mediaswcodec.policy'
02-01 20:25:28.755   513   513 W mediaswcodec: libminijail[513]: failed to get path of fd 4: No such file or directory
02-01 20:25:28.756   513   513 W mediaswcodec: libminijail[513]: allowing syscall: socket
02-01 20:25:28.756   513   513 W mediaswcodec: libminijail[513]: allowing syscall: connect
02-01 20:25:28.756   513   513 W mediaswcodec: libminijail[513]: allowing syscall: fcntl
02-01 20:25:28.756   513   513 W mediaswcodec: libminijail[513]: allowing syscall: writev
02-01 20:25:28.756   513   513 W mediaswcodec: libminijail[513]: compile_file: <fd>(20): nonexistent syscall 'getuid32'
02-01 20:25:28.756   513   513 W mediaswcodec: libminijail[513]: compile_file: <fd>(26): nonexistent syscall 'mmap2'
02-01 20:25:28.757   513   513 W mediaswcodec: libminijail[513]: compile_file: <fd>(28): nonexistent syscall 'fstat64'
02-01 20:25:28.757   513   513 W mediaswcodec: libminijail[513]: compile_file: <fd>(31): nonexistent syscall 'stat64'
02-01 20:25:28.757   513   513 W mediaswcodec: libminijail[513]: compile_file: <fd>(32): nonexistent syscall 'statfs64'
02-01 20:25:28.757   513   513 W mediaswcodec: libminijail[513]: compile_file: <fd>(34): nonexistent syscall 'fstatat64'
02-01 20:25:28.757   513   513 W mediaswcodec: libminijail[513]: compile_file: <fd>(39): nonexistent syscall '_llseek'
02-01 20:25:28.757   513   513 W mediaswcodec: libminijail[513]: compile_file: <fd>(48): nonexistent syscall 'ugetrlimit'
02-01 20:25:28.757   513   513 W mediaswcodec: libminijail[513]: compile_file: <fd>(51): nonexistent syscall '_llseek'
02-01 20:25:28.757   513   513 W mediaswcodec: libminijail[513]: compile_file: <fd>(52): nonexistent syscall 'fstatfs64'
02-01 20:25:28.757   513   513 W mediaswcodec: libminijail[513]: compile_file: <fd>(64): nonexistent syscall 'ftruncate64'
02-01 20:25:28.758   513   513 W mediaswcodec: libminijail[513]: compile_file: <fd>(70): syscall gettid redefined here
02-01 20:25:28.758   513   513 W mediaswcodec: libminijail[513]: compile_file: <fd>(67): previous definition here
02-01 20:25:28.758   513   513 W mediaswcodec: libminijail[513]: compile_file: /apex/com.android.media.swcodec/etc/seccomp_policy/crash_dump.x86_64.policy(1): syscall read redefined here
02-01 20:25:28.758   513   513 W mediaswcodec: libminijail[513]: compile_file: <fd>(15): previous definition here
02-01 20:25:28.758   513   513 W mediaswcodec: libminijail[513]: compile_file: /apex/com.android.media.swcodec/etc/seccomp_policy/crash_dump.x86_64.policy(2): syscall write redefined here
02-01 20:25:28.758   513   513 W mediaswcodec: libminijail[513]: compile_file: <fd>(58): previous definition here
02-01 20:25:28.758   513   513 W mediaswcodec: libminijail[513]: compile_file: /apex/com.android.media.swcodec/etc/seccomp_policy/crash_dump.x86_64.policy(3): syscall exit redefined here
02-01 20:25:28.759   513   513 W mediaswcodec: libminijail[513]: compile_file: <fd>(45): previous definition here
02-01 20:25:28.759   513   513 W mediaswcodec: libminijail[513]: compile_file: /apex/com.android.media.swcodec/etc/seccomp_policy/crash_dump.x86_64.policy(4): syscall rt_sigreturn redefined here
02-01 20:25:28.759   513   513 W mediaswcodec: libminijail[513]: compile_file: <fd>(47): previous definition here
02-01 20:25:28.759   513   513 W mediaswcodec: libminijail[513]: compile_file: /apex/com.android.media.swcodec/etc/seccomp_policy/crash_dump.x86_64.policy(5): syscall exit_group redefined here
02-01 20:25:28.759   513   513 W mediaswcodec: libminijail[513]: compile_file: <fd>(46): previous definition here
02-01 20:25:28.759   513   513 W mediaswcodec: libminijail[513]: compile_file: /apex/com.android.media.swcodec/etc/seccomp_policy/crash_dump.x86_64.policy(8): syscall futex redefined here
02-01 20:25:28.759   513   513 W mediaswcodec: libminijail[513]: compile_file: <fd>(36): previous definition here
02-01 20:25:28.759   513   513 W mediaswcodec: libminijail[513]: compile_file: /apex/com.android.media.swcodec/etc/seccomp_policy/crash_dump.x86_64.policy(10): syscall getpid redefined here
02-01 20:25:28.759   513   513 W mediaswcodec: libminijail[513]: compile_file: <fd>(69): previous definition here
02-01 20:25:28.759   513   513 W mediaswcodec: libminijail[513]: compile_file: /apex/com.android.media.swcodec/etc/seccomp_policy/crash_dump.x86_64.policy(11): syscall gettid redefined here
02-01 20:25:28.760   513   513 W mediaswcodec: libminijail[513]: compile_file: <fd>(67): previous definition here
02-01 20:25:28.760   513   513 W mediaswcodec: libminijail[513]: compile_file: /apex/com.android.media.swcodec/etc/seccomp_policy/crash_dump.x86_64.policy(14): syscall openat redefined here
02-01 20:25:28.760   513   513 W mediaswcodec: libminijail[513]: compile_file: <fd>(18): previous definition here
02-01 20:25:28.760   513   513 W mediaswcodec: libminijail[513]: compile_file: /apex/com.android.media.swcodec/etc/seccomp_policy/crash_dump.x86_64.policy(15): syscall dup redefined here
02-01 20:25:28.760   513   513 W mediaswcodec: libminijail[513]: compile_file: <fd>(56): previous definition here
02-01 20:25:28.760   513   513 W mediaswcodec: libminijail[513]: compile_file: /apex/com.android.media.swcodec/etc/seccomp_policy/crash_dump.x86_64.policy(16): syscall close redefined here
02-01 20:25:28.760   513   513 W mediaswcodec: libminijail[513]: compile_file: <fd>(25): previous definition here
02-01 20:25:28.760   513   513 W mediaswcodec: libminijail[513]: compile_file: /apex/com.android.media.swcodec/etc/seccomp_policy/crash_dump.x86_64.policy(17): syscall lseek redefined here
02-01 20:25:28.760   513   513 W mediaswcodec: libminijail[513]: compile_file: <fd>(40): previous definition here
02-01 20:25:28.761   513   513 W mediaswcodec: libminijail[513]: compile_file: /apex/com.android.media.swcodec/etc/seccomp_policy/crash_dump.x86_64.policy(19): syscall faccessat redefined here
02-01 20:25:28.761   513   513 W mediaswcodec: libminijail[513]: compile_file: <fd>(38): previous definition here
02-01 20:25:28.761   513   513 W mediaswcodec: libminijail[513]: compile_file: /apex/com.android.media.swcodec/etc/seccomp_policy/crash_dump.x86_64.policy(29): syscall prctl redefined here
02-01 20:25:28.761   513   513 W mediaswcodec: libminijail[513]: compile_file: <fd>(17): previous definition here
02-01 20:25:28.761   513   513 W mediaswcodec: libminijail[513]: compile_file: /apex/com.android.media.swcodec/etc/seccomp_policy/crash_dump.x86_64.policy(30): syscall madvise redefined here
02-01 20:25:28.762   513   513 W mediaswcodec: libminijail[513]: compile_file: <fd>(33): previous definition here
02-01 20:25:28.762   513   513 W mediaswcodec: libminijail[513]: compile_file: /apex/com.android.media.swcodec/etc/seccomp_policy/crash_dump.x86_64.policy(31): syscall mprotect redefined here
02-01 20:25:28.762   513   513 W mediaswcodec: libminijail[513]: compile_file: <fd>(16): previous definition here
02-01 20:25:28.762   513   513 W mediaswcodec: libminijail[513]: compile_file: /apex/com.android.media.swcodec/etc/seccomp_policy/crash_dump.x86_64.policy(32): syscall munmap redefined here
02-01 20:25:28.762   513   513 W mediaswcodec: libminijail[513]: compile_file: <fd>(37): previous definition here
02-01 20:25:28.762   513   513 W mediaswcodec: libminijail[513]: compile_file: /apex/com.android.media.swcodec/etc/seccomp_policy/crash_dump.x86_64.policy(33): syscall getuid redefined here
02-01 20:25:28.762   513   513 W mediaswcodec: libminijail[513]: compile_file: <fd>(21): previous definition here
02-01 20:25:28.762   513   513 W mediaswcodec: libminijail[513]: compile_file: /apex/com.android.media.swcodec/etc/seccomp_policy/crash_dump.x86_64.policy(34): syscall fstat redefined here
02-01 20:25:28.762   513   513 W mediaswcodec: libminijail[513]: compile_file: <fd>(29): previous definition here
02-01 20:25:28.762   513   513 W mediaswcodec: libminijail[513]: compile_file: /apex/com.android.media.swcodec/etc/seccomp_policy/crash_dump.x86_64.policy(35): syscall mmap redefined here
02-01 20:25:28.763   513   513 W mediaswcodec: libminijail[513]: compile_file: <fd>(27): previous definition here
02-01 20:25:28.763   513   513 W mediaswcodec: libminijail[513]: logging seccomp filter failures
02-01 20:25:28.825   452   452 W FactoryHal: hasAidlHalService android.hardware.audio.effect.IFactory/default: false
02-01 20:25:28.840   452   452 W FactoryHal: hasAidlHalService android.hardware.audio.core.IModule/default: false
02-01 20:25:28.909   452   551 W AudioFlinger: no wake lock to update, system not ready yet
02-01 20:25:28.915   392   392 E android.hardware.audio@7.1-impl.ranchu: getPresentationPosition:510 failure: Result::INVALID_STATE
02-01 20:25:28.921   452   452 E APM_AudioPolicyManager: invalid volume index range
02-01 20:25:28.921   452   452 E APM_AudioPolicyManager: invalid volume index range
02-01 20:25:28.921   452   452 E APM_AudioPolicyManager: invalid volume index range
02-01 20:25:28.921   452   452 E APM_AudioPolicyManager: invalid volume index range
02-01 20:25:28.921   452   452 E APM_AudioPolicyManager: invalid volume index range
02-01 20:25:28.921   452   452 E APM_AudioPolicyManager: invalid volume index range
02-01 20:25:28.921   452   452 E APM_AudioPolicyManager: invalid volume index range
02-01 20:25:28.943   452   551 W AudioFlinger: no wake lock to update, system not ready yet
02-01 20:25:28.948   452   452 E APM_AudioPolicyManager: invalid volume index range
02-01 20:25:28.948   452   452 E APM_AudioPolicyManager: invalid volume index range
02-01 20:25:28.948   452   452 E APM_AudioPolicyManager: invalid volume index range
02-01 20:25:28.948   452   452 E APM_AudioPolicyManager: invalid volume index range
02-01 20:25:28.952   452   452 W AudioFlinger: moveEffects() AUDIO_SESSION_OUTPUT_MIX not found in orphans, checking other mix
02-01 20:25:28.953   452   452 W AudioFlinger: moveEffects() bad srcIo 0
02-01 20:25:29.011   452   452 E APM_AudioPolicyManager: invalid volume index range
02-01 20:25:29.011   452   452 E APM_AudioPolicyManager: invalid volume index range
02-01 20:25:29.011   452   452 E APM_AudioPolicyManager: invalid volume index range
02-01 20:25:29.011   452   452 E APM_AudioPolicyManager: invalid volume index range
02-01 20:25:29.011   452   452 E APM_AudioPolicyManager: invalid volume index range
02-01 20:25:29.011   452   452 E APM_AudioPolicyManager: invalid volume index range
02-01 20:25:29.011   452   452 E APM_AudioPolicyManager: invalid volume index range
02-01 20:25:29.011   452   452 E APM_AudioPolicyManager: invalid volume index range
02-01 20:25:29.011   452   452 E APM_AudioPolicyManager: invalid volume index range
02-01 20:25:29.011   452   452 E APM_AudioPolicyManager: invalid volume index range
02-01 20:25:29.011   452   452 E APM_AudioPolicyManager: invalid volume index range
02-01 20:25:29.026   452   452 E APM_AudioPolicyManager: invalid volume index range
02-01 20:25:29.027   452   452 E APM_AudioPolicyManager: invalid volume index range
02-01 20:25:29.027   452   452 E APM_AudioPolicyManager: invalid volume index range
02-01 20:25:29.027   452   452 E APM_AudioPolicyManager: invalid volume index range
02-01 20:25:29.027   452   452 E APM_AudioPolicyManager: invalid volume index range
02-01 20:25:29.027   452   452 E APM_AudioPolicyManager: invalid volume index range
02-01 20:25:29.027   452   452 E APM_AudioPolicyManager: invalid volume index range
02-01 20:25:29.031   452   452 E APM_AudioPolicyManager: invalid volume index range
02-01 20:25:29.031   452   452 E APM_AudioPolicyManager: invalid volume index range
02-01 20:25:29.031   452   452 E APM_AudioPolicyManager: invalid volume index range
02-01 20:25:29.031   452   452 E APM_AudioPolicyManager: invalid volume index range
02-01 20:25:29.052   452   554 W AudioFlinger: no wake lock to update, system not ready yet
02-01 20:25:29.054   392   392 E android.hardware.audio@7.1-impl.ranchu: getPresentationPosition:510 failure: Result::INVALID_STATE
02-01 20:25:29.057   452   452 E APM_AudioPolicyManager: invalid volume index range
02-01 20:25:29.057   452   452 E APM_AudioPolicyManager: invalid volume index range
02-01 20:25:29.057   452   452 E APM_AudioPolicyManager: invalid volume index range
02-01 20:25:29.057   452   452 E APM_AudioPolicyManager: invalid volume index range
02-01 20:25:29.057   452   452 E APM_AudioPolicyManager: invalid volume index range
02-01 20:25:29.057   452   452 E APM_AudioPolicyManager: invalid volume index range
02-01 20:25:29.057   452   452 E APM_AudioPolicyManager: invalid volume index range
02-01 20:25:29.057   452   452 E APM_AudioPolicyManager: invalid volume index range
02-01 20:25:29.058   452   452 E APM_AudioPolicyManager: invalid volume index range
02-01 20:25:29.058   452   452 E APM_AudioPolicyManager: invalid volume index range
02-01 20:25:29.058   452   452 E APM_AudioPolicyManager: invalid volume index range
02-01 20:25:29.058   452   452 E APM_AudioPolicyManager: invalid volume index range
02-01 20:25:29.066   504   504 W BatteryNotifier: batterystats service unavailable!
02-01 20:25:29.066   504   504 W BatteryNotifier: batterystats service unavailable!
02-01 20:25:29.075   452   555 W AudioFlinger: no wake lock to update, system not ready yet
02-01 20:25:29.076   452   555 W AudioFlinger: no wake lock to update, system not ready yet
02-01 20:25:29.076   452   452 W libutils.threads: Thread (this=0x77b4c5471b88): getTid() is undefined before run()
02-01 20:25:29.080   452   558 W AudioFlinger: no wake lock to update, system not ready yet
02-01 20:25:29.081   452   558 W AudioFlinger: no wake lock to update, system not ready yet
02-01 20:25:29.081   452   452 W libutils.threads: Thread (this=0x77b4c5471b88): getTid() is undefined before run()
02-01 20:25:29.084   452   560 W AudioFlinger: no wake lock to update, system not ready yet
02-01 20:25:29.085   452   560 W AudioFlinger: no wake lock to update, system not ready yet
02-01 20:25:29.085   452   452 W libutils.threads: Thread (this=0x77b4c5471b88): getTid() is undefined before run()
02-01 20:25:29.093   452   452 W DeviceHalHidl: getSoundDoseInterface service android.hardware.audio.sounddose.ISoundDoseFactory/default doesn't exist
02-01 20:25:29.093   452   452 W MelReporter: activateHalSoundDoseComputation: HAL cannot provide sound dose interface for module r_submix
02-01 20:25:29.093   452   452 W AudioFlinger: loadHwModule() sound dose reporting is not available
02-01 20:25:29.110   452   562 W AudioFlinger: no wake lock to update, system not ready yet
02-01 20:25:29.118   452   562 W AudioFlinger: no wake lock to update, system not ready yet
02-01 20:25:29.139   452   452 W DeviceHalHidl: getSoundDoseInterface service android.hardware.audio.sounddose.ISoundDoseFactory/default doesn't exist
02-01 20:25:29.139   452   452 W MelReporter: activateHalSoundDoseComputation: HAL cannot provide sound dose interface for module bluetooth
02-01 20:25:29.139   452   452 W AudioFlinger: loadHwModule() sound dose reporting is not available
02-01 20:25:29.151   452   452 W FactoryHal: hasAidlHalService android.hardware.audio.effect.IFactory/default: false
02-01 20:25:29.157   452   452 W FactoryHal: hasAidlHalService android.hardware.audio.core.IModule/default: false
02-01 20:25:29.180   174   564 W libc    : Unable to set property "ctl.interface_start" to "aidl/activity": PROP_ERROR_HANDLE_CONTROL_MESSAGE (0x20)
02-01 20:25:29.343   492   492 W BatteryNotifier: batterystats service unavailable!
02-01 20:25:29.344   492   492 W BatteryNotifier: batterystats service unavailable!
02-01 20:25:29.372   492   492 W cameraserver: AIBinder_linkToDeath is being called with a non-null cookie and no onUnlink callback set. This might not be intended. AIBinder_DeathRecipient_setOnUnlinked should be called first.
02-01 20:25:29.372   492   492 W BpBinder: Linking to death on android.hardware.camera.provider.ICameraProvider but there are no threads (yet?) listening to incoming transactions. See ProcessState::startThreadPool and ProcessState::setThreadPoolMaxThreadCount. Generally you should setup the binder threadpool before other initialization steps.
02-01 20:25:29.385   395   441 W EmulatedCameraDeviceInfo: InitializeControlDefaults: No available post RAW boost! Setting default!
02-01 20:25:29.395   395   441 W GCH_HalVendorTags: ModifyCharacteristicsKeys: failed to get ANDROID_REQUEST_AVAILABLE_SESSION_KEYS
02-01 20:25:29.397   492   492 E CameraProviderManager: addDynamicDepthTags: Advertised depth exclusive tag but value is not present!
02-01 20:25:29.398   492   492 E cameraserver: AidlDeviceInfo3: Failed appending dynamic depth tags: Invalid argument (-22)
02-01 20:25:29.400   492   492 W CameraProviderManager: Camera provider android.hardware.camera.provider.ICameraProvider/internal/0 says an unknown camera device@1.1/internal/1 now has torch status 1. Curious.
02-01 20:25:29.401   395   441 W GCH_HalVendorTags: ModifyCharacteristicsKeys: failed to get ANDROID_REQUEST_AVAILABLE_SESSION_KEYS
02-01 20:25:29.401   395   441 W GCH_HalVendorTags: ModifyCharacteristicsKeys: failed to get ANDROID_REQUEST_AVAILABLE_SESSION_KEYS
02-01 20:25:29.408   492   492 W cameraserver: AIBinder_linkToDeath is being called with a non-null cookie and no onUnlink callback set. This might not be intended. AIBinder_DeathRecipient_setOnUnlinked should be called first.
02-01 20:25:29.408   492   492 W BpBinder: Linking to death on android.hardware.camera.provider.ICameraProvider but there are no threads (yet?) listening to incoming transactions. See ProcessState::startThreadPool and ProcessState::setThreadPoolMaxThreadCount. Generally you should setup the binder threadpool before other initialization steps.
02-01 20:25:29.415   492   492 W CameraProviderManager: tryToInitializeAidlProviderLocked: AIDL Camera provider HAL 'android.hardware.camera.provider.ICameraProvider/virtual/0' is not actually available
02-01 20:25:29.451   492   492 W CameraProviderManager: addAidlProviderLocked: Camera provider HAL with name 'android.hardware.camera.provider.ICameraProvider/internal/0' already registered
02-01 20:25:29.451   492   492 W CameraProviderManager: addAidlProviderLocked: Camera provider HAL with name 'android.hardware.camera.provider.ICameraProvider/internal/1' already registered
02-01 20:25:29.806   529   570 W emuglGLESv2_enc: error cap: 0xde1 is invalid
02-01 20:25:29.806   529   570 E emuglGLESv2_enc: hardware/google/gfxstream/guest/GLESv2_enc/GL2Encoder.cpp:s_glEnable:5047 GL error 0x500 condition [!GLESv2Validation::allowedEnable(ctx->majorVersion(), ctx->minorVersion(), what)]
02-01 20:25:30.175   452   452 W ServiceManagerCppClient: Waited one second for activity (is service started? Number of threads started in the threadpool: 16. Are binder threads started and available?)
02-01 20:25:30.190   174   573 W libc    : Unable to set property "ctl.interface_start" to "aidl/activity": PROP_ERROR_HANDLE_CONTROL_MESSAGE (0x20)
02-01 20:25:30.658   384   384 W zygote64: Unexpected CPU variant for x86: x86_64.
02-01 20:25:30.658   384   384 W zygote64: Known variants: atom, sandybridge, silvermont, goldmont, goldmont-plus, goldmont-without-sha-xsaves, tremont, kabylake, default
02-01 20:25:31.184   452   452 W ServiceManagerCppClient: Waited one second for activity (is service started? Number of threads started in the threadpool: 16. Are binder threads started and available?)
02-01 20:25:31.204   174   579 W libc    : Unable to set property "ctl.interface_start" to "aidl/activity": PROP_ERROR_HANDLE_CONTROL_MESSAGE (0x20)
02-01 20:25:32.144   384   384 W Zygote  : Class not found for preloading: android.app.PendingIntent$$ExternalSyntheticLambda3
02-01 20:25:32.197   452   452 W ServiceManagerCppClient: Waited one second for activity (is service started? Number of threads started in the threadpool: 16. Are binder threads started and available?)
02-01 20:25:32.225   174   581 W libc    : Unable to set property "ctl.interface_start" to "aidl/activity": PROP_ERROR_HANDLE_CONTROL_MESSAGE (0x20)
02-01 20:25:32.794   384   384 E ActivityRecognitionHardware: activity_recognition HAL is deprecated. class_init is effectively a no-op
02-01 20:25:33.261   452   452 W ServiceManagerCppClient: Waited one second for activity (is service started? Number of threads started in the threadpool: 16. Are binder threads started and available?)
02-01 20:25:33.262   507   507 W ServiceManagerCppClient: Service package_native didn't start. Returning NULL
02-01 20:25:33.262   507   507 E storaged: getService package_native failed
02-01 20:25:33.296   507   507 W BpBinder: Linking to death on android.hardware.health.IHealth but there are no threads (yet?) listening to incoming transactions. See ProcessState::startThreadPool and ProcessState::setThreadPoolMaxThreadCount. Generally you should setup the binder threadpool before other initialization steps.
02-01 20:25:33.310   174   582 W libc    : Unable to set property "ctl.interface_start" to "aidl/activity": PROP_ERROR_HANDLE_CONTROL_MESSAGE (0x20)
02-01 20:25:33.507   501   536 W ServiceManagerCppClient: Service package_native didn't start. Returning NULL
02-01 20:25:33.508   501   536 E ServiceUtilities: getInfo: Cannot find package_native
02-01 20:25:34.295   452   452 W ServiceManagerCppClient: Waited one second for activity (is service started? Number of threads started in the threadpool: 16. Are binder threads started and available?)
