01-28 00:46:46.678  4543  4543 I TileUtils: Vodafone ZM simlock is not supported
01-28 00:46:46.678  4543  4543 I TileUtils: Vodafone ZM simlock is not supported
01-28 00:46:46.694  1997  2168 I Finsky  : [3966] AIM: AppInfoManager-Perf > maybeDestroyAppInfoManager is called. actives = 1
01-28 00:46:46.697  4543  4543 W ndroid.setting: Unknown chunk type '200'.
01-28 00:46:46.697  4543  4543 I chatty  : uid=1000(system) com.android.settings identical 1 line
01-28 00:46:46.697  4543  4543 W ndroid.setting: Unknown chunk type '200'.
01-28 00:46:46.705  1334  1550 W ion.XOSLaunche: Unknown chunk type '200'.
01-28 00:46:46.706  1334  1550 I chatty  : uid=10100(com.transsion.XOSLauncher) launcher-loader identical 3 lines
01-28 00:46:46.707  1334  1550 W ion.XOSLaunche: Unknown chunk type '200'.
01-28 00:46:46.718  1997  2115 I Finsky  : [3949] [ContentSync] finished, scheduled=true
01-28 00:46:46.721  1009  1912 I ActivityManager: START u0 {act=android.intent.action.MAIN cat=[android.intent.category.LAUNCHER] flg=0x10000000 cmp=com.mindease/.MainActivity} from uid 2000
01-28 00:46:46.722  1997  2141 I Finsky  : [3960] SCH: Scheduling phonesky job Id: 12-1, CT: 1769543206107, Constraints: [{ L: 15000, D: 86400000, C: CHARGING_NONE, I: IDLE_NONE, N: NET_ANY, B: BATTERY_ANY }]
01-28 00:46:46.728  1009  1912 I GM_FreeformManager: stack: ActivityStack{773e614 stackId=55 type=standard mode=fullscreen visible=false translucent=true, 0 tasks},  lastAlwaysOnTopIndex: -1, res: 3, stackSize: 3
01-28 00:46:46.728  1997  2168 I Finsky  : [3966] SCH: Scheduling 1 system job(s)
01-28 00:46:46.729  1997  2168 I Finsky  : [3966] SCH: Scheduling system job Id: 9650, L: 14379, D: 60850642, C: false, I: false, N: 1
01-28 00:46:46.731  4543  4598 I ndroid.setting: The ClassLoaderContext is a special shared library.
01-28 00:46:46.737  1009  1912 I GM_FreeformManager: stack: ActivityStack{773e614 stackId=55 type=standard mode=fullscreen visible=false translucent=true, 1 tasks},  lastAlwaysOnTopIndex: -1, res: 3, stackSize: 3
01-28 00:46:46.739   432   456 I vendor.mediatek.hardware.power@2.0-impl: powerHintAsync hint:8, data:1
01-28 00:46:46.742  1009  1009 W Looper  : Drained
01-28 00:46:46.744  1009  1912 I PowerWrap: PowerHal_Wrap_mtkPowerHint
01-28 00:46:46.744  1009  1912 I PowerWrap: PowerHal_Wrap_mtkPowerHint
01-28 00:46:46.747  1009  5733 I PowerMonitorHookServer: stop app:com.android.settings
01-28 00:46:46.747  1009  5733 I PowerMonitorHookServer: start app:com.mindease
01-28 00:46:46.748  4543  4598 I System.out: port:80
01-28 00:46:46.751 31303  4628 I ADB_SERVICES: post waitpid (pid=4627) status=0000
01-28 00:46:46.751 31303 31303 I ADB_SERVICES: for fd 26, revents = 2011
01-28 00:46:46.751 31303 31303 I ADB_SERVICES: for fd 26, revents = 2011
01-28 00:46:46.754  1396  1516 I PowerMonitorNew: a whole scenario, scenario:com.transsion.XOSLauncher, start-stop:178395161-178418168,duration:23007, current:0, currentconvert4V:0,currentWoBL:0,consumecoul:0,batterytime:0, conpower:0,avgsignal:400,avgDatatype:0
01-28 00:46:46.754  1396  1516 I PowerMonitorNew: exitScenario not save scenario true
01-28 00:46:46.755  1396  1516 I PowerMonitorNew: enter scenario: com.mindease,start coul:-516
01-28 00:46:46.767 18387 30720 I Icing   : IndexChimeraService.getServiceInterface callingPackage=com.google.android.gms componentName=AppsCorpus serviceId=36
01-28 00:46:46.768   442   472 I BufferQueue: [unnamed-442-778](this:0x7485afb800,id:778,api:0,p:-1,c:-1) BufferQueue core=(442:/system/bin/surfaceflinger)
01-28 00:46:46.769   442   472 I BufferQueueConsumer: [unnamed-442-778](this:0x7485afb800,id:778,api:0,p:-1,c:442) connect(C): consumer=(442:/system/bin/surfaceflinger) controlledByApp=false
01-28 00:46:46.769   442   472 I BufferQueueConsumer: [unnamed-442-778](this:0x7485afb800,id:778,api:0,p:-1,c:442) setConsumerName: unnamed-442-778
01-28 00:46:46.769   442   472 I BufferQueueConsumer: [Splash Screen com.mindease#0](this:0x7485afb800,id:778,api:0,p:-1,c:442) setConsumerName: Splash Screen com.mindease#0
01-28 00:46:46.769   442   472 I BufferQueueConsumer: [Splash Screen com.mindease#0](this:0x7485afb800,id:778,api:0,p:-1,c:442) setDefaultBufferSize: width=720 height=1600
01-28 00:46:46.783   442   473 I BufferQueueProducer: [Splash Screen com.mindease#0](this:0x7485afb800,id:778,api:2,p:1009,c:442) connect(P): api=2 producer=(1009:system_server) producerControlledByApp=false
01-28 00:46:46.785  1997  2141 I Finsky  : [3960] [ContentSync] finished, scheduled=true
01-28 00:46:46.801  1009  1116 E WifiVendorHal: getWifiLinkLayerStats(l.937) failed {.code = ERROR_NOT_SUPPORTED, .description = }
01-28 00:46:46.819 18387 18398 I gle.android.gm: Background concurrent copying GC freed 1065(153KB) AllocSpace objects, 0(0B) LOS objects, 48% free, 25MB/49MB, paused 194us total 837.343ms
01-28 00:46:46.838 18387 30720 I Icing   : IndexChimeraService.getServiceInterface callingPackage=com.google.android.gms componentName=null serviceId=30
01-28 00:46:46.844 18387  4615 I Icing   : Usage reports ok 2, Failed Usage reports 0, indexed 0, rejected 0
01-28 00:46:46.868 18387  4615 I Icing   : Usage reports ok 0, Failed Usage reports 0, indexed 0, rejected 0
01-28 00:46:46.880 18387  4615 I Icing   : Indexing com.google.android.gms-apps from com.google.android.gms
01-28 00:46:46.942  4543  4634 I DeviceIndex: Skipping: device index is not enabled
01-28 00:46:46.946  1997  2081 I android.vendin: WaitForGcToComplete blocked ProfileSaver on HeapTrim for 849.804ms
01-28 00:46:46.947  4543  4618 W TileUtils: Found com.android.settings.backup.BackupSettingsActivity for intent Intent { act=com.android.settings.action.SETTINGS pkg=com.android.settings } missing metadata com.android.settings.category
01-28 00:46:46.947  4543  4618 W TileUtils: Found com.android.settings.Settings$WifiDisplaySettingsActivity for intent Intent { act=com.android.settings.action.SETTINGS pkg=com.android.settings } missing metadata com.android.settings.category
01-28 00:46:46.947  4543  4618 W TileUtils: Found com.android.settings.Settings$SimSettingsActivity for intent Intent { act=com.android.settings.action.SETTINGS pkg=com.android.settings } missing metadata com.android.settings.category
01-28 00:46:46.947  4543  4618 I TileUtils: Vodafone ZM simlock is not supported
01-28 00:46:46.947  4543  4618 I TileUtils: Vodafone ZM simlock is not supported
01-28 00:46:46.966  4543  4543 W ndroid.setting: Unknown chunk type '200'.
01-28 00:46:46.971 18387  4615 I Icing   : Indexing done com.google.android.gms-apps
01-28 00:46:46.976  4543  4618 E OperatorCustomizationFactoryLoader: can not find operatorFactoryInfo by slot id -1 from 
01-28 00:46:46.976  4543  4618 E OperatorCustomizationFactoryLoader: 0: OperatorFactoryInfo(OP01_null_null:OP01Settings.apk:com.mediatek.settings.op01.Op01SettingsCustomizationFactory:com.mediatek.settings.op01)
01-28 00:46:46.976  4543  4618 E OperatorCustomizationFactoryLoader: 1: OperatorFactoryInfo(OP02_null_null:OP02Settings.apk:com.mediatek.settings.op02.Op02SettingsCustomizationFactory:com.mediatek.settings.op02)
01-28 00:46:46.976  4543  4618 E OperatorCustomizationFactoryLoader: 2: OperatorFactoryInfo(OP03_null_SEGDEFAULT:OP03Settings.apk:com.mediatek.op03.settings.OP03SettingsCustomizationFactory:com.mediatek.op03.settings)
01-28 00:46:46.976  4543  4618 E OperatorCustomizationFactoryLoader: 3: OperatorFactoryInfo(OP06_null_SEGDEFAULT:OP06Settings.apk:com.mediatek.op06.settings.Op06SettingsCustomizationFactory:com.mediatek.op06.settings)
01-28 00:46:46.976  4543  4618 E OperatorCustomizationFactoryLoader: 4: OperatorFactoryInfo(OP07_null_SEGDEFAULT:OP07Settings.apk:com.mediatek.op07.settings.OP07SettingsCustomizationFactory:com.mediatek.op07.settings)
01-28 00:46:46.976  4543  4618 E OperatorCustomizationFactoryLoader: 5: OperatorFactoryInfo(OP08_null_SEGDEFAULT:OP08Settings.apk:com.mediatek.op08.settings.Op08SettingsCustomizationFactory:com.mediatek.op08.settings)
01-28 00:46:46.976  4543  4618 E OperatorCustomizationFactoryLoader: 6: OperatorFactoryInfo(OP09_null_SEGC:OP09ClibSettings.apk:com.mediatek.settings.op09clib.Op09ClibSettingsCustomizationFactory:com.mediatek.settings.op09clib)
01-28 00:46:46.976  4543  4618 E OperatorCustomizationFactoryLoader: 7: OperatorFactoryInfo(OP12_null_null:OP12Settings.apk:com.mediatek.op12.settings.Op12SettingsCustomizationFactory:com.mediatek.op12.settings)
01-28 00:46:46.976  4543  4618 E OperatorCustomizationFactoryLoader: 8: OperatorFactoryInfo(OP16_null_SEGDEFAULT:OP16Settings.apk:com.mediatek.op16.settings.Op16SettingsCustomizationFactory:com.mediatek.op16.settings)
01-28 00:46:46.976  4543  4618 E OperatorCustomizationFactoryLoader: 9: OperatorFactoryInfo(OP18_null_SEGDEFAULT:OP18Settings.apk:com.mediatek.op18.settings.OP18SettingsCustomizationFactory:com.mediatek.op18.settings)
01-28 00:46:46.984  1323  1323 E PhoneInterfaceManager: [PhoneIntfMgr] getAllowedCarriers: CommandException: com.android.internal.telephony.CommandException: REQUEST_NOT_SUPPORTED
01-28 00:46:46.989  1323  1323 E PhoneInterfaceManager: [PhoneIntfMgr] getAllowedCarriers: CommandException: com.android.internal.telephony.CommandException: REQUEST_NOT_SUPPORTED
01-28 00:46:46.993  4543  4543 W Settings: Setting bugreport_in_power_menu has moved from android.provider.Settings.Secure to android.provider.Settings.Global.
01-28 00:46:47.010  4543  4543 W ResolutionTunerAppList: Target file doesn't exist: /storage/emulated/0/Android/data/sf_resolution_tuner_app_list.xml
01-28 00:46:47.013  4543  4543 I SurfaceFactory: [static] sSurfaceFactory = com.mediatek.view.impl.SurfaceFactoryImpl@23a40b3
01-28 00:46:47.015  4543  4543 I TouchScreenHelperImpl: constructed in com.android.settings
01-28 00:46:47.018  4543  4543 I WindowManager: sTouchScreenHelper = com.transsion.view.TouchScreenHelperImpl@ff64670
01-28 00:46:47.026  1009  5733 I ProcessStatsService: Added stats: 2026-01-27-19-35-10, over +5h9m57s990ms
01-28 00:46:47.036  4543  4634 W android.os.Debug: Unable to open /sys/kernel/debug/shrinker: No such file or directory
01-28 00:46:47.036  4543  4634 W android.os.Debug: Unable to open /sys/kernel/debug/tracing/buffer_total_size_kb: Permission denied
01-28 00:46:47.036  4543  4634 E android.os.Debug: open dir: /d/ion/clients/.
01-28 00:46:47.037   442   473 I SurfaceFlinger: [SF client] NEW(0x7485f1dc80) for (1009:system_server)
01-28 00:46:47.041  4543  4634 W ProcStatsManager: No process com.zaz.translate/10040 for service com.google.android.datatransport.runtime.scheduling.jobscheduling.JobInfoSchedulerService
01-28 00:46:47.041  4543  4634 W ProcStatsManager: No process com.zaz.translate/10040 for service com.google.firebase.sessions.SessionLifecycleService
01-28 00:46:47.041  4543  4634 W ProcStatsManager: No process com.zaz.translate/10040 for service androidx.work.impl.background.systemjob.SystemJobService
01-28 00:46:47.041  4543  4634 W ProcStatsManager: No process com.google.android.googlequicksearchbox:googleapp/10028 for service com.google.android.libraries.notifications.platform.entrypoints.firebase.FirebaseMessagingServiceImpl
01-28 00:46:47.041  4543  4634 W ProcStatsManager: No process com.google.android.googlequicksearchbox:googleapp/10028 for service com.google.android.libraries.search.integrations.tiktok.RemoteWorkerService_googleapp
01-28 00:46:47.041  4543  4634 W ProcStatsManager: No process com.mediatek.schpwronoff/1000 for service com.mediatek.schpwronoff.AlarmReceiverService
01-28 00:46:47.041  4543  4634 W ProcStatsManager: No process com.google.android.apps.messaging/10074 for service com.google.android.apps.messaging.shared.datamodel.action.execution.ActionExecutorImpl$EmptyService
01-28 00:46:47.041  4543  4634 W ProcStatsManager: No process com.google.android.apps.messaging/10074 for service com.google.apps.tiktok.concurrent.AndroidFuturesService
01-28 00:46:47.041  4543  4634 W ProcStatsManager: No process com.google.android.apps.messaging/10074 for service com.google.android.apps.messaging.shared.datamodel.action.execution.ActionJobService
01-28 00:46:47.041  4543  4634 W ProcStatsManager: No process com.google.android.apps.messaging/10074 for service com.google.apps.tiktok.concurrent.InternalForegroundService
01-28 00:46:47.042  4543  4634 W ProcStatsManager: No process com.google.android.apps.messaging/10074 for service androidx.work.impl.background.systemjob.SystemJobService
01-28 00:46:47.042  4543  4634 W ProcStatsManager: No process com.android.vending:instant_app_installer/10033 for service com.google.android.finsky.instantapps.PhenotypeUpdateService
01-28 00:46:47.042  4543  4634 W ProcStatsManager: No process com.android.vending:instant_app_installer/10033 for service com.google.android.finsky.instantapps.InstantAppsSharedPreferencesService
01-28 00:46:47.042  4543  4634 W ProcStatsManager: No process com.android.vending:instant_app_installer/10033 for service com.google.android.finsky.instantapps.statussync.EnabledStatusSyncService
01-28 00:46:47.042  4543  4634 W ProcStatsManager: No process com.android.vending:instant_app_installer/10033 for service com.google.android.finsky.instantapps.hint.AppPreloadHygieneService
01-28 00:46:47.042  4543  4634 W ProcStatsManager: No process com.android.vending:instant_app_installer/10033 for service com.google.android.finsky.instantapps.dna.ArchivePrefetchService
01-28 00:46:47.042  4543  4634 W ProcStatsManager: No process com.transsion.powercenter/1000 for service com.transsion.powercenter.service.ScreenOffCleanService
01-28 00:46:47.042  4543  4634 W ProcStatsManager: No process com.transsion.powercenter/1000 for service com.transsion.powercenter.service.SyncDataService
01-28 00:46:47.042  4543  4634 W ProcStatsManager: No process com.transsion.powercenter/1000 for service com.transsion.powercenter.service.NetSpeedService
01-28 00:46:47.042  4543  4634 W ProcStatsManager: No process com.google.android.gm/10078 for service com.google.android.libraries.hub.firebase.FirebaseMessagingServiceImpl
01-28 00:46:47.042  4543  4634 W ProcStatsManager: No process com.google.android.gm/10078 for service androidx.work.impl.background.systemjob.SystemJobService
01-28 00:46:47.042  4543  4634 W ProcStatsManager: No process com.google.android.apps.tachyon/10079 for service com.google.android.apps.tachyon.call.service.CallService
01-28 00:46:47.042  4543  4634 W ProcStatsManager: No process com.google.android.apps.tachyon/10079 for service androidx.work.impl.background.systemjob.SystemJobService
01-28 00:46:47.042  4543  4634 W ProcStatsManager: No process com.mediatek.providers.drm/1000 for service com.mediatek.providers.drm.DrmSyncTimeService
01-28 00:46:47.042  4543  4634 W ProcStatsManager: No process com.google.android.apps.wellbeing/10045 for service androidx.work.impl.background.systemjob.SystemJobService
01-28 00:46:47.042  4543  4634 W ProcStatsManager: No process com.google.android.apps.maps/10116 for service androidx.work.impl.background.systemjob.SystemJobService
01-28 00:46:47.042  4543  4634 W ProcStatsManager: No process com.android.cellbroadcastreceiver/1000 for service com.android.cellbroadcastreceiver.CellBroadcastConfigService
01-28 00:46:47.042  4543  4634 W ProcStatsManager: No process com.android.keychain/1000 for service com.android.keychain.KeyChainService
01-28 00:46:47.042  4543  4634 W ProcStatsManager: No process com.android.chrome:sandboxed_process0/10028 for service org.chromium.content.app.SandboxedProcessService0
01-28 00:46:47.042  4543  4634 W ProcStatsManager: No process com.android.chrome:sandboxed_process1/10028 for service org.chromium.content.app.SandboxedProcessService1
01-28 00:46:47.042  4543  4634 W ProcStatsManager: No process com.android.chrome:sandboxed_process0/10034 for service org.chromium.content.app.SandboxedProcessService0
01-28 00:46:47.042  4543  4634 W ProcStatsManager: No process com.android.chrome:webview_apk/10062 for service org.chromium.android_webview.nonembedded.AwComponentUpdateService
01-28 00:46:47.042  4543  4634 W ProcStatsManager: No process com.android.chrome:webview_service/10062 for service org.chromium.android_webview.services.MetricsBridgeService
01-28 00:46:47.042  4543  4634 W ProcStatsManager: No process com.android.chrome:webview_service/10062 for service org.chromium.android_webview.services.AwVariationsSeedFetcher
01-28 00:46:47.042  4543  4634 W ProcStatsManager: No process com.android.chrome:webview_service/10062 for service org.chromium.android_webview.services.ComponentsProviderService
01-28 00:46:47.042  4543  4634 W ProcStatsManager: No process com.android.chrome/10062 for service org.chromium.chrome.browser.notifications.NotificationJobService
01-28 00:46:47.042  4543  4634 W ProcStatsManager: No process com.android.chrome:webview_service/10062 for service org.chromium.android_webview.services.VariationsSeedServer
01-28 00:46:47.042  4543  4634 W ProcStatsManager: No process com.android.chrome:sandboxed_process0/10062 for service org.chromium.content.app.SandboxedProcessService0
01-28 00:46:47.043  4543  4634 W ProcStatsManager: No process com.android.chrome:privileged_process0/10062 for service org.chromium.content.app.PrivilegedProcessService0
01-28 00:46:47.043  4543  4634 W ProcStatsManager: No process com.android.chrome/10062 for service org.chromium.chrome.browser.customtabs.CustomTabsConnectionService
01-28 00:46:47.043  4543  4634 W ProcStatsManager: No process com.android.chrome:sandboxed_process0/10100 for service org.chromium.content.app.SandboxedProcessService0
01-28 00:46:47.043  4543  4634 W ProcStatsManager: No process com.google.android.gms.ui/10013 for service com.google.android.gms.chimera.UiIntentOperationService
01-28 00:46:47.043  4543  4634 W ProcStatsManager: No process com.google.android.tts/10098 for service com.google.android.apps.speech.tts.googletts.service.GoogleTtsService
01-28 00:46:47.043  4543  4634 W ProcStatsManager: No process com.google.android.tts/10098 for service androidx.work.impl.background.systemjob.SystemJobService
01-28 00:46:47.043  4543  4634 W ProcStatsManager: No process com.transsion.phoenix/10118 for service com.google.android.datatransport.runtime.scheduling.jobscheduling.JobInfoSchedulerService
01-28 00:46:47.043  4543  4634 W ProcStatsManager: No process com.transsion.phoenix:service/10118 for service com.cloudview.daemon.way.job.ConfigDaemonJobSchedulerService
01-28 00:46:47.043  4543  4634 W ProcStatsManager: No process com.transsion.phoenix:service/10118 for service com.cloudview.push.channel.fcm.FcmMessageService
01-28 00:46:47.043  4543  4634 W ProcStatsManager: No process com.transsion.phoenix/10118 for service com.google.firebase.sessions.SessionLifecycleService
01-28 00:46:47.043  4543  4634 W ProcStatsManager: No process com.google.android.calendar/10085 for service androidx.work.impl.background.systemjob.SystemJobService
01-28 00:46:47.043  4543  4634 W ProcStatsManager: No process net.bat.store/10034 for service com.transsion.game.download.DownloadService
01-28 00:46:47.043  4543  4634 W ProcStatsManager: No process net.bat.store/10034 for service com.bytedance.sdk.openadsdk.multipro.aidl.BinderPoolService
01-28 00:46:47.043  4543  4634 W ProcStatsManager: No process net.bat.store/10034 for service com.google.firebase.sessions.SessionLifecycleService
01-28 00:46:47.043  4543  4634 W ProcStatsManager: No process com.transsion.keyguardgesture/1000 for service com.transsion.keyguardgesture.service.KeyguardGestureService
01-28 00:46:47.043  4543  4634 W ProcStatsManager: No process com.facebook.appmanager/10105 for service com.facebook.oxygen.appmanager.connectivity.ConnectivityCheckJobSchedulerService
01-28 00:46:47.043  4543  4634 W ProcStatsManager: No process com.facebook.appmanager/10105 for service com.facebook.oxygen.appmanager.phoenix.core.PhoenixService
01-28 00:46:47.043  4543  4634 W ProcStatsManager: No process com.facebook.appmanager/10105 for service com.facebook.preloads.platform.common.periodicwork.PeriodicWorkJobService
01-28 00:46:47.043  4543  4634 W ProcStatsManager: No process com.facebook.appmanager/10105 for service com.facebook.oxygen.common.jobqueue.JobQueueService
01-28 00:46:47.043  4543  4634 W ProcStatsManager: No process com.facebook.appmanager/10105 for service com.facebook.oxygen.appmanager.scheduler.schedulers.jobscheduler.JobSchedulerService
01-28 00:46:47.043  4543  4634 W ProcStatsManager: No process com.facebook.appmanager/10105 for service com.facebook.oxygen.appmanager.update.core.UpdateService
01-28 00:46:47.043  4543  4634 W ProcStatsManager: No process com.facebook.appmanager/10105 for service com.facebook.analytics2.logger.legacy.uploader.LollipopUploadService
01-28 00:46:47.048  1009  6040 I PowerWrap: PowerHal_Wrap_mtkPowerHint
01-28 00:46:47.049  1009  6040 I chatty  : uid=1000(system) Binder:1009_18 identical 2 lines
01-28 00:46:47.049  1009  6040 I PowerWrap: PowerHal_Wrap_mtkPowerHint
01-28 00:46:47.050   442   442 I SurfaceFlinger: [Built-in Screen (type:0)] fps:43.744652,dur:1165.86,max:250.33,min:15.42
01-28 00:46:47.070  1009  1031 I ActivityManager: Start proc 4637:com.mindease/u0a197 for activity com.mindease/.MainActivity
01-28 00:46:47.076  4637  4637 I com.mindease: Late-enabling -Xcheck:jni
01-28 00:46:47.089  1009  6040 I WindowManager: Relayout Window{ebb7e4b u0 com.android.settings/com.android.settings.Settings$DevelopmentSettingsDashboardActivity}: oldVis=4 newVis=0 focusMayChange = true
01-28 00:46:47.093   442   472 I BufferQueue: [unnamed-442-779](this:0x7485bc5800,id:779,api:0,p:-1,c:-1) BufferQueue core=(442:/system/bin/surfaceflinger)
01-28 00:46:47.093   442   472 I BufferQueueConsumer: [unnamed-442-779](this:0x7485bc5800,id:779,api:0,p:-1,c:442) connect(C): consumer=(442:/system/bin/surfaceflinger) controlledByApp=false
01-28 00:46:47.093   442   472 I BufferQueueConsumer: [unnamed-442-779](this:0x7485bc5800,id:779,api:0,p:-1,c:442) setConsumerName: unnamed-442-779
01-28 00:46:47.093   442   472 I BufferQueueConsumer: [com.android.settings/com.android.settings.Settings$DevelopmentSettingsDashboardActivity#0](this:0x7485bc5800,id:779,api:0,p:-1,c:442) setConsumerName: com.android.settings/com.android.settings.Settings$DevelopmentSettingsDashboardActivity#0
01-28 00:46:47.093   442   472 I BufferQueueConsumer: [com.android.settings/com.android.settings.Settings$DevelopmentSettingsDashboardActivity#0](this:0x7485bc5800,id:779,api:0,p:-1,c:442) setDefaultBufferSize: width=720 height=1600
01-28 00:46:47.108  4543  4635 I ConfigStore: android::hardware::configstore::V1_0::ISurfaceFlingerConfigs::hasWideColorDisplay retrieved: 0
01-28 00:46:47.108  4543  4635 I ConfigStore: android::hardware::configstore::V1_0::ISurfaceFlingerConfigs::hasHDRDisplay retrieved: 0
01-28 00:46:47.108  4543  4635 I OpenGLRenderer: Initialized EGL, version 1.4
01-28 00:46:47.120  4543  4598 I System.out: [OkHttp] sendRequest>>
01-28 00:46:47.120  4543  4598 I System.out: [OkHttp] sendRequest<<
01-28 00:46:47.140  4637  4637 E libc    : Access denied finding property "persist.vendor.sys.activitylog"
01-28 00:46:47.145   442   473 I BufferQueueProducer: [com.android.settings/com.android.settings.Settings$DevelopmentSettingsDashboardActivity#0](this:0x7485bc5800,id:779,api:1,p:4543,c:442) connect(P): api=1 producer=(4543:com.android.settings) producerControlledByApp=true
01-28 00:46:47.155   432   456 I vendor.mediatek.hardware.power@2.0-impl: notifyAppState pack:com.mindease, act:com.mindease.MainActivity, pid:4637, state:1
01-28 00:46:47.156   432   455 I libPowerHal: [perfNotifyAppState] foreground:com.mindease, pid:4637
01-28 00:46:47.170   442   442 I SurfaceFlinger: screenshot (Splash Screen com.android.settings#0)
01-28 00:46:47.200   442   442 I BufferQueueProducer: [FramebufferSurface](this:0x7485e6e000,id:0,api:1,p:442,c:442) queueBuffer: fps=0.57 dur=24378.46 max=24162.19 min=16.05
01-28 00:46:47.226  4543  4635 E ion     : ioctl c0044901 failed with code -1: Invalid argument
01-28 00:46:47.297  1009  1912 I PowerWrap: PowerHal_Wrap_mtkPowerHint
01-28 00:46:47.298  1009  1912 I PowerWrap: PowerHal_Wrap_querySysInfo
01-28 00:46:47.298  4543  4598 I System.out: [OkHttp] sendRequest>>
01-28 00:46:47.299  1009  1912 E PowerHalWrapper: <amsBoostStop> duration: 6000ms
01-28 00:46:47.299  1009  1912 I PowerWrap: PowerHal_Wrap_mtkPowerHint
01-28 00:46:47.299  1009  1912 I PowerWrap: PowerHal_Wrap_mtkPowerHint
01-28 00:46:47.299  4543  4598 I System.out: [OkHttp] sendRequest<<
01-28 00:46:47.336   442   672 I BufferQueueProducer: [StatusBar#0](this:0x74801e8000,id:4,api:1,p:1172,c:442) queueBuffer: fps=25.54 dur=1527.05 max=660.43 min=9.80
01-28 00:46:47.450   442   472 I BufferQueueProducer: [Splash Screen com.android.settings#0](this:0x7485b73800,id:777,api:2,p:1009,c:442) disconnect(P): api 2
01-28 00:46:47.451   442   472 W SurfaceFlinger: Attempting to set client state on removed layer: Splash Screen com.android.settings#0
01-28 00:46:47.451   442   472 W SurfaceFlinger: Attempting to destroy on removed layer: Splash Screen com.android.settings#0
01-28 00:46:47.462   442   442 I BufferQueueConsumer: [Splash Screen com.android.settings#0](this:0x7485b73800,id:777,api:2,p:-1,c:-1) disconnect(C)
01-28 00:46:47.462   442   442 I BufferQueue: [Splash Screen com.android.settings#0](this:0x7485b73800,id:777,api:2,p:-1,c:-1) ~BufferQueueCore
01-28 00:46:47.467  1009 11990 I OpenGLRenderer: Initialized EGL, version 1.4
01-28 00:46:47.467   442   472 I BufferQueueProducer: [com.android.settings/com.android.settings.Settings$DevelopmentSettingsDashboardActivity#0](this:0x7485bc5800,id:779,api:1,p:4543,c:442) disconnect(P): api 1
01-28 00:46:47.519  1009  1102 E MtkDataShapingUtils: Exception openLteGateByDataShaping  in java.lang.NullPointerException: null receiver
01-28 00:46:47.519  1009  1102 W System.err: java.lang.NullPointerException: null receiver
01-28 00:46:47.519  1009  1102 W System.err: 	at java.lang.reflect.Method.invoke(Native Method)
01-28 00:46:47.519  1009  1102 W System.err: 	at com.mediatek.server.MtkDataShaping.openLteGateByDataShaping(MtkDataShaping.java:36)
01-28 00:46:47.519  1009  1102 W System.err: 	at com.android.server.AlarmManagerService.deliverAlarmsLocked(AlarmManagerService.java:4113)
01-28 00:46:47.520  1009  1102 W System.err: 	at com.android.server.AlarmManagerService$AlarmThread.run(AlarmManagerService.java:4304)
01-28 00:46:48.049  4543  4598 I System.out: [OkHttp] sendRequest>>
01-28 00:46:48.049  4543  4598 I System.out: [OkHttp] sendRequest<<
01-28 00:46:48.104  1334  4483 I FA      : Application backgrounded at: timestamp_millis: 1769543206100
01-28 00:46:48.190  4543  4598 I System.out: [OkHttp] sendRequest>>
01-28 00:46:48.190  4543  4598 I System.out: [OkHttp] sendRequest<<
01-28 00:46:48.443  4637  4637 I LoadedApk: No resource references to update in package com.transsion.theme.icon
01-28 00:46:48.453  4637  4637 W com.mindease: Accessing hidden field Landroid/os/Trace;->TRACE_TAG_APP:J (light greylist, reflection)
01-28 00:46:48.454  4637  4637 W com.mindease: Accessing hidden method Landroid/os/Trace;->isTagEnabled(J)Z (light greylist, reflection)
01-28 00:46:48.497  4637  4637 W SoLoader: Initializing SoLoader: 0
01-28 00:46:48.502  4637  4637 W SoLoader: Recording new base apk path: /data/app/com.mindease-NaYtS-aqKlV6Cotw62To_g==/base.apk
01-28 00:46:48.502  4637  4637 W SoLoader: Previously recorded 0 base apk paths.
01-28 00:46:48.508  4637  4637 I SoLoader: Preparing SO source: DirectorySoSource[root = /vendor/lib64 flags = 2]
01-28 00:46:48.508  4637  4637 I SoLoader: Preparing SO source: DirectorySoSource[root = /system/lib64 flags = 2]
01-28 00:46:48.508  4637  4637 I SoLoader: Preparing SO source: DirectApkSoSource[root = [/data/app/com.mindease-NaYtS-aqKlV6Cotw62To_g==/base.apk!/lib/arm64-v8a]]
01-28 00:46:48.595  4637  4637 I SoLoader: Preparing SO source: ApplicationSoSource[DirectorySoSource[root = /data/app/com.mindease-NaYtS-aqKlV6Cotw62To_g==/lib/arm64 flags = 0]]
01-28 00:46:48.595  4637  4637 I SoLoader: init finish: 4 SO sources prepared
01-28 00:46:48.596  4637  4637 W SoLoader: SoLoader initialized: 8
01-28 00:46:48.638  4637  4637 W linker  : Warning: "/data/app/com.mindease-NaYtS-aqKlV6Cotw62To_g==/base.apk!/lib/arm64-v8a/libc++_shared.so" unused DT entry: unknown processor-specific (type 0x70000001 arg 0x0) (ignoring)
01-28 00:46:48.941  4637  4637 W com.mindease: Accessing hidden method Landroid/content/Context;->getOpPackageName()Ljava/lang/String; (light greylist, linking)
01-28 00:46:48.946  4637  4637 W com.mindease: Accessing hidden field Landroid/graphics/Insets;->left:I (light greylist, linking)
01-28 00:46:48.946  4637  4637 W com.mindease: Accessing hidden field Landroid/graphics/Insets;->top:I (light greylist, linking)
01-28 00:46:48.946  4637  4637 W com.mindease: Accessing hidden field Landroid/graphics/Insets;->right:I (light greylist, linking)
01-28 00:46:48.946  4637  4637 W com.mindease: Accessing hidden field Landroid/graphics/Insets;->bottom:I (light greylist, linking)
01-28 00:46:49.151  1872  1882 E pnpmgr  : open /dev/blkio/pnpmgr_bg/blkio.throttle.read_bps_device fail, errno:2
01-28 00:46:49.288  4637  4637 W com.mindease: Accessing hidden method Lcom/android/org/conscrypt/OpenSSLSocketImpl;->setUseSessionTickets(Z)V (light greylist, reflection)
01-28 00:46:49.288  4637  4637 W com.mindease: Accessing hidden method Lcom/android/org/conscrypt/OpenSSLSocketImpl;->setHostname(Ljava/lang/String;)V (light greylist, reflection)
01-28 00:46:49.288  4637  4637 W com.mindease: Accessing hidden method Lcom/android/org/conscrypt/OpenSSLSocketImpl;->getAlpnSelectedProtocol()[B (light greylist, reflection)
01-28 00:46:49.288  4637  4637 W com.mindease: Accessing hidden method Lcom/android/org/conscrypt/OpenSSLSocketImpl;->setAlpnProtocols([B)V (light greylist, reflection)
01-28 00:46:49.300  4637  4637 W com.mindease: Accessing hidden method Ldalvik/system/CloseGuard;->get()Ldalvik/system/CloseGuard; (light greylist, reflection)
01-28 00:46:49.300  4637  4637 W com.mindease: Accessing hidden method Ldalvik/system/CloseGuard;->open(Ljava/lang/String;)V (light greylist, reflection)
01-28 00:46:49.300  4637  4637 W com.mindease: Accessing hidden method Ldalvik/system/CloseGuard;->warnIfOpen()V (light greylist, reflection)
01-28 00:46:49.317   576  1093 I Accelerometer: batch: handle:0, flag:0,samplingPeriodNs:20000000 maxBatchReportLatencyNs:0

01-28 00:46:49.319   576  1093 I Accelerometer: flush, flushCnt:1
01-28 00:46:49.320   576   576 I Accelerometer: flush complete, flushCnt:0
01-28 00:46:49.429  4637  4668 I com.mindease: The ClassLoaderContext is a special shared library.
01-28 00:46:49.442  4637  4668 I System.out: port:8081
01-28 00:46:49.478  4637  4637 W unknown:BridgelessReact: ReactHost{0}.startSurface(surfaceId = 0): Schedule
01-28 00:46:49.479  4637  4637 W unknown:BridgelessReact: ReactHost{0}.attachSurface(surfaceId = 0)
01-28 00:46:49.482  4637  4672 W unknown:BridgelessReact: ReactHost{0}.getOrCreateReactInstanceTask()
01-28 00:46:49.483  4637  4672 W unknown:BridgelessReact: ReactHost{0}.getOrCreateReactInstanceTask(): Start
01-28 00:46:49.484  4637  4672 W unknown:BridgelessReact: ReactHost{0}.getJSBundleLoader()
01-28 00:46:49.484  4637  4672 W unknown:BridgelessReact: ReactHost{0}.isMetroRunning()
01-28 00:46:49.494  4637  4673 I System.out: port:8081
01-28 00:46:49.544  4637  4637 W com.mindease: Accessing hidden method Landroid/view/ViewGroup;->makeOptionalFitsSystemWindows()V (light greylist, reflection)
01-28 00:46:49.583  4637  4637 W unknown:BridgelessReact: ReactHost{0}.onHostResume(activity)
01-28 00:46:49.583  4637  4637 W unknown:ReactNative: Packager connection already open, nooping.
01-28 00:46:49.589  4637  4637 W ResolutionTunerAppList: Target file doesn't exist: /storage/emulated/0/Android/data/sf_resolution_tuner_app_list.xml
01-28 00:46:49.604  4637  4637 I SurfaceFactory: [static] sSurfaceFactory = com.mediatek.view.impl.SurfaceFactoryImpl@a08481c
01-28 00:46:49.607  4637  4637 I TouchScreenHelperImpl: constructed in com.mindease
01-28 00:46:49.612  4637  4637 I WindowManager: sTouchScreenHelper = com.transsion.view.TouchScreenHelperImpl@d276c25
01-28 00:46:49.623  1009  1912 E WindowManager: App trying to use insecure INPUT_FEATURE_NO_INPUT_CHANNEL flag. Ignoring
01-28 00:46:49.624   442   672 I SurfaceFlinger: [SF client] NEW(0x7485a23940) for (1009:system_server)
01-28 00:46:49.631  4637  4637 I Choreographer: Skipped 68 frames!  The application may be doing too much work on its main thread.
01-28 00:46:49.638  1396  1396 I ServiceWrapper: onEvent:Bundle[{package=com.mindease, pid=4637, uid=10197, type=skip_frame, category=1, class=.MainActivity, stamp=1769543209635, skipped=68}]
01-28 00:46:49.642   442   442 I SurfaceFlinger: [Built-in Screen (type:0)] fps:9.642388,dur:2592.72,max:2162.42,min:13.37
01-28 00:46:49.656  1009  1912 I WindowManager: Relayout Window{da65522 u0 com.mindease/com.mindease.MainActivity}: oldVis=4 newVis=0 focusMayChange = true
01-28 00:46:49.659   442   672 I BufferQueue: [unnamed-442-780](this:0x7485af7000,id:780,api:0,p:-1,c:-1) BufferQueue core=(442:/system/bin/surfaceflinger)
01-28 00:46:49.659   442   672 I BufferQueueConsumer: [unnamed-442-780](this:0x7485af7000,id:780,api:0,p:-1,c:442) connect(C): consumer=(442:/system/bin/surfaceflinger) controlledByApp=false
01-28 00:46:49.659   442   672 I BufferQueueConsumer: [unnamed-442-780](this:0x7485af7000,id:780,api:0,p:-1,c:442) setConsumerName: unnamed-442-780
01-28 00:46:49.659   442   672 I BufferQueueConsumer: [com.mindease/com.mindease.MainActivity#0](this:0x7485af7000,id:780,api:0,p:-1,c:442) setConsumerName: com.mindease/com.mindease.MainActivity#0
01-28 00:46:49.659   442   672 I BufferQueueConsumer: [com.mindease/com.mindease.MainActivity#0](this:0x7485af7000,id:780,api:0,p:-1,c:442) setDefaultBufferSize: width=720 height=1600
01-28 00:46:49.661  1009  1040 I WindowManager: Focus moving from null to Window{da65522 u0 com.mindease/com.mindease.MainActivity}
01-28 00:46:49.674  4637  4675 I ConfigStore: android::hardware::configstore::V1_0::ISurfaceFlingerConfigs::hasWideColorDisplay retrieved: 0
01-28 00:46:49.674  4637  4675 I ConfigStore: android::hardware::configstore::V1_0::ISurfaceFlingerConfigs::hasHDRDisplay retrieved: 0
01-28 00:46:49.674  4637  4675 I OpenGLRenderer: Initialized EGL, version 1.4
01-28 00:46:49.680   442   672 I BufferQueueProducer: [StatusBar#0](this:0x74801e8000,id:4,api:1,p:1172,c:442) queueBuffer: fps=3.41 dur=2344.62 max=2227.60 min=15.04
01-28 00:46:49.701  4637  4637 W RenderThread: type=1400 audit(0.0:68460): avc: denied { search } for name="battery" dev="sysfs" ino=6933 scontext=u:r:untrusted_app:s0:c197,c256,c512,c768 tcontext=u:object_r:sysfs_batteryinfo:s0 tclass=dir permissive=0
01-28 00:46:49.703   442   672 I BufferQueueProducer: [com.mindease/com.mindease.MainActivity#0](this:0x7485af7000,id:780,api:1,p:4637,c:442) connect(P): api=1 producer=(4637:com.mindease) producerControlledByApp=true
01-28 00:46:49.706  4637  4637 W unknown:BridgelessReact: ReactHost{0}.raiseSoftException(onWindowFocusChange(hasFocus = "true")): Tried to access onWindowFocusChange while context is not ready
01-28 00:46:49.709  4637  4637 E unknown:ReactHost: Unhandled SoftException
01-28 00:46:49.709  4637  4637 E unknown:ReactHost: com.facebook.react.bridge.ReactNoCrashSoftException: raiseSoftException(onWindowFocusChange(hasFocus = "true")): Tried to access onWindowFocusChange while context is not ready
01-28 00:46:49.709  4637  4637 E unknown:ReactHost: 	at com.facebook.react.runtime.ReactHostImpl.raiseSoftException(ReactHostImpl.kt:861)
01-28 00:46:49.709  4637  4637 E unknown:ReactHost: 	at com.facebook.react.runtime.ReactHostImpl.raiseSoftException$default(ReactHostImpl.kt:852)
01-28 00:46:49.709  4637  4637 E unknown:ReactHost: 	at com.facebook.react.runtime.ReactHostImpl.onWindowFocusChange(ReactHostImpl.kt:625)
01-28 00:46:49.709  4637  4637 E unknown:ReactHost: 	at com.facebook.react.ReactDelegate.onWindowFocusChanged(ReactDelegate.kt:232)
01-28 00:46:49.709  4637  4637 E unknown:ReactHost: 	at com.facebook.react.ReactActivityDelegate.onWindowFocusChanged(ReactActivityDelegate.java:237)
01-28 00:46:49.709  4637  4637 E unknown:ReactHost: 	at com.facebook.react.ReactActivity.onWindowFocusChanged(ReactActivity.java:158)
01-28 00:46:49.709  4637  4637 E unknown:ReactHost: 	at androidx.appcompat.view.WindowCallbackWrapper.onWindowFocusChanged(WindowCallbackWrapper.java:124)
01-28 00:46:49.709  4637  4637 E unknown:ReactHost: 	at com.android.internal.policy.DecorView.onWindowFocusChanged(DecorView.java:1523)
01-28 00:46:49.709  4637  4637 E unknown:ReactHost: 	at android.view.View.dispatchWindowFocusChanged(View.java:13249)
01-28 00:46:49.709  4637  4637 E unknown:ReactHost: 	at android.view.ViewGroup.dispatchWindowFocusChanged(ViewGroup.java:1461)
01-28 00:46:49.709  4637  4637 E unknown:ReactHost: 	at android.view.ViewRootImpl.handleWindowFocusChanged(ViewRootImpl.java:2741)
01-28 00:46:49.709  4637  4637 E unknown:ReactHost: 	at android.view.ViewRootImpl.access$1000(ViewRootImpl.java:145)
01-28 00:46:49.709  4637  4637 E unknown:ReactHost: 	at android.view.ViewRootImpl$ViewRootHandler.handleMessage(ViewRootImpl.java:4371)
01-28 00:46:49.709  4637  4637 E unknown:ReactHost: 	at android.os.Handler.dispatchMessage(Handler.java:106)
01-28 00:46:49.709  4637  4637 E unknown:ReactHost: 	at android.os.Looper.loop(Looper.java:193)
01-28 00:46:49.709  4637  4637 E unknown:ReactHost: 	at android.app.ActivityThread.main(ActivityThread.java:6819)
01-28 00:46:49.709  4637  4637 E unknown:ReactHost: 	at java.lang.reflect.Method.invoke(Native Method)
01-28 00:46:49.709  4637  4637 E unknown:ReactHost: 	at com.android.internal.os.RuntimeInit$MethodAndArgsCaller.run(RuntimeInit.java:497)
01-28 00:46:49.709  4637  4637 E unknown:ReactHost: 	at com.android.internal.os.ZygoteInit.main(ZygoteInit.java:912)
01-28 00:46:49.713  1161  1161 I GoogleInputMethodService: GoogleInputMethodService.onFinishInput():2092 
01-28 00:46:49.714  1161  1161 I Module  : DeviceLockedStatusModuleProvider$Module.updateDeviceLockedStatus():103 repeatCheckTimes = 0, locked = false
01-28 00:46:49.716  1161  1161 I GoogleInputMethodService: GoogleInputMethodService.onStartInput():1349 onStartInput(EditorInfo{EditorInfo{packageName=com.mindease, inputType=0, inputTypeString=NULL, enableLearning=false, autoCorrection=false, autoComplete=false, imeOptions=0, privateImeOptions=null, actionName=UNSPECIFIED, actionLabel=null, initialSelStart=-1, initialSelEnd=-1, initialCapsMode=0, label=null, fieldId=-1, fieldName=null, extras=null, hintText=null, hintLocales=[]}}, false)
01-28 00:46:49.717  1161  1161 I Module  : DeviceLockedStatusModuleProvider$Module.updateDeviceLockedStatus():103 repeatCheckTimes = 1, locked = false
01-28 00:46:49.722  4637  4675 E ion     : ioctl c0044901 failed with code -1: Invalid argument
01-28 00:46:49.761   432   456 I vendor.mediatek.hardware.power@2.0-impl: powerHintAsync hint:8, data:0
01-28 00:46:49.772  1009  1040 I ActivityManager: Displayed com.mindease/.MainActivity: +2s714ms (total +3s786ms)
01-28 00:46:49.773  1396  1513 I Policy  : handleException
01-28 00:46:49.802   442   442 I BufferQueueConsumer: [ZeroScreen#0](this:0x7485b8e800,id:776,api:1,p:-1,c:-1) disconnect(C)
01-28 00:46:49.802   442   442 I BufferQueueConsumer: [com.android.settings/com.android.settings.Settings$DevelopmentSettingsDashboardActivity#0](this:0x7485bc5800,id:779,api:1,p:-1,c:-1) disconnect(C)
01-28 00:46:49.802   442   442 I BufferQueueConsumer: [com.transsion.XOSLauncher/com.android.quickstep.src.com.android.launcher3.uioverrides.QuickstepLauncher#0](this:0x7485b72000,id:775,api:1,p:-1,c:-1) disconnect(C)
01-28 00:46:49.802   442   442 I BufferQueue: [com.transsion.XOSLauncher/com.android.quickstep.src.com.android.launcher3.uioverrides.QuickstepLauncher#0](this:0x7485b72000,id:775,api:1,p:-1,c:-1) ~BufferQueueCore
01-28 00:46:49.803   442   442 I BufferQueue: [ZeroScreen#0](this:0x7485b8e800,id:776,api:1,p:-1,c:-1) ~BufferQueueCore
01-28 00:46:49.803   442   442 I BufferQueue: [com.android.settings/com.android.settings.Settings$DevelopmentSettingsDashboardActivity#0](this:0x7485bc5800,id:779,api:1,p:-1,c:-1) ~BufferQueueCore
01-28 00:46:49.809  1009  1116 E WifiVendorHal: getWifiLinkLayerStats(l.937) failed {.code = ERROR_NOT_SUPPORTED, .description = }
01-28 00:46:49.943   442   672 I BufferQueueProducer: [Splash Screen com.mindease#0](this:0x7485afb800,id:778,api:2,p:1009,c:442) disconnect(P): api 2
01-28 00:46:49.944   442   672 W SurfaceFlinger: Attempting to set client state on removed layer: Splash Screen com.mindease#0
01-28 00:46:49.944   442   672 W SurfaceFlinger: Attempting to destroy on removed layer: Splash Screen com.mindease#0
01-28 00:46:49.956   442   442 I BufferQueueConsumer: [Splash Screen com.mindease#0](this:0x7485afb800,id:778,api:2,p:-1,c:-1) disconnect(C)
01-28 00:46:49.958   442   442 I BufferQueue: [Splash Screen com.mindease#0](this:0x7485afb800,id:778,api:2,p:-1,c:-1) ~BufferQueueCore
01-28 00:46:50.062  1009  1153 E TaskPersister: File error accessing recents directory (directory doesn't exist?).
01-28 00:46:50.086  4637  4637 W com.mindease: Accessing hidden method Landroid/os/Trace;->asyncTraceBegin(JLjava/lang/String;I)V (light greylist, reflection)
01-28 00:46:50.086  4637  4637 W com.mindease: Accessing hidden method Landroid/os/Trace;->asyncTraceEnd(JLjava/lang/String;I)V (light greylist, reflection)
01-28 00:46:50.086  4637  4637 W com.mindease: Accessing hidden method Landroid/os/Trace;->traceCounter(JLjava/lang/String;I)V (light greylist, reflection)
01-28 00:46:50.111  7456 19209 I FontLog : (REDACTED) Received query %s, URI %s
01-28 00:46:50.111  7456 19209 I FontLog : (REDACTED) Query [%s] resolved to %s
01-28 00:46:50.113  7456 19209 I FontLog : (REDACTED) Fetch %s end status %s
01-28 00:46:50.130  4637  4684 W com.mindease: Accessing hidden method Landroid/graphics/FontFamily;-><init>()V (light greylist, reflection)
01-28 00:46:50.130  4637  4684 W com.mindease: Accessing hidden method Landroid/graphics/FontFamily;->addFontFromAssetManager(Landroid/content/res/AssetManager;Ljava/lang/String;IZIII[Landroid/graphics/fonts/FontVariationAxis;)Z (light greylist, reflection)
01-28 00:46:50.130  4637  4684 W com.mindease: Accessing hidden method Landroid/graphics/FontFamily;->addFontFromBuffer(Ljava/nio/ByteBuffer;I[Landroid/graphics/fonts/FontVariationAxis;II)Z (light greylist, reflection)
01-28 00:46:50.130  4637  4684 W com.mindease: Accessing hidden method Landroid/graphics/FontFamily;->freeze()Z (light greylist, reflection)
01-28 00:46:50.130  4637  4684 W com.mindease: Accessing hidden method Landroid/graphics/FontFamily;->abortCreation()V (light greylist, reflection)
01-28 00:46:50.131  4637  4684 W com.mindease: Accessing hidden method Landroid/graphics/Typeface;->createFromFamiliesWithDefault([Landroid/graphics/FontFamily;Ljava/lang/String;II)Landroid/graphics/Typeface; (light greylist, reflection)
01-28 00:46:50.135  7456 19209 I FontLog : (REDACTED) Pulling font file for id = %d, cache size = %d
01-28 00:46:50.148  7456 19209 I FontLog : (REDACTED) Pulling font file for id = %d, cache size = %d
01-28 00:46:51.196   579   579 I thermal_repeater: [recvMdThermalInfo] ret=33, strLen=127,  0, 32767, -127, 0, 32767, -28544
01-28 00:46:51.494  4637  4668 W unknown:ReconnectingWebSocket: Couldn't connect to "ws://localhost:8081/message?device=Infinix%20X650C%20-%209%20-%20API%2028&app=com.mindease&clientid=BridgelessDevSupportManager", will silently retry
01-28 00:46:52.681   442   672 I BufferQueueProducer: [StatusBar#0](this:0x74801e8000,id:4,api:1,p:1172,c:442) queueBuffer: fps=0.67 dur=3000.50 max=2985.64 min=14.86
01-28 00:46:52.685   442   442 I SurfaceFlinger: [Built-in Screen (type:0)] fps:5.587271,dur:3042.63,max:2725.50,min:2.54
01-28 00:46:52.816  1009  1116 E WifiVendorHal: getWifiLinkLayerStats(l.937) failed {.code = ERROR_NOT_SUPPORTED, .description = }
01-28 00:46:53.303   432   455 I libPowerHal: 15: cpu_ctrl set freq: -1 -1 -1 -1
01-28 00:46:53.500 31303 31303 I ADB_SERVICES: fdevent_loop length=1
01-28 00:46:53.506  4637  4673 W unknown:ReactNative: The packager does not seem to be running as we got an IOException requesting its status: Connection reset
01-28 00:46:53.509  4637  4673 W unknown:BridgelessReact: ReactHost{0}.isMetroRunning(): Async result = false
01-28 00:46:53.516  4637  4672 W unknown:BridgelessReact: ReactHost{0}.getOrCreateReactInstanceTask(): Creating BridgelessReactContext
01-28 00:46:53.538  4637  4668 I System.out: port:8081
01-28 00:46:53.538  4637  4672 W unknown:BridgelessReact: ReactHost{0}.getOrCreateReactInstanceTask(): Creating ReactInstance
01-28 00:46:53.684  4637  4695 I System.out: port:8081
01-28 00:46:53.785  4637  4672 W com.mindease: Accessing hidden method Landroid/view/View;->setAnimationMatrix(Landroid/graphics/Matrix;)V (light greylist, linking)
01-28 00:46:53.954  4637  4672 W unknown:BridgelessReact: ReactHost{0}.getOrCreateReactInstanceTask(): Loading JS Bundle
01-28 00:46:53.961  4637  4637 W unknown:BridgelessReact: ReactHost{0}.handleHostException(message = "Unable to load script.
01-28 00:46:53.961  4637  4637 W unknown:BridgelessReact: 
01-28 00:46:53.961  4637  4637 W unknown:BridgelessReact: Make sure you're running Metro or that your bundle 'index.android.bundle' is packaged correctly for release.
01-28 00:46:53.961  4637  4637 W unknown:BridgelessReact: 
01-28 00:46:53.961  4637  4637 W unknown:BridgelessReact: The device must either be USB connected (with bundler set to "localhost:8081") or be on the same Wi-Fi network as your computer (with bundler set to your computer IP) to connect to Metro.
01-28 00:46:53.961  4637  4637 W unknown:BridgelessReact: 
01-28 00:46:53.961  4637  4637 W unknown:BridgelessReact: If you're using USB on a physical device, make sure you also run this command:
01-28 00:46:53.961  4637  4637 W unknown:BridgelessReact:   adb reverse tcp:8081 tcp:8081")
01-28 00:46:53.964  4637  4637 E unknown:ReactNative: Exception in native call
01-28 00:46:53.964  4637  4637 E unknown:ReactNative: java.lang.RuntimeException: Unable to load script.
01-28 00:46:53.964  4637  4637 E unknown:ReactNative: 
01-28 00:46:53.964  4637  4637 E unknown:ReactNative: Make sure you're running Metro or that your bundle 'index.android.bundle' is packaged correctly for release.
01-28 00:46:53.964  4637  4637 E unknown:ReactNative: 
01-28 00:46:53.964  4637  4637 E unknown:ReactNative: The device must either be USB connected (with bundler set to "localhost:8081") or be on the same Wi-Fi network as your computer (with bundler set to your computer IP) to connect to Metro.
01-28 00:46:53.964  4637  4637 E unknown:ReactNative: 
01-28 00:46:53.964  4637  4637 E unknown:ReactNative: If you're using USB on a physical device, make sure you also run this command:
01-28 00:46:53.964  4637  4637 E unknown:ReactNative:   adb reverse tcp:8081 tcp:8081
01-28 00:46:53.964  4637  4637 E unknown:ReactNative: 	at com.facebook.react.runtime.ReactInstance.loadJSBundleFromAssets(Native Method)
01-28 00:46:53.964  4637  4637 E unknown:ReactNative: 	at com.facebook.react.runtime.ReactInstance.access$loadJSBundleFromAssets(ReactInstance.kt:84)
01-28 00:46:53.964  4637  4637 E unknown:ReactNative: 	at com.facebook.react.runtime.ReactInstance$loadJSBundle$1.loadScriptFromAssets(ReactInstance.kt:324)
01-28 00:46:53.964  4637  4637 E unknown:ReactNative: 	at com.facebook.react.bridge.JSBundleLoader$Companion$createAssetLoader$1.loadScript(JSBundleLoader.kt:33)
01-28 00:46:53.964  4637  4637 E unknown:ReactNative: 	at com.facebook.react.runtime.ReactInstance.loadJSBundle(ReactInstance.kt:303)
01-28 00:46:53.964  4637  4637 E unknown:ReactNative: 	at com.facebook.react.runtime.ReactHostImpl.getOrCreateReactInstanceTask$lambda$44$lambda$40(ReactHostImpl.kt:1015)
01-28 00:46:53.964  4637  4637 E unknown:ReactNative: 	at com.facebook.react.runtime.ReactHostImpl.$r8$lambda$kGNcmxBxZbp8b1wWTaqIXDdkV8g(Unknown Source:0)
01-28 00:46:53.964  4637  4637 E unknown:ReactNative: 	at com.facebook.react.runtime.ReactHostImpl$$ExternalSyntheticLambda24.then(D8$$SyntheticClass:0)
01-28 00:46:53.964  4637  4637 E unknown:ReactNative: 	at com.facebook.react.runtime.internal.bolts.Task$Companion.completeImmediately$lambda$3(Task.kt:360)
01-28 00:46:53.964  4637  4637 E unknown:ReactNative: 	at com.facebook.react.runtime.internal.bolts.Task$Companion.$r8$lambda$b7MTC0ufkn_2TjF4BGcNqGR9qK0(Unknown Source:0)
01-28 00:46:53.964  4637  4637 E unknown:ReactNative: 	at com.facebook.react.runtime.internal.bolts.Task$Companion$$ExternalSyntheticLambda3.run(D8$$SyntheticClass:0)
01-28 00:46:53.964  4637  4637 E unknown:ReactNative: 	at com.facebook.react.runtime.internal.bolts.Executors$ImmediateExecutor.execute(Executors.kt:41)
01-28 00:46:53.964  4637  4637 E unknown:ReactNative: 	at com.facebook.react.runtime.internal.bolts.Task$Companion.completeImmediately(Task.kt:358)
01-28 00:46:53.964  4637  4637 E unknown:ReactNative: 	at com.facebook.react.runtime.internal.bolts.Task$Companion.access$completeImmediately(Task.kt:254)
01-28 00:46:53.964  4637  4637 E unknown:ReactNative: 	at com.facebook.react.runtime.internal.bolts.Task.continueWith(Task.kt:133)
01-28 00:46:53.964  4637  4637 E unknown:ReactNative: 	at com.facebook.react.runtime.internal.bolts.Task.continueWith$default(Task.kt:117)
01-28 00:46:53.964  4637  4637 E unknown:ReactNative: 	at com.facebook.react.runtime.internal.bolts.Task.onSuccess$lambda$12(Task.kt:176)
01-28 00:46:53.964  4637  4637 E unknown:ReactNative: 	at com.facebook.react.runtime.internal.bolts.Task.$r8$lambda$l0wwo5AvbHxlwfI1R7CH_codxoo(Unknown Source:0)
01-28 00:46:53.964  4637  4637 E unknown:ReactNative: 	at com.facebook.react.runtime.internal.bolts.Task$$ExternalSyntheticLambda2.then(D8$$SyntheticClass:0)
