01-28 00:34:19.383 30973 30973 E ActivityThread: android.app.ServiceConnectionLeaked: Activity com.android.settings.SubSettings has leaked ServiceConnection android.bluetooth.BluetoothA2dp$2@a27a337 that was originally bound here
01-28 00:34:19.383 30973 30973 E ActivityThread: 	at android.app.LoadedApk$ServiceDispatcher.<init>(LoadedApk.java:1610)
01-28 00:34:19.383 30973 30973 E ActivityThread: 	at android.app.LoadedApk.getServiceDispatcher(LoadedApk.java:1502)
01-28 00:34:19.383 30973 30973 E ActivityThread: 	at android.app.ContextImpl.bindServiceCommon(ContextImpl.java:1660)
01-28 00:34:19.383 30973 30973 E ActivityThread: 	at android.app.ContextImpl.bindServiceAsUser(ContextImpl.java:1620)
01-28 00:34:19.383 30973 30973 E ActivityThread: 	at android.content.ContextWrapper.bindServiceAsUser(ContextWrapper.java:705)
01-28 00:34:19.383 30973 30973 E ActivityThread: 	at android.bluetooth.BluetoothA2dp.doBind(BluetoothA2dp.java:263)
01-28 00:34:19.383 30973 30973 E ActivityThread: 	at android.bluetooth.BluetoothA2dp.<init>(BluetoothA2dp.java:256)
01-28 00:34:19.383 30973 30973 E ActivityThread: 	at android.bluetooth.BluetoothAdapter.getProfileProxy(BluetoothAdapter.java:2277)
01-28 00:34:19.383 30973 30973 E ActivityThread: 	at com.android.settings.development.DevelopmentSettingsDashboardFragment.onCreateView(DevelopmentSettingsDashboardFragment.java:213)
01-28 00:34:19.383 30973 30973 E ActivityThread: 	at android.app.Fragment.performCreateView(Fragment.java:2522)
01-28 00:34:19.383 30973 30973 E ActivityThread: 	at android.app.FragmentManagerImpl.moveToState(FragmentManager.java:1298)
01-28 00:34:19.383 30973 30973 E ActivityThread: 	at android.app.FragmentManagerImpl.moveFragmentToExpectedState(FragmentManager.java:1576)
01-28 00:34:19.383 30973 30973 E ActivityThread: 	at android.app.FragmentManagerImpl.moveToState(FragmentManager.java:1637)
01-28 00:34:19.383 30973 30973 E ActivityThread: 	at android.app.FragmentManagerImpl.dispatchMoveToState(FragmentManager.java:3046)
01-28 00:34:19.383 30973 30973 E ActivityThread: 	at android.app.FragmentManagerImpl.dispatchActivityCreated(FragmentManager.java:2998)
01-28 00:34:19.383 30973 30973 E ActivityThread: 	at android.app.FragmentController.dispatchActivityCreated(FragmentController.java:182)
01-28 00:34:19.383 30973 30973 E ActivityThread: 	at android.app.Activity.performCreate(Activity.java:7143)
01-28 00:34:19.383 30973 30973 E ActivityThread: 	at android.app.Activity.performCreate(Activity.java:7127)
01-28 00:34:19.383 30973 30973 E ActivityThread: 	at android.app.Instrumentation.callActivityOnCreate(Instrumentation.java:1271)
01-28 00:34:19.383 30973 30973 E ActivityThread: 	at android.app.ActivityThread.performLaunchActivity(ActivityThread.java:2990)
01-28 00:34:19.383 30973 30973 E ActivityThread: 	at android.app.ActivityThread.handleLaunchActivity(ActivityThread.java:3148)
01-28 00:34:19.383 30973 30973 E ActivityThread: 	at android.app.servertransaction.LaunchActivityItem.execute(LaunchActivityItem.java:78)
01-28 00:34:19.383 30973 30973 E ActivityThread: 	at android.app.servertransaction.TransactionExecutor.executeCallbacks(TransactionExecutor.java:108)
01-28 00:34:19.383 30973 30973 E ActivityThread: 	at android.app.servertransaction.TransactionExecutor.execute(TransactionExecutor.java:68)
01-28 00:34:19.383 30973 30973 E ActivityThread: 	at android.app.ActivityThread$H.handleMessage(ActivityThread.java:1861)
01-28 00:34:19.383 30973 30973 E ActivityThread: 	at android.os.Handler.dispatchMessage(Handler.java:106)
01-28 00:34:19.383 30973 30973 E ActivityThread: 	at android.os.Looper.loop(Looper.java:193)
01-28 00:34:19.383 30973 30973 E ActivityThread: 	at android.app.ActivityThread.main(ActivityThread.java:6819)
01-28 00:34:19.383 30973 30973 E ActivityThread: 	at java.lang.reflect.Method.invoke(Native Method)
01-28 00:34:19.383 30973 30973 E ActivityThread: 	at com.android.internal.os.RuntimeInit$MethodAndArgsCaller.run(RuntimeInit.java:497)
01-28 00:34:19.383 30973 30973 E ActivityThread: 	at com.android.internal.os.ZygoteInit.main(ZygoteInit.java:912)
01-28 00:34:19.383  1009  1929 W ActivityManager: Unbind failed: could not find connection for android.os.BinderProxy@2187fbf
01-28 00:34:20.453  1009  1040 I WindowManager: Focus moving from Window{dd17194 u0 com.android.settings.intelligence/com.android.settings.intelligence.search.SearchActivity} to null
01-28 00:34:20.458  1009  1027 I PowerMonitorHookServer: stop app:com.android.settings.intelligence
01-28 00:34:20.458  1009  1027 I PowerMonitorHookServer: start app:com.android.settings
01-28 00:34:20.464  1396  1516 I PowerMonitorNew: a whole scenario, scenario:com.android.settings.intelligence, start-stop:177670496-177671878,duration:1382, current:0, currentconvert4V:0,currentWoBL:0,consumecoul:0,batterytime:0, conpower:0,avgsignal:400,avgDatatype:0
01-28 00:34:20.464  1396  1516 I PowerMonitorNew: exitScenario not save scenario true
01-28 00:34:20.475  1009  4066 I WindowManager: Relayout Window{2275db3 u0 com.android.settings/com.android.settings.Settings}: oldVis=4 newVis=0 focusMayChange = true
01-28 00:34:20.480  1009  1040 I WindowManager: Focus moving from null to Window{2275db3 u0 com.android.settings/com.android.settings.Settings}
01-28 00:34:20.512  1009  1034 E BatteryExternalStatsWorker: no controller energy info supplied for wifi
01-28 00:34:20.513  1009  1034 E BatteryExternalStatsWorker: no controller energy info supplied for bluetooth
01-28 00:34:20.530  1396  1516 I PowerMonitorNew: enter scenario: com.android.settings,start coul:-867
01-28 00:34:20.536  1009  1034 W BatteryExternalStatsWorker: modem info is invalid: ModemActivityInfo{ mTimestamp=177671941 mSleepTimeMs=69908062 mIdleTimeMs=-58543284 mTxTimeMs[]=[20150, 0, 10, 8278, 45712] mRxTimeMs=166859302 mEnergyUsed=0}
01-28 00:34:20.672  1009  1034 E BatteryExternalStatsWorker: no controller energy info supplied for wifi
01-28 00:34:20.673  1009  1034 E BatteryExternalStatsWorker: no controller energy info supplied for bluetooth
01-28 00:34:20.688  1009  1034 W BatteryExternalStatsWorker: modem info is invalid: ModemActivityInfo{ mTimestamp=177672100 mSleepTimeMs=69908210 mIdleTimeMs=-58543273 mTxTimeMs[]=[20150, 0, 10, 8278, 45712] mRxTimeMs=166859302 mEnergyUsed=0}
01-28 00:34:20.799  1009  1027 I ActivityManager: Killing 29859:com.android.vending/u0a33 (adj 904): empty #13
01-28 00:34:20.800  1009  1027 I ActivityManager: Killing 30698:com.android.chrome/u0a62 (adj 906): empty #14
01-28 00:34:20.816  1009  1027 W BroadcastQueue: Background execution not allowed: receiving Intent { act=android.intent.action.DROPBOX_ENTRY_ADDED flg=0x10 (has extras) } to com.google.android.gms/.stats.service.DropBoxEntryAddedReceiver
01-28 00:34:21.838  1009  1040 I WindowManager: Focus moving from Window{2275db3 u0 com.android.settings/com.android.settings.Settings} to null
01-28 00:34:21.843  1009  1027 I PowerMonitorHookServer: stop app:com.android.settings
01-28 00:34:21.843  1009  1027 I PowerMonitorHookServer: start app:com.transsion.XOSLauncher
01-28 00:34:21.846  1396  1516 I PowerMonitorNew: a whole scenario, scenario:com.android.settings, start-stop:177671944-177673260,duration:1316, current:0, currentconvert4V:0,currentWoBL:0,consumecoul:0,batterytime:0, conpower:0,avgsignal:400,avgDatatype:0
01-28 00:34:21.846  1396  1516 I PowerMonitorNew: exitScenario not save scenario true
01-28 00:34:21.868  1009  7590 I WindowManager: Relayout Window{11455a u0 com.transsion.XOSLauncher/com.android.quickstep.src.com.android.launcher3.uioverrides.QuickstepLauncher}: oldVis=4 newVis=0 focusMayChange = true
01-28 00:34:21.874  1009  1040 I WindowManager: Focus moving from null to Window{11455a u0 com.transsion.XOSLauncher/com.android.quickstep.src.com.android.launcher3.uioverrides.QuickstepLauncher}
01-28 00:34:21.910  1396  1516 I PowerMonitorNew: enter scenario: com.transsion.XOSLauncher,start coul:-867
01-28 00:34:22.146  1009  2415 E WindowManager: App trying to use insecure INPUT_FEATURE_NO_INPUT_CHANNEL flag. Ignoring
01-28 00:34:22.341  1009  1041 I ActivityManager: Killing 31011:com.android.settings.intelligence/u0a44 (adj 900): force kill
01-28 00:34:22.344  1009  1041 I ActivityManager: Killing 31030:com.android.cellbroadcastreceiver/1000 (adj 900): force kill
01-28 00:34:22.348  1009  1041 I ActivityManager: Killing 31078:com.android.traceur/u0a65 (adj 902): force kill
01-28 00:34:22.351  1009  1041 I ActivityManager: Killing 31048:com.android.emergency/u0a27 (adj 904): force kill
01-28 00:34:22.440  1009  1040 W ActivityManager: setHasOverlayUi called on unknown pid: 31011
01-28 00:34:24.380  1009  1153 E TaskPersister: File error accessing recents directory (directory doesn't exist?).
01-28 00:34:46.923  3874  3874 W ContextImpl: Calling a method in the system process without a qualified user: android.app.ContextImpl.sendBroadcast:1006 android.content.ContextWrapper.sendBroadcast:444 com.transsion.powercenter.receiver.BatteryChangedReceiver.d:315 com.transsion.powercenter.receiver.BatteryChangedReceiver.c:307 com.transsion.powercenter.receiver.BatteryChangedReceiver.a:43 
01-28 00:34:46.928  1009  1027 W BroadcastQueue: Background execution not allowed: receiving Intent { act=com.rlk.powersavemanagement.ACTION_AVAILABLE_TIME flg=0x10 (has extras) } to com.transsion.powercenter/.provider.PowerWidgetProvider
01-28 00:34:54.836  1009  1044 I PowerManagerService: Going to sleep due to screen timeout (uid 1000)...
01-28 00:34:54.837  1009  1009 W UsageStatsService: Event reported without a package name
01-28 00:34:54.837  1009  1044 W DreamManagerService: Dream ComponentInfo{com.android.dreams.alwaysondisplay/com.android.dreams.alwaysondisplay.AlwaysOnDisplay} does not exist
01-28 00:34:54.838  1009  1044 I PowerManagerService: Sleeping (uid 1000)...
01-28 00:34:54.953  1009  1044 I DisplayPowerController: Blocking screen off
01-28 00:34:54.954  1009  1044 I DisplayPowerController: Unblocked screen off after 1 ms
01-28 00:34:54.955  1009  1044 I PowerMonitorHookServer: noteScreenState state:1
01-28 00:34:54.961  1396  1516 I PowerMonitorNew: a whole scenario, scenario:com.transsion.XOSLauncher, start-stop:177673324-177706373,duration:33049, current:0, currentconvert4V:0,currentWoBL:0,consumecoul:0,batterytime:0, conpower:0,avgsignal:400,avgDatatype:0
01-28 00:34:54.962  1396  1516 I PowerMonitorNew: exitScenario not save scenario true
01-28 00:34:54.964  1396  1516 I PowerMonitorNew: enter scenario: screenoff,start coul:-864
01-28 00:34:55.015  1009  1040 I DisplayManagerService: Display device changed state: "Built-in Screen", OFF
01-28 00:34:55.026  1009  1031 I ActivityManager: Start proc 31415:com.transsion.keyguardgesture/1000 for service com.transsion.keyguardgesture/.service.KeyguardGestureService
01-28 00:34:55.164  1009  1027 E NotificationService: Suppressing notification from package by user request.
01-28 00:34:55.227  1009  1031 I ActivityManager: Start proc 31439:com.transsion.ivoice/u0a61 for content provider com.transsion.ivoice/.SettingsContentProvider
01-28 00:34:55.256  1009  1009 W InputMethodManagerService: Unexpected intent Intent { act=android.intent.action.SCREEN_OFF flg=0x50200010 }
01-28 00:34:59.877  1009  1026 W ActivityManager: Invalid packageName: com.openrate.goodmorni
01-28 00:35:05.216  1009  2415 I ActivityManager: Force stopping com.transsion.keyguardgesture appid=1000 user=0: from pid 31415
01-28 00:35:05.217  1009  2415 I ActivityManager: Killing 31415:com.transsion.keyguardgesture/1000 (adj 200): stop com.transsion.keyguardgesture
01-28 00:35:05.219  1009  2415 W ActivityManager: Scheduling restart of crashed service com.transsion.keyguardgesture/.service.KeyguardGestureService in 1000ms
01-28 00:35:05.231  1009  2415 I ActivityManager:   Force stopping service ServiceRecord{4e0d1ae u0 com.transsion.keyguardgesture/.service.KeyguardGestureService}
01-28 00:35:05.245  1009  1027 W BroadcastQueue: Background execution not allowed: receiving Intent { act=android.intent.action.PACKAGE_RESTARTED dat=package:com.transsion.keyguardgesture flg=0x10 (has extras) } to com.transsion.powercenter/.receiver.PackageRestartReceiver
01-28 00:35:06.991   573   686 E storaged: getDiskStats failed with result NOT_SUPPORTED and size 0
01-28 00:35:09.875  1009  1026 W ActivityManager: Invalid packageName: com.touchtao.ws2014google
01-28 00:35:09.875  1009  1026 W ActivityManager: Invalid packageName: com.tencent.tmgp.pvz2hdtxyyb
01-28 00:35:32.969  1009  1009 I DeviceIdleController: updateChargingLocked: charging=true
01-28 00:35:32.970  1009  1009 I DeviceIdleController: becomeActiveLocked, reason = charging
01-28 00:35:32.992  1009  1009 I DeviceIdleController: updateChargingLocked: charging=true
01-28 00:35:32.992  1009  1009 I DeviceIdleController: becomeActiveLocked, reason = charging
01-28 00:35:37.208  1009  1031 I ActivityManager: Start proc 31497:com.android.vending/u0a33 for broadcast com.android.vending/com.google.android.finsky.verifier.impl.PackageVerificationReceiver
01-28 00:35:37.852  1009  1031 I ActivityManager: Start proc 31572:com.google.process.gapps/u0a13 for content provider com.google.android.gsf/.settings.GoogleSettingsProvider
01-28 00:35:38.433  1009  1031 I ActivityManager: Start proc 31601:com.android.vending:background/u0a33 for service com.android.vending/com.google.frameworks.client.data.android.server.play.BackgroundProcessEndpointService
01-28 00:35:42.261  1009  1027 I ActivityManager: Force stopping com.mindease appid=10197 user=-1: installPackageLI
01-28 00:35:42.386  1009  1049 I PackageManager: Update package com.mindease code path from /data/app/com.mindease-axaXg9rdGUyezBq7RPDQwQ== to /data/app/com.mindease-dE0KKo7KBhQ6Um12wyI1Sg==; Retain data and using new
01-28 00:35:42.386  1009  1049 I PackageManager: Update package com.mindease resource path from /data/app/com.mindease-axaXg9rdGUyezBq7RPDQwQ== to /data/app/com.mindease-dE0KKo7KBhQ6Um12wyI1Sg==; Retain data and using new
01-28 00:35:42.539  1009  6447 I ActivityManager: Killing 30744:android.process.acore/u0a12 (adj 906): empty #13
01-28 00:35:42.961  1009  1049 I ActivityManager: Force stopping com.mindease appid=10197 user=0: pkg removed
01-28 00:35:42.968  1009  1049 I ActivityManager: Force stopping com.mindease appid=10197 user=0: pkg removed
01-28 00:35:42.982  1009  1027 W BroadcastQueue: Background execution not allowed: receiving Intent { act=android.intent.action.PACKAGE_REMOVED dat=package:com.mindease flg=0x4000010 (has extras) } to com.transsnet.store/com.afmobi.palmplay.receivers.AppInstallAndRemoveReceiver
01-28 00:35:42.983  1009  1027 W BroadcastQueue: Background execution not allowed: receiving Intent { act=android.intent.action.PACKAGE_REMOVED dat=package:com.mindease flg=0x4000010 (has extras) } to com.kikaoem.qisiemoji.inputmethod.cy.se/com.qisi.plugin.clean.receiver.CleanReceiver
01-28 00:35:43.009  1009  1027 W BroadcastQueue: Background execution not allowed: receiving Intent { act=android.intent.action.PACKAGE_REMOVED dat=package:com.mindease flg=0x4000010 (has extras) } to com.android.vending/com.google.android.finsky.packagemonitor.impl.PackageMonitorReceiverImpl$RegisteredReceiver
01-28 00:35:43.010  1009  1027 W BroadcastQueue: Background execution not allowed: receiving Intent { act=android.intent.action.PACKAGE_REMOVED dat=package:com.mindease flg=0x4000010 (has extras) } to com.android.vending/com.google.android.finsky.packagemonitor.backgroundimpl.BackgroundPackageMonitorReceiverImpl$RegisteredReceiver
01-28 00:35:43.011  1009  1027 W BroadcastQueue: Background execution not allowed: receiving Intent { act=android.intent.action.PACKAGE_REMOVED dat=package:com.mindease flg=0x4000010 (has extras) } to com.android.vending/com.google.android.finsky.instantapps.appmanagement.InstantAppRemoveMonitor
01-28 00:35:43.011  1009  1027 W BroadcastQueue: Background execution not allowed: receiving Intent { act=android.intent.action.PACKAGE_REMOVED dat=package:com.mindease flg=0x4000010 (has extras) } to com.facebook.services/com.facebook.oxygen.services.fbns.RegisteredMqttSystemBroadcastReceiver
01-28 00:35:43.030  1009  1027 W BroadcastQueue: Background execution not allowed: receiving Intent { act=android.intent.action.PACKAGE_REMOVED dat=package:com.mindease flg=0x4000010 (has extras) } to com.google.android.apps.maps/com.google.android.libraries.social.peoplekit.thirdparty.viewcontrollers.ThirdPartyReceiver
01-28 00:35:43.030  1009  1027 W BroadcastQueue: Background execution not allowed: receiving Intent { act=android.intent.action.PACKAGE_REMOVED dat=package:com.mindease flg=0x4000010 (has extras) } to com.google.android.apps.photos/com.google.android.libraries.social.peoplekit.thirdparty.viewcontrollers.ThirdPartyReceiver
01-28 00:35:43.033  1009  1027 W BroadcastQueue: Background execution not allowed: receiving Intent { act=android.intent.action.PACKAGE_REMOVED dat=package:com.mindease flg=0x4000010 (has extras) } to com.google.android.gms/.chimera.GmsIntentOperationService$PersistentTrustedReceiver
01-28 00:35:43.035  1009  1027 W BroadcastQueue: Background execution not allowed: receiving Intent { act=android.intent.action.PACKAGE_REMOVED dat=package:com.mindease flg=0x4000010 (has extras) } to com.kikaoem.qisiemoji.inputmethod.cy.se/com.qisi.receiver.ApkMonitorReceiver
01-28 00:35:43.052  1009  1027 W BroadcastQueue: Background execution not allowed: receiving Intent { act=android.intent.action.PACKAGE_REMOVED dat=package:com.mindease flg=0x4000010 (has extras) } to com.sh.smart.caller/com.xdandroid.hellodaemon.WakeUpReceiver
01-28 00:35:43.053  1009  1027 W BroadcastQueue: Background execution not allowed: receiving Intent { act=android.intent.action.PACKAGE_ADDED dat=package:com.mindease flg=0x4000010 (has extras) } to com.transsnet.store/com.afmobi.palmplay.receivers.AppInstallAndRemoveReceiver
01-28 00:35:43.058  1009  1027 W BroadcastQueue: Background execution not allowed: receiving Intent { act=android.intent.action.PACKAGE_ADDED dat=package:com.mindease flg=0x4000010 (has extras) } to com.android.vending/com.google.android.finsky.packagemonitor.impl.PackageMonitorReceiverImpl$RegisteredReceiver
01-28 00:35:43.062  1009  1027 W BroadcastQueue: Background execution not allowed: receiving Intent { act=android.intent.action.PACKAGE_ADDED dat=package:com.mindease flg=0x4000010 (has extras) } to com.android.vending/com.google.android.finsky.packagemonitor.backgroundimpl.BackgroundPackageMonitorReceiverImpl$RegisteredReceiver
01-28 00:35:43.062  1009  1027 W BroadcastQueue: Background execution not allowed: receiving Intent { act=android.intent.action.PACKAGE_ADDED dat=package:com.mindease flg=0x4000010 (has extras) } to com.facebook.appmanager/com.facebook.oxygen.common.packages.event.manifest.ManifestPackageEventReceiver
01-28 00:35:43.063  1009  1027 W BroadcastQueue: Background execution not allowed: receiving Intent { act=android.intent.action.PACKAGE_ADDED dat=package:com.mindease flg=0x4000010 (has extras) } to com.google.android.apps.nbu.files/.documentbrowser.browselanding.rootcontainerlist.receiver.PackageChangeReceiver_Receiver
01-28 00:35:43.063  1009  1027 W BroadcastQueue: Background execution not allowed: receiving Intent { act=android.intent.action.PACKAGE_ADDED dat=package:com.mindease flg=0x4000010 (has extras) } to com.google.android.gms/.chimera.GmsIntentOperationService$PersistentTrustedReceiver
01-28 00:35:43.063  1009  1027 W BroadcastQueue: Background execution not allowed: receiving Intent { act=android.intent.action.PACKAGE_ADDED dat=package:com.mindease flg=0x4000010 (has extras) } to com.google.android.gms/.gass.chimera.PackageChangeBroadcastReceiver
01-28 00:35:43.064  1009  1027 W BroadcastQueue: Background execution not allowed: receiving Intent { act=android.intent.action.PACKAGE_ADDED dat=package:com.mindease flg=0x4000010 (has extras) } to com.kikaoem.qisiemoji.inputmethod.cy.se/com.qisi.receiver.ApkMonitorReceiver
01-28 00:35:43.064  1009  1027 W BroadcastQueue: Background execution not allowed: receiving Intent { act=android.intent.action.PACKAGE_ADDED dat=package:com.mindease flg=0x4000010 (has extras) } to com.sh.smart.caller/com.xdandroid.hellodaemon.WakeUpReceiver
01-28 00:35:43.064  1009  1027 W BroadcastQueue: Background execution not allowed: receiving Intent { act=android.intent.action.PACKAGE_ADDED dat=package:com.mindease flg=0x4000010 (has extras) } to com.zhiliaoapp.musically/com.ss.android.common.applog.HotsoonReceiver
01-28 00:35:43.095  1009  1031 I ActivityManager: Start proc 31677:com.android.keychain/1000 for service com.android.keychain/.KeyChainService
01-28 00:35:43.137  1009  1031 I ActivityManager: Start proc 31687:com.google.android.apps.nbu.files/u0a18 for broadcast com.google.android.apps.nbu.files/.documentbrowser.browselanding.rootcontainerlist.receiver.PackageChangeReceiver_Receiver
01-28 00:35:43.343  1009  1009 W Looper  : Slow dispatch took 271ms main h=android.app.ActivityThread$H m=0
01-28 00:35:43.343  1009  1009 W Looper  : Slow delivery took 338ms main h=android.app.ActivityThread$H m=0
01-28 00:35:43.347  1009  1009 I DeviceIdleController: ACTION_INSTALL_APK 
01-28 00:35:43.399  1009  1009 I Telecom : DefaultDialerCache: Refreshing default dialer for user 0: now com.sh.smart.caller: DDC.oR@BWY
01-28 00:35:43.964  1009  2007 I ActivityManager: START u0 {act=android.intent.action.MAIN cat=[android.intent.category.LAUNCHER] flg=0x10000000 cmp=com.mindease/.MainActivity} from uid 2000
01-28 00:35:43.986  1009  1009 W Looper  : Drained
01-28 00:35:43.996  1009  1040 I WindowManager: Focus moving from Window{11455a u0 com.transsion.XOSLauncher/com.android.quickstep.src.com.android.launcher3.uioverrides.QuickstepLauncher} to null
01-28 00:35:44.013  1009  1031 I ActivityManager: Start proc 31755:com.mindease/u0a197 for activity com.mindease/.MainActivity
01-28 00:35:44.067  1009  2007 I PowerMonitorHookServer: stop app:com.transsion.XOSLauncher
01-28 00:35:44.068  1009  2007 I PowerMonitorHookServer: start app:com.mindease
01-28 00:35:44.102  1009  2007 W ActivityManager: Request to remove task ignored for non-existent task 326
01-28 00:35:44.539  1009  3280 W BroadcastQueue: Background execution not allowed: receiving Intent { act=android.intent.action.PACKAGE_REPLACED dat=package:com.mindease flg=0x4000010 (has extras) } to com.facebook.appmanager/com.facebook.oxygen.common.packages.event.manifest.ManifestPackageEventReceiver
01-28 00:35:44.540  1009  3280 I ActivityManager: Killing 30866:com.transsion.powercenter/1000 (adj 906): empty #13
01-28 00:35:44.541  1009  1027 W BroadcastQueue: Background execution not allowed: receiving Intent { act=android.intent.action.PACKAGE_REPLACED dat=package:com.mindease flg=0x4000010 (has extras) } to com.google.android.apps.nbu.files/.documentbrowser.browselanding.rootcontainerlist.receiver.PackageChangeReceiver_Receiver
01-28 00:35:44.541  1009  1027 W BroadcastQueue: Background execution not allowed: receiving Intent { act=android.intent.action.PACKAGE_REPLACED dat=package:com.mindease flg=0x4000010 (has extras) } to com.google.android.apps.photos/.account.full.FetchAccountPropertiesAppUpgradeBroadcastReceiver
01-28 00:35:44.541  1009  1027 W BroadcastQueue: Background execution not allowed: receiving Intent { act=android.intent.action.PACKAGE_REPLACED dat=package:com.mindease flg=0x4000010 (has extras) } to com.google.android.apps.photos/.account.full.SyncAccountsForLoginBroadcastReceiver
01-28 00:35:44.542  1009  1027 W BroadcastQueue: Background execution not allowed: receiving Intent { act=android.intent.action.PACKAGE_REPLACED dat=package:com.mindease flg=0x4000010 (has extras) } to com.google.android.apps.photos/.notificationchannels.AppUpdateBroadcastReceiver
01-28 00:35:44.542  1009  1027 W BroadcastQueue: Background execution not allowed: receiving Intent { act=android.intent.action.PACKAGE_REPLACED dat=package:com.mindease flg=0x4000010 (has extras) } to com.google.android.gms/.chimera.GmsIntentOperationService$PersistentTrustedReceiver
01-28 00:35:44.542  1009  1027 W BroadcastQueue: Background execution not allowed: receiving Intent { act=android.intent.action.PACKAGE_REPLACED dat=package:com.mindease flg=0x4000010 (has extras) } to com.google.android.gms/.gass.chimera.PackageChangeBroadcastReceiver
01-28 00:35:44.607  1009  1027 W ActivityManager: Activity pause timeout for ActivityRecord{89e6167 u0 com.mindease/.MainActivity t327}
01-28 00:35:46.095  1009  1040 W WindowManager: App freeze timeout expired.
01-28 00:35:47.568  1009  1153 E TaskPersister: File error accessing recents directory (directory doesn't exist?).
01-28 00:35:48.078 31755 31755 W ResolutionTunerAppList: Target file doesn't exist: /storage/emulated/0/Android/data/sf_resolution_tuner_app_list.xml
01-28 00:35:48.129  1009 11978 E WindowManager: App trying to use insecure INPUT_FEATURE_NO_INPUT_CHANNEL flag. Ignoring
01-28 00:35:48.210  1009  3280 I WindowManager: Relayout Window{61d6521 u0 com.mindease/com.mindease.MainActivity}: oldVis=4 newVis=0 focusMayChange = true
01-28 00:35:48.216  1009  1040 I WindowManager: Focus moving from null to Window{61d6521 u0 com.mindease/com.mindease.MainActivity}
01-28 00:35:48.329  1009  3280 E WindowManager: App trying to use insecure INPUT_FEATURE_NO_INPUT_CHANNEL flag. Ignoring
01-28 00:35:50.283  1009  1112 I NetworkStatsRecorder: recordSnapshotLocked: ident[[{type=WIFI, subType=COMBINED, networkId="PTCL-BB", metered=false, defaultNetwork=true}]]
01-28 00:35:50.284  1009  1112 W NetworkStatsRecorder: unknown interfaces [lo, ccmni0], ignoring those stats
01-28 00:35:50.284  1009  1112 I NetworkStatsRecorder: recordSnapshotLocked: ident[[{type=WIFI, subType=COMBINED, networkId="PTCL-BB", metered=false, defaultNetwork=true}]]
01-28 00:35:50.284  1009  1112 W NetworkStatsRecorder: unknown interfaces [lo, ccmni0], ignoring those stats
01-28 00:35:50.284  1009  1112 I NetworkStatsRecorder: recordSnapshotLocked: ident[[{type=WIFI, subType=COMBINED, networkId="PTCL-BB", metered=false, defaultNetwork=true}]]
01-28 00:35:50.285  1009  1112 I chatty  : uid=1000(system) NetworkStats identical 12 lines
01-28 00:35:50.285  1009  1112 I NetworkStatsRecorder: recordSnapshotLocked: ident[[{type=WIFI, subType=COMBINED, networkId="PTCL-BB", metered=false, defaultNetwork=true}]]
01-28 00:35:50.285  1009  1112 W NetworkStatsRecorder: unknown interfaces [lo, ccmni0], ignoring those stats
01-28 00:35:50.285  1009  1112 I NetworkStatsRecorder: recordSnapshotLocked: ident[[{type=WIFI, subType=COMBINED, networkId="PTCL-BB", metered=false, defaultNetwork=true}]]
01-28 00:35:50.286  1009  1112 I chatty  : uid=1000(system) NetworkStats identical 6 lines
01-28 00:35:50.286  1009  1112 I NetworkStatsRecorder: recordSnapshotLocked: ident[[{type=WIFI, subType=COMBINED, networkId="PTCL-BB", metered=false, defaultNetwork=true}]]
01-28 00:35:50.286  1009  1112 W NetworkStatsRecorder: unknown interfaces [lo, ccmni0], ignoring those stats
01-28 00:35:50.355  1009  1112 I NetworkStatsRecorder: recordSnapshotLocked: ident[[{type=WIFI, subType=COMBINED, networkId="PTCL-BB", metered=false, defaultNetwork=true}]]
01-28 00:35:50.355  1009  1112 W NetworkStatsRecorder: unknown interfaces [lo, ccmni0], ignoring those stats
01-28 00:35:50.355  1009  1112 I NetworkStatsRecorder: recordSnapshotLocked: ident[[{type=WIFI, subType=COMBINED, networkId="PTCL-BB", metered=false, defaultNetwork=true}]]
01-28 00:35:50.355  1009  1112 W NetworkStatsRecorder: unknown interfaces [lo, ccmni0], ignoring those stats
01-28 00:35:50.355  1009  1112 I NetworkStatsRecorder: recordSnapshotLocked: ident[[{type=WIFI, subType=COMBINED, networkId="PTCL-BB", metered=false, defaultNetwork=true}]]
01-28 00:35:50.355  1009  1112 W NetworkStatsRecorder: unknown interfaces [lo, ccmni0], ignoring those stats
01-28 00:35:50.355  1009  1112 I NetworkStatsRecorder: recordSnapshotLocked: ident[[{type=WIFI, subType=COMBINED, networkId="PTCL-BB", metered=false, defaultNetwork=true}]]
01-28 00:35:50.355  1009  1112 W NetworkStatsRecorder: unknown interfaces [lo, ccmni0], ignoring those stats
01-28 00:35:50.427  1009  1112 I NetworkStatsRecorder: recordSnapshotLocked: ident[[{type=WIFI, subType=COMBINED, networkId="PTCL-BB", metered=false, defaultNetwork=true}]]
01-28 00:35:50.427  1009  1112 W NetworkStatsRecorder: unknown interfaces [lo, ccmni0], ignoring those stats
01-28 00:35:50.427  1009  1112 I NetworkStatsRecorder: recordSnapshotLocked: ident[[{type=WIFI, subType=COMBINED, networkId="PTCL-BB", metered=false, defaultNetwork=true}]]
01-28 00:35:50.427  1009  1112 W NetworkStatsRecorder: unknown interfaces [lo, ccmni0], ignoring those stats
01-28 00:35:50.428  1009  1112 I NetworkStatsRecorder: recordSnapshotLocked: ident[[{type=WIFI, subType=COMBINED, networkId="PTCL-BB", metered=false, defaultNetwork=true}]]
01-28 00:35:50.428  1009  1112 W NetworkStatsRecorder: unknown interfaces [lo, ccmni0], ignoring those stats
01-28 00:35:50.428  1009  1112 I NetworkStatsRecorder: recordSnapshotLocked: ident[[{type=WIFI, subType=COMBINED, networkId="PTCL-BB", metered=false, defaultNetwork=true}]]
01-28 00:35:50.428  1009  1112 W NetworkStatsRecorder: unknown interfaces [lo, ccmni0], ignoring those stats
01-28 00:35:50.494  1009  1112 I NetworkStatsRecorder: recordSnapshotLocked: ident[[{type=WIFI, subType=COMBINED, networkId="PTCL-BB", metered=false, defaultNetwork=true}]]
01-28 00:35:50.494  1009  1027 I ActivityManager: Force stopping com.mindease appid=10197 user=-1: installPackageLI
01-28 00:35:50.495  1009  1027 I ActivityManager: Killing 31755:com.mindease/u0a197 (adj 0): stop com.mindease
01-28 00:35:50.496  1009  1027 W ActivityManager: Force removing ActivityRecord{89e6167 u0 com.mindease/.MainActivity t327}: app died, no saved state
01-28 00:35:50.497  1009  1112 W NetworkStatsRecorder: unknown interfaces [lo, ccmni0], ignoring those stats
01-28 00:35:50.497  1009  1112 I NetworkStatsRecorder: recordSnapshotLocked: ident[[{type=WIFI, subType=COMBINED, networkId="PTCL-BB", metered=false, defaultNetwork=true}]]
01-28 00:35:50.497  1009  1112 W NetworkStatsRecorder: unknown interfaces [lo, ccmni0], ignoring those stats
01-28 00:35:50.497  1009  1112 I NetworkStatsRecorder: recordSnapshotLocked: ident[[{type=WIFI, subType=COMBINED, networkId="PTCL-BB", metered=false, defaultNetwork=true}]]
01-28 00:35:50.497  1009  1112 W NetworkStatsRecorder: unknown interfaces [lo, ccmni0], ignoring those stats
01-28 00:35:50.498  1009  1112 I NetworkStatsRecorder: recordSnapshotLocked: ident[[{type=WIFI, subType=COMBINED, networkId="PTCL-BB", metered=false, defaultNetwork=true}]]
01-28 00:35:50.498  1009  1112 W NetworkStatsRecorder: unknown interfaces [lo, ccmni0], ignoring those stats
01-28 00:35:50.506  1009  1040 I WindowManager: Focus moving from Window{61d6521 u0 com.mindease/com.mindease.MainActivity} to null
01-28 00:35:50.525  1009  1027 I PowerMonitorHookServer: stop app:com.mindease
01-28 00:35:50.525  1009  1027 I PowerMonitorHookServer: start app:com.transsion.XOSLauncher
01-28 00:35:50.536  1009  1040 W ActivityManager: setHasOverlayUi called on unknown pid: 31755
01-28 00:35:50.632  1009  1049 I PackageManager: Update package com.mindease code path from /data/app/com.mindease-dE0KKo7KBhQ6Um12wyI1Sg== to /data/app/com.mindease-TwVy-VnLuBnSa8wfk5cRZQ==; Retain data and using new
01-28 00:35:50.632  1009  1049 I PackageManager: Update package com.mindease resource path from /data/app/com.mindease-dE0KKo7KBhQ6Um12wyI1Sg== to /data/app/com.mindease-TwVy-VnLuBnSa8wfk5cRZQ==; Retain data and using new
01-28 00:35:50.772  1009  3280 I WindowManager: Relayout Window{11455a u0 com.transsion.XOSLauncher/com.android.quickstep.src.com.android.launcher3.uioverrides.QuickstepLauncher}: oldVis=4 newVis=0 focusMayChange = true
01-28 00:35:50.780  1009  1040 I WindowManager: Focus moving from null to Window{11455a u0 com.transsion.XOSLauncher/com.android.quickstep.src.com.android.launcher3.uioverrides.QuickstepLauncher}
01-28 00:35:51.067  1009  2007 E WindowManager: App trying to use insecure INPUT_FEATURE_NO_INPUT_CHANNEL flag. Ignoring
01-28 00:35:51.100  1009  1049 I ActivityManager: Force stopping com.mindease appid=10197 user=0: pkg removed
01-28 00:35:51.126  1009  1027 W BroadcastQueue: Background execution not allowed: receiving Intent { act=android.intent.action.PACKAGE_REMOVED dat=package:com.mindease flg=0x4000010 (has extras) } to com.transsnet.store/com.afmobi.palmplay.receivers.AppInstallAndRemoveReceiver
01-28 00:35:51.149  1009  1027 W BroadcastQueue: Background execution not allowed: receiving Intent { act=android.intent.action.PACKAGE_REMOVED dat=package:com.mindease flg=0x4000010 (has extras) } to com.kikaoem.qisiemoji.inputmethod.cy.se/com.qisi.plugin.clean.receiver.CleanReceiver
01-28 00:35:51.150  1009  1027 W BroadcastQueue: Background execution not allowed: receiving Intent { act=android.intent.action.PACKAGE_REMOVED dat=package:com.mindease flg=0x4000010 (has extras) } to com.android.vending/com.google.android.finsky.packagemonitor.impl.PackageMonitorReceiverImpl$RegisteredReceiver
01-28 00:35:51.152  1009  1027 W BroadcastQueue: Background execution not allowed: receiving Intent { act=android.intent.action.PACKAGE_REMOVED dat=package:com.mindease flg=0x4000010 (has extras) } to com.android.vending/com.google.android.finsky.packagemonitor.backgroundimpl.BackgroundPackageMonitorReceiverImpl$RegisteredReceiver
01-28 00:35:51.157  1009  1027 W BroadcastQueue: Background execution not allowed: receiving Intent { act=android.intent.action.PACKAGE_REMOVED dat=package:com.mindease flg=0x4000010 (has extras) } to com.android.vending/com.google.android.finsky.instantapps.appmanagement.InstantAppRemoveMonitor
01-28 00:35:51.157  1009  1027 W BroadcastQueue: Background execution not allowed: receiving Intent { act=android.intent.action.PACKAGE_REMOVED dat=package:com.mindease flg=0x4000010 (has extras) } to com.facebook.services/com.facebook.oxygen.services.fbns.RegisteredMqttSystemBroadcastReceiver
01-28 00:35:51.159  1009  1027 W BroadcastQueue: Background execution not allowed: receiving Intent { act=android.intent.action.PACKAGE_REMOVED dat=package:com.mindease flg=0x4000010 (has extras) } to com.google.android.apps.maps/com.google.android.libraries.social.peoplekit.thirdparty.viewcontrollers.ThirdPartyReceiver
01-28 00:35:51.159  1009  1027 W BroadcastQueue: Background execution not allowed: receiving Intent { act=android.intent.action.PACKAGE_REMOVED dat=package:com.mindease flg=0x4000010 (has extras) } to com.google.android.apps.photos/com.google.android.libraries.social.peoplekit.thirdparty.viewcontrollers.ThirdPartyReceiver
01-28 00:35:51.164  1009  1027 W BroadcastQueue: Background execution not allowed: receiving Intent { act=android.intent.action.PACKAGE_REMOVED dat=package:com.mindease flg=0x4000010 (has extras) } to com.google.android.gms/.chimera.GmsIntentOperationService$PersistentTrustedReceiver
01-28 00:35:51.164  1009  1027 W BroadcastQueue: Background execution not allowed: receiving Intent { act=android.intent.action.PACKAGE_REMOVED dat=package:com.mindease flg=0x4000010 (has extras) } to com.kikaoem.qisiemoji.inputmethod.cy.se/com.qisi.receiver.ApkMonitorReceiver
01-28 00:35:51.165  1009  1027 W BroadcastQueue: Background execution not allowed: receiving Intent { act=android.intent.action.PACKAGE_REMOVED dat=package:com.mindease flg=0x4000010 (has extras) } to com.sh.smart.caller/com.xdandroid.hellodaemon.WakeUpReceiver
01-28 00:35:51.167  1009  1027 W BroadcastQueue: Background execution not allowed: receiving Intent { act=android.intent.action.PACKAGE_ADDED dat=package:com.mindease flg=0x4000010 (has extras) } to com.transsnet.store/com.afmobi.palmplay.receivers.AppInstallAndRemoveReceiver
01-28 00:35:51.169  1009  1027 W BroadcastQueue: Background execution not allowed: receiving Intent { act=android.intent.action.PACKAGE_ADDED dat=package:com.mindease flg=0x4000010 (has extras) } to com.android.vending/com.google.android.finsky.packagemonitor.impl.PackageMonitorReceiverImpl$RegisteredReceiver
01-28 00:35:51.171  1009  1027 W BroadcastQueue: Background execution not allowed: receiving Intent { act=android.intent.action.PACKAGE_ADDED dat=package:com.mindease flg=0x4000010 (has extras) } to com.android.vending/com.google.android.finsky.packagemonitor.backgroundimpl.BackgroundPackageMonitorReceiverImpl$RegisteredReceiver
01-28 00:35:51.172  1009  1027 W BroadcastQueue: Background execution not allowed: receiving Intent { act=android.intent.action.PACKAGE_ADDED dat=package:com.mindease flg=0x4000010 (has extras) } to com.facebook.appmanager/com.facebook.oxygen.common.packages.event.manifest.ManifestPackageEventReceiver
01-28 00:35:51.172  1009  1027 W BroadcastQueue: Background execution not allowed: receiving Intent { act=android.intent.action.PACKAGE_ADDED dat=package:com.mindease flg=0x4000010 (has extras) } to com.google.android.apps.nbu.files/.documentbrowser.browselanding.rootcontainerlist.receiver.PackageChangeReceiver_Receiver
01-28 00:35:51.173  1009  1027 W BroadcastQueue: Background execution not allowed: receiving Intent { act=android.intent.action.PACKAGE_ADDED dat=package:com.mindease flg=0x4000010 (has extras) } to com.google.android.gms/.chimera.GmsIntentOperationService$PersistentTrustedReceiver
01-28 00:35:51.173  1009  1027 W BroadcastQueue: Background execution not allowed: receiving Intent { act=android.intent.action.PACKAGE_ADDED dat=package:com.mindease flg=0x4000010 (has extras) } to com.google.android.gms/.gass.chimera.PackageChangeBroadcastReceiver
01-28 00:35:51.173  1009  1027 W BroadcastQueue: Background execution not allowed: receiving Intent { act=android.intent.action.PACKAGE_ADDED dat=package:com.mindease flg=0x4000010 (has extras) } to com.kikaoem.qisiemoji.inputmethod.cy.se/com.qisi.receiver.ApkMonitorReceiver
01-28 00:35:51.174  1009  1027 W BroadcastQueue: Background execution not allowed: receiving Intent { act=android.intent.action.PACKAGE_ADDED dat=package:com.mindease flg=0x4000010 (has extras) } to com.sh.smart.caller/com.xdandroid.hellodaemon.WakeUpReceiver
01-28 00:35:51.174  1009  1027 W BroadcastQueue: Background execution not allowed: receiving Intent { act=android.intent.action.PACKAGE_ADDED dat=package:com.mindease flg=0x4000010 (has extras) } to com.zhiliaoapp.musically/com.ss.android.common.applog.HotsoonReceiver
01-28 00:35:51.254  1009  1912 W BroadcastQueue: Background execution not allowed: receiving Intent { act=android.intent.action.PACKAGE_REPLACED dat=package:com.mindease flg=0x4000010 (has extras) } to com.facebook.appmanager/com.facebook.oxygen.common.packages.event.manifest.ManifestPackageEventReceiver
01-28 00:35:51.256  1009  1027 W BroadcastQueue: Background execution not allowed: receiving Intent { act=android.intent.action.PACKAGE_REPLACED dat=package:com.mindease flg=0x4000010 (has extras) } to com.google.android.apps.nbu.files/.documentbrowser.browselanding.rootcontainerlist.receiver.PackageChangeReceiver_Receiver
01-28 00:35:51.256  1009  1027 W BroadcastQueue: Background execution not allowed: receiving Intent { act=android.intent.action.PACKAGE_REPLACED dat=package:com.mindease flg=0x4000010 (has extras) } to com.google.android.apps.photos/.account.full.FetchAccountPropertiesAppUpgradeBroadcastReceiver
01-28 00:35:51.256  1009  1027 W BroadcastQueue: Background execution not allowed: receiving Intent { act=android.intent.action.PACKAGE_REPLACED dat=package:com.mindease flg=0x4000010 (has extras) } to com.google.android.apps.photos/.account.full.SyncAccountsForLoginBroadcastReceiver
01-28 00:35:51.258  1009  1027 W BroadcastQueue: Background execution not allowed: receiving Intent { act=android.intent.action.PACKAGE_REPLACED dat=package:com.mindease flg=0x4000010 (has extras) } to com.google.android.apps.photos/.notificationchannels.AppUpdateBroadcastReceiver
01-28 00:35:51.258  1009  1027 W BroadcastQueue: Background execution not allowed: receiving Intent { act=android.intent.action.PACKAGE_REPLACED dat=package:com.mindease flg=0x4000010 (has extras) } to com.google.android.gms/.chimera.GmsIntentOperationService$PersistentTrustedReceiver
01-28 00:35:51.258  1009  1027 W BroadcastQueue: Background execution not allowed: receiving Intent { act=android.intent.action.PACKAGE_REPLACED dat=package:com.mindease flg=0x4000010 (has extras) } to com.google.android.gms/.gass.chimera.PackageChangeBroadcastReceiver
01-28 00:35:51.335  1009  1009 W Looper  : Slow dispatch took 169ms main h=android.app.ActivityThread$H m=0
01-28 00:35:51.335  1009  1009 W Looper  : Slow delivery took 211ms main h=android.app.ActivityThread$H m=0
01-28 00:35:51.357  1009  1009 I DeviceIdleController: ACTION_INSTALL_APK 
01-28 00:35:51.412  1009  1009 I Telecom : DefaultDialerCache: Refreshing default dialer for user 0: now com.sh.smart.caller: DDC.oR@BWk
01-28 00:35:51.640  1009  1009 W Looper  : Drained
01-28 00:35:53.550  1009  1153 E TaskPersister: File error accessing recents directory (directory doesn't exist?).
01-28 00:35:56.339  1009  1105 I PowerManagerService: Waking up from sleep (uid=1000 reason=android.policy:POWER)...
01-28 00:35:56.340  1009  1045 I PowerManagerService:  call AMS notifyWakeup with isFpWakeup=false
01-28 00:35:56.341  1009  1009 W UsageStatsService: Event reported without a package name
01-28 00:35:56.342  1009  1044 I PowerMonitorHookServer: noteScreenState state:2
01-28 00:35:56.342  1009  1044 I DisplayPowerController: Blocking screen on until initial contents have been drawn.
01-28 00:35:56.346  1396  1516 I PowerMonitorNew: a whole scenario, scenario:screenoff, start-stop:177706373-177767759,duration:61386, current:0, currentconvert4V:0,currentWoBL:0,consumecoul:0,batterytime:0, conpower:0,avgsignal:400,avgDatatype:0
01-28 00:35:56.347  1396  1516 I PowerMonitorNew: exitScenario not save scenario true
01-28 00:35:56.348  1396  1516 I PowerMonitorNew: enter scenario: com.transsion.XOSLauncher,start coul:-856
01-28 00:35:56.410  1009  1031 I ActivityManager: Start proc 31890:com.transsion.keyguardgesture/1000 for service com.transsion.keyguardgesture/.service.KeyguardGestureService
01-28 00:35:56.412  1009  1028 I WindowManager: Waiting for drawn Window{11455a u0 com.transsion.XOSLauncher/com.android.quickstep.src.com.android.launcher3.uioverrides.QuickstepLauncher}: removed=false visible=true mHasSurface=true drawState=1
01-28 00:35:56.412  1009  1028 I WindowManager: Waiting for drawn Window{1e1fe51 u0 ZeroScreen}: removed=false visible=true mHasSurface=true drawState=1
01-28 00:35:56.412  1009  1028 I WindowManager: Waiting for drawn Window{42a7a9a u0 StatusBar}: removed=false visible=true mHasSurface=true drawState=1
01-28 00:35:56.416  1009  1027 W BroadcastQueue: Background execution not allowed: receiving Intent { act=android.intent.action.USER_PRESENT flg=0x24200010 } to com.android.chrome/org.chromium.chrome.browser.sharing.click_to_call.ClickToCallMessageHandler$PhoneUnlockedReceiver
01-28 00:35:56.416  1009  1027 W BroadcastQueue: Background execution not allowed: receiving Intent { act=android.intent.action.USER_PRESENT flg=0x24200010 } to com.facebook.services/com.facebook.oxygen.services.fbns.RegisteredMqttSystemBroadcastReceiver
01-28 00:35:56.416  1009  1027 W BroadcastQueue: Background execution not allowed: receiving Intent { act=android.intent.action.USER_PRESENT flg=0x24200010 } to com.google.android.gms/.auth.setup.devicesignals.LockScreenReceiver
01-28 00:35:56.417  1009  1087 I WindowManager: Waiting for drawn Window{11455a u0 com.transsion.XOSLauncher/com.android.quickstep.src.com.android.launcher3.uioverrides.QuickstepLauncher}: removed=false visible=true mHasSurface=true drawState=1
01-28 00:35:56.417  1009  1087 I WindowManager: Waiting for drawn Window{1e1fe51 u0 ZeroScreen}: removed=false visible=true mHasSurface=true drawState=1
01-28 00:35:56.417  1009  1087 I WindowManager: Waiting for drawn Window{42a7a9a u0 StatusBar}: removed=false visible=true mHasSurface=true drawState=1
01-28 00:35:56.418  1009  1027 W BroadcastQueue: Background execution not allowed: receiving Intent { act=android.intent.action.USER_PRESENT flg=0x24200010 } to com.google.android.gms/.chimera.GmsIntentOperationService$PersistentTrustedReceiver
01-28 00:35:56.418  1009  1027 W BroadcastQueue: Background execution not allowed: receiving Intent { act=android.intent.action.USER_PRESENT flg=0x24200010 } to com.sh.smart.caller/com.xdandroid.hellodaemon.WakeUpReceiver
01-28 00:35:56.419  1009  1027 W BroadcastQueue: Background execution not allowed: receiving Intent { act=android.intent.action.USER_PRESENT flg=0x24200010 } to com.instagram.android/com.instagram.push.FbnsInitBroadcastReceiver
01-28 00:35:56.419  1009  1027 W BroadcastQueue: Background execution not allowed: receiving Intent { act=android.intent.action.USER_PRESENT flg=0x24200010 } to com.zhiliaoapp.musically/com.ss.android.push.window.oppo.ScreenReceiver
01-28 00:35:56.422  1009  1040 I DisplayManagerService: Display device changed state: "Built-in Screen", ON
01-28 00:35:56.429  1009  1087 I WindowManager: Waiting for drawn Window{11455a u0 com.transsion.XOSLauncher/com.android.quickstep.src.com.android.launcher3.uioverrides.QuickstepLauncher}: removed=false visible=true mHasSurface=true drawState=1
01-28 00:35:56.430  1009  1087 I WindowManager: Waiting for drawn Window{1e1fe51 u0 ZeroScreen}: removed=false visible=true mHasSurface=true drawState=1
01-28 00:35:56.430  1009  1087 I WindowManager: Waiting for drawn Window{42a7a9a u0 StatusBar}: removed=false visible=true mHasSurface=true drawState=1
01-28 00:35:56.441  1396  1516 I PowerMonitorHookClient: unkown network interface:lo
01-28 00:35:56.441  1396  1516 I PowerMonitorHookClient: unkown network interface:lo
01-28 00:35:56.443  1009  1087 I WindowManager: Waiting for drawn Window{11455a u0 com.transsion.XOSLauncher/com.android.quickstep.src.com.android.launcher3.uioverrides.QuickstepLauncher}: removed=false visible=true mHasSurface=true drawState=1
01-28 00:35:56.443  1009  1087 I WindowManager: Waiting for drawn Window{1e1fe51 u0 ZeroScreen}: removed=false visible=true mHasSurface=true drawState=1
01-28 00:35:56.443  1009  1087 I WindowManager: Waiting for drawn Window{42a7a9a u0 StatusBar}: removed=false visible=true mHasSurface=true drawState=1
01-28 00:35:56.457  1009  1912 I WindowManager: Waiting for drawn Window{11455a u0 com.transsion.XOSLauncher/com.android.quickstep.src.com.android.launcher3.uioverrides.QuickstepLauncher}: removed=false visible=true mHasSurface=true drawState=1
01-28 00:35:56.457  1009  1912 I WindowManager: Waiting for drawn Window{1e1fe51 u0 ZeroScreen}: removed=false visible=true mHasSurface=true drawState=1
01-28 00:35:56.457  1009  1912 I WindowManager: Waiting for drawn Window{42a7a9a u0 StatusBar}: removed=false visible=true mHasSurface=true drawState=1
01-28 00:35:56.460  1009  1009 I MWN     : onSignalStrengthsChanged...
01-28 00:35:56.466  1009  1009 I MWN     : network type = 1
01-28 00:35:56.466  1009  1009 I MWN     : Write 0 to node. type=Wi-Fi mSimExist=true mFlightMode=false
01-28 00:35:56.467  1009  1009 I MWN     : write the value:0 to node successfully.
01-28 00:35:56.468  1009  1087 I WindowManager: Waiting for drawn Window{11455a u0 com.transsion.XOSLauncher/com.android.quickstep.src.com.android.launcher3.uioverrides.QuickstepLauncher}: removed=false visible=true mHasSurface=true drawState=1
01-28 00:35:56.468  1009  1087 I WindowManager: Waiting for drawn Window{1e1fe51 u0 ZeroScreen}: removed=false visible=true mHasSurface=true drawState=4
01-28 00:35:56.468  1009  1087 I WindowManager: Waiting for drawn Window{42a7a9a u0 StatusBar}: removed=false visible=true mHasSurface=true drawState=1
01-28 00:35:56.485  1009  1087 I WindowManager: Waiting for drawn Window{11455a u0 com.transsion.XOSLauncher/com.android.quickstep.src.com.android.launcher3.uioverrides.QuickstepLauncher}: removed=false visible=true mHasSurface=true drawState=4
01-28 00:35:56.486  1009  1087 I WindowManager: Waiting for drawn Window{42a7a9a u0 StatusBar}: removed=false visible=true mHasSurface=true drawState=1
01-28 00:35:56.488  1009  1087 I WindowManager: Waiting for drawn Window{42a7a9a u0 StatusBar}: removed=false visible=true mHasSurface=true drawState=1
01-28 00:35:56.510  1009  1027 E NotificationService: Suppressing notification from package by user request.
01-28 00:35:56.522  1009  1087 I WindowManager: Waiting for drawn Window{42a7a9a u0 StatusBar}: removed=false visible=true mHasSurface=true drawState=4
01-28 00:35:56.530  1009  1044 I DisplayPowerController: Unblocked screen on after 188 ms
01-28 00:35:56.534  1009  1009 I DeviceIdleController: becomeActiveLocked, reason = screen
01-28 00:35:56.592  1009  1009 I MWN     : onSignalStrengthsChanged...
01-28 00:35:56.595  1009  1009 I MWN     : network type = 1
01-28 00:35:56.595  1009  1009 I MWN     : Write 0 to node. type=Wi-Fi mSimExist=true mFlightMode=false
01-28 00:35:56.596  1009  1009 I MWN     : write the value:0 to node successfully.
01-28 00:35:56.612  3874  3874 W ContextImpl: Calling a method in the system process without a qualified user: android.app.ContextImpl.startForegroundService:1538 android.content.ContextWrapper.startForegroundService:669 com.transsion.powercenter.receiver.ScreenStatusReceiver.onReceive:98 android.app.LoadedApk$ReceiverDispatcher$Args.lambda$getRunnable$0:1391 android.app.-$$Lambda$LoadedApk$ReceiverDispatcher$Args$_BumDX2UKsnxLVrE6UJsJZkotuA.run:2 
01-28 00:35:56.635  1009  1031 I ActivityManager: Start proc 31920:com.transsion.powercenter/1000 for service com.transsion.powercenter/.service.NetSpeedService
01-28 00:35:56.668  1009  1044 W PowerManagerService: Screen on took 337 ms
