01-28 00:46:45.923  1172  1908 W System.err: 	at com.transsion.athena.c.a.a(source.java:151)
01-28 00:46:45.923  1172  1908 W System.err: 	at com.transsion.athena.data.a.c.c(source.java:224)
01-28 00:46:45.923  1172  1908 W System.err: 	at com.transsion.athena.data.a.c.a(source.java:1179)
01-28 00:46:45.923  1172  1908 W System.err: 	at com.transsion.ga.g.run(source.java:281)
01-28 00:46:45.923  1172  1908 W System.err: 	at java.util.concurrent.ThreadPoolExecutor.runWorker(ThreadPoolExecutor.java:1167)
01-28 00:46:45.923  1172  1908 W System.err: 	at java.util.concurrent.ThreadPoolExecutor$Worker.run(ThreadPoolExecutor.java:641)
01-28 00:46:45.923  1172  1908 W System.err: 	at java.lang.Thread.run(Thread.java:764)
01-28 00:46:45.924   421   421 E IMGMemtrackHAL: GetGLMemtrackRecords: Subtracting per-pid stats from global stats would wrap. Clamping global stats to zero.
01-28 00:46:45.924   421   421 I chatty  : uid=1000(system) memtrack@1.0-se identical 5 lines
01-28 00:46:45.924   421   421 E IMGMemtrackHAL: GetGLMemtrackRecords: Subtracting per-pid stats from global stats would wrap. Clamping global stats to zero.
01-28 00:46:45.924   421   421 W IMGMemtrackHAL: hal_get_memory: memtrack cache rebuild was required
01-28 00:46:45.929  1009  7590 I GM_FreeformManager: stack: ActivityStack{76a80c9 stackId=54 type=standard mode=fullscreen visible=false translucent=true, 0 tasks},  lastAlwaysOnTopIndex: -1, res: 2, stackSize: 2
01-28 00:46:45.930  1172  1908 W System.err: java.io.IOException: Cleartext HTTP traffic to checkip.amazonaws.com not permitted
01-28 00:46:45.931  1172  1908 W System.err: 	at com.android.okhttp.HttpHandler$CleartextURLFilter.checkURLPermitted(HttpHandler.java:142)
01-28 00:46:45.931  1172  1908 W System.err: 	at com.android.okhttp.internal.huc.HttpURLConnectionImpl.execute(HttpURLConnectionImpl.java:469)
01-28 00:46:45.931  1172  1908 W System.err: 	at com.android.okhttp.internal.huc.HttpURLConnectionImpl.connect(HttpURLConnectionImpl.java:127)
01-28 00:46:45.931  1172  1908 W System.err: 	at com.transsion.athena.b.b.a(source.java:496)
01-28 00:46:45.931  1172  1908 W System.err: 	at com.transsion.athena.c.a.a(source.java:151)
01-28 00:46:45.931  1172  1908 W System.err: 	at com.transsion.athena.data.a.c.a(source.java:1204)
01-28 00:46:45.931  1172  1908 W System.err: 	at com.transsion.ga.g.run(source.java:281)
01-28 00:46:45.931  1172  1908 W System.err: 	at java.util.concurrent.ThreadPoolExecutor.runWorker(ThreadPoolExecutor.java:1167)
01-28 00:46:45.931  1172  1908 W System.err: 	at java.util.concurrent.ThreadPoolExecutor$Worker.run(ThreadPoolExecutor.java:641)
01-28 00:46:45.931  1172  1908 W System.err: 	at java.lang.Thread.run(Thread.java:764)
01-28 00:46:45.944   421   421 E IMGMemtrackHAL: GetGLMemtrackRecords: Subtracting per-pid stats from global stats would wrap. Clamping global stats to zero.
01-28 00:46:45.944   421   421 I chatty  : uid=1000(system) memtrack@1.0-se identical 5 lines
01-28 00:46:45.944   421   421 E IMGMemtrackHAL: GetGLMemtrackRecords: Subtracting per-pid stats from global stats would wrap. Clamping global stats to zero.
01-28 00:46:45.944   421   421 W IMGMemtrackHAL: hal_get_memory: memtrack cache rebuild was required
01-28 00:46:45.948  1009  1049 I system_server: Explicit concurrent copying GC freed 127071(5MB) AllocSpace objects, 21(868KB) LOS objects, 42% free, 25MB/45MB, paused 246us total 386.768ms
01-28 00:46:45.952  1009  7590 I GM_FreeformManager: stack: ActivityStack{76a80c9 stackId=54 type=standard mode=fullscreen visible=false translucent=true, 1 tasks},  lastAlwaysOnTopIndex: -1, res: 2, stackSize: 2
01-28 00:46:45.952   562  1082 E         : Couldn't opendir /data/app/vmdl1910525075.tmp: No such file or directory
01-28 00:46:45.952   562  1082 E installd: Failed to delete /data/app/vmdl1910525075.tmp: No such file or directory
01-28 00:46:45.953   432   456 I vendor.mediatek.hardware.power@2.0-impl: powerHintAsync hint:8, data:1
01-28 00:46:45.954   432   455 I libPowerHal: 8: cpu_ctrl set freq: 2001000 -1 1500000 -1
01-28 00:46:45.958  1009  7590 I PowerWrap: PowerHal_Wrap_mtkPowerHint
01-28 00:46:45.958  1009  7590 I PowerWrap: PowerHal_Wrap_mtkPowerHint
01-28 00:46:45.960 31303 31303 I ADB_SERVICES: for fd 22, revents = 10
01-28 00:46:45.960   421   421 E IMGMemtrackHAL: GetGLMemtrackRecords: Subtracting per-pid stats from global stats would wrap. Clamping global stats to zero.
01-28 00:46:45.960   421   421 I chatty  : uid=1000(system) memtrack@1.0-se identical 5 lines
01-28 00:46:45.960   421   421 E IMGMemtrackHAL: GetGLMemtrackRecords: Subtracting per-pid stats from global stats would wrap. Clamping global stats to zero.
01-28 00:46:45.960   421   421 W IMGMemtrackHAL: hal_get_memory: memtrack cache rebuild was required
01-28 00:46:45.960 31303  4516 I ADB_SERVICES: post waitpid (pid=4515) status=0000
01-28 00:46:45.963  1009  1049 I ActivityManager: Force stopping com.mindease appid=10197 user=0: pkg removed
01-28 00:46:45.963  1009  1049 I PowerMonitorHookServer: stop app:com.transsion.XOSLauncher
01-28 00:46:45.963  1009  1049 I PowerMonitorHookServer: start app:com.android.settings
01-28 00:46:45.969  1009 10782 I DeviceIdleController: becomeActiveLocked, reason = notification interaction
01-28 00:46:45.976   421   421 E IMGMemtrackHAL: GetGLMemtrackRecords: Subtracting per-pid stats from global stats would wrap. Clamping global stats to zero.
01-28 00:46:45.976   421   421 I chatty  : uid=1000(system) memtrack@1.0-se identical 5 lines
01-28 00:46:45.976   421   421 E IMGMemtrackHAL: GetGLMemtrackRecords: Subtracting per-pid stats from global stats would wrap. Clamping global stats to zero.
01-28 00:46:45.976  1009  5749 I PowerWrap: PowerHal_Wrap_mtkPowerHint
01-28 00:46:45.976  1009  5749 E ActivityManager: applyOptionsLocked: Unknown animationType=0
01-28 00:46:45.977  1009  5749 I chatty  : uid=1000(system) Binder:1009_16 identical 2 lines
01-28 00:46:45.977  1009  5749 I PowerWrap: PowerHal_Wrap_mtkPowerHint
01-28 00:46:45.980 31303 31303 I ADB_SERVICES: service_to_fd shell:rm "/data/local/tmp/app-debug.apk"
01-28 00:46:45.989  1009  1040 I WindowManager: Focus moving from Window{42a7a9a u0 StatusBar} to null
01-28 00:46:45.991   421   421 E IMGMemtrackHAL: GetGLMemtrackRecords: Subtracting per-pid stats from global stats would wrap. Clamping global stats to zero.
01-28 00:46:45.991   421   421 I chatty  : uid=1000(system) memtrack@1.0-se identical 5 lines
01-28 00:46:45.991   421   421 E IMGMemtrackHAL: GetGLMemtrackRecords: Subtracting per-pid stats from global stats would wrap. Clamping global stats to zero.
01-28 00:46:45.996   442   672 I BufferQueue: [unnamed-442-777](this:0x7485b73800,id:777,api:0,p:-1,c:-1) BufferQueue core=(442:/system/bin/surfaceflinger)
01-28 00:46:45.996   442   672 I BufferQueueConsumer: [unnamed-442-777](this:0x7485b73800,id:777,api:0,p:-1,c:442) connect(C): consumer=(442:/system/bin/surfaceflinger) controlledByApp=false
01-28 00:46:45.996   442   672 I BufferQueueConsumer: [unnamed-442-777](this:0x7485b73800,id:777,api:0,p:-1,c:442) setConsumerName: unnamed-442-777
01-28 00:46:45.996   442   672 I BufferQueueConsumer: [Splash Screen com.android.settings#0](this:0x7485b73800,id:777,api:0,p:-1,c:442) setConsumerName: Splash Screen com.android.settings#0
01-28 00:46:45.996   442   672 I BufferQueueConsumer: [Splash Screen com.android.settings#0](this:0x7485b73800,id:777,api:0,p:-1,c:442) setDefaultBufferSize: width=720 height=1600
01-28 00:46:46.006   421   421 E IMGMemtrackHAL: GetGLMemtrackRecords: Subtracting per-pid stats from global stats would wrap. Clamping global stats to zero.
01-28 00:46:46.006   421   421 I chatty  : uid=1000(system) memtrack@1.0-se identical 5 lines
01-28 00:46:46.006   421   421 E IMGMemtrackHAL: GetGLMemtrackRecords: Subtracting per-pid stats from global stats would wrap. Clamping global stats to zero.
01-28 00:46:46.010  1997  1997 I Finsky  : [2] ahqu - Received: android.intent.action.PACKAGE_REMOVED, [gNfoyW5N-8d3Dwu99Qp0LbRAxF7xFZxLwEHkbrVoPg8]
01-28 00:46:46.012  2219  2219 I Finsky:background: [2] ahqk - Received: android.intent.action.PACKAGE_REMOVED, [gNfoyW5N-8d3Dwu99Qp0LbRAxF7xFZxLwEHkbrVoPg8]
01-28 00:46:46.021  1009  1027 W BroadcastQueue: Background execution not allowed: receiving Intent { act=android.intent.action.PACKAGE_REMOVED dat=package:com.mindease flg=0x4000010 (has extras) } to com.transsnet.store/com.afmobi.palmplay.receivers.AppInstallAndRemoveReceiver
01-28 00:46:46.022   442   672 I BufferQueueProducer: [Splash Screen com.android.settings#0](this:0x7485b73800,id:777,api:2,p:1009,c:442) connect(P): api=2 producer=(1009:system_server) producerControlledByApp=false
01-28 00:46:46.038  1009  1105 I InputReader: Reconfiguring input devices.  changes=0x00000010
01-28 00:46:46.039   421   421 E IMGMemtrackHAL: GetGLMemtrackRecords: Subtracting per-pid stats from global stats would wrap. Clamping global stats to zero.
01-28 00:46:46.039   421   421 I chatty  : uid=1000(system) memtrack@1.0-se identical 5 lines
01-28 00:46:46.039   421   421 E IMGMemtrackHAL: GetGLMemtrackRecords: Subtracting per-pid stats from global stats would wrap. Clamping global stats to zero.
01-28 00:46:46.039   421   421 W IMGMemtrackHAL: hal_get_memory: memtrack cache rebuild was required
01-28 00:46:46.040  1009  1105 I InputReader: Reconfiguring input devices.  changes=0x00000010
01-28 00:46:46.049  1009  1031 I ActivityManager: Start proc 4543:com.android.settings/1000 for activity com.android.settings/.Settings$DevelopmentSettingsDashboardActivity
01-28 00:46:46.060  1009  1027 W BroadcastQueue: Background execution not allowed: receiving Intent { act=android.intent.action.PACKAGE_REMOVED dat=package:com.mindease flg=0x4000010 (has extras) } to com.kikaoem.qisiemoji.inputmethod.cy.se/com.qisi.plugin.clean.receiver.CleanReceiver
01-28 00:46:46.061  1009  1027 W BroadcastQueue: Background execution not allowed: receiving Intent { act=android.intent.action.PACKAGE_REMOVED dat=package:com.mindease flg=0x4000010 (has extras) } to com.android.vending/com.google.android.finsky.packagemonitor.impl.PackageMonitorReceiverImpl$RegisteredReceiver
01-28 00:46:46.062  1009  1027 W BroadcastQueue: Background execution not allowed: receiving Intent { act=android.intent.action.PACKAGE_REMOVED dat=package:com.mindease flg=0x4000010 (has extras) } to com.android.vending/com.google.android.finsky.packagemonitor.backgroundimpl.BackgroundPackageMonitorReceiverImpl$RegisteredReceiver
01-28 00:46:46.062  1009  1027 W BroadcastQueue: Background execution not allowed: receiving Intent { act=android.intent.action.PACKAGE_REMOVED dat=package:com.mindease flg=0x4000010 (has extras) } to com.android.vending/com.google.android.finsky.instantapps.appmanagement.InstantAppRemoveMonitor
01-28 00:46:46.062  1009  1027 W BroadcastQueue: Background execution not allowed: receiving Intent { act=android.intent.action.PACKAGE_REMOVED dat=package:com.mindease flg=0x4000010 (has extras) } to com.facebook.services/com.facebook.oxygen.services.fbns.RegisteredMqttSystemBroadcastReceiver
01-28 00:46:46.063  1009  1027 W BroadcastQueue: Background execution not allowed: receiving Intent { act=android.intent.action.PACKAGE_REMOVED dat=package:com.mindease flg=0x4000010 (has extras) } to com.google.android.apps.maps/com.google.android.libraries.social.peoplekit.thirdparty.viewcontrollers.ThirdPartyReceiver
01-28 00:46:46.063  1009  1027 W BroadcastQueue: Background execution not allowed: receiving Intent { act=android.intent.action.PACKAGE_REMOVED dat=package:com.mindease flg=0x4000010 (has extras) } to com.google.android.apps.photos/com.google.android.libraries.social.peoplekit.thirdparty.viewcontrollers.ThirdPartyReceiver
01-28 00:46:46.064  1009  1027 W BroadcastQueue: Background execution not allowed: receiving Intent { act=android.intent.action.PACKAGE_REMOVED dat=package:com.mindease flg=0x4000010 (has extras) } to com.google.android.gms/.chimera.GmsIntentOperationService$PersistentTrustedReceiver
01-28 00:46:46.067  1009  1027 W BroadcastQueue: Background execution not allowed: receiving Intent { act=android.intent.action.PACKAGE_REMOVED dat=package:com.mindease flg=0x4000010 (has extras) } to com.kikaoem.qisiemoji.inputmethod.cy.se/com.qisi.receiver.ApkMonitorReceiver
01-28 00:46:46.067  1009  1027 W BroadcastQueue: Background execution not allowed: receiving Intent { act=android.intent.action.PACKAGE_REMOVED dat=package:com.mindease flg=0x4000010 (has extras) } to com.sh.smart.caller/com.xdandroid.hellodaemon.WakeUpReceiver
01-28 00:46:46.067  1009  1027 W BroadcastQueue: Background execution not allowed: receiving Intent { act=android.intent.action.PACKAGE_ADDED dat=package:com.mindease flg=0x4000010 (has extras) } to com.transsnet.store/com.afmobi.palmplay.receivers.AppInstallAndRemoveReceiver
01-28 00:46:46.068  1009  1027 W BroadcastQueue: Background execution not allowed: receiving Intent { act=android.intent.action.PACKAGE_ADDED dat=package:com.mindease flg=0x4000010 (has extras) } to com.android.vending/com.google.android.finsky.packagemonitor.impl.PackageMonitorReceiverImpl$RegisteredReceiver
01-28 00:46:46.068  1009  1027 W BroadcastQueue: Background execution not allowed: receiving Intent { act=android.intent.action.PACKAGE_ADDED dat=package:com.mindease flg=0x4000010 (has extras) } to com.android.vending/com.google.android.finsky.packagemonitor.backgroundimpl.BackgroundPackageMonitorReceiverImpl$RegisteredReceiver
01-28 00:46:46.068  1009  1027 W BroadcastQueue: Background execution not allowed: receiving Intent { act=android.intent.action.PACKAGE_ADDED dat=package:com.mindease flg=0x4000010 (has extras) } to com.facebook.appmanager/com.facebook.oxygen.common.packages.event.manifest.ManifestPackageEventReceiver
01-28 00:46:46.068  1009  1027 W BroadcastQueue: Background execution not allowed: receiving Intent { act=android.intent.action.PACKAGE_ADDED dat=package:com.mindease flg=0x4000010 (has extras) } to com.google.android.apps.nbu.files/.documentbrowser.browselanding.rootcontainerlist.receiver.PackageChangeReceiver_Receiver
01-28 00:46:46.068  1009  1027 W BroadcastQueue: Background execution not allowed: receiving Intent { act=android.intent.action.PACKAGE_ADDED dat=package:com.mindease flg=0x4000010 (has extras) } to com.google.android.gms/.chimera.GmsIntentOperationService$PersistentTrustedReceiver
01-28 00:46:46.069  1009  1027 W BroadcastQueue: Background execution not allowed: receiving Intent { act=android.intent.action.PACKAGE_ADDED dat=package:com.mindease flg=0x4000010 (has extras) } to com.google.android.gms/.gass.chimera.PackageChangeBroadcastReceiver
01-28 00:46:46.069  1009  1027 W BroadcastQueue: Background execution not allowed: receiving Intent { act=android.intent.action.PACKAGE_ADDED dat=package:com.mindease flg=0x4000010 (has extras) } to com.kikaoem.qisiemoji.inputmethod.cy.se/com.qisi.receiver.ApkMonitorReceiver
01-28 00:46:46.069  1009  1027 W BroadcastQueue: Background execution not allowed: receiving Intent { act=android.intent.action.PACKAGE_ADDED dat=package:com.mindease flg=0x4000010 (has extras) } to com.sh.smart.caller/com.xdandroid.hellodaemon.WakeUpReceiver
01-28 00:46:46.069  4543  4543 E ndroid.setting: Not starting debugger since process cannot load the jdwp agent.
01-28 00:46:46.070  1009  1027 W BroadcastQueue: Background execution not allowed: receiving Intent { act=android.intent.action.PACKAGE_ADDED dat=package:com.mindease flg=0x4000010 (has extras) } to com.zhiliaoapp.musically/com.ss.android.common.applog.HotsoonReceiver
01-28 00:46:46.072   421   421 E IMGMemtrackHAL: GetGLMemtrackRecords: Subtracting per-pid stats from global stats would wrap. Clamping global stats to zero.
01-28 00:46:46.073   421   421 I chatty  : uid=1000(system) memtrack@1.0-se identical 5 lines
01-28 00:46:46.073   421   421 E IMGMemtrackHAL: GetGLMemtrackRecords: Subtracting per-pid stats from global stats would wrap. Clamping global stats to zero.
01-28 00:46:46.073   421   421 W IMGMemtrackHAL: hal_get_memory: memtrack cache rebuild was required
01-28 00:46:46.079  2219  2219 I Finsky:background: [2] IQ: onPackageRemoved com.mindease, replacing=true, uninstallingFromPlay=false
01-28 00:46:46.081  2219  2219 I Finsky:background: [2] ahqk - Received: android.intent.action.PACKAGE_ADDED, [gNfoyW5N-8d3Dwu99Qp0LbRAxF7xFZxLwEHkbrVoPg8]
01-28 00:46:46.097   421   421 E IMGMemtrackHAL: GetGLMemtrackRecords: Subtracting per-pid stats from global stats would wrap. Clamping global stats to zero.
01-28 00:46:46.097   421   421 I chatty  : uid=1000(system) memtrack@1.0-se identical 5 lines
01-28 00:46:46.097   421   421 E IMGMemtrackHAL: GetGLMemtrackRecords: Subtracting per-pid stats from global stats would wrap. Clamping global stats to zero.
01-28 00:46:46.097  1997  2081 I android.vendin: Waiting for a blocking GC ProfileSaver
01-28 00:46:46.101  1009  1031 I ActivityManager: Start proc 4561:com.android.keychain/1000 for service com.android.keychain/.KeyChainService
01-28 00:46:46.106  1997  4553 I Finsky  : [4131] SCH: Received scheduling request: Id: 12-1, Constraints: [{ L: 15000, D: 86400000, C: CHARGING_NONE, I: IDLE_NONE, N: NET_ANY, B: BATTERY_ANY }]
01-28 00:46:46.113  4543  4543 W re-initialized>: type=1400 audit(0.0:68436): avc: denied { read } for name="u:object_r:mtk_amslog_prop:s0" dev="tmpfs" ino=9757 scontext=u:r:system_app:s0 tcontext=u:object_r:mtk_amslog_prop:s0 tclass=file permissive=0
01-28 00:46:46.113  4543  4543 E libc    : Access denied finding property "persist.vendor.sys.activitylog"
01-28 00:46:46.116  1009  1009 W system_server: Unknown chunk type '200'.
01-28 00:46:46.116  1009  1009 W system_server: Unknown chunk type '200'.
01-28 00:46:46.117  1997  1997 I Finsky  : [2] AIM: AppInfoCacheUpdater -> invalidating apps: [com.mindease]
01-28 00:46:46.117  1009  1009 W system_server: Unknown chunk type '200'.
01-28 00:46:46.117  1997  1997 I Finsky  : [2] AIM: AppInfoManager-Perf > getApps > called for 1 apps
01-28 00:46:46.123  1997  2141 I Finsky  : [3960] AIM: AppInfoManager-Perf > OnDeviceAppInfo > cacheHitCount=0, cacheMissCount=1. Missed  in cache (limit 10) : [com.mindease]
01-28 00:46:46.125  1009  1105 I InputReader: Reconfiguring input devices.  changes=0x00000010
01-28 00:46:46.127  2219  4551 I Finsky:background: [4000] Wrote row to frosting DB: 3775
01-28 00:46:46.129  1997  2144 I Finsky  : [3962] AIM: Got app ownership map. App counts: . Unique apps: 0
01-28 00:46:46.130  1997  2144 E Finsky  : [3962] [Counters] attempted to use a non-positive increment for: 4752
01-28 00:46:46.131  2219  2219 I Finsky:background: [2] ahqk - Received: android.intent.action.PACKAGE_ADDED, [gNfoyW5N-8d3Dwu99Qp0LbRAxF7xFZxLwEHkbrVoPg8]
01-28 00:46:46.135  4561  4561 E ndroid.keychai: Not starting debugger since process cannot load the jdwp agent.
01-28 00:46:46.136  1997  2138 I Finsky  : [3957] AIM: AppInfoManager-Perf > OnDeviceAppInfo > cacheHitCount=1, cacheMissCount=0. Missed  in cache (limit 10) : []
01-28 00:46:46.139   421   421 E IMGMemtrackHAL: GetGLMemtrackRecords: Subtracting per-pid stats from global stats would wrap. Clamping global stats to zero.
01-28 00:46:46.139   421   421 I chatty  : uid=1000(system) memtrack@1.0-se identical 5 lines
01-28 00:46:46.139   421   421 E IMGMemtrackHAL: GetGLMemtrackRecords: Subtracting per-pid stats from global stats would wrap. Clamping global stats to zero.
01-28 00:46:46.143  1997  1997 I Finsky  : [2] ahqu - Received: android.intent.action.PACKAGE_ADDED, [gNfoyW5N-8d3Dwu99Qp0LbRAxF7xFZxLwEHkbrVoPg8]
01-28 00:46:46.144  2219  4572 I Finsky:background: [4002] IQ: handled package removed
01-28 00:46:46.145  4561  4561 W re-initialized>: type=1400 audit(0.0:68437): avc: denied { read } for name="u:object_r:mtk_amslog_prop:s0" dev="tmpfs" ino=9757 scontext=u:r:system_app:s0 tcontext=u:object_r:mtk_amslog_prop:s0 tclass=file permissive=0
01-28 00:46:46.146  2219  4551 I Finsky:background: [4000] Wrote row to frosting DB: 3776
01-28 00:46:46.148  1997  2138 E Finsky  : [3957] [Counters] attempted to use a non-positive increment for: 4753
01-28 00:46:46.149  4561  4561 E libc    : Access denied finding property "persist.vendor.sys.activitylog"
01-28 00:46:46.150  1872  1882 E pnpmgr  : open /dev/blkio/pnpmgr_bg/blkio.throttle.read_bps_device fail, errno:2
01-28 00:46:46.158  1997  2138 I Finsky  : [3957] AIM: Got app ownership map. App counts: . Unique apps: 0
01-28 00:46:46.158  1997  2138 E Finsky  : [3957] [Counters] attempted to use a non-positive increment for: 4752
01-28 00:46:46.161  2219  2219 I Finsky:background: [2] ahqk - Deduping intent android.intent.action.PACKAGE_ADDED
01-28 00:46:46.164   432   456 I vendor.mediatek.hardware.power@2.0-impl: notifyAppState pack:com.android.settings, act:com.android.settings.Settings$DevelopmentSettingsDashboardActivity, pid:4543, state:1
01-28 00:46:46.165   432   455 I libPowerHal: [perfNotifyAppState] foreground:com.android.settings, pid:4543
01-28 00:46:46.165  2219  4551 I Finsky:background: [4000] Wrote row to frosting DB: 3777
01-28 00:46:46.170  1997  4553 I Finsky  : [4131] SCH: Received scheduling request: Id: 12-1, Constraints: [{ L: 15000, D: 86400000, C: CHARGING_NONE, I: IDLE_NONE, N: NET_ANY, B: BATTERY_ANY }]
01-28 00:46:46.179  1997  1997 I Finsky  : [2] DTU: Received onPackageAdded, replacing: true
01-28 00:46:46.181  1997  2138 E Finsky  : [3957] [Counters] attempted to use a non-positive increment for: 4753
01-28 00:46:46.188  4543  4543 I ndroid.setting: The ClassLoaderContext is a special shared library.
01-28 00:46:46.196 31303 31303 I ADB_SERVICES: for fd 22, revents = 10
01-28 00:46:46.197 31303  4537 I ADB_SERVICES: post waitpid (pid=4536) status=0000
01-28 00:46:46.205  2219  4551 I Finsky:background: [4000] Wrote row to frosting DB: 3778
01-28 00:46:46.207  1997  1997 I Finsky  : [2] AIM: AppInfoCacheUpdater -> invalidating apps: [com.mindease]
01-28 00:46:46.207  1997  1997 I Finsky  : [2] AIM: AppInfoManager-Perf > getApps > called for 1 apps
01-28 00:46:46.214   421   421 E IMGMemtrackHAL: GetGLMemtrackRecords: Subtracting per-pid stats from global stats would wrap. Clamping global stats to zero.
01-28 00:46:46.215   421   421 I chatty  : uid=1000(system) memtrack@1.0-se identical 10 lines
01-28 00:46:46.215   421   421 E IMGMemtrackHAL: GetGLMemtrackRecords: Subtracting per-pid stats from global stats would wrap. Clamping global stats to zero.
01-28 00:46:46.220  1997  2168 I Finsky  : [3966] AIM: AppInfoManager-Perf > OnDeviceAppInfo > cacheHitCount=0, cacheMissCount=1. Missed  in cache (limit 10) : [com.mindease]
01-28 00:46:46.227  4561  4561 I ndroid.keychai: The ClassLoaderContext is a special shared library.
01-28 00:46:46.228  1997  1997 I Finsky  : [2] ahqu - Received: android.intent.action.PACKAGE_ADDED, [gNfoyW5N-8d3Dwu99Qp0LbRAxF7xFZxLwEHkbrVoPg8]
01-28 00:46:46.231   442   442 I BufferQueueConsumer: [StatusBar#0](this:0x74801e8000,id:4,api:1,p:1172,c:442) setDefaultBufferSize: width=720 height=64
01-28 00:46:46.234  1997  2168 I Finsky  : [3966] AIM: AppInfoManager-Perf > OnDeviceAppInfo > cacheHitCount=1, cacheMissCount=0. Missed  in cache (limit 10) : []
01-28 00:46:46.235   421   421 E IMGMemtrackHAL: GetGLMemtrackRecords: Subtracting per-pid stats from global stats would wrap. Clamping global stats to zero.
01-28 00:46:46.236   421   421 I chatty  : uid=1000(system) memtrack@1.0-se identical 10 lines
01-28 00:46:46.236   421   421 E IMGMemtrackHAL: GetGLMemtrackRecords: Subtracting per-pid stats from global stats would wrap. Clamping global stats to zero.
01-28 00:46:46.243  2219  4551 I Finsky:background: [4000] Wrote row to frosting DB: 3779
01-28 00:46:46.244   442   473 I BufferQueueProducer: [StatusBar#0](this:0x74801e8000,id:4,api:1,p:1172,c:442) disconnect(P): api 1
01-28 00:46:46.246  4543  4543 I LoadedApk: No resource references to update in package com.transsion.theme.icon
01-28 00:46:46.246   442   473 I BufferQueueProducer: [StatusBar#0](this:0x74801e8000,id:4,api:1,p:1172,c:442) connect(P): api=1 producer=(1172:com.android.systemui) producerControlledByApp=true
01-28 00:46:46.253  4561  4561 I LoadedApk: No resource references to update in package com.transsion.theme.icon
01-28 00:46:46.255   421   421 E IMGMemtrackHAL: GetGLMemtrackRecords: Subtracting per-pid stats from global stats would wrap. Clamping global stats to zero.
01-28 00:46:46.273  4543  4543 W ndroid.settings: type=1400 audit(0.0:68438): avc: denied { read } for name="u:object_r:vendor_default_prop:s0" dev="tmpfs" ino=9934 scontext=u:r:system_app:s0 tcontext=u:object_r:vendor_default_prop:s0 tclass=file permissive=0
01-28 00:46:46.275   421   421 I chatty  : uid=1000(system) memtrack@1.0-se expire 22 lines
01-28 00:46:46.275   421   421 E IMGMemtrackHAL: GetGLMemtrackRecords: Subtracting per-pid stats from global stats would wrap. Clamping global stats to zero.
01-28 00:46:46.277  4543  4543 W ndroid.settings: type=1400 audit(0.0:68439): avc: denied { read } for name="u:object_r:vendor_default_prop:s0" dev="tmpfs" ino=9934 scontext=u:r:system_app:s0 tcontext=u:object_r:vendor_default_prop:s0 tclass=file permissive=0
01-28 00:46:46.277  4543  4543 W ndroid.settings: type=1400 audit(0.0:68440): avc: denied { read } for name="u:object_r:vendor_default_prop:s0" dev="tmpfs" ino=9934 scontext=u:r:system_app:s0 tcontext=u:object_r:vendor_default_prop:s0 tclass=file permissive=0
01-28 00:46:46.277  4543  4543 W ndroid.settings: type=1400 audit(0.0:68441): avc: denied { read } for name="u:object_r:vendor_default_prop:s0" dev="tmpfs" ino=9934 scontext=u:r:system_app:s0 tcontext=u:object_r:vendor_default_prop:s0 tclass=file permissive=0
01-28 00:46:46.277  4543  4543 E libc    : Access denied finding property "ro.vendor.mtk_clearmotion_support"
01-28 00:46:46.279  4543  4543 E libc    : Access denied finding property "ro.vendor.mtk_a1_feature"
01-28 00:46:46.279  4543  4543 E libc    : Access denied finding property "ro.vendor.mtk_fota_entry"
01-28 00:46:46.279  4543  4543 E libc    : Access denied finding property "ro.vendor.mtk_scomo_entry"
01-28 00:46:46.279  4543  4543 E libc    : Access denied finding property "ro.vendor.mtk_mdm_scomo"
01-28 00:46:46.279  4543  4543 E libc    : Access denied finding property "ro.vendor.mtk_mdm_fumo"
01-28 00:46:46.285   421   421 E IMGMemtrackHAL: GetGLMemtrackRecords: Subtracting per-pid stats from global stats would wrap. Clamping global stats to zero.
01-28 00:46:46.286   421   421 I chatty  : uid=1000(system) memtrack@1.0-se identical 10 lines
01-28 00:46:46.286   421   421 E IMGMemtrackHAL: GetGLMemtrackRecords: Subtracting per-pid stats from global stats would wrap. Clamping global stats to zero.
01-28 00:46:46.287  1997  1997 I Finsky  : [2] ahqu - Deduping intent android.intent.action.PACKAGE_ADDED
01-28 00:46:46.289  4543  4589 W ContextImpl: Calling a method in the system process without a qualified user: android.app.ContextImpl.bindService:1612 android.content.ContextWrapper.bindService:698 com.transsion.core.deviceinfo.AdvertisingIdClient.getAdvertisingIdInfo:61 com.transsion.core.deviceinfo.DeviceInfo$1.run:67 java.lang.Thread.run:764 
01-28 00:46:46.292  1997  2168 I Finsky  : [3966] AIM: Got app ownership map. App counts: . Unique apps: 0
01-28 00:46:46.292  1997  2168 E Finsky  : [3966] [Counters] attempted to use a non-positive increment for: 4752
01-28 00:46:46.297  1997  1997 I Finsky  : [2] ahqu - Received: android.intent.action.PACKAGE_ADDED, [gNfoyW5N-8d3Dwu99Qp0LbRAxF7xFZxLwEHkbrVoPg8]
01-28 00:46:46.308   421   421 E IMGMemtrackHAL: GetGLMemtrackRecords: Subtracting per-pid stats from global stats would wrap. Clamping global stats to zero.
01-28 00:46:46.308   421   421 I chatty  : uid=1000(system) memtrack@1.0-se identical 10 lines
01-28 00:46:46.308   421   421 E IMGMemtrackHAL: GetGLMemtrackRecords: Subtracting per-pid stats from global stats would wrap. Clamping global stats to zero.
01-28 00:46:46.309  1009  1009 W Looper  : Slow dispatch took 237ms main h=android.app.ActivityThread$H m=0
01-28 00:46:46.309  1009  1009 W Looper  : Slow delivery took 297ms main h=android.app.ActivityThread$H m=0
01-28 00:46:46.311  1009  1009 I DeviceIdleController: ACTION_INSTALL_APK 
01-28 00:46:46.312  1997  1997 I Finsky  : [2] ahqu - Deduping intent android.intent.action.PACKAGE_ADDED
01-28 00:46:46.314  1997  2090 I Finsky  : [3941] RECEIVER_PACKAGE_MONITOR#logWorkEndAndFinishGoAsync: SUCCESS
01-28 00:46:46.317  1997  4530 I System.out: [OkHttp] sendRequest>>
01-28 00:46:46.318  1997  4530 I System.out: [OkHttp] sendRequest<<
01-28 00:46:46.320   421   421 E IMGMemtrackHAL: GetGLMemtrackRecords: Subtracting per-pid stats from global stats would wrap. Clamping global stats to zero.
01-28 00:46:46.320   421   421 I chatty  : uid=1000(system) memtrack@1.0-se identical 10 lines
01-28 00:46:46.320   421   421 E IMGMemtrackHAL: GetGLMemtrackRecords: Subtracting per-pid stats from global stats would wrap. Clamping global stats to zero.
01-28 00:46:46.320  1334  1348 I ion.XOSLaunche: Background concurrent copying GC freed 36136(2MB) AllocSpace objects, 4(164KB) LOS objects, 62% free, 7MB/19MB, paused 240us total 338.616ms
01-28 00:46:46.322  1997  4521 I System.out: [OkHttp] sendRequest>>
01-28 00:46:46.322  1997  4521 I System.out: [OkHttp] sendRequest<<
01-28 00:46:46.324  1334  1345 W JavaBinder: BinderProxy is being destroyed but the application did not call unlinkToDeath to unlink all of its death recipients beforehand.  Releasing leaked death recipient: yj.n$d
01-28 00:46:46.325  2219  2219 I Finsky:background: [2] ahqk - Received: android.intent.action.PACKAGE_ADDED, [gNfoyW5N-8d3Dwu99Qp0LbRAxF7xFZxLwEHkbrVoPg8]
01-28 00:46:46.330   421   421 E IMGMemtrackHAL: GetGLMemtrackRecords: Subtracting per-pid stats from global stats would wrap. Clamping global stats to zero.
01-28 00:46:46.330   421   421 I chatty  : uid=1000(system) memtrack@1.0-se identical 10 lines
01-28 00:46:46.330   421   421 E IMGMemtrackHAL: GetGLMemtrackRecords: Subtracting per-pid stats from global stats would wrap. Clamping global stats to zero.
01-28 00:46:46.330  1997  2168 I Finsky  : [3966] AIM: Got app ownership map. App counts: . Unique apps: 0
01-28 00:46:46.332  1997  2168 E Finsky  : [3966] [Counters] attempted to use a non-positive increment for: 4752
01-28 00:46:46.337  1997  2168 E Finsky  : [3966] [Counters] attempted to use a non-positive increment for: 4753
01-28 00:46:46.338  2219  2219 I Finsky:background: [2] ahqk - Deduping intent android.intent.action.PACKAGE_ADDED
01-28 00:46:46.339  2219  2260 I Finsky:background: [3954] RECEIVER_PACKAGE_MONITOR_BACKGROUND#logWorkEndAndFinishGoAsync: SUCCESS
01-28 00:46:46.339   421   421 E IMGMemtrackHAL: GetGLMemtrackRecords: Subtracting per-pid stats from global stats would wrap. Clamping global stats to zero.
01-28 00:46:46.340  1009  3280 W BroadcastQueue: Background execution not allowed: receiving Intent { act=android.intent.action.PACKAGE_REPLACED dat=package:com.mindease flg=0x4000010 (has extras) } to com.facebook.appmanager/com.facebook.oxygen.common.packages.event.manifest.ManifestPackageEventReceiver
01-28 00:46:46.342  1009  1027 W BroadcastQueue: Background execution not allowed: receiving Intent { act=android.intent.action.PACKAGE_REPLACED dat=package:com.mindease flg=0x4000010 (has extras) } to com.google.android.apps.nbu.files/.documentbrowser.browselanding.rootcontainerlist.receiver.PackageChangeReceiver_Receiver
01-28 00:46:46.343  1009  1027 W BroadcastQueue: Background execution not allowed: receiving Intent { act=android.intent.action.PACKAGE_REPLACED dat=package:com.mindease flg=0x4000010 (has extras) } to com.google.android.apps.photos/.account.full.FetchAccountPropertiesAppUpgradeBroadcastReceiver
01-28 00:46:46.343  1009  1027 W BroadcastQueue: Background execution not allowed: receiving Intent { act=android.intent.action.PACKAGE_REPLACED dat=package:com.mindease flg=0x4000010 (has extras) } to com.google.android.apps.photos/.account.full.SyncAccountsForLoginBroadcastReceiver
01-28 00:46:46.343  1009  1027 W BroadcastQueue: Background execution not allowed: receiving Intent { act=android.intent.action.PACKAGE_REPLACED dat=package:com.mindease flg=0x4000010 (has extras) } to com.google.android.apps.photos/.notificationchannels.AppUpdateBroadcastReceiver
01-28 00:46:46.343  1009  1027 W BroadcastQueue: Background execution not allowed: receiving Intent { act=android.intent.action.PACKAGE_REPLACED dat=package:com.mindease flg=0x4000010 (has extras) } to com.google.android.gms/.chimera.GmsIntentOperationService$PersistentTrustedReceiver
01-28 00:46:46.343  1009  1027 W BroadcastQueue: Background execution not allowed: receiving Intent { act=android.intent.action.PACKAGE_REPLACED dat=package:com.mindease flg=0x4000010 (has extras) } to com.google.android.gms/.gass.chimera.PackageChangeBroadcastReceiver
01-28 00:46:46.346   421   421 I chatty  : uid=1000(system) memtrack@1.0-se identical 22 lines
01-28 00:46:46.346   421   421 E IMGMemtrackHAL: GetGLMemtrackRecords: Subtracting per-pid stats from global stats would wrap. Clamping global stats to zero.
01-28 00:46:46.348  1334  1334 I UnlockManager-: onWindowVisibilityChanged   visibility:8
01-28 00:46:46.349   442  1725 I BufferQueueProducer: [ZeroScreen#0](this:0x7485b8e800,id:776,api:1,p:2502,c:442) disconnect(P): api 1
01-28 00:46:46.356   421   421 E IMGMemtrackHAL: GetGLMemtrackRecords: Subtracting per-pid stats from global stats would wrap. Clamping global stats to zero.
01-28 00:46:46.363   421   421 I chatty  : uid=1000(system) memtrack@1.0-se identical 22 lines
01-28 00:46:46.363   421   421 E IMGMemtrackHAL: GetGLMemtrackRecords: Subtracting per-pid stats from global stats would wrap. Clamping global stats to zero.
01-28 00:46:46.365   442   472 I BufferQueueProducer: [com.transsion.XOSLauncher/com.android.quickstep.src.com.android.launcher3.uioverrides.QuickstepLauncher#0](this:0x7485b72000,id:775,api:1,p:1334,c:442) disconnect(P): api 1
01-28 00:46:46.373  1009  1009 I Telecom : DefaultDialerCache: Refreshing default dialer for user 0: now com.sh.smart.caller: DDC.oR@BYM
01-28 00:46:46.378  2219  4551 I Finsky:background: [4000] Wrote row to frosting DB: 3780
01-28 00:46:46.380  1172  1191 I ndroid.systemu: Background concurrent copying GC freed 9978(632KB) AllocSpace objects, 0(0B) LOS objects, 67% free, 5MB/17MB, paused 272us total 267.127ms
01-28 00:46:46.381  1997  2138 E Finsky  : [3957] [Counters] attempted to use a non-positive increment for: 4753
01-28 00:46:46.382  1172  1188 W System  : A resource failed to call release. 
01-28 00:46:46.382  1172  1188 W System  : A resource failed to call release. 
01-28 00:46:46.383  7456  4599 I Fitness : (REDACTED) FitCleanupIntentOperation received Intent %s
01-28 00:46:46.421  1997  2141 I Finsky  : [3960] AIM: AppInfoManager-Perf > ItemModel > CacheSize=43, cacheHitCount=0, cacheMissCount=0, total appsWithNoServerDataCount=0. Missed  in cache (limit 10) : []
01-28 00:46:46.424  1009  1026 W system_server: Unknown chunk type '200'.
01-28 00:46:46.431 18387  4608 I Auth    : (REDACTED) [SupervisedAccountIntentOperation] onHandleIntent: %s
01-28 00:46:46.438  1997  2144 I Finsky  : [3962] AIM: AppInfoManager-Perf > ItemModel > CacheSize=43, cacheHitCount=0, cacheMissCount=0, total appsWithNoServerDataCount=0. Missed  in cache (limit 10) : []
01-28 00:46:46.467  1997  2141 I Finsky  : [3960] AIM: AppInfoManager-Perf > ItemModel > CacheSize=43, cacheHitCount=0, cacheMissCount=0, total appsWithNoServerDataCount=0. Missed  in cache (limit 10) : []
01-28 00:46:46.478   442   472 I BufferQueueProducer: [NavigationBar#0](this:0x747ff77800,id:3,api:1,p:1172,c:442) queueBuffer: fps=7.29 dur=4660.97 max=4116.52 min=13.17
01-28 00:46:46.479 18387  4608 I NearbyDiscovery: (REDACTED) processGrantSlicePermission: %s
01-28 00:46:46.495  4543  4614 W ContextImpl: Calling a method in the system process without a qualified user: android.app.ContextImpl.bindService:1612 android.content.ContextWrapper.bindService:698 com.transsion.core.deviceinfo.AdvertisingIdClient.getAdvertisingIdInfo:61 com.transsion.core.deviceinfo.DeviceInfo$1.run:67 java.lang.Thread.run:764 
01-28 00:46:46.502  4543  4598 I ndroid.setting: The ClassLoaderContext is a special shared library.
01-28 00:46:46.503  4543  4598 E libc    : Access denied finding property "persist.vendor.log.tel_dbg"
01-28 00:46:46.504  1009  6040 E UserRestrictionsUtils: Unknown restriction: null
01-28 00:46:46.506  1009  2586 E UserRestrictionsUtils: Unknown restriction: null
01-28 00:46:46.508  1997  2141 I Finsky  : [3960] AIM: AppInfoManager-Perf > ItemModel > CacheSize=43, cacheHitCount=0, cacheMissCount=0, total appsWithNoServerDataCount=0. Missed  in cache (limit 10) : []
01-28 00:46:46.509  4543  4598 I ndroid.setting: The ClassLoaderContext is a special shared library.
01-28 00:46:46.512  1009  4397 E UserRestrictionsUtils: Unknown restriction: null
01-28 00:46:46.556  1997  2128 I Finsky  : [3952] WM::SCH: Logging work initialize for 12-1
01-28 00:46:46.577  1009  5749 I ProcessStatsService: Added stats: 2026-01-27-19-35-10, over +5h9m57s990ms
01-28 00:46:46.579  1997  2127 I Finsky  : [3951] WM::SCH: Logging work initialize for 12-1
01-28 00:46:46.579 18387  4485 I AdvertisingIdClient: shouldSendLog 178304660
01-28 00:46:46.579 18387  4485 I AdvertisingIdClient: GetInfoInternal elapse 174ms
01-28 00:46:46.588  4543  4543 W android.os.Debug: Unable to open /sys/kernel/debug/shrinker: No such file or directory
01-28 00:46:46.589  4543  4543 W android.os.Debug: Unable to open /sys/kernel/debug/tracing/buffer_total_size_kb: Permission denied
01-28 00:46:46.589  4543  4543 E android.os.Debug: open dir: /d/ion/clients/.
01-28 00:46:46.592 31303 31303 I ADB_SERVICES: service_to_fd reverse:forward:tcp:8081;tcp:8081
01-28 00:46:46.593 31303 31303 I ADB_SERVICES: for fd 19, revents = 2011
01-28 00:46:46.593 31303 31303 I ADB_SERVICES: for fd 19, revents = 2011
01-28 00:46:46.610  4543  4543 W ProcStatsManager: No process com.zaz.translate/10040 for service com.google.android.datatransport.runtime.scheduling.jobscheduling.JobInfoSchedulerService
01-28 00:46:46.610  4543  4543 W ProcStatsManager: No process com.zaz.translate/10040 for service com.google.firebase.sessions.SessionLifecycleService
01-28 00:46:46.610  4543  4543 W ProcStatsManager: No process com.zaz.translate/10040 for service androidx.work.impl.background.systemjob.SystemJobService
01-28 00:46:46.610  4543  4543 W ProcStatsManager: No process com.google.android.googlequicksearchbox:googleapp/10028 for service com.google.android.libraries.notifications.platform.entrypoints.firebase.FirebaseMessagingServiceImpl
01-28 00:46:46.610  4543  4543 W ProcStatsManager: No process com.google.android.googlequicksearchbox:googleapp/10028 for service com.google.android.libraries.search.integrations.tiktok.RemoteWorkerService_googleapp
01-28 00:46:46.610  4543  4543 W ProcStatsManager: No process com.mediatek.schpwronoff/1000 for service com.mediatek.schpwronoff.AlarmReceiverService
01-28 00:46:46.610  4543  4543 W ProcStatsManager: No process com.google.android.apps.messaging/10074 for service com.google.android.apps.messaging.shared.datamodel.action.execution.ActionExecutorImpl$EmptyService
01-28 00:46:46.611  4543  4543 W ProcStatsManager: No process com.google.android.apps.messaging/10074 for service com.google.apps.tiktok.concurrent.AndroidFuturesService
01-28 00:46:46.611  4543  4543 W ProcStatsManager: No process com.google.android.apps.messaging/10074 for service com.google.android.apps.messaging.shared.datamodel.action.execution.ActionJobService
01-28 00:46:46.611  4543  4543 W ProcStatsManager: No process com.google.android.apps.messaging/10074 for service com.google.apps.tiktok.concurrent.InternalForegroundService
01-28 00:46:46.611  4543  4543 W ProcStatsManager: No process com.google.android.apps.messaging/10074 for service androidx.work.impl.background.systemjob.SystemJobService
01-28 00:46:46.611  4543  4543 W ProcStatsManager: No process com.android.vending:instant_app_installer/10033 for service com.google.android.finsky.instantapps.PhenotypeUpdateService
01-28 00:46:46.611  4543  4543 W ProcStatsManager: No process com.android.vending:instant_app_installer/10033 for service com.google.android.finsky.instantapps.InstantAppsSharedPreferencesService
01-28 00:46:46.611  4543  4543 W ProcStatsManager: No process com.android.vending:instant_app_installer/10033 for service com.google.android.finsky.instantapps.statussync.EnabledStatusSyncService
01-28 00:46:46.611  4543  4543 W ProcStatsManager: No process com.android.vending:instant_app_installer/10033 for service com.google.android.finsky.instantapps.hint.AppPreloadHygieneService
01-28 00:46:46.611  4543  4543 W ProcStatsManager: No process com.android.vending:instant_app_installer/10033 for service com.google.android.finsky.instantapps.dna.ArchivePrefetchService
01-28 00:46:46.611  4543  4543 W ProcStatsManager: No process com.transsion.powercenter/1000 for service com.transsion.powercenter.service.ScreenOffCleanService
01-28 00:46:46.611  4543  4543 W ProcStatsManager: No process com.transsion.powercenter/1000 for service com.transsion.powercenter.service.SyncDataService
01-28 00:46:46.611  4543  4543 W ProcStatsManager: No process com.transsion.powercenter/1000 for service com.transsion.powercenter.service.NetSpeedService
01-28 00:46:46.611  4543  4543 W ProcStatsManager: No process com.google.android.gm/10078 for service com.google.android.libraries.hub.firebase.FirebaseMessagingServiceImpl
01-28 00:46:46.611  4543  4543 W ProcStatsManager: No process com.google.android.gm/10078 for service androidx.work.impl.background.systemjob.SystemJobService
01-28 00:46:46.611  4543  4543 W ProcStatsManager: No process com.google.android.apps.tachyon/10079 for service com.google.android.apps.tachyon.call.service.CallService
01-28 00:46:46.611  4543  4543 W ProcStatsManager: No process com.google.android.apps.tachyon/10079 for service androidx.work.impl.background.systemjob.SystemJobService
01-28 00:46:46.612  4543  4543 W ProcStatsManager: No process com.mediatek.providers.drm/1000 for service com.mediatek.providers.drm.DrmSyncTimeService
01-28 00:46:46.612  4543  4543 W ProcStatsManager: No process com.google.android.apps.wellbeing/10045 for service androidx.work.impl.background.systemjob.SystemJobService
01-28 00:46:46.612  4543  4543 W ProcStatsManager: No process com.google.android.apps.maps/10116 for service androidx.work.impl.background.systemjob.SystemJobService
01-28 00:46:46.612  4543  4543 W ProcStatsManager: No process com.android.cellbroadcastreceiver/1000 for service com.android.cellbroadcastreceiver.CellBroadcastConfigService
01-28 00:46:46.612  4543  4543 W ProcStatsManager: No process com.android.keychain/1000 for service com.android.keychain.KeyChainService
01-28 00:46:46.612  4543  4543 W ProcStatsManager: No process com.android.chrome:sandboxed_process0/10028 for service org.chromium.content.app.SandboxedProcessService0
01-28 00:46:46.612  4543  4543 W ProcStatsManager: No process com.android.chrome:sandboxed_process1/10028 for service org.chromium.content.app.SandboxedProcessService1
01-28 00:46:46.612  4543  4543 W ProcStatsManager: No process com.android.chrome:sandboxed_process0/10034 for service org.chromium.content.app.SandboxedProcessService0
01-28 00:46:46.612  4543  4543 W ProcStatsManager: No process com.android.chrome:webview_apk/10062 for service org.chromium.android_webview.nonembedded.AwComponentUpdateService
01-28 00:46:46.612  4543  4543 W ProcStatsManager: No process com.android.chrome:webview_service/10062 for service org.chromium.android_webview.services.MetricsBridgeService
01-28 00:46:46.612  4543  4543 W ProcStatsManager: No process com.android.chrome:webview_service/10062 for service org.chromium.android_webview.services.AwVariationsSeedFetcher
01-28 00:46:46.612  4543  4543 W ProcStatsManager: No process com.android.chrome:webview_service/10062 for service org.chromium.android_webview.services.ComponentsProviderService
01-28 00:46:46.612  4543  4543 W ProcStatsManager: No process com.android.chrome/10062 for service org.chromium.chrome.browser.notifications.NotificationJobService
01-28 00:46:46.612  4543  4543 W ProcStatsManager: No process com.android.chrome:webview_service/10062 for service org.chromium.android_webview.services.VariationsSeedServer
01-28 00:46:46.612  4543  4543 W ProcStatsManager: No process com.android.chrome:sandboxed_process0/10062 for service org.chromium.content.app.SandboxedProcessService0
01-28 00:46:46.612  4543  4543 W ProcStatsManager: No process com.android.chrome:privileged_process0/10062 for service org.chromium.content.app.PrivilegedProcessService0
01-28 00:46:46.612  4543  4543 W ProcStatsManager: No process com.android.chrome/10062 for service org.chromium.chrome.browser.customtabs.CustomTabsConnectionService
01-28 00:46:46.612  4543  4543 W ProcStatsManager: No process com.android.chrome:sandboxed_process0/10100 for service org.chromium.content.app.SandboxedProcessService0
01-28 00:46:46.613  4543  4543 W ProcStatsManager: No process com.google.android.gms.ui/10013 for service com.google.android.gms.chimera.UiIntentOperationService
01-28 00:46:46.614  4543  4543 W ProcStatsManager: No process com.google.android.tts/10098 for service com.google.android.apps.speech.tts.googletts.service.GoogleTtsService
01-28 00:46:46.614  4543  4543 W ProcStatsManager: No process com.google.android.tts/10098 for service androidx.work.impl.background.systemjob.SystemJobService
01-28 00:46:46.615  4543  4543 W ProcStatsManager: No process com.transsion.phoenix/10118 for service com.google.android.datatransport.runtime.scheduling.jobscheduling.JobInfoSchedulerService
01-28 00:46:46.615  4543  4543 W ProcStatsManager: No process com.transsion.phoenix:service/10118 for service com.cloudview.daemon.way.job.ConfigDaemonJobSchedulerService
01-28 00:46:46.615  4543  4543 W ProcStatsManager: No process com.transsion.phoenix:service/10118 for service com.cloudview.push.channel.fcm.FcmMessageService
01-28 00:46:46.615  4543  4543 W ProcStatsManager: No process com.transsion.phoenix/10118 for service com.google.firebase.sessions.SessionLifecycleService
01-28 00:46:46.615  4543  4543 W ProcStatsManager: No process com.google.android.calendar/10085 for service androidx.work.impl.background.systemjob.SystemJobService
01-28 00:46:46.615  4543  4543 W ProcStatsManager: No process net.bat.store/10034 for service com.transsion.game.download.DownloadService
01-28 00:46:46.615  4543  4543 W ProcStatsManager: No process net.bat.store/10034 for service com.bytedance.sdk.openadsdk.multipro.aidl.BinderPoolService
01-28 00:46:46.615  4543  4543 W ProcStatsManager: No process net.bat.store/10034 for service com.google.firebase.sessions.SessionLifecycleService
01-28 00:46:46.615  4543  4543 W ProcStatsManager: No process com.transsion.keyguardgesture/1000 for service com.transsion.keyguardgesture.service.KeyguardGestureService
01-28 00:46:46.615  4543  4543 W ProcStatsManager: No process com.facebook.appmanager/10105 for service com.facebook.oxygen.appmanager.connectivity.ConnectivityCheckJobSchedulerService
01-28 00:46:46.615  4543  4543 W ProcStatsManager: No process com.facebook.appmanager/10105 for service com.facebook.oxygen.appmanager.phoenix.core.PhoenixService
01-28 00:46:46.615  4543  4543 W ProcStatsManager: No process com.facebook.appmanager/10105 for service com.facebook.preloads.platform.common.periodicwork.PeriodicWorkJobService
01-28 00:46:46.615  4543  4543 W ProcStatsManager: No process com.facebook.appmanager/10105 for service com.facebook.oxygen.common.jobqueue.JobQueueService
01-28 00:46:46.615  4543  4543 W ProcStatsManager: No process com.facebook.appmanager/10105 for service com.facebook.oxygen.appmanager.scheduler.schedulers.jobscheduler.JobSchedulerService
01-28 00:46:46.615  4543  4543 W ProcStatsManager: No process com.facebook.appmanager/10105 for service com.facebook.oxygen.appmanager.update.core.UpdateService
01-28 00:46:46.615  4543  4543 W ProcStatsManager: No process com.facebook.appmanager/10105 for service com.facebook.analytics2.logger.legacy.uploader.LollipopUploadService
01-28 00:46:46.620  1997  2141 I Finsky  : [3960] SCH: Scheduling phonesky job Id: 12-1, CT: 1769543206170, Constraints: [{ L: 15000, D: 86400000, C: CHARGING_NONE, I: IDLE_NONE, N: NET_ANY, B: BATTERY_ANY }]
01-28 00:46:46.628 31303 31303 I ADB_SERVICES: service_to_fd shell,v2,TERM=xterm-256color,raw:am start -n com.mindease/com.mindease.MainActivity -a android.intent.action.MAIN -c android.intent.category.LAUNCHER
01-28 00:46:46.630  1997  2141 I Finsky  : [3960] AIM: AppInfoManager-Perf > getApps > data collection finished
01-28 00:46:46.637  1997  2141 I Finsky  : [3960] AIM: AppInfoManager-Perf > maybeDestroyAppInfoManager is called. actives = 2
01-28 00:46:46.655  4543  4543 W TileUtils: Found com.android.settings.backup.BackupSettingsActivity for intent Intent { act=com.android.settings.action.SETTINGS pkg=com.android.settings } missing metadata com.android.settings.category
01-28 00:46:46.659  1997  2141 I Finsky  : [3960] SCH: Scheduling 1 system job(s)
01-28 00:46:46.660  1997  2141 I Finsky  : [3960] SCH: Scheduling system job Id: 9650, L: 14510, D: 60850710, C: false, I: false, N: 1
01-28 00:46:46.672  4543  4543 W TileUtils: Found com.android.settings.Settings$WifiDisplaySettingsActivity for intent Intent { act=com.android.settings.action.SETTINGS pkg=com.android.settings } missing metadata com.android.settings.category
01-28 00:46:46.677  1997  2168 I Finsky  : [3966] AIM: AppInfoManager-Perf > getApps > data collection finished
01-28 00:46:46.678  4543  4543 W TileUtils: Found com.android.settings.Settings$SimSettingsActivity for intent Intent { act=com.android.settings.action.SETTINGS pkg=com.android.settings } missing metadata com.android.settings.category
