01-28 00:40:32.622  1009  1049 W PackageParser: Unknown element under <manifest>: queries at /data/app/vmdl552415642.tmp/base.apk Binary XML file line #498
01-28 00:40:32.626  1009  1049 W PackageParser: Unknown element under <application>: profileable at /data/app/vmdl552415642.tmp/base.apk Binary XML file line #614
01-28 00:40:32.627  1009  1049 W PackageParser: Unknown element under <application>: property at /data/app/vmdl552415642.tmp/base.apk Binary XML file line #633
01-28 00:40:32.641  1009  1049 W PackageParser: Unknown element under <application>: property at /data/app/vmdl552415642.tmp/base.apk Binary XML file line #1360
01-28 00:40:32.661  1009  1049 W PackageParser: Unknown element under <manifest>: uses-sdk at /data/app/vmdl552415642.tmp/split_config.arm64_v8a.apk Binary XML file line #0
01-28 00:40:32.662  1009  1049 W PackageParser: Unknown element under <manifest>: uses-sdk at /data/app/vmdl552415642.tmp/split_config.en.apk Binary XML file line #0
01-28 00:40:32.682  1009  1027 I ActivityManager: Force stopping com.android.vending appid=10033 user=-1: installPackageLI
01-28 00:40:32.683  1009  1027 I ActivityManager: Killing 32589:com.android.vending/u0a33 (adj 100): stop com.android.vending
01-28 00:40:32.692  1009  1027 W ActivityManager: Scheduling restart of crashed service com.android.vending/com.google.frameworks.client.data.android.server.play.MainProcessEndpointService in 1000ms
01-28 00:40:32.693  1009  1027 W ActivityManager: Scheduling restart of crashed service com.android.vending/com.google.android.finsky.crossprofile.ProfileStateService in 11000ms
01-28 00:40:32.698  1009  1027 I ActivityManager: Killing 32572:com.android.vending:background/u0a33 (adj 0): stop com.android.vending
01-28 00:40:32.700  1009  1027 W ActivityManager: Scheduling restart of crashed service com.android.vending/com.google.android.finsky.scheduler.process.backgroundimpl.PhoneskyJobServiceBackground in 1000ms
01-28 00:40:32.706  1009  1027 I ActivityManager:   Force stopping service ServiceRecord{9d3b8c0 u0 com.android.vending/com.google.android.finsky.scheduler.process.backgroundimpl.PhoneskyJobServiceBackground}
01-28 00:40:32.714  1009  1009 E PowerManagerService: android/1000,pid=1009 released wakelock *job*/com.android.vending/com.google.android.finsky.scheduler.process.backgroundimpl.PhoneskyJobServiceBackground,flags=1 at 01-28 00:40:32.707 keeping 56s when screeenOff=true
01-28 00:40:32.727  1009  6952 W ActivityManager: Service done with onDestroy, but not inDestroying: ServiceRecord{5f9fe24 u0 com.android.vending/com.google.frameworks.client.data.android.server.play.BackgroundProcessEndpointService}, app=ProcessRecord{e1f3426 0:com.android.vending:background/u0a33}
01-28 00:40:32.729  1009  1049 I PackageManager: Update system package com.android.vending code path from /data/app/com.android.vending-mEaOoCZhXXvqmZn_6RGuBg== to /data/app/com.android.vending-McS5bWdee7Omh3zQBqwh1Q==; Retain data and using new
01-28 00:40:32.729  1009  1049 I PackageManager: Update system package com.android.vending resource path from /data/app/com.android.vending-mEaOoCZhXXvqmZn_6RGuBg== to /data/app/com.android.vending-McS5bWdee7Omh3zQBqwh1Q==; Retain data and using new
01-28 00:40:33.055  1396  1516 I PowerMonitorHookClient: unkown network interface:lo
01-28 00:40:33.055  1396  1516 I PowerMonitorHookClient: unkown network interface:lo
01-28 00:40:33.058  1009  1038 W Looper  : Slow dispatch took 336ms android.fg h=com.android.server.AppStateTracker$MyHandler m=0
01-28 00:40:33.061  1009  1009 W Looper  : Slow dispatch took 354ms main h=android.app.ActivityThread$H m=0
01-28 00:40:33.070  1009  1038 W Looper  : Slow delivery took 320ms android.fg h=com.android.server.DropBoxManagerService$3 m=1
01-28 00:40:33.071  1009  1027 W BroadcastQueue: Background execution not allowed: receiving Intent { act=android.intent.action.DROPBOX_ENTRY_ADDED flg=0x10 (has extras) } to com.google.android.gms/.stats.service.DropBoxEntryAddedReceiver
01-28 00:40:33.075  1009  1009 E PowerManagerService: android/1000,pid=1009 released wakelock *job*/com.android.vending/com.google.android.finsky.scheduler.process.backgroundimpl.PhoneskyJobServiceBackground,flags=1 at 01-28 00:40:33.062 keeping 57s when screeenOff=true
01-28 00:40:33.086  1009  1009 W Looper  : Slow delivery took 356ms main h=android.app.ActivityThread$H m=0
01-28 00:40:33.090  1009  1009 W Looper  : Drained
01-28 00:40:33.095  1009  1038 W Looper  : Drained
01-28 00:40:33.096  1009  1027 W BroadcastQueue: Background execution not allowed: receiving Intent { act=android.intent.action.DROPBOX_ENTRY_ADDED flg=0x10 (has extras) } to com.google.android.gms/.stats.service.DropBoxEntryAddedReceiver
01-28 00:40:50.081  1009  1009 I DeviceIdleController: updateChargingLocked: charging=true
01-28 00:40:50.081  1009  1009 I DeviceIdleController: becomeActiveLocked, reason = charging
01-28 00:41:02.750  1396  1516 I PowerMonitorHookClient: unkown network interface:lo
01-28 00:41:02.751  1396  1516 I PowerMonitorHookClient: unkown network interface:lo
01-28 00:41:02.763  1009  1031 I ActivityManager: Start proc 1624:com.android.vending:background/u0a33 for service com.android.vending/com.google.android.finsky.scheduler.process.backgroundimpl.PhoneskyJobServiceBackground
01-28 00:41:07.009   573   686 E storaged: getDiskStats failed with result NOT_SUPPORTED and size 0
01-28 00:41:09.179  1009  1031 I ActivityManager: Start proc 1674:com.google.android.apps.photos/u0a91 for service com.google.android.apps.photos/com.google.android.libraries.social.mediamonitor.MediaMonitorJobSchedulerService
01-28 00:41:10.488  1009  7303 W ActivityManager: No permission grants found for com.google.android.apps.photos
01-28 00:41:10.493  1009  3280 W ActivityManager: No permission grants found for com.google.android.apps.photos
01-28 00:41:10.946  1009  7303 W ActivityManager: No permission grants found for com.google.android.apps.photos
01-28 00:41:10.962  1009  7303 W ActivityManager: No permission grants found for com.google.android.apps.photos
01-28 00:41:11.476  1009  4745 W ActivityManager: No permission grants found for com.google.android.apps.photos
01-28 00:41:11.478  1009  4745 W ActivityManager: No permission grants found for com.google.android.apps.photos
01-28 00:41:11.669  1009  7303 W ActivityManager: No permission grants found for com.google.android.apps.photos
01-28 00:41:11.670  1009  7303 W ActivityManager: No permission grants found for com.google.android.apps.photos
01-28 00:41:19.961  1009  1026 I UsageStatsService: User[0] Flushing usage stats to disk
01-28 00:41:24.182  1009  1031 I ActivityManager: Start proc 1858:com.android.vending/u0a33 for service com.android.vending/com.google.frameworks.client.data.android.server.play.MainProcessEndpointService
01-28 00:41:35.987  1009  1027 W BroadcastQueue: Background execution not allowed: receiving Intent { act=com.android.providers.media.ACTIVATE_MEDIAPROCESS flg=0x10 } to com.android.providers.media/.MtpReceiver
01-28 00:41:37.404  1009  1049 E PowerManagerService: android/1000,pid=1009 released wakelock *dexopt*,flags=1 at 01-28 00:41:37.404 keeping 63s when screeenOff=true
01-28 00:41:37.438  1009  1027 W BroadcastQueue: Background execution not allowed: receiving Intent { act=android.intent.action.DROPBOX_ENTRY_ADDED flg=0x10 (has extras) } to com.google.android.gms/.stats.service.DropBoxEntryAddedReceiver
01-28 00:41:37.954  1009  1049 I ActivityManager: Force stopping com.android.vending appid=10033 user=0: pkg removed
01-28 00:41:37.954  1009  1049 I ActivityManager: Killing 1858:com.android.vending/u0a33 (adj 0): stop com.android.vending
01-28 00:41:37.955  1009  1049 W ActivityManager: Scheduling restart of crashed service com.android.vending/com.google.frameworks.client.data.android.server.play.MainProcessEndpointService in 1000ms
01-28 00:41:37.955  1009  1049 W ActivityManager: Scheduling restart of crashed service com.android.vending/com.google.android.finsky.crossprofile.ProfileStateService in 11000ms
01-28 00:41:37.961  1009  1049 I ActivityManager: Killing 1624:com.android.vending:background/u0a33 (adj 900): stop com.android.vending
01-28 00:41:37.972  1009  1049 I ActivityManager: Force stopping com.android.vending appid=10033 user=0: pkg removed
01-28 00:41:38.033  1009  1027 W BroadcastQueue: Background execution not allowed: receiving Intent { act=android.intent.action.PACKAGE_REMOVED dat=package:com.android.vending flg=0x4000010 (has extras) } to com.transsnet.store/com.afmobi.palmplay.receivers.AppInstallAndRemoveReceiver
01-28 00:41:38.091  1009  1027 W BroadcastQueue: Background execution not allowed: receiving Intent { act=android.intent.action.PACKAGE_REMOVED dat=package:com.android.vending flg=0x4000010 (has extras) } to com.kikaoem.qisiemoji.inputmethod.cy.se/com.qisi.plugin.clean.receiver.CleanReceiver
01-28 00:41:38.092  1009  1027 W BroadcastQueue: Background execution not allowed: receiving Intent { act=android.intent.action.PACKAGE_REMOVED dat=package:com.android.vending flg=0x4000010 (has extras) } to com.facebook.services/com.facebook.oxygen.services.fbns.RegisteredMqttSystemBroadcastReceiver
01-28 00:41:38.094  1009  1027 W BroadcastQueue: Background execution not allowed: receiving Intent { act=android.intent.action.PACKAGE_REMOVED dat=package:com.android.vending flg=0x4000010 (has extras) } to com.google.android.apps.maps/com.google.android.libraries.social.peoplekit.thirdparty.viewcontrollers.ThirdPartyReceiver
01-28 00:41:38.098  1009  1027 W BroadcastQueue: Background execution not allowed: receiving Intent { act=android.intent.action.PACKAGE_REMOVED dat=package:com.android.vending flg=0x4000010 (has extras) } to com.google.android.apps.photos/com.google.android.libraries.social.peoplekit.thirdparty.viewcontrollers.ThirdPartyReceiver
01-28 00:41:38.098  1009  1027 W BroadcastQueue: Background execution not allowed: receiving Intent { act=android.intent.action.PACKAGE_REMOVED dat=package:com.android.vending flg=0x4000010 (has extras) } to com.google.android.gms/.chimera.GmsIntentOperationService$PersistentTrustedReceiver
01-28 00:41:38.099  1009  1027 W BroadcastQueue: Background execution not allowed: receiving Intent { act=android.intent.action.PACKAGE_REMOVED dat=package:com.android.vending flg=0x4000010 (has extras) } to com.kikaoem.qisiemoji.inputmethod.cy.se/com.qisi.receiver.ApkMonitorReceiver
01-28 00:41:38.099  1009  1027 W BroadcastQueue: Background execution not allowed: receiving Intent { act=android.intent.action.PACKAGE_REMOVED dat=package:com.android.vending flg=0x4000010 (has extras) } to com.sh.smart.caller/com.xdandroid.hellodaemon.WakeUpReceiver
01-28 00:41:38.104  1009  1031 I ActivityManager: Start proc 1987:com.android.keychain/1000 for service com.android.keychain/.KeyChainService
01-28 00:41:38.153  1009  1031 I ActivityManager: Start proc 1997:com.android.vending/u0a33 for broadcast com.android.vending/com.google.android.finsky.packagemonitor.impl.PackageMonitorReceiverImpl$RegisteredReceiver
01-28 00:41:38.678  1009  1009 W Looper  : Slow dispatch took 570ms main h=android.app.ActivityThread$H m=0
01-28 00:41:38.679  1009  1009 W Looper  : Slow delivery took 651ms main h=android.app.ActivityThread$H m=0
01-28 00:41:38.685  1009  1009 I DeviceIdleController: ACTION_INSTALL_APK 
01-28 00:41:38.903  1009  1009 W Looper  : Slow dispatch took 216ms main h=android.app.ActivityThread$H m=0
01-28 00:41:38.911  1009  1009 I Telecom : DefaultDialerCache: Refreshing default dialer for user 0: now com.sh.smart.caller: DDC.oR@BXU
01-28 00:41:38.957  1009  1049 W PackageManager: Empty queue
01-28 00:41:39.236  1009  1009 W Looper  : Drained
01-28 00:41:40.186  1009  1031 I ActivityManager: Start proc 2219:com.android.vending:background/u0a33 for broadcast com.android.vending/com.google.android.finsky.packagemonitor.backgroundimpl.BackgroundPackageMonitorReceiverImpl$RegisteredReceiver
01-28 00:41:40.918  1009  1031 I ActivityManager: Start proc 2278:com.android.vending:instant_app_installer/u0a33 for broadcast com.android.vending/com.google.android.finsky.instantapps.appmanagement.InstantAppRemoveMonitor
01-28 00:41:40.920  1009  1022 I ActivityManager: Killing 32544:com.google.android.apps.maps/u0a116 (adj 906): empty #13
01-28 00:41:41.292  1009  5749 W BroadcastQueue: Background execution not allowed: receiving Intent { act=android.intent.action.PACKAGE_ADDED dat=package:com.android.vending flg=0x4000010 (has extras) } to com.transsnet.store/com.afmobi.palmplay.receivers.AppInstallAndRemoveReceiver
01-28 00:41:41.294  1009  5749 I ActivityManager: Killing 32550:com.android.chrome:webview_service/u0a62 (adj 906): empty #13
01-28 00:41:41.296  1009  1027 W BroadcastQueue: Background execution not allowed: receiving Intent { act=android.intent.action.PACKAGE_ADDED dat=package:com.android.vending flg=0x4000010 (has extras) } to com.facebook.appmanager/com.facebook.oxygen.common.packages.event.manifest.ManifestPackageEventReceiver
01-28 00:41:41.297  1009  1027 W BroadcastQueue: Background execution not allowed: receiving Intent { act=android.intent.action.PACKAGE_ADDED dat=package:com.android.vending flg=0x4000010 (has extras) } to com.google.android.apps.nbu.files/.documentbrowser.browselanding.rootcontainerlist.receiver.PackageChangeReceiver_Receiver
01-28 00:41:41.297  1009  1027 W BroadcastQueue: Background execution not allowed: receiving Intent { act=android.intent.action.PACKAGE_ADDED dat=package:com.android.vending flg=0x4000010 (has extras) } to com.google.android.gms/.chimera.GmsIntentOperationService$PersistentTrustedReceiver
01-28 00:41:41.298  1009  1027 W BroadcastQueue: Background execution not allowed: receiving Intent { act=android.intent.action.PACKAGE_ADDED dat=package:com.android.vending flg=0x4000010 (has extras) } to com.google.android.gms/.gass.chimera.PackageChangeBroadcastReceiver
01-28 00:41:41.298  1009  1027 W BroadcastQueue: Background execution not allowed: receiving Intent { act=android.intent.action.PACKAGE_ADDED dat=package:com.android.vending flg=0x4000010 (has extras) } to com.kikaoem.qisiemoji.inputmethod.cy.se/com.qisi.receiver.ApkMonitorReceiver
01-28 00:41:41.298  1009  1027 W BroadcastQueue: Background execution not allowed: receiving Intent { act=android.intent.action.PACKAGE_ADDED dat=package:com.android.vending flg=0x4000010 (has extras) } to com.sh.smart.caller/com.xdandroid.hellodaemon.WakeUpReceiver
01-28 00:41:41.299  1009  1027 W BroadcastQueue: Background execution not allowed: receiving Intent { act=android.intent.action.PACKAGE_ADDED dat=package:com.android.vending flg=0x4000010 (has extras) } to com.zhiliaoapp.musically/com.ss.android.common.applog.HotsoonReceiver
01-28 00:41:41.299  1009  1027 W BroadcastQueue: Background execution not allowed: receiving Intent { act=android.intent.action.PACKAGE_REPLACED dat=package:com.android.vending flg=0x4000010 (has extras) } to com.facebook.appmanager/com.facebook.oxygen.common.packages.event.manifest.ManifestPackageEventReceiver
01-28 00:41:41.300  1009  1027 W BroadcastQueue: Background execution not allowed: receiving Intent { act=android.intent.action.PACKAGE_REPLACED dat=package:com.android.vending flg=0x4000010 (has extras) } to com.google.android.apps.nbu.files/.documentbrowser.browselanding.rootcontainerlist.receiver.PackageChangeReceiver_Receiver
01-28 00:41:41.300  1009  1027 W BroadcastQueue: Background execution not allowed: receiving Intent { act=android.intent.action.PACKAGE_REPLACED dat=package:com.android.vending flg=0x4000010 (has extras) } to com.google.android.apps.photos/.account.full.FetchAccountPropertiesAppUpgradeBroadcastReceiver
01-28 00:41:41.300  1009  1027 W BroadcastQueue: Background execution not allowed: receiving Intent { act=android.intent.action.PACKAGE_REPLACED dat=package:com.android.vending flg=0x4000010 (has extras) } to com.google.android.apps.photos/.account.full.SyncAccountsForLoginBroadcastReceiver
01-28 00:41:41.300  1009  1027 W BroadcastQueue: Background execution not allowed: receiving Intent { act=android.intent.action.PACKAGE_REPLACED dat=package:com.android.vending flg=0x4000010 (has extras) } to com.google.android.apps.photos/.notificationchannels.AppUpdateBroadcastReceiver
01-28 00:41:41.300  1009  1027 W BroadcastQueue: Background execution not allowed: receiving Intent { act=android.intent.action.PACKAGE_REPLACED dat=package:com.android.vending flg=0x4000010 (has extras) } to com.google.android.gms/.chimera.GmsIntentOperationService$PersistentTrustedReceiver
01-28 00:41:41.300  1009  1027 W BroadcastQueue: Background execution not allowed: receiving Intent { act=android.intent.action.PACKAGE_REPLACED dat=package:com.android.vending flg=0x4000010 (has extras) } to com.google.android.gms/.gass.chimera.PackageChangeBroadcastReceiver
01-28 00:41:48.702  1009  1105 I PowerManagerService: Waking up from sleep (uid=1000 reason=android.policy:POWER)...
01-28 00:41:48.702  1009  1045 I PowerManagerService:  call AMS notifyWakeup with isFpWakeup=false
01-28 00:41:48.704  1009  1009 W UsageStatsService: Event reported without a package name
01-28 00:41:48.705  1009  1044 I PowerMonitorHookServer: noteScreenState state:2
01-28 00:41:48.705  1009  1044 I DisplayPowerController: Blocking screen on until initial contents have been drawn.
01-28 00:41:48.721  1396  1516 I PowerMonitorNew: a whole scenario, scenario:screenoff, start-stop:177919510-178120122,duration:200612, current:0, currentconvert4V:0,currentWoBL:0,consumecoul:0,batterytime:0, conpower:0,avgsignal:399,avgDatatype:0
01-28 00:41:48.721  1396  1516 I PowerMonitorNew: exitScenario not save scenario true
01-28 00:41:48.723  1396  1516 I PowerMonitorNew: enter scenario: com.mindease,start coul:-681
01-28 00:41:48.771  1396  1516 I PowerMonitorHookClient: unkown network interface:lo
01-28 00:41:48.772  1396  1516 I PowerMonitorHookClient: unkown network interface:lo
01-28 00:41:48.773  1009  1031 I ActivityManager: Start proc 2369:com.transsion.keyguardgesture/1000 for service com.transsion.keyguardgesture/.service.KeyguardGestureService
01-28 00:41:48.775  1009  1040 I DisplayManagerService: Display device changed state: "Built-in Screen", ON
01-28 00:41:48.777  1009  8447 W BroadcastQueue: Background execution not allowed: receiving Intent { act=android.intent.action.USER_PRESENT flg=0x24200010 } to com.android.chrome/org.chromium.chrome.browser.sharing.click_to_call.ClickToCallMessageHandler$PhoneUnlockedReceiver
01-28 00:41:48.780  1009  1027 W BroadcastQueue: Background execution not allowed: receiving Intent { act=android.intent.action.USER_PRESENT flg=0x24200010 } to com.facebook.services/com.facebook.oxygen.services.fbns.RegisteredMqttSystemBroadcastReceiver
01-28 00:41:48.780  1009  1027 W BroadcastQueue: Background execution not allowed: receiving Intent { act=android.intent.action.USER_PRESENT flg=0x24200010 } to com.google.android.gms/.auth.setup.devicesignals.LockScreenReceiver
01-28 00:41:48.780  1009  1027 W BroadcastQueue: Background execution not allowed: receiving Intent { act=android.intent.action.USER_PRESENT flg=0x24200010 } to com.google.android.gms/.chimera.GmsIntentOperationService$PersistentTrustedReceiver
01-28 00:41:48.781  1009  1027 W BroadcastQueue: Background execution not allowed: receiving Intent { act=android.intent.action.USER_PRESENT flg=0x24200010 } to com.sh.smart.caller/com.xdandroid.hellodaemon.WakeUpReceiver
01-28 00:41:48.781  1009  1027 W BroadcastQueue: Background execution not allowed: receiving Intent { act=android.intent.action.USER_PRESENT flg=0x24200010 } to com.instagram.android/com.instagram.push.FbnsInitBroadcastReceiver
01-28 00:41:48.781  1009  1027 W BroadcastQueue: Background execution not allowed: receiving Intent { act=android.intent.action.USER_PRESENT flg=0x24200010 } to com.zhiliaoapp.musically/com.ss.android.push.window.oppo.ScreenReceiver
01-28 00:41:48.786  1009  1028 I WindowManager: Waiting for drawn Window{6260a04 u0 com.mindease/com.mindease.MainActivity}: removed=false visible=true mHasSurface=true drawState=1
01-28 00:41:48.786  1009  1028 I WindowManager: Waiting for drawn Window{42a7a9a u0 StatusBar}: removed=false visible=true mHasSurface=true drawState=1
01-28 00:41:48.794  1009  1087 I WindowManager: Waiting for drawn Window{6260a04 u0 com.mindease/com.mindease.MainActivity}: removed=false visible=true mHasSurface=true drawState=1
01-28 00:41:48.794  1009  1087 I WindowManager: Waiting for drawn Window{42a7a9a u0 StatusBar}: removed=false visible=true mHasSurface=true drawState=1
01-28 00:41:48.851  1009  1009 I DeviceIdleController: becomeActiveLocked, reason = screen
01-28 00:41:48.867  1009  1560 I WindowManager: Waiting for drawn Window{6260a04 u0 com.mindease/com.mindease.MainActivity}: removed=false visible=true mHasSurface=true drawState=1
01-28 00:41:48.867  1009  1560 I WindowManager: Waiting for drawn Window{42a7a9a u0 StatusBar}: removed=false visible=true mHasSurface=true drawState=1
01-28 00:41:48.878  1009  1087 I WindowManager: Waiting for drawn Window{6260a04 u0 com.mindease/com.mindease.MainActivity}: removed=false visible=true mHasSurface=true drawState=1
01-28 00:41:48.878  1009  1087 I WindowManager: Waiting for drawn Window{42a7a9a u0 StatusBar}: removed=false visible=true mHasSurface=true drawState=4
01-28 00:41:48.924  3874  3874 W ContextImpl: Calling a method in the system process without a qualified user: android.app.ContextImpl.startForegroundService:1538 android.content.ContextWrapper.startForegroundService:669 com.transsion.powercenter.receiver.ScreenStatusReceiver.onReceive:98 android.app.LoadedApk$ReceiverDispatcher$Args.lambda$getRunnable$0:1391 android.app.-$$Lambda$LoadedApk$ReceiverDispatcher$Args$_BumDX2UKsnxLVrE6UJsJZkotuA.run:2 
01-28 00:41:48.940  1009  1027 E NotificationService: Suppressing notification from package by user request.
01-28 00:41:48.945  1009  1031 I ActivityManager: Start proc 2404:com.transsion.powercenter/1000 for service com.transsion.powercenter/.service.NetSpeedService
01-28 00:41:48.958  1009  1087 I WindowManager: Waiting for drawn Window{6260a04 u0 com.mindease/com.mindease.MainActivity}: removed=false visible=true mHasSurface=true drawState=4
01-28 00:41:48.963  1009  1044 I DisplayPowerController: Unblocked screen on after 258 ms
01-28 00:41:49.025  1009  1044 W PowerManagerService: Screen on took 332 ms
01-28 00:41:49.058  2404  2404 W ContextImpl: Calling a method in the system process without a qualified user: android.app.ContextImpl.startForegroundService:1538 android.content.ContextWrapper.startForegroundService:669 com.transsion.powercenter.PowerCenterApplication.onCreate:62 android.app.Instrumentation.callApplicationOnCreate:1154 android.app.ActivityThread.handleBindApplication:6016 
01-28 00:41:49.065  2404  2448 W ContextImpl: Calling a method in the system process without a qualified user: android.app.ContextImpl.bindService:1612 android.content.ContextWrapper.bindService:698 com.transsion.core.a.a.a:61 com.transsion.core.a.b$1.run:68 java.lang.Thread.run:764 
01-28 00:41:49.071  1009  1027 E NotificationService: Suppressing notification from package by user request.
01-28 00:41:49.144  1009  1027 I chatty  : uid=1000(system) ActivityManager identical 1 line
01-28 00:41:49.145  1009  1027 E NotificationService: Suppressing notification from package by user request.
01-28 00:41:49.256  1009  1027 W BroadcastQueue: Background execution not allowed: receiving Intent { act=android.intent.action.DROPBOX_ENTRY_ADDED flg=0x10 (has extras) } to com.google.android.gms/.stats.service.DropBoxEntryAddedReceiver
01-28 00:41:49.280  2404  2449 W ContextImpl: Calling a method in the system process without a qualified user: android.app.ContextImpl.bindService:1612 android.content.ContextWrapper.bindService:698 a.b.a.h.a.a:16 a.b.a.b.d.d:6 a.b.a.b.d.c:26 
01-28 00:41:52.528  1009  8447 I ActivityManager: START u0 {act=android.intent.action.MAIN cat=[android.intent.category.DEFAULT] flg=0x10000000 cmp=com.android.systemui/com.android.quickstep.RecentsActivity} from uid 10025
01-28 00:41:52.561  1009  1040 I WindowManager: Focus moving from Window{6260a04 u0 com.mindease/com.mindease.MainActivity} to null
01-28 00:41:52.571  1009  1027 I PowerMonitorHookServer: stop app:com.mindease
01-28 00:41:52.571  1009  1027 I PowerMonitorHookServer: start app:com.android.systemui
01-28 00:41:52.576  1396  1516 I PowerMonitorNew: a whole scenario, scenario:com.mindease, start-stop:178120122-178123990,duration:3868, current:0, currentconvert4V:0,currentWoBL:0,consumecoul:0,batterytime:0, conpower:0,avgsignal:400,avgDatatype:0
01-28 00:41:52.576  1396  1516 I PowerMonitorNew: exitScenario not save scenario true
01-28 00:41:52.577  1396  1516 I PowerMonitorNew: enter scenario: com.android.systemui,start coul:-680
01-28 00:41:52.653  1009  1022 I WindowManager: Relayout Window{c1ee636 u0 com.android.systemui/com.android.quickstep.RecentsActivity}: oldVis=8 newVis=0 focusMayChange = true
01-28 00:41:52.659  1009  1040 I WindowManager: Focus moving from null to Window{c1ee636 u0 com.android.systemui/com.android.quickstep.RecentsActivity}
01-28 00:41:55.611  1009  1104 I ActivityManager: START u0 {act=android.intent.action.MAIN cat=[android.intent.category.HOME] flg=0x10200000 cmp=com.transsion.XOSLauncher/com.android.quickstep.src.com.android.launcher3.uioverrides.QuickstepLauncher (has extras)} from uid 1000
01-28 00:41:55.628  1009  1040 I WindowManager: Focus moving from Window{c1ee636 u0 com.android.systemui/com.android.quickstep.RecentsActivity} to null
01-28 00:41:55.635  1009  1027 I PowerMonitorHookServer: stop app:com.android.systemui
01-28 00:41:55.635  1009  1027 I PowerMonitorHookServer: start app:com.transsion.XOSLauncher
01-28 00:41:55.638  1396  1516 I PowerMonitorNew: a whole scenario, scenario:com.android.systemui, start-stop:178123991-178127051,duration:3060, current:0, currentconvert4V:0,currentWoBL:0,consumecoul:0,batterytime:0, conpower:0,avgsignal:400,avgDatatype:0
01-28 00:41:55.638  1396  1516 I PowerMonitorNew: exitScenario not save scenario true
01-28 00:41:55.685  1009  1287 I WindowManager: Relayout Window{11455a u0 com.transsion.XOSLauncher/com.android.quickstep.src.com.android.launcher3.uioverrides.QuickstepLauncher}: oldVis=4 newVis=0 focusMayChange = true
01-28 00:41:55.693  1009  1040 I WindowManager: Focus moving from null to Window{11455a u0 com.transsion.XOSLauncher/com.android.quickstep.src.com.android.launcher3.uioverrides.QuickstepLauncher}
01-28 00:41:55.948  1009  1031 I ActivityManager: Start proc 2502:com.transsion.XOSLauncher:personalizedService/u0a100 for service com.transsion.XOSLauncher/com.scene.zeroscreen.overlay.service.OverlayScreenService
01-28 00:41:56.129  1009  1041 I ActivityManager: Killing 1987:com.android.keychain/1000 (adj 902): force kill
01-28 00:41:56.133  1009  1041 I ActivityManager: Killing 32468:com.facebook.appmanager/u0a105 (adj 902): force kill
01-28 00:41:56.138  1009  1041 I ActivityManager: Killing 32511:com.facebook.system/u0a32 (adj 906): force kill
01-28 00:41:56.267  1396  1516 I PowerMonitorNew: enter scenario: com.transsion.XOSLauncher,start coul:-678
01-28 00:41:56.469  2502  2502 W ResolutionTunerAppList: Target file doesn't exist: /storage/emulated/0/Android/data/sf_resolution_tuner_app_list.xml
01-28 00:41:56.508  1009  5763 E WindowManager: App trying to use insecure INPUT_FEATURE_NO_INPUT_CHANNEL flag. Ignoring
01-28 00:41:57.713  1009  1031 I ActivityManager: Start proc 2605:com.google.android.googlequicksearchbox:search/u0a28 for broadcast com.google.android.googlequicksearchbox/com.google.android.libraries.phenotype.client.stable.PhenotypeUpdateBackgroundBroadcastReceiver
01-28 00:41:58.029  2605  2605 E SchedPolicy: set_timerslack_ns write failed: Operation not permitted
01-28 00:41:58.200  1009  1031 I ActivityManager: Start proc 2664:com.google.android.googlequicksearchbox:googleapp/u0a28 for broadcast com.google.android.googlequicksearchbox/com.google.android.libraries.search.integrations.tiktok.phenotype.GoogleAppProcessPhenotypeConfigurationUpdatedReceiver_Receiver
01-28 00:41:58.417  2664  2664 E SchedPolicy: set_timerslack_ns write failed: Operation not permitted
01-28 00:41:58.773  1396  1516 I PowerMonitorHookClient: unkown network interface:lo
01-28 00:41:58.774  1396  1516 I PowerMonitorHookClient: unkown network interface:lo
01-28 00:41:59.115  1009  5763 I ActivityManager: Force stopping com.transsion.keyguardgesture appid=1000 user=0: from pid 2369
01-28 00:41:59.116  1009  5763 I ActivityManager: Killing 2369:com.transsion.keyguardgesture/1000 (adj 200): stop com.transsion.keyguardgesture
01-28 00:41:59.117  1009  5763 W ActivityManager: Scheduling restart of crashed service com.transsion.keyguardgesture/.service.KeyguardGestureService in 1000ms
01-28 00:41:59.123  1009  5763 I ActivityManager:   Force stopping service ServiceRecord{5642fc8 u0 com.transsion.keyguardgesture/.service.KeyguardGestureService}
01-28 00:41:59.135  1009  1027 W BroadcastQueue: Background execution not allowed: receiving Intent { act=android.intent.action.PACKAGE_RESTARTED dat=package:com.transsion.keyguardgesture flg=0x10 (has extras) } to com.transsion.powercenter/.receiver.PackageRestartReceiver
01-28 00:42:00.056  1009  1031 I ActivityManager: Start proc 2731:com.google.android.apps.messaging/u0a74 for service com.google.android.apps.messaging/androidx.work.impl.background.systemjob.SystemJobService
01-28 00:42:01.641  1009  2415 I WindowManager: Relayout Window{cde9570 u0 InputMethod}: oldVis=8 newVis=0 focusMayChange = true
01-28 00:42:03.324  1009  2415 W ActivityManager: Background start not allowed: service Intent { cmp=com.google.android.apps.messaging/com.google.apps.tiktok.concurrent.AndroidFuturesService (has extras) } to com.google.android.apps.messaging/com.google.apps.tiktok.concurrent.AndroidFuturesService from pid=2731 uid=10074 pkg=com.google.android.apps.messaging startFg?=false
01-28 00:42:04.215  1009  1031 I ActivityManager: Start proc 2832:com.google.android.gms.unstable/u0a13 for service com.google.android.gms/.droidguard.DroidGuardService
01-28 00:42:04.646  1009  6040 I ActivityManager: START u0 {act=android.intent.action.MAIN cat=[android.intent.category.LAUNCHER] flg=0x10200000 cmp=com.google.android.apps.nbu.files/.home.HomeActivity (has extras)} from uid 10100
01-28 00:42:04.699  1009  6040 W IMiteManager: ActivityManagerService invoke MID_SERVICE_AM_START_ACTIVITY_1 func:os-services-jupiter.jar-com.jupiter.tornado.MitePluginJupiter-MID_SERVICE_AM_START_ACTIVITY_1 spend:2
01-28 00:42:04.708  1009  1040 I WindowManager: Focus moving from Window{11455a u0 com.transsion.XOSLauncher/com.android.quickstep.src.com.android.launcher3.uioverrides.QuickstepLauncher} to null
01-28 00:42:04.714  1009  1027 I PowerMonitorHookServer: stop app:com.transsion.XOSLauncher
01-28 00:42:04.714  1009  1027 I PowerMonitorHookServer: start app:com.google.android.apps.nbu.files
01-28 00:42:04.717  1396  1516 I PowerMonitorNew: a whole scenario, scenario:com.transsion.XOSLauncher, start-stop:178127681-178136130,duration:8449, current:0, currentconvert4V:0,currentWoBL:0,consumecoul:0,batterytime:0, conpower:0,avgsignal:400,avgDatatype:0
01-28 00:42:04.717  1396  1516 I PowerMonitorNew: exitScenario not save scenario true
01-28 00:42:04.741  1009  1087 I WindowManager: Layer maybe incorrect, set again! StackId = 46
01-28 00:42:05.198   821   821 W ResolutionTunerAppList: Target file doesn't exist: /storage/emulated/0/Android/data/sf_resolution_tuner_app_list.xml
01-28 00:42:05.223  1009  9674 E WindowManager: App trying to use insecure INPUT_FEATURE_NO_INPUT_CHANNEL flag. Ignoring
01-28 00:42:05.580  1396  1516 I PowerMonitorNew: enter scenario: com.google.android.apps.nbu.files,start coul:-675
01-28 00:42:05.691  1009  2415 I WindowManager: Relayout Window{bff2290 u0 com.google.android.apps.nbu.files/com.google.android.apps.nbu.files.home.HomeActivity}: oldVis=4 newVis=0 focusMayChange = true
01-28 00:42:05.701  1009  1040 I WindowManager: Focus moving from null to Window{bff2290 u0 com.google.android.apps.nbu.files/com.google.android.apps.nbu.files.home.HomeActivity}
01-28 00:42:05.881  1009  1112 I NetworkStatsRecorder: recordSnapshotLocked: ident[[{type=WIFI, subType=COMBINED, networkId="PTCL-BB", metered=false, defaultNetwork=true}]]
01-28 00:42:05.881  1009  1112 W NetworkStatsRecorder: unknown interfaces [lo, ccmni0], ignoring those stats
01-28 00:42:05.881  1009  1112 I NetworkStatsRecorder: recordSnapshotLocked: ident[[{type=WIFI, subType=COMBINED, networkId="PTCL-BB", metered=false, defaultNetwork=true}]]
01-28 00:42:05.881  1009  1112 W NetworkStatsRecorder: unknown interfaces [lo, ccmni0], ignoring those stats
01-28 00:42:05.882  1009  1112 I NetworkStatsRecorder: recordSnapshotLocked: ident[[{type=WIFI, subType=COMBINED, networkId="PTCL-BB", metered=false, defaultNetwork=true}]]
01-28 00:42:05.882  1009  1112 I chatty  : uid=1000(system) NetworkStats identical 13 lines
01-28 00:42:05.882  1009  1112 I NetworkStatsRecorder: recordSnapshotLocked: ident[[{type=WIFI, subType=COMBINED, networkId="PTCL-BB", metered=false, defaultNetwork=true}]]
01-28 00:42:05.882  1009  1112 W NetworkStatsRecorder: unknown interfaces [lo, ccmni0], ignoring those stats
01-28 00:42:05.883  1009  1112 I NetworkStatsRecorder: recordSnapshotLocked: ident[[{type=WIFI, subType=COMBINED, networkId="PTCL-BB", metered=false, defaultNetwork=true}]]
01-28 00:42:05.883  1009  1112 I chatty  : uid=1000(system) NetworkStats identical 3 lines
01-28 00:42:05.883  1009  1112 I NetworkStatsRecorder: recordSnapshotLocked: ident[[{type=WIFI, subType=COMBINED, networkId="PTCL-BB", metered=false, defaultNetwork=true}]]
01-28 00:42:05.883  1009  1112 W NetworkStatsRecorder: unknown interfaces [lo, ccmni0], ignoring those stats
01-28 00:42:07.010   573   686 E storaged: getDiskStats failed with result NOT_SUPPORTED and size 0
01-28 00:42:08.248  1009  1153 E TaskPersister: File error accessing recents directory (directory doesn't exist?).
01-28 00:42:08.775  1396  1516 I PowerMonitorHookClient: unkown network interface:lo
01-28 00:42:08.776  1396  1516 I chatty  : uid=1000(system) PowerMonitor identical 1 line
01-28 00:42:08.776  1396  1516 I PowerMonitorHookClient: unkown network interface:lo
01-28 00:42:08.792  1009  6040 I ActivityManager: START u0 {cmp=com.google.android.apps.nbu.files/.advancedbrowsing.browser.AdvancedBrowsingActivity (has extras)} from uid 10018
01-28 00:42:08.861  1009  1040 I WindowManager: Focus moving from Window{bff2290 u0 com.google.android.apps.nbu.files/com.google.android.apps.nbu.files.home.HomeActivity} to null
01-28 00:42:09.041  1009  5763 E WindowManager: App trying to use insecure INPUT_FEATURE_NO_INPUT_CHANNEL flag. Ignoring
01-28 00:42:09.075  1009  5763 I WindowManager: Relayout Window{669650c u0 com.google.android.apps.nbu.files/com.google.android.apps.nbu.files.advancedbrowsing.browser.AdvancedBrowsingActivity}: oldVis=4 newVis=0 focusMayChange = true
01-28 00:42:09.082  1009  1040 I WindowManager: Focus moving from null to Window{669650c u0 com.google.android.apps.nbu.files/com.google.android.apps.nbu.files.advancedbrowsing.browser.AdvancedBrowsingActivity}
01-28 00:42:12.273  1009  1912 E WindowManager: App trying to use insecure INPUT_FEATURE_NO_INPUT_CHANNEL flag. Ignoring
01-28 00:42:12.276  1009  1040 I WindowManager: Focus moving from Window{669650c u0 com.google.android.apps.nbu.files/com.google.android.apps.nbu.files.advancedbrowsing.browser.AdvancedBrowsingActivity} to Window{754596c u0 com.google.android.apps.nbu.files/com.google.android.apps.nbu.files.advancedbrowsing.browser.AdvancedBrowsingActivity}
01-28 00:42:12.380  1009  1153 E TaskPersister: File error accessing recents directory (directory doesn't exist?).
01-28 00:42:12.501  1009  1040 I WindowManager: Losing delayed focus: Window{669650c u0 com.google.android.apps.nbu.files/com.google.android.apps.nbu.files.advancedbrowsing.browser.AdvancedBrowsingActivity}
01-28 00:42:14.214  1009  1031 I ActivityManager: Start proc 2970:com.android.vending:quick_launch/u0a33 for service com.android.vending/com.google.frameworks.client.data.android.server.play.QuickLaunchProcessEndpointService
01-28 00:42:14.545  1009  1912 I ActivityManager: START u0 {act=android.content.pm.action.CONFIRM_PERMISSIONS pkg=com.google.android.packageinstaller cmp=com.google.android.packageinstaller/com.android.packageinstaller.InstallStart (has extras)} from uid 10018
01-28 00:42:14.569  1009  1027 I PowerMonitorHookServer: stop app:com.google.android.apps.nbu.files
01-28 00:42:14.569  1009  1027 I PowerMonitorHookServer: start app:com.google.android.packageinstaller
01-28 00:42:14.572  1396  1516 I PowerMonitorNew: a whole scenario, scenario:com.google.android.apps.nbu.files, start-stop:178136994-178145986,duration:8992, current:0, currentconvert4V:0,currentWoBL:0,consumecoul:0,batterytime:0, conpower:0,avgsignal:400,avgDatatype:0
01-28 00:42:14.572  1396  1516 I PowerMonitorNew: exitScenario not save scenario true
01-28 00:42:14.590  1009  1031 I ActivityManager: Start proc 2995:com.google.android.packageinstaller/u0a46 for activity com.google.android.packageinstaller/com.android.packageinstaller.InstallStart
01-28 00:42:14.607  1009  1040 I WindowManager: Focus moving from Window{754596c u0 com.google.android.apps.nbu.files/com.google.android.apps.nbu.files.advancedbrowsing.browser.AdvancedBrowsingActivity} to null
01-28 00:42:14.732  1009  1912 I ActivityManager: START u0 {act=android.content.pm.action.CONFIRM_PERMISSIONS flg=0x2000000 pkg=com.google.android.packageinstaller cmp=com.google.android.packageinstaller/com.android.packageinstaller.PackageInstallerActivity (has extras)} from uid 10046
01-28 00:42:14.888  2995  2995 W ResolutionTunerAppList: Target file doesn't exist: /storage/emulated/0/Android/data/sf_resolution_tuner_app_list.xml
01-28 00:42:14.909  1009  9674 E WindowManager: App trying to use insecure INPUT_FEATURE_NO_INPUT_CHANNEL flag. Ignoring
01-28 00:42:14.933  1009  9674 I WindowManager: Relayout Window{8a18b71 u0 com.google.android.packageinstaller/com.android.packageinstaller.PackageInstallerActivity}: oldVis=4 newVis=0 focusMayChange = true
01-28 00:42:14.939  1009  1040 I WindowManager: Focus moving from null to Window{8a18b71 u0 com.google.android.packageinstaller/com.android.packageinstaller.PackageInstallerActivity}
01-28 00:42:15.556  2731  2792 E SchedPolicy: set_timerslack_ns write failed: Operation not permitted
01-28 00:42:15.557  2731  2792 I chatty  : uid=10074(com.google.android.apps.messaging) identical 17 lines
01-28 00:42:15.557  2731  2792 E SchedPolicy: set_timerslack_ns write failed: Operation not permitted
01-28 00:42:15.597  1009  1009 W Looper  : Slow dispatch took 155ms main h=android.app.ActivityThread$H m=0
01-28 00:42:15.599  2731  2792 E SchedPolicy: set_timerslack_ns write failed: Operation not permitted
01-28 00:42:15.600  2731  2792 I chatty  : uid=10074(com.google.android.apps.messaging) identical 17 lines
01-28 00:42:15.601  2731  2792 E SchedPolicy: set_timerslack_ns write failed: Operation not permitted
01-28 00:42:15.655  1009  1009 I Telecom : DefaultDialerCache: Refreshing default dialer for user 0: now com.sh.smart.caller: DDC.oR@BXg
01-28 00:42:15.655  1009  1009 W Looper  : Slow delivery took 212ms main h=com.android.server.media.MediaRouterService$UserHandler m=0
01-28 00:42:15.689  1009  1009 W Looper  : Drained
01-28 00:42:16.030  1997  3050 E ActivityThread: Failed to find provider info for androidx.car.app.connection
01-28 00:42:16.384  1009  1040 I WindowManager: Focus moving from Window{8a18b71 u0 com.google.android.packageinstaller/com.android.packageinstaller.PackageInstallerActivity} to null
01-28 00:42:16.388  1009  1027 I PowerMonitorHookServer: stop app:com.google.android.packageinstaller
01-28 00:42:16.388  1009  1027 I PowerMonitorHookServer: start app:com.google.android.apps.nbu.files
01-28 00:42:16.399  1396  1516 I PowerMonitorNew: enter scenario: com.google.android.packageinstaller,start coul:-675
01-28 00:42:16.401  1396  1516 I PowerMonitorNew: a whole scenario, scenario:com.google.android.packageinstaller, start-stop:178147809-178147814,duration:5, current:0, currentconvert4V:0,currentWoBL:0,consumecoul:0,batterytime:0, conpower:0,avgsignal:400,avgDatatype:0
01-28 00:42:16.401  1396  1516 I PowerMonitorNew: exitScenario not save scenario true
01-28 00:42:16.402  1396  1516 I PowerMonitorNew: enter scenario: com.google.android.apps.nbu.files,start coul:-675
01-28 00:42:16.422  1009  2017 I WindowManager: Relayout Window{754596c u0 com.google.android.apps.nbu.files/com.google.android.apps.nbu.files.advancedbrowsing.browser.AdvancedBrowsingActivity}: oldVis=8 newVis=0 focusMayChange = true
01-28 00:42:16.429  1009  1040 I WindowManager: Focus moving from null to Window{754596c u0 com.google.android.apps.nbu.files/com.google.android.apps.nbu.files.advancedbrowsing.browser.AdvancedBrowsingActivity}
01-28 00:42:16.443  1009  2017 I WindowManager: Relayout Window{669650c u0 com.google.android.apps.nbu.files/com.google.android.apps.nbu.files.advancedbrowsing.browser.AdvancedBrowsingActivity}: oldVis=4 newVis=0 focusMayChange = true
01-28 00:42:16.471  2731  2792 E SchedPolicy: set_timerslack_ns write failed: Operation not permitted
01-28 00:42:16.513  2731  2792 I chatty  : uid=10074(com.google.android.apps.messaging) identical 55 lines
01-28 00:42:16.513  2731  2792 E SchedPolicy: set_timerslack_ns write failed: Operation not permitted
01-28 00:42:18.289  1009  1153 E TaskPersister: File error accessing recents directory (directory doesn't exist?).
01-28 00:42:18.776  1396  1516 I PowerMonitorHookClient: unkown network interface:lo
01-28 00:42:18.777  1396  1516 I PowerMonitorHookClient: unkown network interface:lo
01-28 00:42:19.024  1009  1034 E BatteryExternalStatsWorker: no controller energy info supplied for wifi
01-28 00:42:19.027  1009  1034 E BatteryExternalStatsWorker: no controller energy info supplied for bluetooth
01-28 00:42:19.052  1009  1034 W BatteryExternalStatsWorker: modem info is invalid: ModemActivityInfo{ mTimestamp=178150458 mSleepTimeMs=70353924 mIdleTimeMs=-58988736 mTxTimeMs[]=[20150, 0, 10, 8278, 45712] mRxTimeMs=167337409 mEnergyUsed=0}
01-28 00:42:19.596  2278  3069 E ActivityThread: Failed to find provider info for com.google.android.instantapps.supervisor.SupervisorArchiveProvider
01-28 00:42:22.436  1009  1027 I ActivityManager: Force stopping com.mindease appid=10197 user=-1: installPackageLI
01-28 00:42:22.436  1009  1027 I ActivityManager: Killing 31990:com.mindease/u0a197 (adj 900): stop com.mindease
01-28 00:42:22.442  1009  1027 I ActivityManager:   Force finishing activity ActivityRecord{dfc2ad1 u0 com.mindease/.MainActivity t329}
01-28 00:42:22.551  1009  1912 W ActivityManager: Background start not allowed: service Intent { cmp=com.google.android.apps.messaging/.shared.datamodel.action.execution.ActionExecutorImpl$EmptyService } to com.google.android.apps.messaging/.shared.datamodel.action.execution.ActionExecutorImpl$EmptyService from pid=2731 uid=10074 pkg=com.google.android.apps.messaging startFg?=false
01-28 00:42:22.553  1009  1040 W ActivityManager: setHasOverlayUi called on unknown pid: 31990
01-28 00:42:22.567  1009  1912 W ActivityManager: Background start not allowed: service Intent { cmp=com.google.android.apps.messaging/.shared.datamodel.action.execution.ActionExecutorImpl$EmptyService } to com.google.android.apps.messaging/.shared.datamodel.action.execution.ActionExecutorImpl$EmptyService from pid=2731 uid=10074 pkg=com.google.android.apps.messaging startFg?=false
01-28 00:42:22.571  1009  1912 I chatty  : uid=1000(system) Binder:1009_A identical 1 line
01-28 00:42:22.575  1009  1912 W ActivityManager: Background start not allowed: service Intent { cmp=com.google.android.apps.messaging/.shared.datamodel.action.execution.ActionExecutorImpl$EmptyService } to com.google.android.apps.messaging/.shared.datamodel.action.execution.ActionExecutorImpl$EmptyService from pid=2731 uid=10074 pkg=com.google.android.apps.messaging startFg?=false
01-28 00:42:22.580  1009  1049 I PackageManager: Update package com.mindease code path from /data/app/com.mindease-TwVy-VnLuBnSa8wfk5cRZQ== to /data/app/com.mindease-tqt7sgXz3_t-fkdtXT5SHw==; Retain data and using new
01-28 00:42:22.580  1009  1049 I PackageManager: Update package com.mindease resource path from /data/app/com.mindease-TwVy-VnLuBnSa8wfk5cRZQ== to /data/app/com.mindease-tqt7sgXz3_t-fkdtXT5SHw==; Retain data and using new
01-28 00:42:23.098  1009  7590 W ActivityManager: Background start not allowed: service Intent { cmp=com.google.android.apps.messaging/.shared.datamodel.action.execution.ActionExecutorImpl$EmptyService } to com.google.android.apps.messaging/.shared.datamodel.action.execution.ActionExecutorImpl$EmptyService from pid=2731 uid=10074 pkg=com.google.android.apps.messaging startFg?=false
01-28 00:42:23.332  1009  1049 I ActivityManager: Force stopping com.mindease appid=10197 user=0: pkg removed
01-28 00:42:23.346  1009  1027 W BroadcastQueue: Background execution not allowed: receiving Intent { act=android.intent.action.PACKAGE_REMOVED dat=package:com.mindease flg=0x4000010 (has extras) } to com.transsnet.store/com.afmobi.palmplay.receivers.AppInstallAndRemoveReceiver
01-28 00:42:23.346  1009  1027 W BroadcastQueue: Background execution not allowed: receiving Intent { act=android.intent.action.PACKAGE_REMOVED dat=package:com.mindease flg=0x4000010 (has extras) } to com.kikaoem.qisiemoji.inputmethod.cy.se/com.qisi.plugin.clean.receiver.CleanReceiver
01-28 00:42:23.346  1009  1027 W BroadcastQueue: Background execution not allowed: receiving Intent { act=android.intent.action.PACKAGE_REMOVED dat=package:com.mindease flg=0x4000010 (has extras) } to com.android.vending/com.google.android.finsky.packagemonitor.impl.PackageMonitorReceiverImpl$RegisteredReceiver
01-28 00:42:23.347  1009  1027 W BroadcastQueue: Background execution not allowed: receiving Intent { act=android.intent.action.PACKAGE_REMOVED dat=package:com.mindease flg=0x4000010 (has extras) } to com.android.vending/com.google.android.finsky.packagemonitor.backgroundimpl.BackgroundPackageMonitorReceiverImpl$RegisteredReceiver
01-28 00:42:23.349  1009  1027 W BroadcastQueue: Background execution not allowed: receiving Intent { act=android.intent.action.PACKAGE_REMOVED dat=package:com.mindease flg=0x4000010 (has extras) } to com.android.vending/com.google.android.finsky.instantapps.appmanagement.InstantAppRemoveMonitor
01-28 00:42:23.365  1009  1027 W BroadcastQueue: Background execution not allowed: receiving Intent { act=android.intent.action.PACKAGE_REMOVED dat=package:com.mindease flg=0x4000010 (has extras) } to com.facebook.services/com.facebook.oxygen.services.fbns.RegisteredMqttSystemBroadcastReceiver
01-28 00:42:23.380  1009  1027 W BroadcastQueue: Background execution not allowed: receiving Intent { act=android.intent.action.PACKAGE_REMOVED dat=package:com.mindease flg=0x4000010 (has extras) } to com.google.android.apps.maps/com.google.android.libraries.social.peoplekit.thirdparty.viewcontrollers.ThirdPartyReceiver
01-28 00:42:23.380  1009  1027 W BroadcastQueue: Background execution not allowed: receiving Intent { act=android.intent.action.PACKAGE_REMOVED dat=package:com.mindease flg=0x4000010 (has extras) } to com.google.android.apps.photos/com.google.android.libraries.social.peoplekit.thirdparty.viewcontrollers.ThirdPartyReceiver
01-28 00:42:23.381  1009  1027 W BroadcastQueue: Background execution not allowed: receiving Intent { act=android.intent.action.PACKAGE_REMOVED dat=package:com.mindease flg=0x4000010 (has extras) } to com.google.android.gms/.chimera.GmsIntentOperationService$PersistentTrustedReceiver
01-28 00:42:23.381  1009  1027 W BroadcastQueue: Background execution not allowed: receiving Intent { act=android.intent.action.PACKAGE_REMOVED dat=package:com.mindease flg=0x4000010 (has extras) } to com.kikaoem.qisiemoji.inputmethod.cy.se/com.qisi.receiver.ApkMonitorReceiver
01-28 00:42:23.390  1009  1027 W BroadcastQueue: Background execution not allowed: receiving Intent { act=android.intent.action.PACKAGE_REMOVED dat=package:com.mindease flg=0x4000010 (has extras) } to com.sh.smart.caller/com.xdandroid.hellodaemon.WakeUpReceiver
01-28 00:42:23.391  1009  1027 W BroadcastQueue: Background execution not allowed: receiving Intent { act=android.intent.action.PACKAGE_ADDED dat=package:com.mindease flg=0x4000010 (has extras) } to com.transsnet.store/com.afmobi.palmplay.receivers.AppInstallAndRemoveReceiver
01-28 00:42:23.395  1009  1027 W BroadcastQueue: Background execution not allowed: receiving Intent { act=android.intent.action.PACKAGE_ADDED dat=package:com.mindease flg=0x4000010 (has extras) } to com.android.vending/com.google.android.finsky.packagemonitor.impl.PackageMonitorReceiverImpl$RegisteredReceiver
01-28 00:42:23.395  1009  1027 W BroadcastQueue: Background execution not allowed: receiving Intent { act=android.intent.action.PACKAGE_ADDED dat=package:com.mindease flg=0x4000010 (has extras) } to com.android.vending/com.google.android.finsky.packagemonitor.backgroundimpl.BackgroundPackageMonitorReceiverImpl$RegisteredReceiver
01-28 00:42:23.397  1009  1027 W BroadcastQueue: Background execution not allowed: receiving Intent { act=android.intent.action.PACKAGE_ADDED dat=package:com.mindease flg=0x4000010 (has extras) } to com.facebook.appmanager/com.facebook.oxygen.common.packages.event.manifest.ManifestPackageEventReceiver
01-28 00:42:23.397  1009  1027 W BroadcastQueue: Background execution not allowed: receiving Intent { act=android.intent.action.PACKAGE_ADDED dat=package:com.mindease flg=0x4000010 (has extras) } to com.google.android.apps.nbu.files/.documentbrowser.browselanding.rootcontainerlist.receiver.PackageChangeReceiver_Receiver
