01-28 00:46:53.964  4637  4637 E unknown:ReactNative: 	at com.facebook.react.runtime.internal.bolts.Task$Companion.completeAfterTask$lambda$5(Task.kt:394)
01-28 00:46:53.964  4637  4637 E unknown:ReactNative: 	at com.facebook.react.runtime.internal.bolts.Task$Companion.$r8$lambda$IPpysnehFwANEiW061YzapkMdoE(Unknown Source:0)
01-28 00:46:53.964  4637  4637 E unknown:ReactNative: 	at com.facebook.react.runtime.internal.bolts.Task$Companion$$ExternalSyntheticLambda4.run(D8$$SyntheticClass:0)
01-28 00:46:53.964  4637  4637 E unknown:ReactNative: 	at java.util.concurrent.ThreadPoolExecutor.runWorker(ThreadPoolExecutor.java:1167)
01-28 00:46:53.964  4637  4637 E unknown:ReactNative: 	at java.util.concurrent.ThreadPoolExecutor$Worker.run(ThreadPoolExecutor.java:641)
01-28 00:46:53.964  4637  4637 E unknown:ReactNative: 	at java.lang.Thread.run(Thread.java:764)
01-28 00:46:53.974  4637  4672 W unknown:BridgelessReact: ReactHost{0}.getOrCreateDestroyTask()
01-28 00:46:53.975  4637  4672 W unknown:BridgelessReact: ReactHost{0}.raiseSoftException(getOrCreateDestroyTask()): handleHostException(message = "Unable to load script.
01-28 00:46:53.975  4637  4672 W unknown:BridgelessReact: 
01-28 00:46:53.975  4637  4672 W unknown:BridgelessReact: Make sure you're running Metro or that your bundle 'index.android.bundle' is packaged correctly for release.
01-28 00:46:53.975  4637  4672 W unknown:BridgelessReact: 
01-28 00:46:53.975  4637  4672 W unknown:BridgelessReact: The device must either be USB connected (with bundler set to "localhost:8081") or be on the same Wi-Fi network as your computer (with bundler set to your computer IP) to connect to Metro.
01-28 00:46:53.975  4637  4672 W unknown:BridgelessReact: 
01-28 00:46:53.975  4637  4672 W unknown:BridgelessReact: If you're using USB on a physical device, make sure you also run this command:
01-28 00:46:53.975  4637  4672 W unknown:BridgelessReact:   adb reverse tcp:8081 tcp:8081")
01-28 00:46:53.979  4637  4672 E unknown:ReactHost: Unhandled SoftException
01-28 00:46:53.979  4637  4672 E unknown:ReactHost: com.facebook.react.bridge.ReactNoCrashSoftException: raiseSoftException(getOrCreateDestroyTask()): handleHostException(message = "Unable to load script.
01-28 00:46:53.979  4637  4672 E unknown:ReactHost: 
01-28 00:46:53.979  4637  4672 E unknown:ReactHost: Make sure you're running Metro or that your bundle 'index.android.bundle' is packaged correctly for release.
01-28 00:46:53.979  4637  4672 E unknown:ReactHost: 
01-28 00:46:53.979  4637  4672 E unknown:ReactHost: The device must either be USB connected (with bundler set to "localhost:8081") or be on the same Wi-Fi network as your computer (with bundler set to your computer IP) to connect to Metro.
01-28 00:46:53.979  4637  4672 E unknown:ReactHost: 
01-28 00:46:53.979  4637  4672 E unknown:ReactHost: If you're using USB on a physical device, make sure you also run this command:
01-28 00:46:53.979  4637  4672 E unknown:ReactHost:   adb reverse tcp:8081 tcp:8081")
01-28 00:46:53.979  4637  4672 E unknown:ReactHost: 	at com.facebook.react.runtime.ReactHostImpl.raiseSoftException(ReactHostImpl.kt:861)
01-28 00:46:53.979  4637  4672 E unknown:ReactHost: 	at com.facebook.react.runtime.ReactHostImpl.getOrCreateDestroyTask(ReactHostImpl.kt:1422)
01-28 00:46:53.979  4637  4672 E unknown:ReactHost: 	at com.facebook.react.runtime.ReactHostImpl.destroy$lambda$11(ReactHostImpl.kt:500)
01-28 00:46:53.979  4637  4672 E unknown:ReactHost: 	at com.facebook.react.runtime.ReactHostImpl.$r8$lambda$RqPT6VdmhA-RKBsb9qAdshHTgug(Unknown Source:0)
01-28 00:46:53.979  4637  4672 E unknown:ReactHost: 	at com.facebook.react.runtime.ReactHostImpl$$ExternalSyntheticLambda35.call(D8$$SyntheticClass:0)
01-28 00:46:53.979  4637  4672 E unknown:ReactHost: 	at com.facebook.react.runtime.internal.bolts.Task$Companion.call$lambda$2(Task.kt:319)
01-28 00:46:53.979  4637  4672 E unknown:ReactHost: 	at com.facebook.react.runtime.internal.bolts.Task$Companion.$r8$lambda$MFqd_-X5KhHmu0hvNE2Bec_4mJM(Unknown Source:0)
01-28 00:46:53.979  4637  4672 E unknown:ReactHost: 	at com.facebook.react.runtime.internal.bolts.Task$Companion$$ExternalSyntheticLambda1.run(D8$$SyntheticClass:0)
01-28 00:46:53.979  4637  4672 E unknown:ReactHost: 	at java.util.concurrent.ThreadPoolExecutor.runWorker(ThreadPoolExecutor.java:1167)
01-28 00:46:53.979  4637  4672 E unknown:ReactHost: 	at java.util.concurrent.ThreadPoolExecutor$Worker.run(ThreadPoolExecutor.java:641)
01-28 00:46:53.979  4637  4672 E unknown:ReactHost: 	at java.lang.Thread.run(Thread.java:764)
01-28 00:46:53.979  4637  4672 E unknown:ReactHost: Caused by: java.lang.RuntimeException: Unable to load script.
01-28 00:46:53.979  4637  4672 E unknown:ReactHost: 
01-28 00:46:53.979  4637  4672 E unknown:ReactHost: Make sure you're running Metro or that your bundle 'index.android.bundle' is packaged correctly for release.
01-28 00:46:53.979  4637  4672 E unknown:ReactHost: 
01-28 00:46:53.979  4637  4672 E unknown:ReactHost: The device must either be USB connected (with bundler set to "localhost:8081") or be on the same Wi-Fi network as your computer (with bundler set to your computer IP) to connect to Metro.
01-28 00:46:53.979  4637  4672 E unknown:ReactHost: 
01-28 00:46:53.979  4637  4672 E unknown:ReactHost: If you're using USB on a physical device, make sure you also run this command:
01-28 00:46:53.979  4637  4672 E unknown:ReactHost:   adb reverse tcp:8081 tcp:8081
01-28 00:46:53.979  4637  4672 E unknown:ReactHost: 	at com.facebook.react.runtime.ReactInstance.loadJSBundleFromAssets(Native Method)
01-28 00:46:53.979  4637  4672 E unknown:ReactHost: 	at com.facebook.react.runtime.ReactInstance.access$loadJSBundleFromAssets(ReactInstance.kt:84)
01-28 00:46:53.979  4637  4672 E unknown:ReactHost: 	at com.facebook.react.runtime.ReactInstance$loadJSBundle$1.loadScriptFromAssets(ReactInstance.kt:324)
01-28 00:46:53.979  4637  4672 E unknown:ReactHost: 	at com.facebook.react.bridge.JSBundleLoader$Companion$createAssetLoader$1.loadScript(JSBundleLoader.kt:33)
01-28 00:46:53.979  4637  4672 E unknown:ReactHost: 	at com.facebook.react.runtime.ReactInstance.loadJSBundle(ReactInstance.kt:303)
01-28 00:46:53.979  4637  4672 E unknown:ReactHost: 	at com.facebook.react.runtime.ReactHostImpl.getOrCreateReactInstanceTask$lambda$44$lambda$40(ReactHostImpl.kt:1015)
01-28 00:46:53.979  4637  4672 E unknown:ReactHost: 	at com.facebook.react.runtime.ReactHostImpl.$r8$lambda$kGNcmxBxZbp8b1wWTaqIXDdkV8g(Unknown Source:0)
01-28 00:46:53.979  4637  4672 E unknown:ReactHost: 	at com.facebook.react.runtime.ReactHostImpl$$ExternalSyntheticLambda24.then(D8$$SyntheticClass:0)
01-28 00:46:53.979  4637  4672 E unknown:ReactHost: 	at com.facebook.react.runtime.internal.bolts.Task$Companion.completeImmediately$lambda$3(Task.kt:360)
01-28 00:46:53.979  4637  4672 E unknown:ReactHost: 	at com.facebook.react.runtime.internal.bolts.Task$Companion.$r8$lambda$b7MTC0ufkn_2TjF4BGcNqGR9qK0(Unknown Source:0)
01-28 00:46:53.979  4637  4672 E unknown:ReactHost: 	at com.facebook.react.runtime.internal.bolts.Task$Companion$$ExternalSyntheticLambda3.run(D8$$SyntheticClass:0)
01-28 00:46:53.979  4637  4672 E unknown:ReactHost: 	at com.facebook.react.runtime.internal.bolts.Executors$ImmediateExecutor.execute(Executors.kt:41)
01-28 00:46:53.979  4637  4672 E unknown:ReactHost: 	at com.facebook.react.runtime.internal.bolts.Task$Companion.completeImmediately(Task.kt:358)
01-28 00:46:53.979  4637  4672 E unknown:ReactHost: 	at com.facebook.react.runtime.internal.bolts.Task$Companion.access$completeImmediately(Task.kt:254)
01-28 00:46:53.979  4637  4672 E unknown:ReactHost: 	at com.facebook.react.runtime.internal.bolts.Task.continueWith(Task.kt:133)
01-28 00:46:53.979  4637  4672 E unknown:ReactHost: 	at com.facebook.react.runtime.internal.bolts.Task.continueWith$default(Task.kt:117)
01-28 00:46:53.979  4637  4672 E unknown:ReactHost: 	at com.facebook.react.runtime.internal.bolts.Task.onSuccess$lambda$12(Task.kt:176)
01-28 00:46:53.979  4637  4672 E unknown:ReactHost: 	at com.facebook.react.runtime.internal.bolts.Task.$r8$lambda$l0wwo5AvbHxlwfI1R7CH_codxoo(Unknown Source:0)
01-28 00:46:53.979  4637  4672 E unknown:ReactHost: 	at com.facebook.react.runtime.internal.bolts.Task$$ExternalSyntheticLambda2.then(D8$$SyntheticClass:0)
01-28 00:46:53.979  4637  4672 E unknown:ReactHost: 	at com.facebook.react.runtime.internal.bolts.Task$Companion.completeAfterTask$lambda$5(Task.kt:394)
01-28 00:46:53.979  4637  4672 E unknown:ReactHost: 	at com.facebook.r
01-28 00:46:53.981  4637  4672 W unknown:BridgelessReact: ReactHost{0}.getOrCreateDestroyTask(): Resetting createReactInstance task ref
01-28 00:46:54.222  1009  6040 E WindowManager: App trying to use insecure INPUT_FEATURE_NO_INPUT_CHANNEL flag. Ignoring
01-28 00:46:54.229  1009  1040 I WindowManager: Focus moving from Window{da65522 u0 com.mindease/com.mindease.MainActivity} to Window{4253421 u0 com.mindease/com.mindease.MainActivity}
01-28 00:46:54.232  4637  4637 W unknown:BridgelessReact: ReactHost{0}.getOrCreateDestroyTask(): Starting React Native destruction
01-28 00:46:54.234  4637  4637 W unknown:BridgelessReact: ReactHost{0}.raiseSoftException(getOrCreateDestroyTask()): Destroy: ReactInstance task faulted. Stage: 1: Starting destroy. Fault reason: Unable to load script.
01-28 00:46:54.234  4637  4637 W unknown:BridgelessReact: 
01-28 00:46:54.234  4637  4637 W unknown:BridgelessReact: Make sure you're running Metro or that your bundle 'index.android.bundle' is packaged correctly for release.
01-28 00:46:54.234  4637  4637 W unknown:BridgelessReact: 
01-28 00:46:54.234  4637  4637 W unknown:BridgelessReact: The device must either be USB connected (with bundler set to "localhost:8081") or be on the same Wi-Fi network as your computer (with bundler set to your computer IP) to connect to Metro.
01-28 00:46:54.234  4637  4637 W unknown:BridgelessReact: 
01-28 00:46:54.234  4637  4637 W unknown:BridgelessReact: If you're using USB on a physical device, make sure you also run this command:
01-28 00:46:54.234  4637  4637 W unknown:BridgelessReact:   adb reverse tcp:8081 tcp:8081. Destroy reason: handleHostException(message = "Unable to load script.
01-28 00:46:54.234  4637  4637 W unknown:BridgelessReact: 
01-28 00:46:54.234  4637  4637 W unknown:BridgelessReact: Make sure you're running Metro or that your bundle 'index.android.bundle' is packaged correctly for release.
01-28 00:46:54.234  4637  4637 W unknown:BridgelessReact: 
01-28 00:46:54.234  4637  4637 W unknown:BridgelessReact: The device must either be USB connected (with bundler set to "localhost:8081") or be on the same Wi-Fi network as your computer (with bundler set to your computer IP) to connect to Metro.
01-28 00:46:54.234  4637  4637 W unknown:BridgelessReact: 
01-28 00:46:54.234  4637  4637 W unknown:BridgelessReact: If you're using USB on a physical device, make sure you also run this command:
01-28 00:46:54.234  4637  4637 W unknown:BridgelessReact:   adb reverse tcp:8081 tcp:8081")
01-28 00:46:54.235   442   442 I SurfaceFlinger: [Built-in Screen (type:0)] fps:1.290335,dur:1549.98,max:1516.82,min:33.16
01-28 00:46:54.236  4637  4637 E unknown:ReactHost: Unhandled SoftException
01-28 00:46:54.236  4637  4637 E unknown:ReactHost: com.facebook.react.bridge.ReactNoCrashSoftException: raiseSoftException(getOrCreateDestroyTask()): Destroy: ReactInstance task faulted. Stage: 1: Starting destroy. Fault reason: Unable to load script.
01-28 00:46:54.236  4637  4637 E unknown:ReactHost: 
01-28 00:46:54.236  4637  4637 E unknown:ReactHost: Make sure you're running Metro or that your bundle 'index.android.bundle' is packaged correctly for release.
01-28 00:46:54.236  4637  4637 E unknown:ReactHost: 
01-28 00:46:54.236  4637  4637 E unknown:ReactHost: The device must either be USB connected (with bundler set to "localhost:8081") or be on the same Wi-Fi network as your computer (with bundler set to your computer IP) to connect to Metro.
01-28 00:46:54.236  4637  4637 E unknown:ReactHost: 
01-28 00:46:54.236  4637  4637 E unknown:ReactHost: If you're using USB on a physical device, make sure you also run this command:
01-28 00:46:54.236  4637  4637 E unknown:ReactHost:   adb reverse tcp:8081 tcp:8081. Destroy reason: handleHostException(message = "Unable to load script.
01-28 00:46:54.236  4637  4637 E unknown:ReactHost: 
01-28 00:46:54.236  4637  4637 E unknown:ReactHost: Make sure you're running Metro or that your bundle 'index.android.bundle' is packaged correctly for release.
01-28 00:46:54.236  4637  4637 E unknown:ReactHost: 
01-28 00:46:54.236  4637  4637 E unknown:ReactHost: The device must either be USB connected (with bundler set to "localhost:8081") or be on the same Wi-Fi network as your computer (with bundler set to your computer IP) to connect to Metro.
01-28 00:46:54.236  4637  4637 E unknown:ReactHost: 
01-28 00:46:54.236  4637  4637 E unknown:ReactHost: If you're using USB on a physical device, make sure you also run this command:
01-28 00:46:54.236  4637  4637 E unknown:ReactHost:   adb reverse tcp:8081 tcp:8081")
01-28 00:46:54.236  4637  4637 E unknown:ReactHost: 	at com.facebook.react.runtime.ReactHostImpl.raiseSoftException(ReactHostImpl.kt:861)
01-28 00:46:54.236  4637  4637 E unknown:ReactHost: 	at com.facebook.react.runtime.ReactHostImpl.raiseSoftException$default(ReactHostImpl.kt:852)
01-28 00:46:54.236  4637  4637 E unknown:ReactHost: 	at com.facebook.react.runtime.ReactHostImpl.createReactInstanceUnwrapper$lambda$49(ReactHostImpl.kt:1220)
01-28 00:46:54.236  4637  4637 E unknown:ReactHost: 	at com.facebook.react.runtime.ReactHostImpl.$r8$lambda$wxqWPZPIM84yb-DFfq8PhEXI2r4(Unknown Source:0)
01-28 00:46:54.236  4637  4637 E unknown:ReactHost: 	at com.facebook.react.runtime.ReactHostImpl$$ExternalSyntheticLambda36.invoke(D8$$SyntheticClass:0)
01-28 00:46:54.236  4637  4637 E unknown:ReactHost: 	at com.facebook.react.runtime.ReactHostImpl.getOrCreateDestroyTask$lambda$60(ReactHostImpl.kt:1437)
01-28 00:46:54.236  4637  4637 E unknown:ReactHost: 	at com.facebook.react.runtime.ReactHostImpl.$r8$lambda$W_3hbG2jNwurg3jPo_rFnHCrsPg(Unknown Source:0)
01-28 00:46:54.236  4637  4637 E unknown:ReactHost: 	at com.facebook.react.runtime.ReactHostImpl$$ExternalSyntheticLambda27.then(D8$$SyntheticClass:0)
01-28 00:46:54.236  4637  4637 E unknown:ReactHost: 	at com.facebook.react.runtime.internal.bolts.Task$Companion.completeAfterTask$lambda$5(Task.kt:394)
01-28 00:46:54.236  4637  4637 E unknown:ReactHost: 	at com.facebook.react.runtime.internal.bolts.Task$Companion.$r8$lambda$IPpysnehFwANEiW061YzapkMdoE(Unknown Source:0)
01-28 00:46:54.236  4637  4637 E unknown:ReactHost: 	at com.facebook.react.runtime.internal.bolts.Task$Companion$$ExternalSyntheticLambda4.run(D8$$SyntheticClass:0)
01-28 00:46:54.236  4637  4637 E unknown:ReactHost: 	at android.os.Handler.handleCallback(Handler.java:873)
01-28 00:46:54.236  4637  4637 E unknown:ReactHost: 	at android.os.Handler.dispatchMessage(Handler.java:99)
01-28 00:46:54.236  4637  4637 E unknown:ReactHost: 	at android.os.Looper.loop(Looper.java:193)
01-28 00:46:54.236  4637  4637 E unknown:ReactHost: 	at android.app.ActivityThread.main(ActivityThread.java:6819)
01-28 00:46:54.236  4637  4637 E unknown:ReactHost: 	at java.lang.reflect.Method.invoke(Native Method)
01-28 00:46:54.236  4637  4637 E unknown:ReactHost: 	at com.android.internal.os.RuntimeInit$MethodAndArgsCaller.run(RuntimeInit.java:497)
01-28 00:46:54.236  4637  4637 E unknown:ReactHost: 	at com.android.internal.os.ZygoteInit.main(ZygoteInit.java:912)
01-28 00:46:54.237  4637  4637 W unknown:BridgelessReact: ReactHost{0}.getOrCreateDestroyTask(): DevSupportManager cleanup
01-28 00:46:54.240  4637  4637 W unknown:BridgelessReact: ReactHost{0}.getOrCreateDestroyTask(): Move ReactHost to onHostDestroy()
01-28 00:46:54.240  4637  4637 W unknown:BridgelessReact: ReactHost{0}.ReactContext.onHostPause()
01-28 00:46:54.242  4637  4637 E unknown:ReactNative: Tried to remove non-existent frame callback
01-28 00:46:54.242  4637  4637 W unknown:BridgelessReact: ReactHost{0}.ReactContext.onHostDestroy()
01-28 00:46:54.247  4637  4672 W unknown:BridgelessReact: ReactHost{0}.getOrCreateDestroyTask(): Stopping all React Native surfaces
01-28 00:46:54.252  4637  4672 E unknown:FabricUIManager: Unhandled SoftException
01-28 00:46:54.252  4637  4672 E unknown:FabricUIManager: java.lang.IllegalStateException: Trying to stop surface that hasn't started yet
01-28 00:46:54.252  4637  4672 E unknown:FabricUIManager: 	at com.facebook.react.fabric.FabricUIManager.stopSurface(FabricUIManager.java:396)
01-28 00:46:54.252  4637  4672 E unknown:FabricUIManager: 	at com.facebook.react.runtime.ReactInstance.stopSurface(ReactInstance.kt:410)
01-28 00:46:54.252  4637  4672 E unknown:FabricUIManager: 	at com.facebook.react.runtime.ReactHostImpl.stopAttachedSurfaces(ReactHostImpl.kt:1189)
01-28 00:46:54.252  4637  4672 E unknown:FabricUIManager: 	at com.facebook.react.runtime.ReactHostImpl.getOrCreateDestroyTask$lambda$62(ReactHostImpl.kt:1475)
01-28 00:46:54.252  4637  4672 E unknown:FabricUIManager: 	at com.facebook.react.runtime.ReactHostImpl.$r8$lambda$xpeTQfuVN0XbBBJsIsVmA6wzF00(Unknown Source:0)
01-28 00:46:54.252  4637  4672 E unknown:FabricUIManager: 	at com.facebook.react.runtime.ReactHostImpl$$ExternalSyntheticLambda28.then(D8$$SyntheticClass:0)
01-28 00:46:54.252  4637  4672 E unknown:FabricUIManager: 	at com.facebook.react.runtime.internal.bolts.Task$Companion.completeAfterTask$lambda$5(Task.kt:394)
01-28 00:46:54.252  4637  4672 E unknown:FabricUIManager: 	at com.facebook.react.runtime.internal.bolts.Task$Companion.$r8$lambda$IPpysnehFwANEiW061YzapkMdoE(Unknown Source:0)
01-28 00:46:54.252  4637  4672 E unknown:FabricUIManager: 	at com.facebook.react.runtime.internal.bolts.Task$Companion$$ExternalSyntheticLambda4.run(D8$$SyntheticClass:0)
01-28 00:46:54.252  4637  4672 E unknown:FabricUIManager: 	at java.util.concurrent.ThreadPoolExecutor.runWorker(ThreadPoolExecutor.java:1167)
01-28 00:46:54.252  4637  4672 E unknown:FabricUIManager: 	at java.util.concurrent.ThreadPoolExecutor$Worker.run(ThreadPoolExecutor.java:641)
01-28 00:46:54.252  4637  4672 E unknown:FabricUIManager: 	at java.lang.Thread.run(Thread.java:764)
01-28 00:46:54.304   442   672 I BufferQueue: [unnamed-442-781](this:0x7485af8800,id:781,api:0,p:-1,c:-1) BufferQueue core=(442:/system/bin/surfaceflinger)
01-28 00:46:54.304   442   672 I BufferQueueConsumer: [unnamed-442-781](this:0x7485af8800,id:781,api:0,p:-1,c:442) connect(C): consumer=(442:/system/bin/surfaceflinger) controlledByApp=false
01-28 00:46:54.304   442   672 I BufferQueueConsumer: [unnamed-442-781](this:0x7485af8800,id:781,api:0,p:-1,c:442) setConsumerName: unnamed-442-781
01-28 00:46:54.304   442   672 I BufferQueueConsumer: [com.mindease/com.mindease.MainActivity#1](this:0x7485af8800,id:781,api:0,p:-1,c:442) setConsumerName: com.mindease/com.mindease.MainActivity#1
01-28 00:46:54.304   442   672 I BufferQueueConsumer: [com.mindease/com.mindease.MainActivity#1](this:0x7485af8800,id:781,api:0,p:-1,c:442) setDefaultBufferSize: width=720 height=1600
01-28 00:46:54.349   442   672 I BufferQueueProducer: [com.mindease/com.mindease.MainActivity#1](this:0x7485af8800,id:781,api:1,p:4637,c:442) connect(P): api=1 producer=(4637:com.mindease) producerControlledByApp=true
01-28 00:46:54.516  1161  1161 I GoogleInputMethodService: GoogleInputMethodService.onFinishInput():2092 
01-28 00:46:54.518  4637  4637 W unknown:BridgelessReact: ReactHost{0}.getOrCreateDestroyTask(): Destroying MemoryPressureRouter
01-28 00:46:54.519  1161  1161 I Module  : DeviceLockedStatusModuleProvider$Module.updateDeviceLockedStatus():103 repeatCheckTimes = 0, locked = false
01-28 00:46:54.519  4637  4637 W unknown:BridgelessReact: ReactHost{0}.getOrCreateDestroyTask(): Resetting ReactContext ref
01-28 00:46:54.520  4637  4637 W unknown:BridgelessReact: ReactHost{0}.getOrCreateDestroyTask(): Destroying ReactContext
01-28 00:46:54.521  1161  1161 I GoogleInputMethodService: GoogleInputMethodService.onStartInput():1349 onStartInput(EditorInfo{EditorInfo{packageName=com.mindease, inputType=0, inputTypeString=NULL, enableLearning=false, autoCorrection=false, autoComplete=false, imeOptions=0, privateImeOptions=null, actionName=UNSPECIFIED, actionLabel=null, initialSelStart=-1, initialSelEnd=-1, initialCapsMode=0, label=null, fieldId=-1, fieldName=null, extras=null, hintText=null, hintLocales=[]}}, false)
01-28 00:46:54.524  1161  1161 I Module  : DeviceLockedStatusModuleProvider$Module.updateDeviceLockedStatus():103 repeatCheckTimes = 1, locked = false
01-28 00:46:54.525  4637  4672 W unknown:BridgelessReact: ReactHost{0}.getOrCreateDestroyTask(): Resetting ReactInstance ptr
01-28 00:46:54.527  4637  4672 W unknown:BridgelessReact: ReactHost{0}.getOrCreateDestroyTask(): Destroying ReactInstance
01-28 00:46:54.533  4637  4672 E unknown:ReactNative: Tried to remove non-existent frame callback
01-28 00:46:54.562  4637  4672 W unknown:BridgelessReact: ReactHost{0}.getOrCreateDestroyTask(): Resetting start/destroy task ref
01-28 00:46:54.716   442   672 I BufferQueueProducer: [com.mindease/com.mindease.MainActivity#0](this:0x7485af7000,id:780,api:1,p:4637,c:442) queueBuffer: fps=0.20 dur=4959.47 max=4959.47 min=4959.47
01-28 00:46:54.728  1009  1040 I WindowManager: Losing delayed focus: Window{da65522 u0 com.mindease/com.mindease.MainActivity}
01-28 00:46:54.733  4637  4637 W unknown:BridgelessReact: ReactHost{0}.raiseSoftException(onWindowFocusChange(hasFocus = "false")): Tried to access onWindowFocusChange while context is not ready
01-28 00:46:54.736  4637  4637 E unknown:ReactHost: Unhandled SoftException
01-28 00:46:54.736  4637  4637 E unknown:ReactHost: com.facebook.react.bridge.ReactNoCrashSoftException: raiseSoftException(onWindowFocusChange(hasFocus = "false")): Tried to access onWindowFocusChange while context is not ready
01-28 00:46:54.736  4637  4637 E unknown:ReactHost: 	at com.facebook.react.runtime.ReactHostImpl.raiseSoftException(ReactHostImpl.kt:861)
01-28 00:46:54.736  4637  4637 E unknown:ReactHost: 	at com.facebook.react.runtime.ReactHostImpl.raiseSoftException$default(ReactHostImpl.kt:852)
01-28 00:46:54.736  4637  4637 E unknown:ReactHost: 	at com.facebook.react.runtime.ReactHostImpl.onWindowFocusChange(ReactHostImpl.kt:625)
01-28 00:46:54.736  4637  4637 E unknown:ReactHost: 	at com.facebook.react.ReactDelegate.onWindowFocusChanged(ReactDelegate.kt:232)
01-28 00:46:54.736  4637  4637 E unknown:ReactHost: 	at com.facebook.react.ReactActivityDelegate.onWindowFocusChanged(ReactActivityDelegate.java:237)
01-28 00:46:54.736  4637  4637 E unknown:ReactHost: 	at com.facebook.react.ReactActivity.onWindowFocusChanged(ReactActivity.java:158)
01-28 00:46:54.736  4637  4637 E unknown:ReactHost: 	at androidx.appcompat.view.WindowCallbackWrapper.onWindowFocusChanged(WindowCallbackWrapper.java:124)
01-28 00:46:54.736  4637  4637 E unknown:ReactHost: 	at com.android.internal.policy.DecorView.onWindowFocusChanged(DecorView.java:1523)
01-28 00:46:54.736  4637  4637 E unknown:ReactHost: 	at android.view.View.dispatchWindowFocusChanged(View.java:13249)
01-28 00:46:54.736  4637  4637 E unknown:ReactHost: 	at android.view.ViewGroup.dispatchWindowFocusChanged(ViewGroup.java:1461)
01-28 00:46:54.736  4637  4637 E unknown:ReactHost: 	at android.view.ViewRootImpl.handleWindowFocusChanged(ViewRootImpl.java:2741)
01-28 00:46:54.736  4637  4637 E unknown:ReactHost: 	at android.view.ViewRootImpl.access$1000(ViewRootImpl.java:145)
01-28 00:46:54.736  4637  4637 E unknown:ReactHost: 	at android.view.ViewRootImpl$ViewRootHandler.handleMessage(ViewRootImpl.java:4371)
01-28 00:46:54.736  4637  4637 E unknown:ReactHost: 	at android.os.Handler.dispatchMessage(Handler.java:106)
01-28 00:46:54.736  4637  4637 E unknown:ReactHost: 	at android.os.Looper.loop(Looper.java:193)
01-28 00:46:54.736  4637  4637 E unknown:ReactHost: 	at android.app.ActivityThread.main(ActivityThread.java:6819)
01-28 00:46:54.736  4637  4637 E unknown:ReactHost: 	at java.lang.reflect.Method.invoke(Native Method)
01-28 00:46:54.736  4637  4637 E unknown:ReactHost: 	at com.android.internal.os.RuntimeInit$MethodAndArgsCaller.run(RuntimeInit.java:497)
01-28 00:46:54.736  4637  4637 E unknown:ReactHost: 	at com.android.internal.os.ZygoteInit.main(ZygoteInit.java:912)
01-28 00:46:55.695   442   472 I BufferQueueProducer: [StatusBar#0](this:0x74801e8000,id:4,api:1,p:1172,c:442) queueBuffer: fps=0.66 dur=3014.37 max=2990.34 min=24.03
01-28 00:46:55.714   442   442 I SurfaceFlinger: [Built-in Screen (type:0)] fps:12.847756,dur:1478.86,max:764.03,min:15.87
01-28 00:46:55.823  1009  1116 E WifiVendorHal: getWifiLinkLayerStats(l.937) failed {.code = ERROR_NOT_SUPPORTED, .description = }
01-28 00:46:55.860   442   672 I BufferQueueProducer: [com.mindease/com.mindease.MainActivity#1](this:0x7485af8800,id:781,api:1,p:4637,c:442) queueBuffer: fps=0.86 dur=1169.41 max=1169.41 min=1169.41
01-28 00:46:56.401   421   421 E IMGMemtrackHAL: GetGLMemtrackRecords: Subtracting per-pid stats from global stats would wrap. Clamping global stats to zero.
01-28 00:46:56.402   421   421 I chatty  : uid=1000(system) memtrack@1.0-se identical 11 lines
01-28 00:46:56.402   421   421 E IMGMemtrackHAL: GetGLMemtrackRecords: Subtracting per-pid stats from global stats would wrap. Clamping global stats to zero.
01-28 00:46:56.402   421   421 W IMGMemtrackHAL: hal_get_memory: memtrack cache rebuild was required
01-28 00:46:56.463   421   421 E IMGMemtrackHAL: GetGLMemtrackRecords: Subtracting per-pid stats from global stats would wrap. Clamping global stats to zero.
01-28 00:46:56.464   421   421 I chatty  : uid=1000(system) memtrack@1.0-se identical 11 lines
01-28 00:46:56.464   421   421 E IMGMemtrackHAL: GetGLMemtrackRecords: Subtracting per-pid stats from global stats would wrap. Clamping global stats to zero.
01-28 00:46:56.464   421   421 W IMGMemtrackHAL: hal_get_memory: memtrack cache rebuild was required
01-28 00:46:56.493   421   421 E IMGMemtrackHAL: GetGLMemtrackRecords: Subtracting per-pid stats from global stats would wrap. Clamping global stats to zero.
01-28 00:46:56.515   421   421 I chatty  : uid=1000(system) memtrack@1.0-se identical 24 lines
01-28 00:46:56.515   421   421 E IMGMemtrackHAL: GetGLMemtrackRecords: Subtracting per-pid stats from global stats would wrap. Clamping global stats to zero.
01-28 00:46:56.515   421   421 W IMGMemtrackHAL: hal_get_memory: memtrack cache rebuild was required
01-28 00:46:56.541   421   421 E IMGMemtrackHAL: GetGLMemtrackRecords: Subtracting per-pid stats from global stats would wrap. Clamping global stats to zero.
01-28 00:46:56.657   421   421 I chatty  : uid=1000(system) memtrack@1.0-se identical 115 lines
01-28 00:46:56.657   421   421 E IMGMemtrackHAL: GetGLMemtrackRecords: Subtracting per-pid stats from global stats would wrap. Clamping global stats to zero.
01-28 00:46:56.668  1009  1102 E MtkDataShapingUtils: Exception openLteGateByDataShaping  in java.lang.NullPointerException: null receiver
01-28 00:46:56.668  1009  1102 W System.err: java.lang.NullPointerException: null receiver
01-28 00:46:56.668  1009  1102 W System.err: 	at java.lang.reflect.Method.invoke(Native Method)
01-28 00:46:56.668  1009  1102 W System.err: 	at com.mediatek.server.MtkDataShaping.openLteGateByDataShaping(MtkDataShaping.java:36)
01-28 00:46:56.668  1009  1102 W System.err: 	at com.android.server.AlarmManagerService.deliverAlarmsLocked(AlarmManagerService.java:4113)
01-28 00:46:56.668  1009  1102 W System.err: 	at com.android.server.AlarmManagerService$AlarmThread.run(AlarmManagerService.java:4304)
01-28 00:46:56.669   421   421 E IMGMemtrackHAL: GetGLMemtrackRecords: Subtracting per-pid stats from global stats would wrap. Clamping global stats to zero.
01-28 00:46:56.670   421   421 I chatty  : uid=1000(system) memtrack@1.0-se identical 11 lines
01-28 00:46:56.670   421   421 E IMGMemtrackHAL: GetGLMemtrackRecords: Subtracting per-pid stats from global stats would wrap. Clamping global stats to zero.
01-28 00:46:56.670   421   421 W IMGMemtrackHAL: hal_get_memory: memtrack cache rebuild was required
01-28 00:46:56.674   421   421 E IMGMemtrackHAL: GetGLMemtrackRecords: Subtracting per-pid stats from global stats would wrap. Clamping global stats to zero.
01-28 00:46:56.677   421   421 I chatty  : uid=1000(system) memtrack@1.0-se identical 24 lines
01-28 00:46:56.677   421   421 E IMGMemtrackHAL: GetGLMemtrackRecords: Subtracting per-pid stats from global stats would wrap. Clamping global stats to zero.
01-28 00:46:56.677   421   421 W IMGMemtrackHAL: hal_get_memory: memtrack cache rebuild was required
01-28 00:46:56.680   421   421 E IMGMemtrackHAL: GetGLMemtrackRecords: Subtracting per-pid stats from global stats would wrap. Clamping global stats to zero.
01-28 00:46:56.681   421   421 I chatty  : uid=1000(system) memtrack@1.0-se identical 11 lines
01-28 00:46:56.681   421   421 E IMGMemtrackHAL: GetGLMemtrackRecords: Subtracting per-pid stats from global stats would wrap. Clamping global stats to zero.
01-28 00:46:56.681   421   421 W IMGMemtrackHAL: hal_get_memory: memtrack cache rebuild was required
01-28 00:46:56.695   421   421 E IMGMemtrackHAL: GetGLMemtrackRecords: Subtracting per-pid stats from global stats would wrap. Clamping global stats to zero.
01-28 00:46:56.724   421   421 I chatty  : uid=1000(system) memtrack@1.0-se identical 24 lines
01-28 00:46:56.724   421   421 E IMGMemtrackHAL: GetGLMemtrackRecords: Subtracting per-pid stats from global stats would wrap. Clamping global stats to zero.
01-28 00:46:56.724   421   421 W IMGMemtrackHAL: hal_get_memory: memtrack cache rebuild was required
01-28 00:46:56.740  7456  4524 I NetworkScheduler.Stats: (REDACTED) Task %s/%s started execution. cause:%s exec_start_elapsed_seconds: %s
01-28 00:46:56.741  7456  4524 I NetworkScheduler.Stats: (REDACTED) Task %s/%s started execution. cause:%s exec_start_elapsed_seconds: %s
01-28 00:46:56.761   421   421 E IMGMemtrackHAL: GetGLMemtrackRecords: Subtracting per-pid stats from global stats would wrap. Clamping global stats to zero.
01-28 00:46:56.762   421   421 I chatty  : uid=1000(system) memtrack@1.0-se identical 11 lines
01-28 00:46:56.762   421   421 E IMGMemtrackHAL: GetGLMemtrackRecords: Subtracting per-pid stats from global stats would wrap. Clamping global stats to zero.
01-28 00:46:56.762   421   421 W IMGMemtrackHAL: hal_get_memory: memtrack cache rebuild was required
01-28 00:46:56.774 18387  4615 I PlayGamesServices[GamesSyncAdapter]: Starting sync for c883e645
01-28 00:46:56.778 18387 27699 I PlayGamesServices[GamesSyncAdapter]: Starting sync for 7a48488a
01-28 00:46:56.785 18387  4615 I PlayGamesServices[GamesSyncAdapter]: Sync duration for c883e645: 9
01-28 00:46:56.789 18387 27699 I PlayGamesServices[GamesSyncAdapter]: Sync duration for 7a48488a: 10
01-28 00:46:56.802   421   421 E IMGMemtrackHAL: GetGLMemtrackRecords: Subtracting per-pid stats from global stats would wrap. Clamping global stats to zero.
01-28 00:46:56.802   421   421 I chatty  : uid=1000(system) memtrack@1.0-se identical 11 lines
01-28 00:46:56.802   421   421 E IMGMemtrackHAL: GetGLMemtrackRecords: Subtracting per-pid stats from global stats would wrap. Clamping global stats to zero.
01-28 00:46:56.806  7456  4702 I NetworkScheduler.Stats: (REDACTED) Task %s/%s finished executing. cause:%s result: %s elapsed_millis: %s uptime_millis: %s exec_start_elapsed_seconds: %s
01-28 00:46:56.816  7456  4702 I NetworkScheduler.Stats: (REDACTED) Task %s/%s finished executing. cause:%s result: %s elapsed_millis: %s uptime_millis: %s exec_start_elapsed_seconds: %s
01-28 00:46:56.838   421   421 E IMGMemtrackHAL: GetGLMemtrackRecords: Subtracting per-pid stats from global stats would wrap. Clamping global stats to zero.
01-28 00:46:56.838   421   421 I chatty  : uid=1000(system) memtrack@1.0-se identical 11 lines
01-28 00:46:56.838   421   421 E IMGMemtrackHAL: GetGLMemtrackRecords: Subtracting per-pid stats from global stats would wrap. Clamping global stats to zero.
01-28 00:46:56.860  7456  4524 I NetworkScheduler.Stats: (REDACTED) Task %s/%s started execution. cause:%s exec_start_elapsed_seconds: %s
01-28 00:46:56.871 18387 27900 W PlayGamesServices[UiUtils]: AppVersion: Cannot find the installed destination app.
01-28 00:46:56.872 18387 27900 I GetServiceValidatorImpl: (REDACTED) onGetService() from Client SDK version [%s], Module version [%s], PGA version [%s], Account [%s], Calling package [%s], Game package [%s]
01-28 00:46:56.872   421   421 E IMGMemtrackHAL: GetGLMemtrackRecords: Subtracting per-pid stats from global stats would wrap. Clamping global stats to zero.
01-28 00:46:56.872   421   421 I chatty  : uid=1000(system) memtrack@1.0-se identical 11 lines
01-28 00:46:56.872   421   421 E IMGMemtrackHAL: GetGLMemtrackRecords: Subtracting per-pid stats from global stats would wrap. Clamping global stats to zero.
01-28 00:46:56.872   421   421 W IMGMemtrackHAL: hal_get_memory: memtrack cache rebuild was required
01-28 00:46:56.876 18387  4615 I PlayGamesServices[GamesSyncAdapter]: Starting sync for 55d2b294
01-28 00:46:56.876 18387 27900 W GetGamesServiceReqFacto: Parsing request with ignored arguments. signInOptionsBundle [Bundle[{com.google.android.gms.signin.internal.serverClientId=null, com.google.android.gms.signin.internal.usePromptModeForAuthCode=true, com.google.android.gms.signin.internal.logSessionId=null, com.google.android.gms.signin.internal.hostedDomain=null, com.google.android.gms.signin.internal.offlineAccessRequested=false, com.google.android.gms.signin.internal.waitForAccessTokenRefresh=false, com.google.android.gms.signin.internal.clientRequestedAccount=Account {name=<<default account>>, type=com.google}, com.google.android.gms.signin.internal.idTokenRequested=false, com.google.android.gms.signin.internal.forceCodeForRefreshToken=false}]], isRetryingSignIn [false], skipWelcomePopup [false], requireGooglePlus [false]
01-28 00:46:56.877 18387 27900 I GetGamesServiceReqFacto: Replacing request for `games` scope with `games_lite`
01-28 00:46:56.879 18387  4615 I PlayGamesServices[GamesSyncAdapter]: Sync duration for 55d2b294: 2
01-28 00:46:56.897  7456  4703 I NetworkScheduler.Stats: (REDACTED) Task %s/%s finished executing. cause:%s result: %s elapsed_millis: %s uptime_millis: %s exec_start_elapsed_seconds: %s
01-28 00:46:56.902   421   421 E IMGMemtrackHAL: GetGLMemtrackRecords: Subtracting per-pid stats from global stats would wrap. Clamping global stats to zero.
01-28 00:46:56.903   421   421 I chatty  : uid=1000(system) memtrack@1.0-se identical 11 lines
01-28 00:46:56.903   421   421 E IMGMemtrackHAL: GetGLMemtrackRecords: Subtracting per-pid stats from global stats would wrap. Clamping global stats to zero.
01-28 00:46:56.903   421   421 W IMGMemtrackHAL: hal_get_memory: memtrack cache rebuild was required
01-28 00:46:56.904 18387  4704 I SignInPerformer-5: (REDACTED) Handling request [%s], isFirstPartyCaller [%s]
01-28 00:46:56.908 18387  4704 I SignInPerformer-5: Successfully brokered first-party unauthenticated GamesService [CONTEXT service_id=1 ]
01-28 00:46:56.916 18387  4704 I GetGamesServiceV2Op: (REDACTED) Successfully brokered GamesService for request %s
01-28 00:46:56.918 18387 27900 W PlayGamesServices[UiUtils]: AppVersion: Cannot find the installed destination app.
01-28 00:46:56.919 18387 27900 W PlayGamesServices[UiUtils]: AppVersionName: Cannot find the installed destination app.
01-28 00:46:56.928   421   421 E IMGMemtrackHAL: GetGLMemtrackRecords: Subtracting per-pid stats from global stats would wrap. Clamping global stats to zero.
01-28 00:46:56.928   421   421 I chatty  : uid=1000(system) memtrack@1.0-se identical 11 lines
01-28 00:46:56.928   421   421 E IMGMemtrackHAL: GetGLMemtrackRecords: Subtracting per-pid stats from global stats would wrap. Clamping global stats to zero.
01-28 00:46:56.937 18387 27900 W PlayGamesServices[UiUtils]: AppVersion: Cannot find the installed destination app.
01-28 00:46:56.937 18387 27900 W PlayGamesServices[UiUtils]: AppVersionName: Cannot find the installed destination app.
01-28 00:46:56.952   421   421 E IMGMemtrackHAL: GetGLMemtrackRecords: Subtracting per-pid stats from global stats would wrap. Clamping global stats to zero.
01-28 00:46:56.952   421   421 I chatty  : uid=1000(system) memtrack@1.0-se identical 11 lines
01-28 00:46:56.952   421   421 E IMGMemtrackHAL: GetGLMemtrackRecords: Subtracting per-pid stats from global stats would wrap. Clamping global stats to zero.
01-28 00:46:56.952   421   421 W IMGMemtrackHAL: hal_get_memory: memtrack cache rebuild was required
01-28 00:46:56.953 18387 27900 W PlayGamesServices[UiUtils]: AppVersion: Cannot find the installed destination app.
01-28 00:46:56.954 18387 27900 W PlayGamesServices[UiUtils]: AppVersionName: Cannot find the installed destination app.
01-28 00:46:56.977   421   421 E IMGMemtrackHAL: GetGLMemtrackRecords: Subtracting per-pid stats from global stats would wrap. Clamping global stats to zero.
01-28 00:46:57.001   421   421 I chatty  : uid=1000(system) memtrack@1.0-se identical 24 lines
01-28 00:46:57.001   421   421 E IMGMemtrackHAL: GetGLMemtrackRecords: Subtracting per-pid stats from global stats would wrap. Clamping global stats to zero.
01-28 00:46:57.001   421   421 W IMGMemtrackHAL: hal_get_memory: memtrack cache rebuild was required
01-28 00:46:57.023   421   421 E IMGMemtrackHAL: GetGLMemtrackRecords: Subtracting per-pid stats from global stats would wrap. Clamping global stats to zero.
01-28 00:46:57.046   421   421 I chatty  : uid=1000(system) memtrack@1.0-se identical 24 lines
01-28 00:46:57.046   421   421 E IMGMemtrackHAL: GetGLMemtrackRecords: Subtracting per-pid stats from global stats would wrap. Clamping global stats to zero.
01-28 00:46:57.046   421   421 W IMGMemtrackHAL: hal_get_memory: memtrack cache rebuild was required
01-28 00:46:57.068   421   421 E IMGMemtrackHAL: GetGLMemtrackRecords: Subtracting per-pid stats from global stats would wrap. Clamping global stats to zero.
01-28 00:46:57.069   421   421 I chatty  : uid=1000(system) memtrack@1.0-se identical 11 lines
01-28 00:46:57.069   421   421 E IMGMemtrackHAL: GetGLMemtrackRecords: Subtracting per-pid stats from global stats would wrap. Clamping global stats to zero.
01-28 00:46:57.069   421   421 W IMGMemtrackHAL: hal_get_memory: memtrack cache rebuild was required
01-28 00:46:57.090   421   421 E IMGMemtrackHAL: GetGLMemtrackRecords: Subtracting per-pid stats from global stats would wrap. Clamping global stats to zero.
01-28 00:46:57.260   421   421 I chatty  : uid=1000(system) memtrack@1.0-se identical 180 lines
01-28 00:46:57.260   421   421 E IMGMemtrackHAL: GetGLMemtrackRecords: Subtracting per-pid stats from global stats would wrap. Clamping global stats to zero.
01-28 00:46:57.523  1009  1102 E MtkDataShapingUtils: Exception openLteGateByDataShaping  in java.lang.NullPointerException: null receiver
01-28 00:46:57.523  1009  1102 W System.err: java.lang.NullPointerException: null receiver
01-28 00:46:57.523  1009  1102 W System.err: 	at java.lang.reflect.Method.invoke(Native Method)
01-28 00:46:57.523  1009  1102 W System.err: 	at com.mediatek.server.MtkDataShaping.openLteGateByDataShaping(MtkDataShaping.java:36)
01-28 00:46:57.524  1009  1102 W System.err: 	at com.android.server.AlarmManagerService.deliverAlarmsLocked(AlarmManagerService.java:4113)
01-28 00:46:57.524  1009  1102 W System.err: 	at com.android.server.AlarmManagerService$AlarmThread.run(AlarmManagerService.java:4304)
01-28 00:46:57.539  1396  1516 I PowerMonitorHookClient: unkown network interface:lo
01-28 00:46:57.609 31303 31303 I ADB_SERVICES: service_to_fd shell,v2:export ANDROID_LOG_TAGS=''; exec logcat '-d'
01-28 00:46:57.634  4637  4668 I System.out: port:8081
01-28 00:46:57.699 31303 31303 I ADB_SERVICES: local_socket_flush_outgoing read_data=784908
01-28 00:46:58.147 18387 18387 D BoundBrokerSvc: onUnbind: Intent { act=com.google.android.gms.measurement.START pkg=com.google.android.gms }
01-28 00:46:58.201   421   421 E IMGMemtrackHAL: GetGLMemtrackRecords: Subtracting per-pid stats from global stats would wrap. Clamping global stats to zero.
01-28 00:46:58.202   421   421 I chatty  : uid=1000(system) memtrack@1.0-se identical 11 lines
01-28 00:46:58.202   421   421 E IMGMemtrackHAL: GetGLMemtrackRecords: Subtracting per-pid stats from global stats would wrap. Clamping global stats to zero.
01-28 00:46:58.202   421   421 W IMGMemtrackHAL: hal_get_memory: memtrack cache rebuild was required
01-28 00:46:58.240   421   421 E IMGMemtrackHAL: GetGLMemtrackRecords: Subtracting per-pid stats from global stats would wrap. Clamping global stats to zero.
01-28 00:46:58.241   421   421 I chatty  : uid=1000(system) memtrack@1.0-se identical 11 lines
01-28 00:46:58.241   421   421 E IMGMemtrackHAL: GetGLMemtrackRecords: Subtracting per-pid stats from global stats would wrap. Clamping global stats to zero.
01-28 00:46:58.241   421   421 W IMGMemtrackHAL: hal_get_memory: memtrack cache rebuild was required
01-28 00:46:58.307   421   421 E IMGMemtrackHAL: GetGLMemtrackRecords: Subtracting per-pid stats from global stats would wrap. Clamping global stats to zero.
01-28 00:46:58.334   421   421 I chatty  : uid=1000(system) memtrack@1.0-se identical 24 lines
01-28 00:46:58.334   421   421 E IMGMemtrackHAL: GetGLMemtrackRecords: Subtracting per-pid stats from global stats would wrap. Clamping global stats to zero.
01-28 00:46:58.691   442   473 I BufferQueueProducer: [StatusBar#0](this:0x74801e8000,id:4,api:1,p:1172,c:442) queueBuffer: fps=0.67 dur=2995.78 max=2983.20 min=12.58
01-28 00:46:58.707   442   442 I SurfaceFlinger: [Built-in Screen (type:0)] fps:6.347343,dur:2993.38,max:2561.01,min:14.63
01-28 00:46:58.835  1009  1116 E WifiVendorHal: getWifiLinkLayerStats(l.937) failed {.code = ERROR_NOT_SUPPORTED, .description = }
01-28 00:46:58.867  1323  2531 D PhoneInterfaceManager: [PhoneIntfMgr] SubscriptionManager.getPhoneId(2)=1
