01-28 00:42:23.398  1009  1027 W BroadcastQueue: Background execution not allowed: receiving Intent { act=android.intent.action.PACKAGE_ADDED dat=package:com.mindease flg=0x4000010 (has extras) } to com.google.android.gms/.chimera.GmsIntentOperationService$PersistentTrustedReceiver
01-28 00:42:23.398  1009  1027 W BroadcastQueue: Background execution not allowed: receiving Intent { act=android.intent.action.PACKAGE_ADDED dat=package:com.mindease flg=0x4000010 (has extras) } to com.google.android.gms/.gass.chimera.PackageChangeBroadcastReceiver
01-28 00:42:23.399  1009  1027 W BroadcastQueue: Background execution not allowed: receiving Intent { act=android.intent.action.PACKAGE_ADDED dat=package:com.mindease flg=0x4000010 (has extras) } to com.kikaoem.qisiemoji.inputmethod.cy.se/com.qisi.receiver.ApkMonitorReceiver
01-28 00:42:23.399  1009  1027 W BroadcastQueue: Background execution not allowed: receiving Intent { act=android.intent.action.PACKAGE_ADDED dat=package:com.mindease flg=0x4000010 (has extras) } to com.sh.smart.caller/com.xdandroid.hellodaemon.WakeUpReceiver
01-28 00:42:23.400  1009  1027 W BroadcastQueue: Background execution not allowed: receiving Intent { act=android.intent.action.PACKAGE_ADDED dat=package:com.mindease flg=0x4000010 (has extras) } to com.zhiliaoapp.musically/com.ss.android.common.applog.HotsoonReceiver
01-28 00:42:23.453  1009  1031 I ActivityManager: Start proc 3152:com.android.keychain/1000 for service com.android.keychain/.KeyChainService
01-28 00:42:23.501  1009  1040 I WindowManager: Focus moving from Window{754596c u0 com.google.android.apps.nbu.files/com.google.android.apps.nbu.files.advancedbrowsing.browser.AdvancedBrowsingActivity EXITING} to Window{669650c u0 com.google.android.apps.nbu.files/com.google.android.apps.nbu.files.advancedbrowsing.browser.AdvancedBrowsingActivity}
01-28 00:42:23.654  1009  1009 W Looper  : Slow dispatch took 245ms main h=android.app.ActivityThread$H m=0
01-28 00:42:23.654  1009  1009 W Looper  : Slow delivery took 291ms main h=android.app.ActivityThread$H m=0
01-28 00:42:23.657  1009  1009 I DeviceIdleController: ACTION_INSTALL_APK 
01-28 00:42:23.731  1009  1009 I Telecom : DefaultDialerCache: Refreshing default dialer for user 0: now com.sh.smart.caller: DDC.oR@BXs
01-28 00:42:23.848  1009  1009 W Looper  : Drained
01-28 00:42:24.033  1009  6040 W BroadcastQueue: Background execution not allowed: receiving Intent { act=android.intent.action.PACKAGE_REPLACED dat=package:com.mindease flg=0x4000010 (has extras) } to com.facebook.appmanager/com.facebook.oxygen.common.packages.event.manifest.ManifestPackageEventReceiver
01-28 00:42:24.035  1009  1027 W BroadcastQueue: Background execution not allowed: receiving Intent { act=android.intent.action.PACKAGE_REPLACED dat=package:com.mindease flg=0x4000010 (has extras) } to com.google.android.apps.nbu.files/.documentbrowser.browselanding.rootcontainerlist.receiver.PackageChangeReceiver_Receiver
01-28 00:42:24.036  1009  1027 W BroadcastQueue: Background execution not allowed: receiving Intent { act=android.intent.action.PACKAGE_REPLACED dat=package:com.mindease flg=0x4000010 (has extras) } to com.google.android.apps.photos/.account.full.FetchAccountPropertiesAppUpgradeBroadcastReceiver
01-28 00:42:24.036  1009  1027 W BroadcastQueue: Background execution not allowed: receiving Intent { act=android.intent.action.PACKAGE_REPLACED dat=package:com.mindease flg=0x4000010 (has extras) } to com.google.android.apps.photos/.account.full.SyncAccountsForLoginBroadcastReceiver
01-28 00:42:24.036  1009  1027 W BroadcastQueue: Background execution not allowed: receiving Intent { act=android.intent.action.PACKAGE_REPLACED dat=package:com.mindease flg=0x4000010 (has extras) } to com.google.android.apps.photos/.notificationchannels.AppUpdateBroadcastReceiver
01-28 00:42:24.036  1009  1027 W BroadcastQueue: Background execution not allowed: receiving Intent { act=android.intent.action.PACKAGE_REPLACED dat=package:com.mindease flg=0x4000010 (has extras) } to com.google.android.gms/.chimera.GmsIntentOperationService$PersistentTrustedReceiver
01-28 00:42:24.036  1009  1027 W BroadcastQueue: Background execution not allowed: receiving Intent { act=android.intent.action.PACKAGE_REPLACED dat=package:com.mindease flg=0x4000010 (has extras) } to com.google.android.gms/.gass.chimera.PackageChangeBroadcastReceiver
01-28 00:42:25.378  1009  8447 I ActivityManager: Killing 32143:android.process.acore/u0a12 (adj 906): empty #13
01-28 00:42:25.499  1009  1153 E TaskPersister: File error accessing recents directory (directory doesn't exist?).
01-28 00:42:25.534  1009  1104 I ActivityManager: START u0 {act=android.intent.action.MAIN cat=[android.intent.category.HOME] flg=0x10200000 cmp=com.transsion.XOSLauncher/com.android.quickstep.src.com.android.launcher3.uioverrides.QuickstepLauncher (has extras)} from uid 1000
01-28 00:42:25.550  1009  1040 I WindowManager: Focus moving from Window{669650c u0 com.google.android.apps.nbu.files/com.google.android.apps.nbu.files.advancedbrowsing.browser.AdvancedBrowsingActivity} to null
01-28 00:42:25.567  1009  1027 I PowerMonitorHookServer: stop app:com.google.android.apps.nbu.files
01-28 00:42:25.567  1009  1027 I PowerMonitorHookServer: start app:com.transsion.XOSLauncher
01-28 00:42:25.570  1396  1516 I PowerMonitorNew: a whole scenario, scenario:com.google.android.apps.nbu.files, start-stop:178147816-178156984,duration:9168, current:0, currentconvert4V:0,currentWoBL:0,consumecoul:0,batterytime:0, conpower:0,avgsignal:400,avgDatatype:0
01-28 00:42:25.570  1396  1516 I PowerMonitorNew: exitScenario not save scenario true
01-28 00:42:25.573  1009  7590 I WindowManager: Relayout Window{622230e u0 ZeroScreen}: oldVis=8 newVis=0 focusMayChange = true
01-28 00:42:25.660  1009  8447 I WindowManager: Relayout Window{11455a u0 com.transsion.XOSLauncher/com.android.quickstep.src.com.android.launcher3.uioverrides.QuickstepLauncher}: oldVis=4 newVis=0 focusMayChange = true
01-28 00:42:25.666  1009  1040 I WindowManager: Focus moving from null to Window{11455a u0 com.transsion.XOSLauncher/com.android.quickstep.src.com.android.launcher3.uioverrides.QuickstepLauncher}
01-28 00:42:26.051  1009  1041 I ActivityManager: Killing 3152:com.android.keychain/1000 (adj 900): force kill
01-28 00:42:28.784  1396  1516 I PowerMonitorHookClient: unkown network interface:lo
01-28 00:42:28.785  1396  1516 I chatty  : uid=1000(system) PowerMonitor identical 1 line
01-28 00:42:28.785  1396  1516 I PowerMonitorHookClient: unkown network interface:lo
01-28 00:42:29.786  1009  7303 I WindowManager: Relayout Window{cde9570 u0 InputMethod}: oldVis=8 newVis=0 focusMayChange = true
01-28 00:42:31.052  1009  1031 I ActivityManager: Start proc 3282:com.google.android.partnersetup/u0a20 for broadcast com.google.android.partnersetup/.GservicesChangedReceiver
01-28 00:42:31.155 18387  3267 W PackageParser: Unknown element under <manifest>: queries at /data/user_de/0/com.google.android.gms/app_chimera/m/00000111/dl-MapsCoreDynamite.integ_254515602100400.apk Binary XML file line #15
01-28 00:42:31.176 18387  3267 W PackageParser: Unknown element under <manifest>: queries at /data/user_de/0/com.google.android.gms/app_chimera/m/00000127/dl-MlkitDocscan.optional_255034100400.apk Binary XML file line #11
01-28 00:42:31.192 18387  3267 W PackageParser: Unknown element under <manifest>: queries at /data/user_de/0/com.google.android.gms/app_chimera/m/00000128/dl-MlkitDocscanStain.optional_255034100400.apk Binary XML file line #11
01-28 00:42:31.275 18387  3267 W PackageParser: Unknown element under <manifest>: queries at /data/user_de/0/com.google.android.gms/app_chimera/m/0000012a/dl-MlkitNlclassifier.optional_255034100400.apk Binary XML file line #11
01-28 00:42:31.302 18387  3267 W PackageParser: Unknown element under <manifest>: queries at /data/user_de/0/com.google.android.gms/app_chimera/m/0000012c/dl-MlkitOcrCommon.optional_255034100400.apk Binary XML file line #11
01-28 00:42:31.393 18387  3267 W PackageParser: Unknown element under <manifest>: queries at /data/user_de/0/com.google.android.gms/app_chimera/m/0000012d/dl-Pay.optional_255034100400.apk Binary XML file line #11
01-28 00:42:31.428 18387  3267 W PackageParser: Unknown element under <manifest>: queries at /data/user_de/0/com.google.android.gms/app_chimera/m/0000012b/dl-VisionBarcode.optional_255034100400.apk Binary XML file line #11
01-28 00:42:31.463 18387  3267 W PackageParser: Unknown element under <manifest>: queries at /data/user_de/0/com.google.android.gms/app_chimera/m/00000048/dl-AdsFdrDynamite.integ_253405700100000.apk Binary XML file line #15
01-28 00:42:31.494 18387  3267 W PackageParser: Unknown element under <manifest>: queries at /data/user_de/0/com.google.android.gms/app_chimera/m/00000133/DynamiteModulesC.uncompressed.apk Binary XML file line #15
01-28 00:42:31.525 18387  3267 W PackageParser: Unknown element under <manifest>: queries at /data/user_de/0/com.google.android.gms/app_chimera/m/000000fc/dl-AdsFdrDynamite.integ_254380203100000.apk Binary XML file line #15
01-28 00:42:31.651 18387 30720 W PackageParser: Unknown element under <manifest>: queries at /data/user_de/0/com.google.android.gms/app_chimera/m/00000111/dl-MapsCoreDynamite.integ_254515602100400.apk Binary XML file line #15
01-28 00:42:31.667 18387 30720 W PackageParser: Unknown element under <manifest>: queries at /data/user_de/0/com.google.android.gms/app_chimera/m/00000127/dl-MlkitDocscan.optional_255034100400.apk Binary XML file line #11
01-28 00:42:31.679 18387 30720 W PackageParser: Unknown element under <manifest>: queries at /data/user_de/0/com.google.android.gms/app_chimera/m/00000128/dl-MlkitDocscanStain.optional_255034100400.apk Binary XML file line #11
01-28 00:42:31.717 18387 30720 W PackageParser: Unknown element under <manifest>: queries at /data/user_de/0/com.google.android.gms/app_chimera/m/0000012a/dl-MlkitNlclassifier.optional_255034100400.apk Binary XML file line #11
01-28 00:42:31.731 18387 30720 W PackageParser: Unknown element under <manifest>: queries at /data/user_de/0/com.google.android.gms/app_chimera/m/0000012c/dl-MlkitOcrCommon.optional_255034100400.apk Binary XML file line #11
01-28 00:42:31.765 18387 30720 W PackageParser: Unknown element under <manifest>: queries at /data/user_de/0/com.google.android.gms/app_chimera/m/0000012d/dl-Pay.optional_255034100400.apk Binary XML file line #11
01-28 00:42:31.791 18387 30720 W PackageParser: Unknown element under <manifest>: queries at /data/user_de/0/com.google.android.gms/app_chimera/m/0000012b/dl-VisionBarcode.optional_255034100400.apk Binary XML file line #11
01-28 00:42:31.822 18387 30720 W PackageParser: Unknown element under <manifest>: queries at /data/user_de/0/com.google.android.gms/app_chimera/m/00000048/dl-AdsFdrDynamite.integ_253405700100000.apk Binary XML file line #15
01-28 00:42:31.854 18387 30720 W PackageParser: Unknown element under <manifest>: queries at /data/user_de/0/com.google.android.gms/app_chimera/m/00000133/DynamiteModulesC.uncompressed.apk Binary XML file line #15
01-28 00:42:31.885 18387 30720 W PackageParser: Unknown element under <manifest>: queries at /data/user_de/0/com.google.android.gms/app_chimera/m/000000fc/dl-AdsFdrDynamite.integ_254380203100000.apk Binary XML file line #15
01-28 00:42:31.971  1009  2415 I ActivityManager: START u0 {act=android.intent.action.MAIN cat=[android.intent.category.LAUNCHER] flg=0x10200000 cmp=com.mindease/.MainActivity (has extras)} from uid 10100
01-28 00:42:32.046  1009  9674 I PowerMonitorHookServer: stop app:com.transsion.XOSLauncher
01-28 00:42:32.046  1009  9674 I PowerMonitorHookServer: start app:com.mindease
01-28 00:42:32.095  1009  1031 I ActivityManager: Start proc 3325:com.mindease/u0a197 for activity com.mindease/.MainActivity
01-28 00:42:32.211  1009  1087 I WindowManager: Layer maybe incorrect, set again! StackId = 47
01-28 00:42:32.226  1009  1040 I WindowManager: Focus moving from Window{11455a u0 com.transsion.XOSLauncher/com.android.quickstep.src.com.android.launcher3.uioverrides.QuickstepLauncher} to null
01-28 00:42:33.050  1009  1009 I DeviceIdleController: updateChargingLocked: charging=true
01-28 00:42:33.050  1009  1009 I DeviceIdleController: becomeActiveLocked, reason = charging
01-28 00:42:33.053  1396  1516 I PowerMonitorNew: enter scenario: com.mindease,start coul:-673
01-28 00:42:34.786  3325  3325 W ResolutionTunerAppList: Target file doesn't exist: /storage/emulated/0/Android/data/sf_resolution_tuner_app_list.xml
01-28 00:42:34.827  1009  7303 E WindowManager: App trying to use insecure INPUT_FEATURE_NO_INPUT_CHANNEL flag. Ignoring
01-28 00:42:34.869  1009  9674 I WindowManager: Relayout Window{c02cb7e u0 com.mindease/com.mindease.MainActivity}: oldVis=4 newVis=0 focusMayChange = true
01-28 00:42:34.877  1009  1040 I WindowManager: Focus moving from null to Window{c02cb7e u0 com.mindease/com.mindease.MainActivity}
01-28 00:42:35.174  1009  6040 E WindowManager: App trying to use insecure INPUT_FEATURE_NO_INPUT_CHANNEL flag. Ignoring
01-28 00:42:35.177  1009  1040 I WindowManager: Focus moving from Window{c02cb7e u0 com.mindease/com.mindease.MainActivity} to Window{4697d92 u0 com.mindease/com.mindease.MainActivity}
01-28 00:42:35.551  1009  1040 I WindowManager: Losing delayed focus: Window{c02cb7e u0 com.mindease/com.mindease.MainActivity}
01-28 00:42:36.110  1009  1153 E TaskPersister: File error accessing recents directory (directory doesn't exist?).
01-28 00:42:38.783  1396  1516 I PowerMonitorHookClient: unkown network interface:lo
01-28 00:42:38.783  1396  1516 I chatty  : uid=1000(system) PowerMonitor identical 1 line
01-28 00:42:38.783  1396  1516 I PowerMonitorHookClient: unkown network interface:lo
01-28 00:42:39.372  1009  8447 W ActivityManager: stopServiceToken startId 20 is last, but have 1 remaining args
01-28 00:42:45.735  1009  6040 E PowerManagerService: android/1000,pid=1009 released wakelock *job*/com.android.vending/com.google.android.finsky.scheduler.process.mainimpl.PhoneskyJobServiceMain,flags=1 at 01-28 00:42:45.735 keeping 62s when screeenOff=true
01-28 00:42:45.762  1009  1027 W BroadcastQueue: Background execution not allowed: receiving Intent { act=android.intent.action.DROPBOX_ENTRY_ADDED flg=0x10 (has extras) } to com.google.android.gms/.stats.service.DropBoxEntryAddedReceiver
01-28 00:42:45.780  1009  6040 E PowerManagerService: android/1000,pid=1009 released wakelock *job*/com.android.vending/com.google.android.finsky.scheduler.process.mainimpl.PhoneskyJobServiceMain,flags=1 at 01-28 00:42:45.780 keeping 62s when screeenOff=true
01-28 00:42:45.792  1009  1027 W BroadcastQueue: Background execution not allowed: receiving Intent { act=android.intent.action.DROPBOX_ENTRY_ADDED flg=0x10 (has extras) } to com.google.android.gms/.stats.service.DropBoxEntryAddedReceiver
01-28 00:42:45.799  1009  6040 I ActivityManager: Killing 2404:com.transsion.powercenter/1000 (adj 906): empty #13
01-28 00:42:45.800  1009  6040 I ActivityManager: Killing 1277:com.google.android.gm/u0a78 (adj 906): empty #14
01-28 00:42:48.024  1009  1040 I WindowManager: Focus moving from Window{4697d92 u0 com.mindease/com.mindease.MainActivity EXITING} to Window{c02cb7e u0 com.mindease/com.mindease.MainActivity}
01-28 00:42:48.802  1396  1516 I PowerMonitorHookClient: unkown network interface:lo
01-28 00:42:48.803  1396  1516 I PowerMonitorHookClient: unkown network interface:lo
01-28 00:42:49.965  1009  1297 I ActivityManager: Killing 2664:com.google.android.googlequicksearchbox:googleapp/u0a28 (adj 906): empty #13
01-28 00:42:51.313  1009  3280 I ActivityManager: START u0 {act=android.intent.action.MAIN cat=[android.intent.category.DEFAULT] flg=0x10000000 cmp=com.android.systemui/com.android.quickstep.RecentsActivity} from uid 10025
01-28 00:42:51.338  1009  1040 I WindowManager: Focus moving from Window{c02cb7e u0 com.mindease/com.mindease.MainActivity} to null
01-28 00:42:51.343  1009  1027 I PowerMonitorHookServer: stop app:com.mindease
01-28 00:42:51.343  1009  1027 I PowerMonitorHookServer: start app:com.android.systemui
01-28 00:42:51.346  1396  1516 I PowerMonitorNew: a whole scenario, scenario:com.mindease, start-stop:178164465-178182760,duration:18295, current:0, currentconvert4V:0,currentWoBL:0,consumecoul:0,batterytime:0, conpower:0,avgsignal:400,avgDatatype:0
01-28 00:42:51.346  1396  1516 I PowerMonitorNew: exitScenario not save scenario true
01-28 00:42:51.363  1009  1021 I WindowManager: Relayout Window{c1ee636 u0 com.android.systemui/com.android.quickstep.RecentsActivity}: oldVis=8 newVis=0 focusMayChange = true
01-28 00:42:51.369  1009  1040 I WindowManager: Focus moving from null to Window{c1ee636 u0 com.android.systemui/com.android.quickstep.RecentsActivity}
01-28 00:42:51.487  1396  1516 I PowerMonitorNew: enter scenario: com.android.systemui,start coul:-665
01-28 00:42:52.415  1009  1912 I ActivityManager: Killing 3325:com.mindease/u0a197 (adj 900): remove task
01-28 00:42:52.420  1009  1153 E TaskPersister: File error accessing recents directory (directory doesn't exist?).
01-28 00:42:52.459  1009  1021 I WindowManager: WIN DEATH: Window{c02cb7e u0 com.mindease/com.mindease.MainActivity}
01-28 00:42:52.476  1009  1040 W ActivityManager: setHasOverlayUi called on unknown pid: 3325
01-28 00:42:54.881  1009  1517 I ActivityManager: START u0 {act=android.intent.action.MAIN cat=[android.intent.category.HOME] flg=0x10000000 cmp=com.transsion.XOSLauncher/com.android.quickstep.src.com.android.launcher3.uioverrides.QuickstepLauncher} from uid 10025
01-28 00:42:54.891  1009  1040 I WindowManager: Focus moving from Window{c1ee636 u0 com.android.systemui/com.android.quickstep.RecentsActivity} to null
01-28 00:42:54.896  1009  1156 I WindowManager: Relayout Window{622230e u0 ZeroScreen}: oldVis=8 newVis=0 focusMayChange = true
01-28 00:42:54.906  1009  1027 I PowerMonitorHookServer: stop app:com.android.systemui
01-28 00:42:54.907  1009  1027 I PowerMonitorHookServer: start app:com.transsion.XOSLauncher
01-28 00:42:54.911  1396  1516 I PowerMonitorNew: a whole scenario, scenario:com.android.systemui, start-stop:178182900-178186325,duration:3425, current:0, currentconvert4V:0,currentWoBL:0,consumecoul:0,batterytime:0, conpower:0,avgsignal:400,avgDatatype:0
01-28 00:42:54.912  1396  1516 I PowerMonitorNew: exitScenario not save scenario true
01-28 00:42:54.913  1396  1516 I PowerMonitorNew: enter scenario: com.transsion.XOSLauncher,start coul:-663
01-28 00:42:54.952  1009  1517 I WindowManager: Relayout Window{11455a u0 com.transsion.XOSLauncher/com.android.quickstep.src.com.android.launcher3.uioverrides.QuickstepLauncher}: oldVis=4 newVis=0 focusMayChange = true
01-28 00:42:54.966  1009  1040 I WindowManager: Focus moving from null to Window{11455a u0 com.transsion.XOSLauncher/com.android.quickstep.src.com.android.launcher3.uioverrides.QuickstepLauncher}
01-28 00:42:55.508  1009  1153 E TaskPersister: File error accessing recents directory (directory doesn't exist?).
01-28 00:42:56.340  1009  1156 I ActivityManager: START u0 {act=android.intent.action.MAIN cat=[android.intent.category.LAUNCHER] flg=0x10200000 cmp=com.mindease/.MainActivity (has extras)} from uid 10100
01-28 00:42:56.362  1009  1027 I PowerMonitorHookServer: stop app:com.transsion.XOSLauncher
01-28 00:42:56.362  1009  1027 I PowerMonitorHookServer: start app:com.mindease
01-28 00:42:56.365  1396  1516 I PowerMonitorNew: a whole scenario, scenario:com.transsion.XOSLauncher, start-stop:178186327-178187779,duration:1452, current:0, currentconvert4V:0,currentWoBL:0,consumecoul:0,batterytime:0, conpower:0,avgsignal:400,avgDatatype:0
01-28 00:42:56.365  1396  1516 I PowerMonitorNew: exitScenario not save scenario true
01-28 00:42:56.378  1009  1040 I WindowManager: Focus moving from Window{11455a u0 com.transsion.XOSLauncher/com.android.quickstep.src.com.android.launcher3.uioverrides.QuickstepLauncher} to null
01-28 00:42:56.381  1009  1031 I ActivityManager: Start proc 3462:com.mindease/u0a197 for activity com.mindease/.MainActivity
01-28 00:42:58.794  1396  1516 I PowerMonitorHookClient: unkown network interface:lo
01-28 00:42:58.794  1396  1516 I PowerMonitorHookClient: unkown network interface:lo
01-28 00:42:58.913  3462  3462 W ResolutionTunerAppList: Target file doesn't exist: /storage/emulated/0/Android/data/sf_resolution_tuner_app_list.xml
01-28 00:42:58.954  1009  1517 E WindowManager: App trying to use insecure INPUT_FEATURE_NO_INPUT_CHANNEL flag. Ignoring
01-28 00:42:58.972  1396  1516 I PowerMonitorNew: enter scenario: com.mindease,start coul:-660
01-28 00:42:58.991  1009  1156 I WindowManager: Relayout Window{5052e69 u0 com.mindease/com.mindease.MainActivity}: oldVis=4 newVis=0 focusMayChange = true
01-28 00:42:58.996  1009  1040 I WindowManager: Focus moving from null to Window{5052e69 u0 com.mindease/com.mindease.MainActivity}
01-28 00:42:59.254  1009  1156 E WindowManager: App trying to use insecure INPUT_FEATURE_NO_INPUT_CHANNEL flag. Ignoring
01-28 00:42:59.257  1009  1040 I WindowManager: Focus moving from Window{5052e69 u0 com.mindease/com.mindease.MainActivity} to Window{7e02fc6 u0 com.mindease/com.mindease.MainActivity}
01-28 00:42:59.589  1009  1517 I ActivityManager: Killing 1674:com.google.android.apps.photos/u0a91 (adj 906): empty #13
01-28 00:42:59.593  1009  1040 I WindowManager: Losing delayed focus: Window{5052e69 u0 com.mindease/com.mindease.MainActivity}
01-28 00:42:59.928  1009  1153 E TaskPersister: File error accessing recents directory (directory doesn't exist?).
01-28 00:43:00.671  1009  1040 I WindowManager: Focus moving from Window{7e02fc6 u0 com.mindease/com.mindease.MainActivity EXITING} to Window{5052e69 u0 com.mindease/com.mindease.MainActivity}
01-28 00:43:00.922  1009  1517 E WindowManager: App trying to use insecure INPUT_FEATURE_NO_INPUT_CHANNEL flag. Ignoring
01-28 00:43:00.925  1009  1040 I WindowManager: Focus moving from Window{5052e69 u0 com.mindease/com.mindease.MainActivity} to Window{cfa1676 u0 com.mindease/com.mindease.MainActivity}
01-28 00:43:01.181  1009  1040 I WindowManager: Losing delayed focus: Window{5052e69 u0 com.mindease/com.mindease.MainActivity}
01-28 00:43:07.012   573   686 E storaged: getDiskStats failed with result NOT_SUPPORTED and size 0
01-28 00:43:08.799  1396  1516 I PowerMonitorHookClient: unkown network interface:lo
01-28 00:43:08.799  1396  1516 I PowerMonitorHookClient: unkown network interface:lo
01-28 00:43:13.945  1009  1287 I ActivityManager: START u0 {act=android.intent.action.MAIN cat=[android.intent.category.DEFAULT] flg=0x10000000 cmp=com.android.systemui/com.android.quickstep.RecentsActivity} from uid 10025
01-28 00:43:13.963  1009  1040 I WindowManager: Focus moving from Window{cfa1676 u0 com.mindease/com.mindease.MainActivity} to null
01-28 00:43:13.969  1009  1027 I PowerMonitorHookServer: stop app:com.mindease
01-28 00:43:13.969  1009  1027 I PowerMonitorHookServer: start app:com.android.systemui
01-28 00:43:13.971  1396  1516 I PowerMonitorNew: a whole scenario, scenario:com.mindease, start-stop:178190386-178205385,duration:14999, current:0, currentconvert4V:0,currentWoBL:0,consumecoul:0,batterytime:0, conpower:0,avgsignal:400,avgDatatype:0
01-28 00:43:13.971  1396  1516 I PowerMonitorNew: exitScenario not save scenario true
01-28 00:43:13.981  1009  9674 I WindowManager: Relayout Window{c1ee636 u0 com.android.systemui/com.android.quickstep.RecentsActivity}: oldVis=8 newVis=0 focusMayChange = true
01-28 00:43:13.988  1009  1040 I WindowManager: Focus moving from null to Window{c1ee636 u0 com.android.systemui/com.android.quickstep.RecentsActivity}
01-28 00:43:14.033  1396  1516 I PowerMonitorNew: enter scenario: com.android.systemui,start coul:-648
01-28 00:43:17.488  1009  1287 I ActivityManager: Killing 821:com.google.android.apps.nbu.files/u0a18 (adj 900): remove task
01-28 00:43:17.493  1009  1153 E TaskPersister: File error accessing recents directory (directory doesn't exist?).
01-28 00:43:17.567  1009  1517 I WindowManager: WIN DEATH: Window{bff2290 u0 com.google.android.apps.nbu.files/com.google.android.apps.nbu.files.home.HomeActivity}
01-28 00:43:17.578  1009  3280 I WindowManager: WIN DEATH: Window{669650c u0 com.google.android.apps.nbu.files/com.google.android.apps.nbu.files.advancedbrowsing.browser.AdvancedBrowsingActivity}
01-28 00:43:17.595  1009  1040 W ActivityManager: setHasOverlayUi called on unknown pid: 821
01-28 00:43:18.802  1396  1516 I PowerMonitorHookClient: unkown network interface:lo
01-28 00:43:18.803  1396  1516 I PowerMonitorHookClient: unkown network interface:lo
01-28 00:43:20.579  1009  4745 I ActivityManager: START u0 {act=android.intent.action.MAIN cat=[android.intent.category.LAUNCHER] flg=0x10300000 cmp=com.android.settings/.Settings (has extras)} from uid 10100
01-28 00:43:20.604  1009  1040 I WindowManager: Focus moving from Window{c1ee636 u0 com.android.systemui/com.android.quickstep.RecentsActivity} to null
01-28 00:43:20.613  1009  1027 I PowerMonitorHookServer: stop app:com.android.systemui
01-28 00:43:20.613  1009  1027 I PowerMonitorHookServer: start app:com.android.settings
01-28 00:43:20.616  1396  1516 I PowerMonitorNew: a whole scenario, scenario:com.android.systemui, start-stop:178205447-178212030,duration:6583, current:0, currentconvert4V:0,currentWoBL:0,consumecoul:0,batterytime:0, conpower:0,avgsignal:400,avgDatatype:0
01-28 00:43:20.616  1396  1516 I PowerMonitorNew: exitScenario not save scenario true
01-28 00:43:20.699  1009  1297 I WindowManager: Relayout Window{ee68c10 u0 com.android.settings/com.android.settings.Settings}: oldVis=4 newVis=0 focusMayChange = true
01-28 00:43:20.704  1009  1040 I WindowManager: Focus moving from null to Window{ee68c10 u0 com.android.settings/com.android.settings.Settings}
01-28 00:43:20.789  1396  1516 I PowerMonitorNew: enter scenario: com.android.settings,start coul:-644
01-28 00:43:20.810  1009  1034 E BatteryExternalStatsWorker: no controller energy info supplied for wifi
01-28 00:43:20.810  1009  1034 E BatteryExternalStatsWorker: no controller energy info supplied for bluetooth
01-28 00:43:20.830  1009  1034 W BatteryExternalStatsWorker: modem info is invalid: ModemActivityInfo{ mTimestamp=178212237 mSleepTimeMs=70411962 mIdleTimeMs=-59047052 mTxTimeMs[]=[20150, 0, 10, 8278, 45712] mRxTimeMs=167399467 mEnergyUsed=0}
01-28 00:43:20.882  1009  1034 E BatteryExternalStatsWorker: no controller energy info supplied for wifi
01-28 00:43:20.882  1009  1034 E BatteryExternalStatsWorker: no controller energy info supplied for bluetooth
01-28 00:43:20.899  1009  1034 W BatteryExternalStatsWorker: modem info is invalid: ModemActivityInfo{ mTimestamp=178212309 mSleepTimeMs=70412024 mIdleTimeMs=-59047043 mTxTimeMs[]=[20150, 0, 10, 8278, 45712] mRxTimeMs=167399467 mEnergyUsed=0}
01-28 00:43:21.643  1009  1517 I ActivityManager: START u0 {act=android.intent.action.MAIN cat=[android.intent.category.DEFAULT] flg=0x10000000 cmp=com.android.systemui/com.android.quickstep.RecentsActivity} from uid 10025
01-28 00:43:21.664  1009  1040 I WindowManager: Focus moving from Window{ee68c10 u0 com.android.settings/com.android.settings.Settings} to null
01-28 00:43:21.674  1009  1027 I PowerMonitorHookServer: stop app:com.android.settings
01-28 00:43:21.674  1009  1027 I PowerMonitorHookServer: start app:com.android.systemui
01-28 00:43:21.679  1396  1516 I PowerMonitorNew: a whole scenario, scenario:com.android.settings, start-stop:178212202-178213093,duration:891, current:0, currentconvert4V:0,currentWoBL:0,consumecoul:0,batterytime:0, conpower:0,avgsignal:400,avgDatatype:0
01-28 00:43:21.679  1396  1516 I PowerMonitorNew: exitScenario not save scenario true
01-28 00:43:21.695  1009  1153 E TaskPersister: File error accessing recents directory (directory doesn't exist?).
01-28 00:43:21.703  1009  1297 I WindowManager: Relayout Window{c1ee636 u0 com.android.systemui/com.android.quickstep.RecentsActivity}: oldVis=8 newVis=0 focusMayChange = true
01-28 00:43:21.710  1009  1040 I WindowManager: Focus moving from null to Window{c1ee636 u0 com.android.systemui/com.android.quickstep.RecentsActivity}
01-28 00:43:21.810  1396  1516 I PowerMonitorNew: enter scenario: com.android.systemui,start coul:-643
01-28 00:43:22.667  1009  1153 E TaskPersister: File error accessing recents directory (directory doesn't exist?).
01-28 00:43:23.214  1009  3280 I ActivityManager: Killing 3462:com.mindease/u0a197 (adj 900): remove task
01-28 00:43:23.218  1009  1153 E TaskPersister: File error accessing recents directory (directory doesn't exist?).
01-28 00:43:23.255  1009  3280 I WindowManager: WIN DEATH: Window{5052e69 u0 com.mindease/com.mindease.MainActivity}
01-28 00:43:23.269  1009  1040 W ActivityManager: setHasOverlayUi called on unknown pid: 3462
01-28 00:43:23.827  1009  4745 I ActivityManager: Killing 30973:com.android.settings/1000 (adj 900): remove task
01-28 00:43:23.829  1009  1287 I ActivityManager: START u0 {act=android.intent.action.MAIN cat=[android.intent.category.HOME] flg=0x10000000 cmp=com.transsion.XOSLauncher/com.android.quickstep.src.com.android.launcher3.uioverrides.QuickstepLauncher} from uid 10025
01-28 00:43:23.842  1009  4745 I WindowManager: Relayout Window{622230e u0 ZeroScreen}: oldVis=8 newVis=0 focusMayChange = true
01-28 00:43:23.849  1009  1040 I WindowManager: Focus moving from Window{c1ee636 u0 com.android.systemui/com.android.quickstep.RecentsActivity} to null
01-28 00:43:23.859  1009  1027 I PowerMonitorHookServer: stop app:com.android.systemui
01-28 00:43:23.860  1009  1027 I PowerMonitorHookServer: start app:com.transsion.XOSLauncher
01-28 00:43:23.862  1396  1516 I PowerMonitorNew: a whole scenario, scenario:com.android.systemui, start-stop:178213224-178215276,duration:2052, current:0, currentconvert4V:0,currentWoBL:0,consumecoul:0,batterytime:0, conpower:0,avgsignal:400,avgDatatype:0
01-28 00:43:23.862  1396  1516 I PowerMonitorNew: exitScenario not save scenario true
01-28 00:43:23.878  1009  3280 I WindowManager: WIN DEATH: Window{e16acdc u0 com.android.settings/com.android.settings.Settings$DevelopmentSettingsDashboardActivity}
01-28 00:43:23.908  1009  1153 E TaskPersister: File error accessing recents directory (directory doesn't exist?).
01-28 00:43:23.924  1009  7590 I WindowManager: Relayout Window{11455a u0 com.transsion.XOSLauncher/com.android.quickstep.src.com.android.launcher3.uioverrides.QuickstepLauncher}: oldVis=4 newVis=0 focusMayChange = true
01-28 00:43:23.931  1009  1040 I WindowManager: Focus moving from null to Window{11455a u0 com.transsion.XOSLauncher/com.android.quickstep.src.com.android.launcher3.uioverrides.QuickstepLauncher}
01-28 00:43:23.976  1396  1516 I PowerMonitorNew: enter scenario: com.transsion.XOSLauncher,start coul:-642
01-28 00:43:24.285  1009  1112 I NetworkStatsRecorder: recordSnapshotLocked: ident[[{type=WIFI, subType=COMBINED, networkId="PTCL-BB", metered=false, defaultNetwork=true}]]
01-28 00:43:24.285  1009  1112 W NetworkStatsRecorder: unknown interfaces [lo, ccmni0], ignoring those stats
01-28 00:43:24.285  1009  1112 I NetworkStatsRecorder: recordSnapshotLocked: ident[[{type=WIFI, subType=COMBINED, networkId="PTCL-BB", metered=false, defaultNetwork=true}]]
01-28 00:43:24.285  1009  1112 W NetworkStatsRecorder: unknown interfaces [lo, ccmni0], ignoring those stats
01-28 00:43:24.289  1009  1112 I NetworkStatsRecorder: recordSnapshotLocked: ident[[{type=WIFI, subType=COMBINED, networkId="PTCL-BB", metered=false, defaultNetwork=true}]]
01-28 00:43:24.289  1009  1112 I chatty  : uid=1000(system) NetworkStats identical 14 lines
01-28 00:43:24.289  1009  1112 I NetworkStatsRecorder: recordSnapshotLocked: ident[[{type=WIFI, subType=COMBINED, networkId="PTCL-BB", metered=false, defaultNetwork=true}]]
01-28 00:43:24.289  1009  1112 W NetworkStatsRecorder: unknown interfaces [lo, ccmni0], ignoring those stats
01-28 00:43:24.290  1009  1112 I NetworkStatsRecorder: recordSnapshotLocked: ident[[{type=WIFI, subType=COMBINED, networkId="PTCL-BB", metered=false, defaultNetwork=true}]]
01-28 00:43:24.290  1009  1112 I chatty  : uid=1000(system) NetworkStats identical 8 lines
01-28 00:43:24.290  1009  1112 I NetworkStatsRecorder: recordSnapshotLocked: ident[[{type=WIFI, subType=COMBINED, networkId="PTCL-BB", metered=false, defaultNetwork=true}]]
01-28 00:43:24.290  1009  1112 W NetworkStatsRecorder: unknown interfaces [lo, ccmni0], ignoring those stats
01-28 00:43:24.394  1009  1040 I WindowManager: Focus moving from Window{11455a u0 com.transsion.XOSLauncher/com.android.quickstep.src.com.android.launcher3.uioverrides.QuickstepLauncher} to Window{42a7a9a u0 StatusBar}
01-28 00:43:26.250  1009  7590 I ActivityManager: START u0 {act=android.settings.APPLICATION_DEVELOPMENT_SETTINGS flg=0x10008000 cmp=com.android.settings/.Settings$DevelopmentSettingsDashboardActivity} from uid 1000
01-28 00:43:26.265  1009  2415 E ActivityManager: applyOptionsLocked: Unknown animationType=0
01-28 00:43:26.266  1009  7590 I DeviceIdleController: becomeActiveLocked, reason = notification interaction
01-28 00:43:26.271  1009  1027 I PowerMonitorHookServer: stop app:com.transsion.XOSLauncher
01-28 00:43:26.271  1009  1027 I PowerMonitorHookServer: start app:com.android.settings
01-28 00:43:26.274  1009  1040 I WindowManager: Focus moving from Window{42a7a9a u0 StatusBar} to null
01-28 00:43:26.275  1396  1516 I PowerMonitorNew: a whole scenario, scenario:com.transsion.XOSLauncher, start-stop:178215389-178217688,duration:2299, current:0, currentconvert4V:0,currentWoBL:0,consumecoul:0,batterytime:0, conpower:0,avgsignal:400,avgDatatype:0
01-28 00:43:26.275  1396  1516 I PowerMonitorNew: exitScenario not save scenario true
01-28 00:43:26.294  1009  1031 I ActivityManager: Start proc 3555:com.android.settings/1000 for activity com.android.settings/.Settings$DevelopmentSettingsDashboardActivity
01-28 00:43:26.355  1009  1087 I WindowManager: Layer maybe incorrect, set again! StackId = 50
01-28 00:43:26.411  3555  3570 W ContextImpl: Calling a method in the system process without a qualified user: android.app.ContextImpl.bindService:1612 android.content.ContextWrapper.bindService:698 com.transsion.core.deviceinfo.AdvertisingIdClient.getAdvertisingIdInfo:61 com.transsion.core.deviceinfo.DeviceInfo$1.run:67 java.lang.Thread.run:764 
01-28 00:43:26.546  1009  2415 E UserRestrictionsUtils: Unknown restriction: null
01-28 00:43:26.547  1009  2415 I chatty  : uid=1000(system) Binder:1009_E identical 1 line
01-28 00:43:26.554  1009  2415 E UserRestrictionsUtils: Unknown restriction: null
01-28 00:43:26.617  3555  3581 W ContextImpl: Calling a method in the system process without a qualified user: android.app.ContextImpl.bindService:1612 android.content.ContextWrapper.bindService:698 com.transsion.core.deviceinfo.AdvertisingIdClient.getAdvertisingIdInfo:61 com.transsion.core.deviceinfo.DeviceInfo$1.run:67 java.lang.Thread.run:764 
01-28 00:43:26.870  3555  3555 W ResolutionTunerAppList: Target file doesn't exist: /storage/emulated/0/Android/data/sf_resolution_tuner_app_list.xml
01-28 00:43:26.931  1009  2415 I WindowManager: Relayout Window{e381166 u0 com.android.settings/com.android.settings.Settings$DevelopmentSettingsDashboardActivity}: oldVis=4 newVis=0 focusMayChange = true
01-28 00:43:26.936  1009  1040 I WindowManager: Focus moving from null to Window{e381166 u0 com.android.settings/com.android.settings.Settings$DevelopmentSettingsDashboardActivity}
01-28 00:43:27.111  1396  1516 I PowerMonitorNew: enter scenario: com.android.settings,start coul:-641
01-28 00:43:29.844  1009  1153 E TaskPersister: File error accessing recents directory (directory doesn't exist?).
01-28 00:43:33.050  1009  1009 I DeviceIdleController: updateChargingLocked: charging=true
01-28 00:43:33.050  1009  1009 I DeviceIdleController: becomeActiveLocked, reason = charging
01-28 00:43:33.068  1009  1009 I DeviceIdleController: updateChargingLocked: charging=true
01-28 00:43:33.068  1009  1009 I DeviceIdleController: becomeActiveLocked, reason = charging
01-28 00:43:38.411  1009  7590 I ActivityManager: Killing 2995:com.google.android.packageinstaller/u0a46 (adj 906): empty #13
01-28 00:43:57.180  1009  6447 I ActivityManager: Killing 2731:com.google.android.apps.messaging/u0a74 (adj 906): empty #13
01-28 00:43:59.589  1009  1009 I DeviceIdleController: updateChargingLocked: charging=true
01-28 00:43:59.589  1009  1009 I DeviceIdleController: becomeActiveLocked, reason = charging
01-28 00:44:00.849  1009  1040 I WindowManager: Focus moving from Window{e381166 u0 com.android.settings/com.android.settings.Settings$DevelopmentSettingsDashboardActivity} to null
01-28 00:44:00.852  1009  1027 I PowerMonitorHookServer: stop app:com.android.settings
01-28 00:44:00.852  1009  1027 I PowerMonitorHookServer: start app:com.transsion.XOSLauncher
01-28 00:44:00.854  1396  1516 I PowerMonitorNew: a whole scenario, scenario:com.android.settings, start-stop:178218525-178252268,duration:33743, current:0, currentconvert4V:0,currentWoBL:0,consumecoul:0,batterytime:0, conpower:0,avgsignal:400,avgDatatype:0
01-28 00:44:00.854  1396  1516 I PowerMonitorNew: exitScenario not save scenario true
01-28 00:44:00.881  1009  6447 I WindowManager: Relayout Window{11455a u0 com.transsion.XOSLauncher/com.android.quickstep.src.com.android.launcher3.uioverrides.QuickstepLauncher}: oldVis=4 newVis=0 focusMayChange = true
01-28 00:44:00.886  1009  1040 I WindowManager: Focus moving from null to Window{11455a u0 com.transsion.XOSLauncher/com.android.quickstep.src.com.android.launcher3.uioverrides.QuickstepLauncher}
01-28 00:44:00.926  1396  1516 I PowerMonitorNew: enter scenario: com.transsion.XOSLauncher,start coul:-614
01-28 00:44:00.965  3555  3555 E ActivityThread: Activity com.android.settings.Settings$DevelopmentSettingsDashboardActivity has leaked ServiceConnection android.bluetooth.BluetoothA2dp$2@3c87e2d that was originally bound here
01-28 00:44:00.965  3555  3555 E ActivityThread: android.app.ServiceConnectionLeaked: Activity com.android.settings.Settings$DevelopmentSettingsDashboardActivity has leaked ServiceConnection android.bluetooth.BluetoothA2dp$2@3c87e2d that was originally bound here
01-28 00:44:00.965  3555  3555 E ActivityThread: 	at android.app.LoadedApk$ServiceDispatcher.<init>(LoadedApk.java:1610)
01-28 00:44:00.965  3555  3555 E ActivityThread: 	at android.app.LoadedApk.getServiceDispatcher(LoadedApk.java:1502)
01-28 00:44:00.965  3555  3555 E ActivityThread: 	at android.app.ContextImpl.bindServiceCommon(ContextImpl.java:1660)
01-28 00:44:00.965  3555  3555 E ActivityThread: 	at android.app.ContextImpl.bindServiceAsUser(ContextImpl.java:1620)
01-28 00:44:00.965  3555  3555 E ActivityThread: 	at android.content.ContextWrapper.bindServiceAsUser(ContextWrapper.java:705)
01-28 00:44:00.965  3555  3555 E ActivityThread: 	at android.bluetooth.BluetoothA2dp.doBind(BluetoothA2dp.java:263)
01-28 00:44:00.965  3555  3555 E ActivityThread: 	at android.bluetooth.BluetoothA2dp.<init>(BluetoothA2dp.java:256)
01-28 00:44:00.965  3555  3555 E ActivityThread: 	at android.bluetooth.BluetoothAdapter.getProfileProxy(BluetoothAdapter.java:2277)
01-28 00:44:00.965  3555  3555 E ActivityThread: 	at com.android.settings.development.DevelopmentSettingsDashboardFragment.onCreateView(DevelopmentSettingsDashboardFragment.java:213)
01-28 00:44:00.965  3555  3555 E ActivityThread: 	at android.app.Fragment.performCreateView(Fragment.java:2522)
01-28 00:44:00.965  3555  3555 E ActivityThread: 	at android.app.FragmentManagerImpl.moveToState(FragmentManager.java:1298)
01-28 00:44:00.965  3555  3555 E ActivityThread: 	at android.app.FragmentManagerImpl.moveFragmentToExpectedState(FragmentManager.java:1576)
01-28 00:44:00.965  3555  3555 E ActivityThread: 	at android.app.FragmentManagerImpl.moveToState(FragmentManager.java:1637)
01-28 00:44:00.965  3555  3555 E ActivityThread: 	at android.app.FragmentManagerImpl.dispatchMoveToState(FragmentManager.java:3046)
01-28 00:44:00.965  3555  3555 E ActivityThread: 	at android.app.FragmentManagerImpl.dispatchActivityCreated(FragmentManager.java:2998)
01-28 00:44:00.965  3555  3555 E ActivityThread: 	at android.app.FragmentController.dispatchActivityCreated(FragmentController.java:182)
01-28 00:44:00.965  3555  3555 E ActivityThread: 	at android.app.Activity.performCreate(Activity.java:7143)
01-28 00:44:00.965  3555  3555 E ActivityThread: 	at android.app.Activity.performCreate(Activity.java:7127)
01-28 00:44:00.965  3555  3555 E ActivityThread: 	at android.app.Instrumentation.callActivityOnCreate(Instrumentation.java:1271)
01-28 00:44:00.965  3555  3555 E ActivityThread: 	at android.app.ActivityThread.performLaunchActivity(ActivityThread.java:2990)
01-28 00:44:00.965  3555  3555 E ActivityThread: 	at android.app.ActivityThread.handleLaunchActivity(ActivityThread.java:3148)
01-28 00:44:00.965  3555  3555 E ActivityThread: 	at android.app.servertransaction.LaunchActivityItem.execute(LaunchActivityItem.java:78)
01-28 00:44:00.965  3555  3555 E ActivityThread: 	at android.app.servertransaction.TransactionExecutor.executeCallbacks(TransactionExecutor.java:108)
01-28 00:44:00.965  3555  3555 E ActivityThread: 	at android.app.servertransaction.TransactionExecutor.execute(TransactionExecutor.java:68)
01-28 00:44:00.965  3555  3555 E ActivityThread: 	at android.app.ActivityThread$H.handleMessage(ActivityThread.java:1861)
01-28 00:44:00.965  3555  3555 E ActivityThread: 	at android.os.Handler.dispatchMessage(Handler.java:106)
01-28 00:44:00.965  3555  3555 E ActivityThread: 	at android.os.Looper.loop(Looper.java:193)
01-28 00:44:00.965  3555  3555 E ActivityThread: 	at android.app.ActivityThread.main(ActivityThread.java:6819)
01-28 00:44:00.965  3555  3555 E ActivityThread: 	at java.lang.reflect.Method.invoke(Native Method)
01-28 00:44:00.965  3555  3555 E ActivityThread: 	at com.android.internal.os.RuntimeInit$MethodAndArgsCaller.run(RuntimeInit.java:497)
01-28 00:44:00.965  3555  3555 E ActivityThread: 	at com.android.internal.os.ZygoteInit.main(ZygoteInit.java:912)
01-28 00:44:00.970  1009  5733 W ActivityManager: Unbind failed: could not find connection for android.os.BinderProxy@435c853
01-28 00:44:01.168  1009  6447 E WindowManager: App trying to use insecure INPUT_FEATURE_NO_INPUT_CHANNEL flag. Ignoring
01-28 00:44:01.627  1009  1040 I WindowManager: Focus moving from Window{11455a u0 com.transsion.XOSLauncher/com.android.quickstep.src.com.android.launcher3.uioverrides.QuickstepLauncher} to Window{42a7a9a u0 StatusBar}
01-28 00:44:03.030  1009  5733 I ActivityManager: START u0 {act=android.settings.APPLICATION_DEVELOPMENT_SETTINGS flg=0x10008000 cmp=com.android.settings/.Settings$DevelopmentSettingsDashboardActivity} from uid 1000
01-28 00:44:03.050  1009  1912 E ActivityManager: applyOptionsLocked: Unknown animationType=0
01-28 00:44:03.051  1009  5733 I DeviceIdleController: becomeActiveLocked, reason = notification interaction
01-28 00:44:03.059  1009  1040 I WindowManager: Focus moving from Window{42a7a9a u0 StatusBar} to null
01-28 00:44:03.067  1009  1027 I PowerMonitorHookServer: stop app:com.transsion.XOSLauncher
01-28 00:44:03.067  1009  1027 I PowerMonitorHookServer: start app:com.android.settings
01-28 00:44:03.070  1396  1516 I PowerMonitorNew: a whole scenario, scenario:com.transsion.XOSLauncher, start-stop:178252340-178254483,duration:2143, current:0, currentconvert4V:0,currentWoBL:0,consumecoul:0,batterytime:0, conpower:0,avgsignal:400,avgDatatype:0
01-28 00:44:03.071  1396  1516 I PowerMonitorNew: exitScenario not save scenario true
01-28 00:44:03.117  1009  5733 E UserRestrictionsUtils: Unknown restriction: null
01-28 00:44:03.118  1009  5733 I chatty  : uid=1000(system) Binder:1009_15 identical 1 line
01-28 00:44:03.120  1009  5733 E UserRestrictionsUtils: Unknown restriction: null
01-28 00:44:03.237  1009  9674 I WindowManager: Relayout Window{8b3540e u0 com.android.settings/com.android.settings.Settings$DevelopmentSettingsDashboardActivity}: oldVis=4 newVis=0 focusMayChange = true
01-28 00:44:03.242  1009  1040 I WindowManager: Focus moving from null to Window{8b3540e u0 com.android.settings/com.android.settings.Settings$DevelopmentSettingsDashboardActivity}
01-28 00:44:03.364  1396  1516 I PowerMonitorNew: enter scenario: com.android.settings,start coul:-613
01-28 00:44:05.088  1009  1153 E TaskPersister: File error accessing recents directory (directory doesn't exist?).
01-28 00:44:06.870  1009  1040 I WindowManager: Focus moving from Window{8b3540e u0 com.android.settings/com.android.settings.Settings$DevelopmentSettingsDashboardActivity} to null
01-28 00:44:06.873  1009  1027 I PowerMonitorHookServer: stop app:com.android.settings
01-28 00:44:06.873  1009  1027 I PowerMonitorHookServer: start app:com.transsion.XOSLauncher
01-28 00:44:06.875  1396  1516 I PowerMonitorNew: a whole scenario, scenario:com.android.settings, start-stop:178254778-178258289,duration:3511, current:0, currentconvert4V:0,currentWoBL:0,consumecoul:0,batterytime:0, conpower:0,avgsignal:400,avgDatatype:0
01-28 00:44:06.875  1396  1516 I PowerMonitorNew: exitScenario not save scenario true
01-28 00:44:06.883  1009  6447 I WindowManager: Relayout Window{ddf2b95 u0 ZeroScreen}: oldVis=8 newVis=0 focusMayChange = true
01-28 00:44:06.902  1009  1912 I WindowManager: Relayout Window{11455a u0 com.transsion.XOSLauncher/com.android.quickstep.src.com.android.launcher3.uioverrides.QuickstepLauncher}: oldVis=4 newVis=0 focusMayChange = true
01-28 00:44:06.909  1009  1040 I WindowManager: Focus moving from null to Window{11455a u0 com.transsion.XOSLauncher/com.android.quickstep.src.com.android.launcher3.uioverrides.QuickstepLauncher}
01-28 00:44:06.938  1396  1516 I PowerMonitorNew: enter scenario: com.transsion.XOSLauncher,start coul:-611
01-28 00:44:06.976  3555  3555 E ActivityThread: Activity com.android.settings.Settings$DevelopmentSettingsDashboardActivity has leaked ServiceConnection android.bluetooth.BluetoothA2dp$2@a89dc4d that was originally bound here
01-28 00:44:06.976  3555  3555 E ActivityThread: android.app.ServiceConnectionLeaked: Activity com.android.settings.Settings$DevelopmentSettingsDashboardActivity has leaked ServiceConnection android.bluetooth.BluetoothA2dp$2@a89dc4d that was originally bound here
01-28 00:44:06.976  3555  3555 E ActivityThread: 	at android.app.LoadedApk$ServiceDispatcher.<init>(LoadedApk.java:1610)
01-28 00:44:06.976  3555  3555 E ActivityThread: 	at android.app.LoadedApk.getServiceDispatcher(LoadedApk.java:1502)
01-28 00:44:06.976  3555  3555 E ActivityThread: 	at android.app.ContextImpl.bindServiceCommon(ContextImpl.java:1660)
01-28 00:44:06.976  3555  3555 E ActivityThread: 	at android.app.ContextImpl.bindServiceAsUser(ContextImpl.java:1620)
01-28 00:44:06.976  3555  3555 E ActivityThread: 	at android.content.ContextWrapper.bindServiceAsUser(ContextWrapper.java:705)
01-28 00:44:06.976  3555  3555 E ActivityThread: 	at android.bluetooth.BluetoothA2dp.doBind(BluetoothA2dp.java:263)
01-28 00:44:06.976  3555  3555 E ActivityThread: 	at android.bluetooth.BluetoothA2dp.<init>(BluetoothA2dp.java:256)
01-28 00:44:06.976  3555  3555 E ActivityThread: 	at android.bluetooth.BluetoothAdapter.getProfileProxy(BluetoothAdapter.java:2277)
01-28 00:44:06.976  3555  3555 E ActivityThread: 	at com.android.settings.development.DevelopmentSettingsDashboardFragment.onCreateView(DevelopmentSettingsDashboardFragment.java:213)
01-28 00:44:06.976  3555  3555 E ActivityThread: 	at android.app.Fragment.performCreateView(Fragment.java:2522)
01-28 00:44:06.976  3555  3555 E ActivityThread: 	at android.app.FragmentManagerImpl.moveToState(FragmentManager.java:1298)
01-28 00:44:06.976  3555  3555 E ActivityThread: 	at android.app.FragmentManagerImpl.moveFragmentToExpectedState(FragmentManager.java:1576)
01-28 00:44:06.976  3555  3555 E ActivityThread: 	at android.app.FragmentManagerImpl.moveToState(FragmentManager.java:1637)
01-28 00:44:06.976  3555  3555 E ActivityThread: 	at android.app.FragmentManagerImpl.dispatchMoveToState(FragmentManager.java:3046)
01-28 00:44:06.976  3555  3555 E ActivityThread: 	at android.app.FragmentManagerImpl.dispatchActivityCreated(FragmentManager.java:2998)
01-28 00:44:06.976  3555  3555 E ActivityThread: 	at android.app.FragmentController.dispatchActivityCreated(FragmentController.java:182)
01-28 00:44:06.976  3555  3555 E ActivityThread: 	at android.app.Activity.performCreate(Activity.java:7143)
01-28 00:44:06.976  3555  3555 E ActivityThread: 	at android.app.Activity.performCreate(Activity.java:7127)
01-28 00:44:06.976  3555  3555 E ActivityThread: 	at android.app.Instrumentation.callActivityOnCreate(Instrumentation.java:1271)
01-28 00:44:06.976  3555  3555 E ActivityThread: 	at android.app.ActivityThread.performLaunchActivity(ActivityThread.java:2990)
01-28 00:44:06.976  3555  3555 E ActivityThread: 	at android.app.ActivityThread.handleLaunchActivity(ActivityThread.java:3148)
01-28 00:44:06.976  3555  3555 E ActivityThread: 	at android.app.servertransaction.LaunchActivityItem.execute(LaunchActivityItem.java:78)
01-28 00:44:06.976  3555  3555 E ActivityThread: 	at android.app.servertransaction.TransactionExecutor.executeCallbacks(TransactionExecutor.java:108)
01-28 00:44:06.976  3555  3555 E ActivityThread: 	at android.app.servertransaction.TransactionExecutor.execute(TransactionExecutor.java:68)
01-28 00:44:06.976  3555  3555 E ActivityThread: 	at android.app.ActivityThread$H.handleMessage(ActivityThread.java:1861)
01-28 00:44:06.976  3555  3555 E ActivityThread: 	at android.os.Handler.dispatchMessage(Handler.java:106)
01-28 00:44:06.976  3555  3555 E ActivityThread: 	at android.os.Looper.loop(Looper.java:193)
01-28 00:44:06.976  3555  3555 E ActivityThread: 	at android.app.ActivityThread.main(ActivityThread.java:6819)
01-28 00:44:06.976  3555  3555 E ActivityThread: 	at java.lang.reflect.Method.invoke(Native Method)
