--------- beginning of system
01-28 00:31:13.405  1009  1156 I ActivityManager: Killing 28651:com.transsion.ivoice/u0a61 (adj 906): empty #13
01-28 00:31:13.807  1009  1027 W BroadcastQueue: Background execution not allowed: receiving Intent { act=android.intent.action.DROPBOX_ENTRY_ADDED flg=0x10 (has extras) } to com.google.android.gms/.stats.service.DropBoxEntryAddedReceiver
01-28 00:31:13.879  1009  1031 I ActivityManager: Start proc 29344:com.google.android.apps.messaging/u0a74 for service com.google.android.apps.messaging/androidx.work.impl.background.systemjob.SystemJobService
01-28 00:31:14.558  1009  1031 I ActivityManager: Start proc 29390:com.google.android.tts/u0a98 for service com.google.android.tts/com.google.android.apps.speech.tts.googletts.service.GoogleTtsService
01-28 00:31:16.894  1009  1009 W Looper  : Slow dispatch took 345ms main h=android.app.ActivityThread$H m=0
01-28 00:31:16.895  1009  1009 W Looper  : Slow delivery took 348ms main h=android.app.ActivityThread$H m=0
01-28 00:31:16.969  1009  1009 I Telecom : DefaultDialerCache: Refreshing default dialer for user 0: now com.sh.smart.caller: DDC.oR@BWA
01-28 00:31:17.019  1009  1009 W Looper  : Drained
01-28 00:31:17.983  1009  1031 I ActivityManager: Start proc 29494:com.android.vending:background/u0a33 for service com.android.vending/com.google.frameworks.client.data.android.server.play.BackgroundProcessEndpointService
01-28 00:31:18.224  1009  1027 W BroadcastQueue: Background execution not allowed: receiving Intent { act=android.intent.action.DROPBOX_ENTRY_ADDED flg=0x10 (has extras) } to com.google.android.gms/.stats.service.DropBoxEntryAddedReceiver
01-28 00:31:18.995  1009  1031 I ActivityManager: Start proc 29535:com.android.chrome/u0a62 for service com.android.chrome/org.chromium.chrome.browser.customtabs.CustomTabsConnectionService
01-28 00:31:19.048  1009  1156 I ActivityManager: Killing 25949:com.google.android.gms.unstable/u0a13 (adj 906): empty #13
01-28 00:31:19.446  1009  2808 I ActivityManager: Killing 28679:com.google.android.apps.nbu.files/u0a18 (adj 906): empty #13
01-28 00:31:21.782  1009  1027 W BroadcastQueue: Background execution not allowed: receiving Intent { act=android.intent.action.DROPBOX_ENTRY_ADDED flg=0x10 (has extras) } to com.google.android.gms/.stats.service.DropBoxEntryAddedReceiver
01-28 00:31:22.523  1009 11978 I ActivityManager: Killing 25374:com.transsion.XOSLauncher:personalizedService/u0a100 (adj 906): empty #13
01-28 00:31:22.614  1009  1040 W ActivityManager: setHasOverlayUi called on unknown pid: 25374
01-28 00:31:23.438  1009 11978 I ActivityManager: Killing 27859:com.google.android.googlequicksearchbox:googleapp/u0a28 (adj 906): empty #13
01-28 00:31:23.439  1009 11978 I ActivityManager: Killing 28464:com.google.android.apps.photos/u0a91 (adj 906): empty #14
01-28 00:31:24.800  1009  1159 W ActivityManager: Background start not allowed: service Intent { cmp=com.google.android.apps.messaging/com.google.apps.tiktok.concurrent.AndroidFuturesService (has extras) } to com.google.android.apps.messaging/com.google.apps.tiktok.concurrent.AndroidFuturesService from pid=29344 uid=10074 pkg=com.google.android.apps.messaging startFg?=false
01-28 00:31:25.005  1009  7303 I ActivityManager: Process com.android.chrome:sandboxed_process1 (pid 28874) has died: cch+6CEM 
01-28 00:31:25.006  1009  7303 W ActivityManager: Scheduling restart of crashed service com.google.android.googlequicksearchbox/org.chromium.content.app.SandboxedProcessService1 in 1000ms
01-28 00:31:27.220  1009  1027 W BroadcastQueue: Background execution not allowed: receiving Intent { act=android.intent.action.DROPBOX_ENTRY_ADDED flg=0x10 (has extras) } to com.google.android.gms/.stats.service.DropBoxEntryAddedReceiver
01-28 00:31:27.320  1009  1027 W BroadcastQueue: Background execution not allowed: receiving Intent { act=android.intent.action.DROPBOX_ENTRY_ADDED flg=0x10 (has extras) } to com.google.android.gms/.stats.service.DropBoxEntryAddedReceiver
01-28 00:31:27.326  1009  6447 W ActivityManager: Unable to start service Intent { act=com.google.android.gms.mdocstore.service.MDOC_STORE pkg=com.google.android.gms } U=0: not found
01-28 00:31:27.327  1009  6447 W ActivityManager: Unbind failed: could not find connection for android.os.BinderProxy@4631c79
01-28 00:31:27.424  1009  1027 W BroadcastQueue: Background execution not allowed: receiving Intent { act=android.intent.action.DROPBOX_ENTRY_ADDED flg=0x10 (has extras) } to com.google.android.gms/.stats.service.DropBoxEntryAddedReceiver
01-28 00:31:27.463  1009  6447 W ActivityManager: Unable to start service Intent { act=com.google.android.gms.mdocstore.service.MDOC_STORE pkg=com.google.android.gms } U=0: not found
01-28 00:31:27.464  1009  6040 W ActivityManager: Unbind failed: could not find connection for android.os.BinderProxy@167826e
01-28 00:31:27.523  1009  6040 W ActivityManager: Unable to start service Intent { act=com.google.android.gms.mdocstore.service.MDOC_STORE pkg=com.google.android.gms } U=0: not found
01-28 00:31:27.524  1009  6040 W ActivityManager: Unbind failed: could not find connection for android.os.BinderProxy@3acbf07
01-28 00:31:27.568  1009  6447 W ActivityManager: Unable to start service Intent { act=com.google.android.gms.mdocstore.service.MDOC_STORE pkg=com.google.android.gms } U=0: not found
01-28 00:31:27.570  1009  1560 W ActivityManager: Unbind failed: could not find connection for android.os.BinderProxy@2db5bd2
01-28 00:31:27.591  1009  1560 W ActivityManager: Unable to start service Intent { act=com.google.android.gms.mdocstore.service.MDOC_STORE pkg=com.google.android.gms } U=0: not found
01-28 00:31:27.592  1009  1560 W ActivityManager: Unbind failed: could not find connection for android.os.BinderProxy@2d487ff
01-28 00:31:27.660  1009  1560 W ActivityManager: Unable to start service Intent { act=com.google.android.gms.mdocstore.service.MDOC_STORE pkg=com.google.android.gms } U=0: not found
01-28 00:31:27.661  1009  1560 W ActivityManager: Unbind failed: could not find connection for android.os.BinderProxy@2aa932a
01-28 00:31:27.677  1009  6447 W ActivityManager: Unable to start service Intent { act=com.google.android.gms.mdocstore.service.MDOC_STORE pkg=com.google.android.gms } U=0: not found
01-28 00:31:27.679  1009  6040 W ActivityManager: Unbind failed: could not find connection for android.os.BinderProxy@7f3a51b
01-28 00:31:29.435 29344 29658 E SchedPolicy: set_timerslack_ns write failed: Operation not permitted
01-28 00:31:29.444 29344 29658 I chatty  : uid=10074(com.google.android.apps.messaging) identical 30 lines
01-28 00:31:29.444 29344 29658 E SchedPolicy: set_timerslack_ns write failed: Operation not permitted
01-28 00:31:29.453  1009  1560 W ActivityManager: Background start not allowed: service Intent { cmp=com.google.android.apps.messaging/.shared.datamodel.action.execution.ActionExecutorImpl$EmptyService } to com.google.android.apps.messaging/.shared.datamodel.action.execution.ActionExecutorImpl$EmptyService from pid=29344 uid=10074 pkg=com.google.android.apps.messaging startFg?=false
01-28 00:31:29.519  1009  2415 W ActivityManager: Background start not allowed: service Intent { cmp=com.google.android.apps.messaging/.shared.datamodel.action.execution.ActionExecutorImpl$EmptyService } to com.google.android.apps.messaging/.shared.datamodel.action.execution.ActionExecutorImpl$EmptyService from pid=29344 uid=10074 pkg=com.google.android.apps.messaging startFg?=false
01-28 00:31:29.521 29344 29648 E SchedPolicy: set_timerslack_ns write failed: Operation not permitted
01-28 00:31:29.527 29344 29648 I chatty  : uid=10074(com.google.android.apps.messaging) identical 14 lines
01-28 00:31:29.527 29344 29648 E SchedPolicy: set_timerslack_ns write failed: Operation not permitted
01-28 00:31:35.462  1009 11978 W ActivityManager: Background start not allowed: service Intent { cmp=com.google.android.apps.messaging/.shared.datamodel.action.execution.ActionExecutorImpl$EmptyService } to com.google.android.apps.messaging/.shared.datamodel.action.execution.ActionExecutorImpl$EmptyService from pid=29344 uid=10074 pkg=com.google.android.apps.messaging startFg?=false
01-28 00:31:35.471  1009  6447 W ActivityManager: Background start not allowed: service Intent { cmp=com.google.android.apps.messaging/.shared.datamodel.action.execution.ActionExecutorImpl$EmptyService } to com.google.android.apps.messaging/.shared.datamodel.action.execution.ActionExecutorImpl$EmptyService from pid=29344 uid=10074 pkg=com.google.android.apps.messaging startFg?=false
01-28 00:31:35.609  1009 11978 W ActivityManager: Background start not allowed: service Intent { cmp=com.google.android.apps.messaging/.shared.datamodel.action.execution.ActionExecutorImpl$EmptyService } to com.google.android.apps.messaging/.shared.datamodel.action.execution.ActionExecutorImpl$EmptyService from pid=29344 uid=10074 pkg=com.google.android.apps.messaging startFg?=false
01-28 00:31:35.940  1009  1031 I ActivityManager: Start proc 29745:android.process.acore/u0a12 for content provider com.android.providers.contacts/.ContactsProvider2
01-28 00:31:36.058  1009  2415 W ActivityManager: Background start not allowed: service Intent { cmp=com.google.android.apps.messaging/.shared.datamodel.action.execution.ActionExecutorImpl$EmptyService } to com.google.android.apps.messaging/.shared.datamodel.action.execution.ActionExecutorImpl$EmptyService from pid=29344 uid=10074 pkg=com.google.android.apps.messaging startFg?=false
01-28 00:31:41.356  1009  1009 I DeviceIdleController: updateChargingLocked: charging=true
01-28 00:31:41.357  1009  1009 I DeviceIdleController: becomeActiveLocked, reason = charging
01-28 00:31:42.670  1009  1031 I ActivityManager: Start proc 29770:com.google.android.gms.unstable/u0a13 for service com.google.android.gms/.chimera.UnstableInternalBoundBrokerService
01-28 00:31:43.396  1009  8447 I ActivityManager: Killing 27777:com.google.android.googlequicksearchbox:search/u0a28 (adj 906): empty #13
01-28 00:31:45.246  1009  1027 W BroadcastQueue: Background execution not allowed: receiving Intent { act=android.intent.action.DROPBOX_ENTRY_ADDED flg=0x10 (has extras) } to com.google.android.gms/.stats.service.DropBoxEntryAddedReceiver
01-28 00:31:46.574  1009  1027 W BroadcastQueue: Background execution not allowed: receiving Intent { act=android.intent.action.DROPBOX_ENTRY_ADDED flg=0x10 (has extras) } to com.google.android.gms/.stats.service.DropBoxEntryAddedReceiver
01-28 00:31:47.706  1396  1516 I PowerMonitorHookClient: unkown network interface:lo
01-28 00:31:47.706  1396  1516 I PowerMonitorHookClient: unkown network interface:lo
01-28 00:31:47.726  1009  1031 I ActivityManager: Start proc 29824:com.transsion.powercenter/1000 for service com.transsion.powercenter/.service.ScreenOffCleanService
01-28 00:31:47.868 29824 29824 W ContextImpl: Calling a method in the system process without a qualified user: android.app.ContextImpl.startForegroundService:1538 android.content.ContextWrapper.startForegroundService:669 com.transsion.powercenter.PowerCenterApplication.onCreate:62 android.app.Instrumentation.callApplicationOnCreate:1154 android.app.ActivityThread.handleBindApplication:6016 
01-28 00:31:47.875 29824 29839 W ContextImpl: Calling a method in the system process without a qualified user: android.app.ContextImpl.bindService:1612 android.content.ContextWrapper.bindService:698 com.transsion.core.a.a.a:61 com.transsion.core.a.b$1.run:68 java.lang.Thread.run:764 
01-28 00:31:47.880  1009  1027 E NotificationService: Suppressing notification from package by user request.
01-28 00:31:47.927  1009  1159 I ActivityManager: Killing 28941:com.google.android.apps.wellbeing/u0a45 (adj 906): empty #13
01-28 00:31:48.078  1009  1027 W BroadcastQueue: Background execution not allowed: receiving Intent { act=android.intent.action.DROPBOX_ENTRY_ADDED flg=0x10 (has extras) } to com.google.android.gms/.stats.service.DropBoxEntryAddedReceiver
01-28 00:31:48.107 29824 29840 W ContextImpl: Calling a method in the system process without a qualified user: android.app.ContextImpl.bindService:1612 android.content.ContextWrapper.bindService:698 a.b.a.h.a.a:16 a.b.a.b.d.d:6 a.b.a.b.d.c:26 
01-28 00:31:48.556 29824 29846 W ContextImpl: Calling a method in the system process without a qualified user: android.app.ContextImpl.startForegroundService:1538 android.content.ContextWrapper.startForegroundService:669 com.transsion.powercenter.model.ScreenOffCleanModelImp$1.run:357 java.lang.Thread.run:764 <bottom of call stack> 
01-28 00:31:48.571  1009  1027 E NotificationService: Suppressing notification from package by user request.
01-28 00:31:48.573  1009  1027 E NotificationService: Suppressing notification from package by user request.
01-28 00:31:48.704  1009  1112 I NetworkStatsRecorder: recordSnapshotLocked: ident[[{type=WIFI, subType=COMBINED, networkId="PTCL-BB", metered=false, defaultNetwork=true}]]
01-28 00:31:48.704  1009  1112 W NetworkStatsRecorder: unknown interfaces [lo, ccmni0], ignoring those stats
01-28 00:31:48.705  1009  1112 I NetworkStatsRecorder: recordSnapshotLocked: ident[[{type=WIFI, subType=COMBINED, networkId="PTCL-BB", metered=false, defaultNetwork=true}]]
01-28 00:31:48.705  1009  1112 W NetworkStatsRecorder: unknown interfaces [lo, ccmni0], ignoring those stats
01-28 00:31:48.706  1009  1112 I NetworkStatsRecorder: recordSnapshotLocked: ident[[{type=WIFI, subType=COMBINED, networkId="PTCL-BB", metered=false, defaultNetwork=true}]]
01-28 00:31:48.708  1009  1112 I chatty  : uid=1000(system) NetworkStats identical 17 lines
01-28 00:31:48.708  1009  1112 I NetworkStatsRecorder: recordSnapshotLocked: ident[[{type=WIFI, subType=COMBINED, networkId="PTCL-BB", metered=false, defaultNetwork=true}]]
01-28 00:31:48.708  1009  1112 W NetworkStatsRecorder: unknown interfaces [lo, ccmni0], ignoring those stats
01-28 00:31:48.709  1009  1112 I NetworkStatsRecorder: recordSnapshotLocked: ident[[{type=WIFI, subType=COMBINED, networkId="PTCL-BB", metered=false, defaultNetwork=true}]]
01-28 00:31:48.712  1009  1112 I chatty  : uid=1000(system) NetworkStats identical 26 lines
01-28 00:31:48.712  1009  1112 I NetworkStatsRecorder: recordSnapshotLocked: ident[[{type=WIFI, subType=COMBINED, networkId="PTCL-BB", metered=false, defaultNetwork=true}]]
01-28 00:31:48.712  1009  1112 W NetworkStatsRecorder: unknown interfaces [lo, ccmni0], ignoring those stats
01-28 00:31:48.891  1009  9674 I ActivityManager: Killing 29044:com.facebook.system/u0a32 (adj 906): empty #13
01-28 00:31:53.619  1009  1027 E NotificationService: Suppressing notification from package by user request.
01-28 00:31:53.623  1009  1027 E NotificationService: Suppressing notification from package by user request.
01-28 00:31:57.846  1009  9674 I ActivityManager: Killing 29204:com.android.vending/u0a33 (adj 906): empty #13
01-28 00:31:57.981  1009  1912 W ActivityManager: Scheduling restart of crashed service com.android.vending/com.google.android.finsky.billing.iab.InAppBillingService in 1000ms
01-28 00:31:59.024  1009  1031 I ActivityManager: Start proc 29859:com.android.vending/u0a33 for service com.android.vending/com.google.android.finsky.billing.iab.InAppBillingService
01-28 00:32:07.273   573   686 E storaged: getDiskStats failed with result NOT_SUPPORTED and size 0
01-28 00:32:21.525  1009 11978 I ActivityManager: Killing 29390:com.google.android.tts/u0a98 (adj 906): empty #13
01-28 00:32:21.527  1009 11978 I ActivityManager: Killing 29075:com.zaz.translate/u0a40 (adj 906): empty #14
01-28 00:32:21.608  1009 11978 W ActivityManager: Scheduling restart of crashed service com.google.android.tts/com.google.android.apps.speech.tts.googletts.service.GoogleTtsService in 1000ms
01-28 00:32:49.091  1009  1031 I ActivityManager: Start proc 30014:com.google.android.apps.wellbeing/u0a45 for broadcast com.google.android.apps.wellbeing/.time.delta.CheckTimeDeltaBroadcastReceiver_Receiver
01-28 00:32:49.098  1396  1516 I PowerMonitorHookClient: updateDailyDeadline next alarm delay:86230940
01-28 00:32:49.098  1396  1516 I PowerMonitorNew: adjust scenario screenoff startWallclock from 1769542007350 to 1769542007064
01-28 00:32:49.098  1396  1516 I PowerMonitorNew: time/timezone changed, cancel and reset save screenon time alarm
01-28 00:32:49.137  1009  1031 I ActivityManager: Start proc 30027:com.android.providers.calendar/u0a17 for content provider com.android.providers.calendar/.CalendarProvider2
01-28 00:32:49.316  1009  1031 I ActivityManager: Start proc 30045:com.google.android.calendar/u0a85 for service com.google.android.calendar/androidx.work.impl.background.systemjob.SystemJobService
01-28 00:32:49.693  1009  1296 I ActivityManager: Killing 29002:com.facebook.appmanager/u0a105 (adj 906): empty #13
01-28 00:32:51.204  1009  1031 I ActivityManager: Start proc 30158:com.mediatek.providers.drm/1000 for broadcast com.mediatek.providers.drm/.TimeChangedReceiver
01-28 00:32:51.349  1009  1031 I ActivityManager: Start proc 30177:com.mediatek.schpwronoff/1000 for broadcast com.mediatek.schpwronoff/.AlarmInitReceiver
01-28 00:32:51.443 30177 30177 W ContextImpl: Calling a method in the system process without a qualified user: android.app.ContextImpl.startService:1532 android.content.ContextWrapper.startService:664 android.content.ContextWrapper.startService:664 com.mediatek.schpwronoff.AlarmReceiverService.processBroadcastIntent:31 com.mediatek.schpwronoff.AlarmInitReceiver.onReceive:82 
01-28 00:32:51.492  1009  1031 I ActivityManager: Start proc 30195:com.transsion.deskclock/1000 for broadcast com.transsion.deskclock/.AlarmInitReceiver
01-28 00:32:51.499  1009  1287 I ActivityManager: Killing 29083:com.google.android.gm/u0a78 (adj 906): empty #13
01-28 00:32:51.732  1009  6447 I ActivityManager: Killing 29745:android.process.acore/u0a12 (adj 906): empty #13
01-28 00:32:51.783  1009  1031 I ActivityManager: Start proc 30216:com.zaz.translate/u0a40 for broadcast com.zaz.translate/androidx.work.impl.background.systemalarm.RescheduleReceiver
01-28 00:32:52.583 30216 30266 E ActivityThread: Failed to find provider info for com.transsion.aicore.main.provider.MmProvider
01-28 00:32:52.587 30216 30266 I chatty  : uid=10040(com.zaz.translate) identical 1 line
01-28 00:32:52.588 30216 30266 E ActivityThread: Failed to find provider info for com.transsion.aicore.main.provider.MmProvider
01-28 00:32:52.624  1009  1031 I ActivityManager: Start proc 30279:net.bat.store/u0a34 for broadcast net.bat.store/androidx.work.impl.background.systemalarm.RescheduleReceiver
01-28 00:32:52.642  1009  6447 I ActivityManager: Killing 29344:com.google.android.apps.messaging/u0a74 (adj 906): empty #13
01-28 00:32:53.519 30216 30304 E ActivityThread: Failed to find provider info for com.transsion.tpush.tpms.PushContentProvider
01-28 00:32:54.182  1009  1031 I ActivityManager: Start proc 30360:com.google.android.tts/u0a98 for service com.google.android.tts/com.google.android.apps.speech.tts.googletts.service.GoogleTtsService
01-28 00:32:57.286  1009  1031 I ActivityManager: Start proc 30458:com.whatsapp/u0a127 for broadcast com.whatsapp/androidx.work.impl.background.systemalarm.RescheduleReceiver
01-28 00:32:57.434  1009  1517 I ActivityManager: Killing 29770:com.google.android.gms.unstable/u0a13 (adj 906): empty #13
01-28 00:32:58.137 30279 30444 E ActivityThread: Failed to find provider info for com.transsion.tpush.tpms.PushContentProvider
01-28 00:32:58.297  1009 11978 I ActivityManager: Killing 29824:com.transsion.powercenter/1000 (adj 906): empty #13
01-28 00:32:59.726  1009  2415 W BroadcastQueue: Background execution not allowed: receiving Intent { act=android.intent.action.DROPBOX_ENTRY_ADDED flg=0x10 (has extras) } to com.google.android.gms/.stats.service.DropBoxEntryAddedReceiver
01-28 00:32:59.727  1009  2415 I ActivityManager: Killing 29301:com.google.process.gapps/u0a13 (adj 906): empty #13
01-28 00:32:59.729  1009  1027 W BroadcastQueue: Background execution not allowed: receiving Intent { act=android.intent.action.DROPBOX_ENTRY_ADDED flg=0x10 (has extras) } to com.google.android.gms/.stats.service.DropBoxEntryAddedReceiver
01-28 00:32:59.734  1009  1027 I chatty  : uid=1000(system) ActivityManager identical 7 lines
01-28 00:32:59.734  1009  1027 W BroadcastQueue: Background execution not allowed: receiving Intent { act=android.intent.action.DROPBOX_ENTRY_ADDED flg=0x10 (has extras) } to com.google.android.gms/.stats.service.DropBoxEntryAddedReceiver
01-28 00:33:00.287  1009  7303 I ActivityManager: Killing 29535:com.android.chrome/u0a62 (adj 906): empty #13
01-28 00:33:00.873  1009  1027 W BroadcastQueue: Background execution not allowed: receiving Intent { act=android.intent.action.DROPBOX_ENTRY_ADDED flg=0x10 (has extras) } to com.google.android.gms/.stats.service.DropBoxEntryAddedReceiver
01-28 00:33:02.334  1009  1031 I ActivityManager: Start proc 30603:com.android.chrome:webview_service/u0a62 for service com.android.chrome/org.chromium.android_webview.services.VariationsSeedServer
01-28 00:33:02.400  1009  1031 I ActivityManager: Start proc 30620:com.android.chrome:sandboxed_process0/u0i132 for webview_service net.bat.store/org.chromium.content.app.SandboxedProcessService0
01-28 00:33:02.427  1009  1031 I ActivityManager: Start proc 30625:com.android.chrome:sandboxed_process0/u0i133 for webview_service net.bat.store/org.chromium.content.app.SandboxedProcessService0
01-28 00:33:02.456  1009  4745 I ActivityManager: Killing 30620:com.android.chrome:sandboxed_process0/u0a34i132 (adj 900): isolated not needed
01-28 00:33:02.690  1009  4745 I ActivityManager: Killing 30014:com.google.android.apps.wellbeing/u0a45 (adj 906): empty #13
01-28 00:33:03.402  1009  1031 I ActivityManager: Start proc 30698:com.android.chrome/u0a62 for service com.android.chrome/org.chromium.chrome.browser.customtabs.CustomTabsConnectionService
01-28 00:33:03.858  1009  2415 I ActivityManager: Killing 30045:com.google.android.calendar/u0a85 (adj 906): empty #13
01-28 00:33:04.324  1009  1031 I ActivityManager: Start proc 30744:android.process.acore/u0a12 for content provider com.android.providers.contacts/.ContactsProvider2
01-28 00:33:06.988   573   686 E storaged: getDiskStats failed with result NOT_SUPPORTED and size 0
01-28 00:33:10.752  1009  2017 I ActivityManager: Killing 30027:com.android.providers.calendar/u0a17 (adj 904): empty #13
01-28 00:33:11.223  1009  4745 I ActivityManager: Killing 19497:com.google.process.gservices/u0a13 (adj 904): empty #13
01-28 00:33:16.510  1009  1027 I ActivityManager: Waited long enough for: ServiceRecord{49268bb u0 com.whatsapp/.messageservice.messaging.MessageService}
01-28 00:33:18.322  1009  1031 I ActivityManager: Start proc 30803:com.google.process.gservices/u0a13 for content provider com.google.android.gsf/.gservices.GservicesProvider
01-28 00:33:18.373  1009  7590 I ActivityManager: Killing 30158:com.mediatek.providers.drm/1000 (adj 906): empty #13
01-28 00:33:28.393  1009  4745 I ActivityManager: Killing 30177:com.mediatek.schpwronoff/1000 (adj 906): empty #13
01-28 00:33:32.619  1009  1105 I PowerManagerService: Waking up from sleep (uid=1000 reason=android.policy:POWER)...
01-28 00:33:32.620  1009  1045 I PowerManagerService:  call AMS notifyWakeup with isFpWakeup=false
01-28 00:33:32.621  1009  1009 W UsageStatsService: Event reported without a package name
01-28 00:33:32.622  1009  1044 I PowerMonitorHookServer: noteScreenState state:2
01-28 00:33:32.622  1009  1044 I DisplayPowerController: Blocking screen on until initial contents have been drawn.
01-28 00:33:32.630  1396  1516 I PowerMonitorNew: a whole scenario, scenario:screenoff, start-stop:177218479-177624043,duration:405564, current:0, currentconvert4V:0,currentWoBL:0,consumecoul:0,batterytime:0, conpower:0,avgsignal:400,avgDatatype:0
01-28 00:33:32.630  1396  1516 I PowerMonitorNew: exitScenario not save scenario true
01-28 00:33:32.633  1396  1516 I PowerMonitorNew: enter scenario: com.transsion.XOSLauncher,start coul:-863
01-28 00:33:32.687  1009  1027 W BroadcastQueue: Background execution not allowed: receiving Intent { act=android.intent.action.USER_PRESENT flg=0x24200010 } to com.android.chrome/org.chromium.chrome.browser.sharing.click_to_call.ClickToCallMessageHandler$PhoneUnlockedReceiver
01-28 00:33:32.688  1009  1027 W BroadcastQueue: Background execution not allowed: receiving Intent { act=android.intent.action.USER_PRESENT flg=0x24200010 } to com.facebook.services/com.facebook.oxygen.services.fbns.RegisteredMqttSystemBroadcastReceiver
01-28 00:33:32.688  1009  1027 W BroadcastQueue: Background execution not allowed: receiving Intent { act=android.intent.action.USER_PRESENT flg=0x24200010 } to com.google.android.gms/.auth.setup.devicesignals.LockScreenReceiver
01-28 00:33:32.688  1009  1027 W BroadcastQueue: Background execution not allowed: receiving Intent { act=android.intent.action.USER_PRESENT flg=0x24200010 } to com.google.android.gms/.chimera.GmsIntentOperationService$PersistentTrustedReceiver
01-28 00:33:32.688  1009  1027 W BroadcastQueue: Background execution not allowed: receiving Intent { act=android.intent.action.USER_PRESENT flg=0x24200010 } to com.sh.smart.caller/com.xdandroid.hellodaemon.WakeUpReceiver
01-28 00:33:32.688  1009  1027 W BroadcastQueue: Background execution not allowed: receiving Intent { act=android.intent.action.USER_PRESENT flg=0x24200010 } to com.instagram.android/com.instagram.push.FbnsInitBroadcastReceiver
01-28 00:33:32.688  1009  1027 W BroadcastQueue: Background execution not allowed: receiving Intent { act=android.intent.action.USER_PRESENT flg=0x24200010 } to com.zhiliaoapp.musically/com.ss.android.push.window.oppo.ScreenReceiver
01-28 00:33:32.691  1009  1031 I ActivityManager: Start proc 30829:com.transsion.keyguardgesture/1000 for service com.transsion.keyguardgesture/.service.KeyguardGestureService
01-28 00:33:32.692  1009  1028 I WindowManager: Waiting for drawn Window{11455a u0 com.transsion.XOSLauncher/com.android.quickstep.src.com.android.launcher3.uioverrides.QuickstepLauncher}: removed=false visible=true mHasSurface=true drawState=1
01-28 00:33:32.692  1009  1028 I WindowManager: Waiting for drawn Window{42a7a9a u0 StatusBar}: removed=false visible=true mHasSurface=true drawState=1
01-28 00:33:32.697  1009  1087 I WindowManager: Waiting for drawn Window{11455a u0 com.transsion.XOSLauncher/com.android.quickstep.src.com.android.launcher3.uioverrides.QuickstepLauncher}: removed=false visible=true mHasSurface=true drawState=1
01-28 00:33:32.697  1009  1087 I WindowManager: Waiting for drawn Window{42a7a9a u0 StatusBar}: removed=false visible=true mHasSurface=true drawState=1
01-28 00:33:32.699  1009  1087 I WindowManager: Waiting for drawn Window{11455a u0 com.transsion.XOSLauncher/com.android.quickstep.src.com.android.launcher3.uioverrides.QuickstepLauncher}: removed=false visible=true mHasSurface=true drawState=1
01-28 00:33:32.699  1009  1087 I WindowManager: Waiting for drawn Window{42a7a9a u0 StatusBar}: removed=false visible=true mHasSurface=true drawState=1
01-28 00:33:32.705  1009  1040 I DisplayManagerService: Display device changed state: "Built-in Screen", ON
01-28 00:33:32.712  1009  1087 I WindowManager: Waiting for drawn Window{11455a u0 com.transsion.XOSLauncher/com.android.quickstep.src.com.android.launcher3.uioverrides.QuickstepLauncher}: removed=false visible=true mHasSurface=true drawState=1
01-28 00:33:32.712  1009  1087 I WindowManager: Waiting for drawn Window{42a7a9a u0 StatusBar}: removed=false visible=true mHasSurface=true drawState=1
01-28 00:33:32.733  1009  1560 I WindowManager: Waiting for drawn Window{11455a u0 com.transsion.XOSLauncher/com.android.quickstep.src.com.android.launcher3.uioverrides.QuickstepLauncher}: removed=false visible=true mHasSurface=true drawState=1
01-28 00:33:32.733  1009  1560 I WindowManager: Waiting for drawn Window{42a7a9a u0 StatusBar}: removed=false visible=true mHasSurface=true drawState=1
01-28 00:33:32.750  1009  1087 I WindowManager: Waiting for drawn Window{11455a u0 com.transsion.XOSLauncher/com.android.quickstep.src.com.android.launcher3.uioverrides.QuickstepLauncher}: removed=false visible=true mHasSurface=true drawState=4
01-28 00:33:32.750  1009  1087 I WindowManager: Waiting for drawn Window{42a7a9a u0 StatusBar}: removed=false visible=true mHasSurface=true drawState=1
01-28 00:33:32.754  1009  1087 I WindowManager: Waiting for drawn Window{42a7a9a u0 StatusBar}: removed=false visible=true mHasSurface=true drawState=1
01-28 00:33:32.761  1009  1009 I MWN     : onSignalStrengthsChanged...
01-28 00:33:32.761  1009  1087 I WindowManager: Waiting for drawn Window{42a7a9a u0 StatusBar}: removed=false visible=true mHasSurface=true drawState=4
01-28 00:33:32.766  1009  1009 I MWN     : network type = 1
01-28 00:33:32.766  1009  1009 I MWN     : Write 0 to node. type=Wi-Fi mSimExist=true mFlightMode=false
01-28 00:33:32.766  1009  1009 I MWN     : write the value:0 to node successfully.
01-28 00:33:32.768  1009  1044 I DisplayPowerController: Unblocked screen on after 146 ms
01-28 00:33:32.782  1009  1009 I DeviceIdleController: becomeActiveLocked, reason = screen
01-28 00:33:32.816  1009  1009 I MWN     : onSignalStrengthsChanged...
01-28 00:33:32.822  1009  1009 I MWN     : network type = 1
01-28 00:33:32.822  1009  1009 I MWN     : Write 0 to node. type=Wi-Fi mSimExist=true mFlightMode=false
01-28 00:33:32.823  1009  1009 I MWN     : write the value:0 to node successfully.
01-28 00:33:32.832  1009  1027 E NotificationService: Suppressing notification from package by user request.
01-28 00:33:32.839  3874  3874 W ContextImpl: Calling a method in the system process without a qualified user: android.app.ContextImpl.startForegroundService:1538 android.content.ContextWrapper.startForegroundService:669 com.transsion.powercenter.receiver.ScreenStatusReceiver.onReceive:98 android.app.LoadedApk$ReceiverDispatcher$Args.lambda$getRunnable$0:1391 android.app.-$$Lambda$LoadedApk$ReceiverDispatcher$Args$_BumDX2UKsnxLVrE6UJsJZkotuA.run:2 
01-28 00:33:32.865  1009  1031 I ActivityManager: Start proc 30866:com.transsion.powercenter/1000 for service com.transsion.powercenter/.service.NetSpeedService
01-28 00:33:32.920  1009  1031 I ActivityManager: Start proc 30884:com.transsion.XOSLauncher:personalizedService/u0a100 for service com.transsion.XOSLauncher/com.scene.zeroscreen.overlay.service.OverlayScreenService
01-28 00:33:32.944 30866 30866 W ContextImpl: Calling a method in the system process without a qualified user: android.app.ContextImpl.startForegroundService:1538 android.content.ContextWrapper.startForegroundService:669 com.transsion.powercenter.PowerCenterApplication.onCreate:62 android.app.Instrumentation.callApplicationOnCreate:1154 android.app.ActivityThread.handleBindApplication:6016 
01-28 00:33:32.952 30866 30898 W ContextImpl: Calling a method in the system process without a qualified user: android.app.ContextImpl.bindService:1612 android.content.ContextWrapper.bindService:698 com.transsion.core.a.a.a:61 com.transsion.core.a.b$1.run:68 java.lang.Thread.run:764 
01-28 00:33:32.955  1009  1027 E NotificationService: Suppressing notification from package by user request.
01-28 00:33:32.967  1009  1044 W PowerManagerService: Screen on took 355 ms
01-28 00:33:32.974  1009  1009 I DeviceIdleController: updateChargingLocked: charging=true
01-28 00:33:32.975  1009  1009 I DeviceIdleController: becomeActiveLocked, reason = charging
01-28 00:33:33.033  1009  1027 E NotificationService: Suppressing notification from package by user request.
01-28 00:33:33.039  1009  1027 E NotificationService: Suppressing notification from package by user request.
01-28 00:33:33.135  1009  1027 W BroadcastQueue: Background execution not allowed: receiving Intent { act=android.intent.action.DROPBOX_ENTRY_ADDED flg=0x10 (has extras) } to com.google.android.gms/.stats.service.DropBoxEntryAddedReceiver
01-28 00:33:33.156  1009  1041 I ActivityManager: Killing 30625:com.android.chrome:sandboxed_process0/u0a34i133 (adj 902): force kill
01-28 00:33:33.157 30866 30900 W ContextImpl: Calling a method in the system process without a qualified user: android.app.ContextImpl.bindService:1612 android.content.ContextWrapper.bindService:698 a.b.a.h.a.a:16 a.b.a.b.d.d:6 a.b.a.b.d.c:26 
01-28 00:33:33.164  1009  1041 I ActivityManager: Killing 30216:com.zaz.translate/u0a40 (adj 904): force kill
01-28 00:33:33.171  1009  1041 I ActivityManager: Killing 30279:net.bat.store/u0a34 (adj 904): force kill
01-28 00:33:33.180  1009  7303 W ActivityManager: Unbind failed: could not find connection for android.os.BinderProxy@a996b83
01-28 00:33:33.463 30884 30884 W ResolutionTunerAppList: Target file doesn't exist: /storage/emulated/0/Android/data/sf_resolution_tuner_app_list.xml
01-28 00:33:33.497  1009 11978 E WindowManager: App trying to use insecure INPUT_FEATURE_NO_INPUT_CHANNEL flag. Ignoring
01-28 00:33:33.980  3874  3874 W ContextImpl: Calling a method in the system process without a qualified user: android.app.ContextImpl.sendBroadcast:1006 android.content.ContextWrapper.sendBroadcast:444 com.transsion.powercenter.receiver.BatteryChangedReceiver.d:315 com.transsion.powercenter.receiver.BatteryChangedReceiver.c:307 com.transsion.powercenter.receiver.BatteryChangedReceiver.a:43 
01-28 00:33:33.982  1009  1027 W BroadcastQueue: Background execution not allowed: receiving Intent { act=com.rlk.powersavemanagement.ACTION_AVAILABLE_TIME flg=0x10 (has extras) } to com.transsion.powercenter/.provider.PowerWidgetProvider
01-28 00:33:34.024  1009 11978 W BroadcastQueue: Skipping deliver [foreground] BroadcastRecord{e7437f4 u-1 android.intent.action.SCREEN_ON} to ReceiverList{439ec71 30216 com.zaz.translate/10040/u0 remote:f06aa18}: process gone or crashing
01-28 00:33:34.032  1009  2808 W BroadcastQueue: Skipping deliver [foreground] BroadcastRecord{e7437f4 u-1 android.intent.action.SCREEN_ON} to ReceiverList{443146c 30279 net.bat.store/10034/u0 remote:8b9d91f}: process gone or crashing
01-28 00:33:36.230  1009  2808 I WindowManager: Relayout Window{cde9570 u0 InputMethod}: oldVis=8 newVis=0 focusMayChange = true
01-28 00:33:41.128  1009 11978 I ActivityManager: START u0 {act=android.intent.action.MAIN cat=[android.intent.category.LAUNCHER] flg=0x10200000 cmp=com.android.settings/.Settings (has extras)} from uid 10100
01-28 00:33:41.179  1009  1027 I PowerMonitorHookServer: stop app:com.transsion.XOSLauncher
01-28 00:33:41.179  1009  1027 I PowerMonitorHookServer: start app:com.android.settings
01-28 00:33:41.183  1396  1516 I PowerMonitorNew: a whole scenario, scenario:com.transsion.XOSLauncher, start-stop:177624043-177632597,duration:8554, current:0, currentconvert4V:0,currentWoBL:0,consumecoul:0,batterytime:0, conpower:0,avgsignal:399,avgDatatype:0
01-28 00:33:41.183  1396  1516 I PowerMonitorNew: exitScenario not save scenario true
01-28 00:33:41.185  1396  1516 I PowerMonitorNew: enter scenario: com.android.settings,start coul:-863
01-28 00:33:41.187  1009  1040 I WindowManager: Focus moving from Window{11455a u0 com.transsion.XOSLauncher/com.android.quickstep.src.com.android.launcher3.uioverrides.QuickstepLauncher} to null
01-28 00:33:41.201  1009  1031 I ActivityManager: Start proc 30973:com.android.settings/1000 for activity com.android.settings/.Settings
01-28 00:33:41.240  1009 11978 W IMiteManager: ActivityManagerService invoke MID_SERVICE_AM_START_ACTIVITY_1 func:os-services-jupiter.jar-com.jupiter.tornado.MitePluginJupiter-MID_SERVICE_AM_START_ACTIVITY_1 spend:2
01-28 00:33:41.242  1009 11978 W ActivityManager: Request to remove task ignored for non-existent task 324
01-28 00:33:41.379 30973 30987 W ContextImpl: Calling a method in the system process without a qualified user: android.app.ContextImpl.bindService:1612 android.content.ContextWrapper.bindService:698 com.transsion.core.deviceinfo.AdvertisingIdClient.getAdvertisingIdInfo:61 com.transsion.core.deviceinfo.DeviceInfo$1.run:67 java.lang.Thread.run:764 
01-28 00:33:41.508 30973 30973 W ResolutionTunerAppList: Target file doesn't exist: /storage/emulated/0/Android/data/sf_resolution_tuner_app_list.xml
01-28 00:33:41.558  1009 10782 I WindowManager: Relayout Window{2275db3 u0 com.android.settings/com.android.settings.Settings}: oldVis=4 newVis=0 focusMayChange = true
01-28 00:33:41.564  1009  1040 I WindowManager: Focus moving from null to Window{2275db3 u0 com.android.settings/com.android.settings.Settings}
01-28 00:33:41.833  1009  1034 E BatteryExternalStatsWorker: no controller energy info supplied for wifi
01-28 00:33:41.833  1009  1034 E BatteryExternalStatsWorker: no controller energy info supplied for bluetooth
01-28 00:33:41.850  1009  1034 W BatteryExternalStatsWorker: modem info is invalid: ModemActivityInfo{ mTimestamp=177633261 mSleepTimeMs=69871580 mIdleTimeMs=-58506447 mTxTimeMs[]=[20150, 0, 10, 8278, 45712] mRxTimeMs=166820267 mEnergyUsed=0}
01-28 00:33:42.236  1009  1034 E BatteryExternalStatsWorker: no controller energy info supplied for wifi
01-28 00:33:42.237  1009  1034 E BatteryExternalStatsWorker: no controller energy info supplied for bluetooth
01-28 00:33:42.254  1009  1034 W BatteryExternalStatsWorker: modem info is invalid: ModemActivityInfo{ mTimestamp=177633664 mSleepTimeMs=69871941 mIdleTimeMs=-58507045 mTxTimeMs[]=[20150, 0, 10, 8278, 45712] mRxTimeMs=166820907 mEnergyUsed=0}
01-28 00:33:42.547  1009  1287 I ActivityManager: START u0 {act=com.android.settings.action.SETTINGS_SEARCH pkg=com.android.settings.intelligence cmp=com.android.settings.intelligence/.search.SearchActivity} from uid 1000
01-28 00:33:42.585  1009  1027 I PowerMonitorHookServer: stop app:com.android.settings
01-28 00:33:42.585  1009  1027 I PowerMonitorHookServer: start app:com.android.settings.intelligence
01-28 00:33:42.586  1396  1516 I PowerMonitorNew: a whole scenario, scenario:com.android.settings, start-stop:177632599-177634001,duration:1402, current:0, currentconvert4V:0,currentWoBL:0,consumecoul:0,batterytime:0, conpower:0,avgsignal:400,avgDatatype:0
01-28 00:33:42.586  1396  1516 I PowerMonitorNew: exitScenario not save scenario true
01-28 00:33:42.597  1009  1040 I WindowManager: Focus moving from Window{2275db3 u0 com.android.settings/com.android.settings.Settings} to null
01-28 00:33:42.603  1009  1031 I ActivityManager: Start proc 31011:com.android.settings.intelligence/u0a44 for activity com.android.settings.intelligence/.search.SearchActivity
01-28 00:33:42.787 31011 31011 W ResolutionTunerAppList: Target file doesn't exist: /storage/emulated/0/Android/data/sf_resolution_tuner_app_list.xml
01-28 00:33:42.797  1009  1031 I ActivityManager: Start proc 31030:com.android.cellbroadcastreceiver/1000 for content provider com.android.cellbroadcastreceiver/.CellBroadcastSearchIndexableProvider
01-28 00:33:42.815  1009  1022 E WindowManager: App trying to use insecure INPUT_FEATURE_NO_INPUT_CHANNEL flag. Ignoring
01-28 00:33:42.841  1009  1022 I WindowManager: Relayout Window{dd17194 u0 com.android.settings.intelligence/com.android.settings.intelligence.search.SearchActivity}: oldVis=4 newVis=0 focusMayChange = true
01-28 00:33:42.848  1009  1040 I WindowManager: Focus moving from null to Window{dd17194 u0 com.android.settings.intelligence/com.android.settings.intelligence.search.SearchActivity}
01-28 00:33:42.935  1009  1031 I ActivityManager: Start proc 31048:com.android.emergency/u0a27 for content provider com.android.emergency/.EmergencySearchIndexablesProvider
01-28 00:33:43.050  1009 10782 I WindowManager: Relayout Window{cde9570 u0 InputMethod}: oldVis=8 newVis=0 focusMayChange = true
01-28 00:33:43.063  1009 10782 I ActivityManager: Force stopping com.transsion.keyguardgesture appid=1000 user=0: from pid 30829
01-28 00:33:43.063  1009 10782 I ActivityManager: Killing 30829:com.transsion.keyguardgesture/1000 (adj 200): stop com.transsion.keyguardgesture
01-28 00:33:43.064  1009 10782 W ActivityManager: Scheduling restart of crashed service com.transsion.keyguardgesture/.service.KeyguardGestureService in 1000ms
01-28 00:33:43.071  1009 10782 I ActivityManager:   Force stopping service ServiceRecord{a3ed18e u0 com.transsion.keyguardgesture/.service.KeyguardGestureService}
01-28 00:33:43.080  1009  1027 W BroadcastQueue: Background execution not allowed: receiving Intent { act=android.intent.action.PACKAGE_RESTARTED dat=package:com.transsion.keyguardgesture flg=0x10 (has extras) } to com.transsion.powercenter/.receiver.PackageRestartReceiver
01-28 00:33:43.307  1396  1516 I PowerMonitorNew: enter scenario: com.android.settings.intelligence,start coul:-864
01-28 00:33:43.492  1009  1031 I ActivityManager: Start proc 31078:com.android.traceur/u0a65 for content provider com.android.traceur/.SearchProvider
01-28 00:33:43.620  1009  1031 I ActivityManager: Start proc 31093:com.google.android.apps.messaging/u0a74 for content provider com.google.android.apps.messaging/.settings.search.MessagesSearchIndexablesProvider
01-28 00:33:43.967  1009  1031 I ActivityManager: Start proc 31123:com.google.android.apps.wellbeing/u0a45 for content provider com.google.android.apps.wellbeing/.searchindexables.impl.WellbeingSearchIndexablesProvider
01-28 00:33:44.016 31093 31110 E SchedPolicy: set_timerslack_ns write failed: Operation not permitted
01-28 00:33:44.084  1009  1031 I ActivityManager: Start proc 31141:com.google.android.gms.ui/u0a13 for content provider com.google.android.gms/.accountsettings.content.SettingsSearchContentProvider
01-28 00:33:44.724  1009  1153 E TaskPersister: File error accessing recents directory (directory doesn't exist?).
01-28 00:33:45.402  1009 11978 W ActivityManager: Unable to start service Intent { act=com.google.android.gms.esim.service.START pkg=com.google.android.gms } U=0: not found
01-28 00:33:45.403  1009 10782 W ActivityManager: Unbind failed: could not find connection for android.os.BinderProxy@c79f546
01-28 00:33:45.563  1009  1031 I ActivityManager: Start proc 31224:com.google.android.googlequicksearchbox:search/u0a28 for content provider com.google.android.googlequicksearchbox/com.google.android.apps.gsa.assistant.settings.search.AssistantSettingsProvider
01-28 00:33:45.770 31224 31224 E SchedPolicy: set_timerslack_ns write failed: Operation not permitted
01-28 00:33:49.454  1009  1287 I ActivityManager: START u0 {act=com.android.settings.SEARCH_RESULT_TRAMPOLINE cmp=com.android.settings/.search.SearchResultTrampoline (has extras)} from uid 10044
01-28 00:33:49.500  1009  1040 I WindowManager: Focus moving from Window{dd17194 u0 com.android.settings.intelligence/com.android.settings.intelligence.search.SearchActivity} to null
01-28 00:33:49.506  1009  1027 I PowerMonitorHookServer: stop app:com.android.settings.intelligence
01-28 00:33:49.506  1009  1027 I PowerMonitorHookServer: start app:com.android.settings
01-28 00:33:49.508  1396  1516 I PowerMonitorNew: a whole scenario, scenario:com.android.settings.intelligence, start-stop:177634721-177640922,duration:6201, current:0, currentconvert4V:0,currentWoBL:0,consumecoul:0,batterytime:0, conpower:0,avgsignal:400,avgDatatype:0
01-28 00:33:49.508  1396  1516 I PowerMonitorNew: exitScenario not save scenario true
01-28 00:33:49.515  1009 10782 I ActivityManager: START u0 {act=com.android.settings.SEARCH_RESULT_TRAMPOLINE flg=0x2800000 cmp=com.android.settings/.SubSettings (has extras)} from uid 1000
01-28 00:33:49.601  1009  2808 E UserRestrictionsUtils: Unknown restriction: null
01-28 00:33:49.602  1009  9674 E UserRestrictionsUtils: Unknown restriction: null
01-28 00:33:49.608  1009  1287 E UserRestrictionsUtils: Unknown restriction: null
01-28 00:33:49.784  1009  1287 I WindowManager: Relayout Window{b9b5b24 u0 com.android.settings/com.android.settings.SubSettings}: oldVis=4 newVis=0 focusMayChange = true
01-28 00:33:49.790  1009  1040 I WindowManager: Focus moving from null to Window{b9b5b24 u0 com.android.settings/com.android.settings.SubSettings}
01-28 00:33:52.775  1396  1516 I PowerMonitorNew: enter scenario: com.android.settings,start coul:-867
01-28 00:33:57.484  1009  1040 I WindowManager: Focus moving from Window{b9b5b24 u0 com.android.settings/com.android.settings.SubSettings} to Window{eced8a1 u0 com.android.settings/com.android.settings.SubSettings}
01-28 00:33:57.581  1009  1040 I WindowManager: Losing delayed focus: Window{b9b5b24 u0 com.android.settings/com.android.settings.SubSettings}
01-28 00:33:58.443  1009  1038 I UsbDeviceManager: Setting USB config to mtp,adb
01-28 00:33:58.458  1009  1040 I WindowManager: Focus moving from Window{eced8a1 u0 com.android.settings/com.android.settings.SubSettings EXITING} to Window{b9b5b24 u0 com.android.settings/com.android.settings.SubSettings}
01-28 00:33:58.598  1009  1038 W Looper  : Slow dispatch took 164ms android.fg h=com.android.server.usb.UsbDeviceManager$UsbHandlerLegacy m=1
01-28 00:33:59.006 31093 31270 E SchedPolicy: set_timerslack_ns write failed: Operation not permitted
01-28 00:33:59.046 31093 31270 I chatty  : uid=10074(com.google.android.apps.messaging) identical 34 lines
01-28 00:33:59.046 31093 31270 E SchedPolicy: set_timerslack_ns write failed: Operation not permitted
01-28 00:33:59.362  1009  1038 I ActivityManager: START u0 {flg=0x10000000 cmp=com.android.systemui/.usb.UsbDebuggingActivity (has extras)} from uid 1000
01-28 00:33:59.381  1009  1287 I PowerMonitorHookServer: stop app:com.android.settings
01-28 00:33:59.381  1009  1287 I PowerMonitorHookServer: start app:com.android.systemui
01-28 00:33:59.383  1396  1516 I PowerMonitorNew: a whole scenario, scenario:com.android.settings, start-stop:177644190-177650797,duration:6607, current:0, currentconvert4V:0,currentWoBL:0,consumecoul:0,batterytime:0, conpower:0,avgsignal:400,avgDatatype:0
01-28 00:33:59.383  1396  1516 I PowerMonitorNew: exitScenario not save scenario true
01-28 00:33:59.402  1009  1040 I WindowManager: Focus moving from Window{b9b5b24 u0 com.android.settings/com.android.settings.SubSettings} to null
01-28 00:33:59.472  1009  9674 E WindowManager: App trying to use insecure INPUT_FEATURE_NO_INPUT_CHANNEL flag. Ignoring
01-28 00:33:59.493  1009  9674 I WindowManager: Relayout Window{7a5ba0d u0 com.android.systemui/com.android.systemui.usb.UsbDebuggingActivity}: oldVis=4 newVis=0 focusMayChange = true
01-28 00:33:59.500  1009  1040 I WindowManager: Focus moving from null to Window{7a5ba0d u0 com.android.systemui/com.android.systemui.usb.UsbDebuggingActivity}
01-28 00:34:02.638  1009  1040 I WindowManager: Focus moving from Window{7a5ba0d u0 com.android.systemui/com.android.systemui.usb.UsbDebuggingActivity} to Window{b9b5b24 u0 com.android.settings/com.android.settings.SubSettings}
01-28 00:34:02.672  1009  1027 I PowerMonitorHookServer: stop app:com.android.systemui
01-28 00:34:02.672  1009  1027 I PowerMonitorHookServer: start app:com.android.settings
01-28 00:34:02.675  1396  1516 I PowerMonitorNew: enter scenario: com.android.systemui,start coul:-867
01-28 00:34:02.677  1396  1516 I PowerMonitorNew: a whole scenario, scenario:com.android.systemui, start-stop:177654089-177654091,duration:2, current:0, currentconvert4V:0,currentWoBL:0,consumecoul:0,batterytime:0, conpower:0,avgsignal:400,avgDatatype:0
01-28 00:34:02.677  1396  1516 I PowerMonitorNew: exitScenario not save scenario true
01-28 00:34:05.654  1009  1153 E TaskPersister: File error accessing recents directory (directory doesn't exist?).
01-28 00:34:06.000  1009  9674 I ActivityManager: Killing 30360:com.google.android.tts/u0a98 (adj 906): empty #13
01-28 00:34:06.001  1009  9674 I ActivityManager: Killing 30195:com.transsion.deskclock/1000 (adj 906): empty #14
01-28 00:34:06.989   573   686 E storaged: getDiskStats failed with result NOT_SUPPORTED and size 0
01-28 00:34:08.462  1009  1009 I JobServiceContext: Client timed out while executing (no jobFinished received), sending onStop: 8cdad8c #u0a99/2 com.hoffnung/.DateChangedJobService
01-28 00:34:08.471  1396  1516 I PowerMonitorNew: enter scenario: com.android.settings,start coul:-868
01-28 00:34:08.480  1009  5733 I ActivityManager: Killing 30603:com.android.chrome:webview_service/u0a62 (adj 906): empty #13
01-28 00:34:11.766  1009  5733 I ActivityManager: Killing 29494:com.android.vending:background/u0a33 (adj 906): empty #13
01-28 00:34:19.005  1009  1040 I WindowManager: Focus moving from Window{b9b5b24 u0 com.android.settings/com.android.settings.SubSettings} to null
01-28 00:34:19.009  1009  1027 I PowerMonitorHookServer: stop app:com.android.settings
01-28 00:34:19.009  1009  1027 I PowerMonitorHookServer: start app:com.android.settings.intelligence
01-28 00:34:19.011  1396  1516 I PowerMonitorNew: a whole scenario, scenario:com.android.settings, start-stop:177659885-177670425,duration:10540, current:0, currentconvert4V:0,currentWoBL:0,consumecoul:0,batterytime:0, conpower:0,avgsignal:400,avgDatatype:0
01-28 00:34:19.011  1396  1516 I PowerMonitorNew: exitScenario not save scenario true
01-28 00:34:19.029  1009  5763 I WindowManager: Relayout Window{dd17194 u0 com.android.settings.intelligence/com.android.settings.intelligence.search.SearchActivity}: oldVis=4 newVis=0 focusMayChange = true
01-28 00:34:19.035  1009  1040 I WindowManager: Focus moving from null to Window{dd17194 u0 com.android.settings.intelligence/com.android.settings.intelligence.search.SearchActivity}
01-28 00:34:19.082  1396  1516 I PowerMonitorNew: enter scenario: com.android.settings.intelligence,start coul:-867
01-28 00:34:19.138  1009  4066 I WindowManager: Relayout Window{cde9570 u0 InputMethod}: oldVis=8 newVis=0 focusMayChange = true
01-28 00:34:19.383 30973 30973 E ActivityThread: Activity com.android.settings.SubSettings has leaked ServiceConnection android.bluetooth.BluetoothA2dp$2@a27a337 that was originally bound here
